<!doctype html public "-//w3c//dtd html 4.0 transitional//en">
<html><head>
<title>Static Call Graph - [.\BUILD\FRDM_MMA8451Q.axf]</title></head>
<body><HR>
<H1>Static Call Graph for image .\BUILD\FRDM_MMA8451Q.axf</H1><HR>
<BR><P>#&#060CALLGRAPH&#062# ARM Linker, 5060750: Last Updated: Sat Oct 02 15:15:45 2021
<BR><P>
<H3>Maximum Stack Usage =        672 bytes + Unknown(Cycles, Untraceable Function Pointers)</H3><H3>
Call chain for Maximum Stack Depth:</H3>
__rt_entry_main &rArr; main &rArr; $Super$$main &rArr; MMA8451Q::MMA8451Q(PinName, PinName, int) &rArr; mbed::I2C::I2C(PinName, PinName) &rArr; i2c_init &rArr; mbed_assert_internal &rArr; mbed_error_printf &rArr; serial_init &rArr;  pin_mode (Cycle)
<P>
<H3>
Mutually Recursive functions
</H3> <LI><a href="#[1d]">HardFault_Handler</a>&nbsp;&nbsp;&nbsp;&rArr;&nbsp;&nbsp;&nbsp;<a href="#[1d]">HardFault_Handler</a><BR>
 <LI><a href="#[1e]">SVC_Handler</a>&nbsp;&nbsp;&nbsp;&rArr;&nbsp;&nbsp;&nbsp;<a href="#[1e]">SVC_Handler</a><BR>
 <LI><a href="#[1f]">PendSV_Handler</a>&nbsp;&nbsp;&nbsp;&rArr;&nbsp;&nbsp;&nbsp;<a href="#[1f]">PendSV_Handler</a><BR>
 <LI><a href="#[20]">SysTick_Handler</a>&nbsp;&nbsp;&nbsp;&rArr;&nbsp;&nbsp;&nbsp;<a href="#[20]">SysTick_Handler</a><BR>
 <LI><a href="#[30]">ADC0_IRQHandler</a>&nbsp;&nbsp;&nbsp;&rArr;&nbsp;&nbsp;&nbsp;<a href="#[30]">ADC0_IRQHandler</a><BR>
 <LI><a href="#[131]">gpio_init_out</a>&nbsp;&nbsp;&nbsp;&rArr;&nbsp;&nbsp;&nbsp;<a href="#[130]">gpio_mode</a><BR>
 <LI><a href="#[12f]">pin_function</a>&nbsp;&nbsp;&nbsp;&rArr;&nbsp;&nbsp;&nbsp;<a href="#[fb]">mbed_assert_internal</a><BR>
 <LI><a href="#[12d]">gpio_dir</a>&nbsp;&nbsp;&nbsp;&rArr;&nbsp;&nbsp;&nbsp;<a href="#[fb]">mbed_assert_internal</a><BR>
 <LI><a href="#[12b]">mbed_die</a>&nbsp;&nbsp;&nbsp;&rArr;&nbsp;&nbsp;&nbsp;<a href="#[fb]">mbed_assert_internal</a><BR>
 <LI><a href="#[104]">core_util_critical_section_enter</a>&nbsp;&nbsp;&nbsp;&rArr;&nbsp;&nbsp;&nbsp;<a href="#[fb]">mbed_assert_internal</a><BR>
 <LI><a href="#[d3]">_sys_write</a>&nbsp;&nbsp;&nbsp;&rArr;&nbsp;&nbsp;&nbsp;<a href="#[120]">serial_init</a><BR>
 <LI><a href="#[128]">mbed_error_vfprintf</a>&nbsp;&nbsp;&nbsp;&rArr;&nbsp;&nbsp;&nbsp;<a href="#[120]">serial_init</a><BR>
 <LI><a href="#[106]">core_util_critical_section_exit</a>&nbsp;&nbsp;&nbsp;&rArr;&nbsp;&nbsp;&nbsp;<a href="#[fb]">mbed_assert_internal</a><BR>
 <LI><a href="#[120]">serial_init</a>&nbsp;&nbsp;&nbsp;&rArr;&nbsp;&nbsp;&nbsp;<a href="#[133]">pin_mode</a><BR>
 <LI><a href="#[137]">pinmap_pinout</a>&nbsp;&nbsp;&nbsp;&rArr;&nbsp;&nbsp;&nbsp;<a href="#[133]">pin_mode</a><BR>
 <LI><a href="#[146]">serial_format</a>&nbsp;&nbsp;&nbsp;&rArr;&nbsp;&nbsp;&nbsp;<a href="#[fb]">mbed_assert_internal</a><BR>
</UL>
<P>
<H3>
Function Pointers
</H3><UL>
 <LI><a href="#[30]">ADC0_IRQHandler</a> from mbed/TARGET_KL25Z/TOOLCHAIN_ARM_STD/startup_MKL25Z4.o(.text) referenced from mbed/TARGET_KL25Z/TOOLCHAIN_ARM_STD/startup_MKL25Z4.o(RESET)
 <LI><a href="#[31]">CMP0_IRQHandler</a> from mbed/TARGET_KL25Z/TOOLCHAIN_ARM_STD/startup_MKL25Z4.o(.text) referenced from mbed/TARGET_KL25Z/TOOLCHAIN_ARM_STD/startup_MKL25Z4.o(RESET)
 <LI><a href="#[3a]">DAC0_IRQHandler</a> from mbed/TARGET_KL25Z/TOOLCHAIN_ARM_STD/startup_MKL25Z4.o(.text) referenced from mbed/TARGET_KL25Z/TOOLCHAIN_ARM_STD/startup_MKL25Z4.o(RESET)
 <LI><a href="#[21]">DMA0_IRQHandler</a> from mbed/TARGET_KL25Z/TOOLCHAIN_ARM_STD/startup_MKL25Z4.o(.text) referenced from mbed/TARGET_KL25Z/TOOLCHAIN_ARM_STD/startup_MKL25Z4.o(RESET)
 <LI><a href="#[22]">DMA1_IRQHandler</a> from mbed/TARGET_KL25Z/TOOLCHAIN_ARM_STD/startup_MKL25Z4.o(.text) referenced from mbed/TARGET_KL25Z/TOOLCHAIN_ARM_STD/startup_MKL25Z4.o(RESET)
 <LI><a href="#[23]">DMA2_IRQHandler</a> from mbed/TARGET_KL25Z/TOOLCHAIN_ARM_STD/startup_MKL25Z4.o(.text) referenced from mbed/TARGET_KL25Z/TOOLCHAIN_ARM_STD/startup_MKL25Z4.o(RESET)
 <LI><a href="#[24]">DMA3_IRQHandler</a> from mbed/TARGET_KL25Z/TOOLCHAIN_ARM_STD/startup_MKL25Z4.o(.text) referenced from mbed/TARGET_KL25Z/TOOLCHAIN_ARM_STD/startup_MKL25Z4.o(RESET)
 <LI><a href="#[26]">FTFA_IRQHandler</a> from mbed/TARGET_KL25Z/TOOLCHAIN_ARM_STD/startup_MKL25Z4.o(.text) referenced from mbed/TARGET_KL25Z/TOOLCHAIN_ARM_STD/startup_MKL25Z4.o(RESET)
 <LI><a href="#[1d]">HardFault_Handler</a> from mbed/TARGET_KL25Z/TOOLCHAIN_ARM_STD/startup_MKL25Z4.o(.text) referenced from mbed/TARGET_KL25Z/TOOLCHAIN_ARM_STD/startup_MKL25Z4.o(RESET)
 <LI><a href="#[29]">I2C0_IRQHandler</a> from mbed/TARGET_KL25Z/TOOLCHAIN_ARM_STD/startup_MKL25Z4.o(.text) referenced from mbed/TARGET_KL25Z/TOOLCHAIN_ARM_STD/startup_MKL25Z4.o(RESET)
 <LI><a href="#[2a]">I2C1_IRQHandler</a> from mbed/TARGET_KL25Z/TOOLCHAIN_ARM_STD/startup_MKL25Z4.o(.text) referenced from mbed/TARGET_KL25Z/TOOLCHAIN_ARM_STD/startup_MKL25Z4.o(RESET)
 <LI><a href="#[28]">LLW_IRQHandler</a> from mbed/TARGET_KL25Z/TOOLCHAIN_ARM_STD/startup_MKL25Z4.o(.text) referenced from mbed/TARGET_KL25Z/TOOLCHAIN_ARM_STD/startup_MKL25Z4.o(RESET)
 <LI><a href="#[3d]">LPTimer_IRQHandler</a> from mbed/TARGET_KL25Z/TOOLCHAIN_ARM_STD/startup_MKL25Z4.o(.text) referenced from mbed/TARGET_KL25Z/TOOLCHAIN_ARM_STD/startup_MKL25Z4.o(RESET)
 <LI><a href="#[27]">LVD_LVW_IRQHandler</a> from mbed/TARGET_KL25Z/TOOLCHAIN_ARM_STD/startup_MKL25Z4.o(.text) referenced from mbed/TARGET_KL25Z/TOOLCHAIN_ARM_STD/startup_MKL25Z4.o(RESET)
 <LI><a href="#[3c]">MCG_IRQHandler</a> from mbed/TARGET_KL25Z/TOOLCHAIN_ARM_STD/startup_MKL25Z4.o(.text) referenced from mbed/TARGET_KL25Z/TOOLCHAIN_ARM_STD/startup_MKL25Z4.o(RESET)
 <LI><a href="#[1c]">NMI_Handler</a> from mbed/TARGET_KL25Z/TOOLCHAIN_ARM_STD/mbed_overrides.o(i.NMI_Handler) referenced from mbed/TARGET_KL25Z/TOOLCHAIN_ARM_STD/startup_MKL25Z4.o(RESET)
 <LI><a href="#[37]">PIT_IRQHandler</a> from mbed/TARGET_KL25Z/TOOLCHAIN_ARM_STD/startup_MKL25Z4.o(.text) referenced from mbed/TARGET_KL25Z/TOOLCHAIN_ARM_STD/startup_MKL25Z4.o(RESET)
 <LI><a href="#[3f]">PORTA_IRQHandler</a> from mbed/TARGET_KL25Z/TOOLCHAIN_ARM_STD/startup_MKL25Z4.o(.text) referenced from mbed/TARGET_KL25Z/TOOLCHAIN_ARM_STD/startup_MKL25Z4.o(RESET)
 <LI><a href="#[40]">PORTD_IRQHandler</a> from mbed/TARGET_KL25Z/TOOLCHAIN_ARM_STD/startup_MKL25Z4.o(.text) referenced from mbed/TARGET_KL25Z/TOOLCHAIN_ARM_STD/startup_MKL25Z4.o(RESET)
 <LI><a href="#[1f]">PendSV_Handler</a> from mbed/TARGET_KL25Z/TOOLCHAIN_ARM_STD/startup_MKL25Z4.o(.text) referenced from mbed/TARGET_KL25Z/TOOLCHAIN_ARM_STD/startup_MKL25Z4.o(RESET)
 <LI><a href="#[35]">RTC_IRQHandler</a> from mbed/TARGET_KL25Z/TOOLCHAIN_ARM_STD/startup_MKL25Z4.o(.text) referenced from mbed/TARGET_KL25Z/TOOLCHAIN_ARM_STD/startup_MKL25Z4.o(RESET)
 <LI><a href="#[36]">RTC_Seconds_IRQHandler</a> from mbed/TARGET_KL25Z/TOOLCHAIN_ARM_STD/startup_MKL25Z4.o(.text) referenced from mbed/TARGET_KL25Z/TOOLCHAIN_ARM_STD/startup_MKL25Z4.o(RESET)
 <LI><a href="#[25]">Reserved20_IRQHandler</a> from mbed/TARGET_KL25Z/TOOLCHAIN_ARM_STD/startup_MKL25Z4.o(.text) referenced from mbed/TARGET_KL25Z/TOOLCHAIN_ARM_STD/startup_MKL25Z4.o(RESET)
 <LI><a href="#[38]">Reserved39_IRQHandler</a> from mbed/TARGET_KL25Z/TOOLCHAIN_ARM_STD/startup_MKL25Z4.o(.text) referenced from mbed/TARGET_KL25Z/TOOLCHAIN_ARM_STD/startup_MKL25Z4.o(RESET)
 <LI><a href="#[3e]">Reserved45_IRQHandler</a> from mbed/TARGET_KL25Z/TOOLCHAIN_ARM_STD/startup_MKL25Z4.o(.text) referenced from mbed/TARGET_KL25Z/TOOLCHAIN_ARM_STD/startup_MKL25Z4.o(RESET)
 <LI><a href="#[1b]">Reset_Handler</a> from mbed/TARGET_KL25Z/TOOLCHAIN_ARM_STD/startup_MKL25Z4.o(.text) referenced from mbed/TARGET_KL25Z/TOOLCHAIN_ARM_STD/startup_MKL25Z4.o(RESET)
 <LI><a href="#[2b]">SPI0_IRQHandler</a> from mbed/TARGET_KL25Z/TOOLCHAIN_ARM_STD/startup_MKL25Z4.o(.text) referenced from mbed/TARGET_KL25Z/TOOLCHAIN_ARM_STD/startup_MKL25Z4.o(RESET)
 <LI><a href="#[2c]">SPI1_IRQHandler</a> from mbed/TARGET_KL25Z/TOOLCHAIN_ARM_STD/startup_MKL25Z4.o(.text) referenced from mbed/TARGET_KL25Z/TOOLCHAIN_ARM_STD/startup_MKL25Z4.o(RESET)
 <LI><a href="#[1e]">SVC_Handler</a> from mbed/TARGET_KL25Z/TOOLCHAIN_ARM_STD/startup_MKL25Z4.o(.text) referenced from mbed/TARGET_KL25Z/TOOLCHAIN_ARM_STD/startup_MKL25Z4.o(RESET)
 <LI><a href="#[20]">SysTick_Handler</a> from mbed/TARGET_KL25Z/TOOLCHAIN_ARM_STD/startup_MKL25Z4.o(.text) referenced from mbed/TARGET_KL25Z/TOOLCHAIN_ARM_STD/startup_MKL25Z4.o(RESET)
 <LI><a href="#[41]">SystemInit</a> from mbed/TARGET_KL25Z/TOOLCHAIN_ARM_STD/system_MKL25Z4.o(i.SystemInit) referenced from mbed/TARGET_KL25Z/TOOLCHAIN_ARM_STD/startup_MKL25Z4.o(.text)
 <LI><a href="#[32]">TPM0_IRQHandler</a> from mbed/TARGET_KL25Z/TOOLCHAIN_ARM_STD/startup_MKL25Z4.o(.text) referenced from mbed/TARGET_KL25Z/TOOLCHAIN_ARM_STD/startup_MKL25Z4.o(RESET)
 <LI><a href="#[33]">TPM1_IRQHandler</a> from mbed/TARGET_KL25Z/TOOLCHAIN_ARM_STD/startup_MKL25Z4.o(.text) referenced from mbed/TARGET_KL25Z/TOOLCHAIN_ARM_STD/startup_MKL25Z4.o(RESET)
 <LI><a href="#[34]">TPM2_IRQHandler</a> from mbed/TARGET_KL25Z/TOOLCHAIN_ARM_STD/startup_MKL25Z4.o(.text) referenced from mbed/TARGET_KL25Z/TOOLCHAIN_ARM_STD/startup_MKL25Z4.o(RESET)
 <LI><a href="#[3b]">TSI0_IRQHandler</a> from mbed/TARGET_KL25Z/TOOLCHAIN_ARM_STD/startup_MKL25Z4.o(.text) referenced from mbed/TARGET_KL25Z/TOOLCHAIN_ARM_STD/startup_MKL25Z4.o(RESET)
 <LI><a href="#[2d]">UART0_IRQHandler</a> from mbed/TARGET_KL25Z/TOOLCHAIN_ARM_STD/startup_MKL25Z4.o(.text) referenced from mbed/TARGET_KL25Z/TOOLCHAIN_ARM_STD/startup_MKL25Z4.o(RESET)
 <LI><a href="#[2e]">UART1_IRQHandler</a> from mbed/TARGET_KL25Z/TOOLCHAIN_ARM_STD/startup_MKL25Z4.o(.text) referenced from mbed/TARGET_KL25Z/TOOLCHAIN_ARM_STD/startup_MKL25Z4.o(RESET)
 <LI><a href="#[2f]">UART2_IRQHandler</a> from mbed/TARGET_KL25Z/TOOLCHAIN_ARM_STD/startup_MKL25Z4.o(.text) referenced from mbed/TARGET_KL25Z/TOOLCHAIN_ARM_STD/startup_MKL25Z4.o(RESET)
 <LI><a href="#[39]">USB0_IRQHandler</a> from mbed/TARGET_KL25Z/TOOLCHAIN_ARM_STD/startup_MKL25Z4.o(.text) referenced from mbed/TARGET_KL25Z/TOOLCHAIN_ARM_STD/startup_MKL25Z4.o(RESET)
 <LI><a href="#[53]">mbed::I2C::lock()</a> from mbed/TARGET_KL25Z/TOOLCHAIN_ARM_STD/mbed.ar(I2C.o)(i._ZN4mbed3I2C4lockEv) referenced from mbed/TARGET_KL25Z/TOOLCHAIN_ARM_STD/mbed.ar(I2C.o)(.constdata__ZTVN4mbed3I2CE)
 <LI><a href="#[54]">mbed::I2C::unlock()</a> from mbed/TARGET_KL25Z/TOOLCHAIN_ARM_STD/mbed.ar(I2C.o)(i._ZN4mbed3I2C6unlockEv) referenced from mbed/TARGET_KL25Z/TOOLCHAIN_ARM_STD/mbed.ar(I2C.o)(.constdata__ZTVN4mbed3I2CE)
 <LI><a href="#[56]">__main</a> from C:\Keil_v5\ARM\ARMCC\Bin\..\lib\armlib\c_p.l(__main.o)(!!!main) referenced from mbed/TARGET_KL25Z/TOOLCHAIN_ARM_STD/startup_MKL25Z4.o(.text)
 <LI><a href="#[55]">__sti___8_main_cpp_t</a> from .\build\main.o(i.__sti___8_main_cpp_t) referenced from .\build\main.o(.init_array)
 <LI><a href="#[4a]">_get_lc_ctype</a> from C:\Keil_v5\ARM\ARMCC\Bin\..\lib\armlib\c_p.l(lc_ctype_c.o)(locale$$code) referenced from C:\Keil_v5\ARM\ARMCC\Bin\..\lib\armlib\c_p.l(rt_ctype_table.o)(.text)
 <LI><a href="#[4c]">_printf_fp_dec_real</a> from C:\Keil_v5\ARM\ARMCC\Bin\..\lib\armlib\c_p.l(_printf_fp_dec.o)(.text) referenced from C:\Keil_v5\ARM\ARMCC\Bin\..\lib\armlib\fz_ps.l(printf1.o)(x$fpl$printf1)
 <LI><a href="#[4d]">_printf_fp_hex_real</a> from C:\Keil_v5\ARM\ARMCC\Bin\..\lib\armlib\c_p.l(_printf_fp_hex.o)(.text) referenced from C:\Keil_v5\ARM\ARMCC\Bin\..\lib\armlib\fz_ps.l(printf2.o)(x$fpl$printf2)
 <LI><a href="#[46]">_printf_input_char</a> from C:\Keil_v5\ARM\ARMCC\Bin\..\lib\armlib\c_p.l(_printf_char_common.o)(.text) referenced from C:\Keil_v5\ARM\ARMCC\Bin\..\lib\armlib\c_p.l(_printf_char_common.o)(.text)
 <LI><a href="#[45]">_sbackspace</a> from C:\Keil_v5\ARM\ARMCC\Bin\..\lib\armlib\c_p.l(_sgetc.o)(.text) referenced from C:\Keil_v5\ARM\ARMCC\Bin\..\lib\armlib\c_p.l(__0sscanf.o)(.text)
 <LI><a href="#[48]">_scanf_char_input</a> from C:\Keil_v5\ARM\ARMCC\Bin\..\lib\armlib\c_p.l(scanf_char.o)(.text) referenced from C:\Keil_v5\ARM\ARMCC\Bin\..\lib\armlib\c_p.l(scanf_char.o)(.text)
 <LI><a href="#[44]">_sgetc</a> from C:\Keil_v5\ARM\ARMCC\Bin\..\lib\armlib\c_p.l(_sgetc.o)(.text) referenced from C:\Keil_v5\ARM\ARMCC\Bin\..\lib\armlib\c_p.l(__0sscanf.o)(.text)
 <LI><a href="#[43]">_sputc</a> from C:\Keil_v5\ARM\ARMCC\Bin\..\lib\armlib\c_p.l(_sputc.o)(.text) referenced from C:\Keil_v5\ARM\ARMCC\Bin\..\lib\armlib\c_p.l(vsprintf.o)(.text)
 <LI><a href="#[47]">fputc</a> from C:\Keil_v5\ARM\ARMCC\Bin\..\lib\armlib\c_p.l(fputc.o)(i.fputc) referenced from C:\Keil_v5\ARM\ARMCC\Bin\..\lib\armlib\c_p.l(_printf_char_file.o)(.text)
 <LI><a href="#[49]">isspace</a> from C:\Keil_v5\ARM\ARMCC\Bin\..\lib\armlib\c_p.l(isspace.o)(.text) referenced from C:\Keil_v5\ARM\ARMCC\Bin\..\lib\armlib\c_p.l(scanf_char.o)(.text)
 <LI><a href="#[4b]">lptmr_isr</a> from mbed/TARGET_KL25Z/TOOLCHAIN_ARM_STD/us_ticker.o(i.lptmr_isr) referenced from mbed/TARGET_KL25Z/TOOLCHAIN_ARM_STD/us_ticker.o(i.us_ticker_init)
 <LI><a href="#[51]">us_ticker_clear_interrupt</a> from mbed/TARGET_KL25Z/TOOLCHAIN_ARM_STD/us_ticker.o(i.us_ticker_clear_interrupt) referenced from mbed/TARGET_KL25Z/TOOLCHAIN_ARM_STD/mbed.ar(mbed_us_ticker_api.o)(.constdata)
 <LI><a href="#[50]">us_ticker_disable_interrupt</a> from mbed/TARGET_KL25Z/TOOLCHAIN_ARM_STD/us_ticker.o(i.us_ticker_disable_interrupt) referenced from mbed/TARGET_KL25Z/TOOLCHAIN_ARM_STD/mbed.ar(mbed_us_ticker_api.o)(.constdata)
 <LI><a href="#[4e]">us_ticker_init</a> from mbed/TARGET_KL25Z/TOOLCHAIN_ARM_STD/us_ticker.o(i.us_ticker_init) referenced from mbed/TARGET_KL25Z/TOOLCHAIN_ARM_STD/mbed.ar(mbed_us_ticker_api.o)(.constdata)
 <LI><a href="#[4f]">us_ticker_read</a> from mbed/TARGET_KL25Z/TOOLCHAIN_ARM_STD/us_ticker.o(i.us_ticker_read) referenced from mbed/TARGET_KL25Z/TOOLCHAIN_ARM_STD/mbed.ar(mbed_us_ticker_api.o)(.constdata)
 <LI><a href="#[52]">us_ticker_set_interrupt</a> from mbed/TARGET_KL25Z/TOOLCHAIN_ARM_STD/us_ticker.o(i.us_ticker_set_interrupt) referenced from mbed/TARGET_KL25Z/TOOLCHAIN_ARM_STD/mbed.ar(mbed_us_ticker_api.o)(.constdata)
</UL>
<P>
<H3>
Global Symbols
</H3>
<P><STRONG><a name="[56]"></a>__main</STRONG> (Thumb, 8 bytes, Stack size 0 bytes, C:\Keil_v5\ARM\ARMCC\Bin\..\lib\armlib\c_p.l(__main.o)(!!!main))
<BR><BR>[Calls]<UL><LI><a href="#[59]">&gt;&gt;</a>&nbsp;&nbsp;&nbsp;__rt_entry
<LI><a href="#[58]">&gt;&gt;</a>&nbsp;&nbsp;&nbsp;__scatterload
</UL>

<P><STRONG><a name="[58]"></a>__scatterload</STRONG> (Thumb, 0 bytes, Stack size unknown bytes, C:\Keil_v5\ARM\ARMCC\Bin\..\lib\armlib\c_p.l(__scatter.o)(!!!scatter))
<BR><BR>[Called By]<UL><LI><a href="#[56]">&gt;&gt;</a>&nbsp;&nbsp;&nbsp;__main
</UL>

<P><STRONG><a name="[5a]"></a>__scatterload_rt2</STRONG> (Thumb, 52 bytes, Stack size unknown bytes, C:\Keil_v5\ARM\ARMCC\Bin\..\lib\armlib\c_p.l(__scatter.o)(!!!scatter), UNUSED)
<BR><BR>[Calls]<UL><LI><a href="#[59]">&gt;&gt;</a>&nbsp;&nbsp;&nbsp;__rt_entry
</UL>

<P><STRONG><a name="[14d]"></a>__scatterload_rt2_thumb_only</STRONG> (Thumb, 0 bytes, Stack size unknown bytes, C:\Keil_v5\ARM\ARMCC\Bin\..\lib\armlib\c_p.l(__scatter.o)(!!!scatter), UNUSED)

<P><STRONG><a name="[14e]"></a>__scatterload_null</STRONG> (Thumb, 0 bytes, Stack size unknown bytes, C:\Keil_v5\ARM\ARMCC\Bin\..\lib\armlib\c_p.l(__scatter.o)(!!!scatter), UNUSED)

<P><STRONG><a name="[5b]"></a>__scatterload_copy</STRONG> (Thumb, 26 bytes, Stack size unknown bytes, C:\Keil_v5\ARM\ARMCC\Bin\..\lib\armlib\c_p.l(__scatter_copy.o)(!!handler_copy), UNUSED)
<BR><BR>[Calls]<UL><LI><a href="#[5b]">&gt;&gt;</a>&nbsp;&nbsp;&nbsp;__scatterload_copy
</UL>
<BR>[Called By]<UL><LI><a href="#[5b]">&gt;&gt;</a>&nbsp;&nbsp;&nbsp;__scatterload_copy
</UL>

<P><STRONG><a name="[14f]"></a>__scatterload_zeroinit</STRONG> (Thumb, 28 bytes, Stack size unknown bytes, C:\Keil_v5\ARM\ARMCC\Bin\..\lib\armlib\c_p.l(__scatter_zi.o)(!!handler_zi), UNUSED)

<P><STRONG><a name="[a0]"></a>_printf_percent</STRONG> (Thumb, 0 bytes, Stack size unknown bytes, C:\Keil_v5\ARM\ARMCC\Bin\..\lib\armlib\c_p.l(_printf_percent.o)(.ARM.Collect$$_printf_percent$$00000000))
<BR><BR>[Called By]<UL><LI><a href="#[9e]">&gt;&gt;</a>&nbsp;&nbsp;&nbsp;__printf
</UL>

<P><STRONG><a name="[5c]"></a>_printf_n</STRONG> (Thumb, 0 bytes, Stack size unknown bytes, C:\Keil_v5\ARM\ARMCC\Bin\..\lib\armlib\c_p.l(_printf_n.o)(.ARM.Collect$$_printf_percent$$00000001))
<BR><BR>[Stack]<UL><LI>Max Depth = 96 + Unknown Stack Size
<LI>Call Chain = _printf_n &rArr; _printf_p &rArr; _printf_f &rArr; _printf_e &rArr; _printf_g &rArr; _printf_a &rArr; _printf_ll &rArr; _printf_i &rArr; _printf_d &rArr; _printf_u &rArr; _printf_o &rArr; _printf_x &rArr; _printf_int_hex &rArr; _printf_longlong_hex &rArr; _printf_int_common &rArr; _printf_post_padding
</UL>
<BR>[Calls]<UL><LI><a href="#[5d]">&gt;&gt;</a>&nbsp;&nbsp;&nbsp;_printf_p
<LI><a href="#[5e]">&gt;&gt;</a>&nbsp;&nbsp;&nbsp;_printf_charcount
</UL>

<P><STRONG><a name="[5d]"></a>_printf_p</STRONG> (Thumb, 0 bytes, Stack size unknown bytes, C:\Keil_v5\ARM\ARMCC\Bin\..\lib\armlib\c_p.l(_printf_p.o)(.ARM.Collect$$_printf_percent$$00000002))
<BR><BR>[Stack]<UL><LI>Max Depth = 96 + Unknown Stack Size
<LI>Call Chain = _printf_p &rArr; _printf_f &rArr; _printf_e &rArr; _printf_g &rArr; _printf_a &rArr; _printf_ll &rArr; _printf_i &rArr; _printf_d &rArr; _printf_u &rArr; _printf_o &rArr; _printf_x &rArr; _printf_int_hex &rArr; _printf_longlong_hex &rArr; _printf_int_common &rArr; _printf_post_padding
</UL>
<BR>[Calls]<UL><LI><a href="#[60]">&gt;&gt;</a>&nbsp;&nbsp;&nbsp;_printf_hex_ptr
<LI><a href="#[5f]">&gt;&gt;</a>&nbsp;&nbsp;&nbsp;_printf_f
</UL>
<BR>[Called By]<UL><LI><a href="#[5c]">&gt;&gt;</a>&nbsp;&nbsp;&nbsp;_printf_n
</UL>

<P><STRONG><a name="[5f]"></a>_printf_f</STRONG> (Thumb, 0 bytes, Stack size unknown bytes, C:\Keil_v5\ARM\ARMCC\Bin\..\lib\armlib\c_p.l(_printf_f.o)(.ARM.Collect$$_printf_percent$$00000003))
<BR><BR>[Stack]<UL><LI>Max Depth = 96 + Unknown Stack Size
<LI>Call Chain = _printf_f &rArr; _printf_e &rArr; _printf_g &rArr; _printf_a &rArr; _printf_ll &rArr; _printf_i &rArr; _printf_d &rArr; _printf_u &rArr; _printf_o &rArr; _printf_x &rArr; _printf_int_hex &rArr; _printf_longlong_hex &rArr; _printf_int_common &rArr; _printf_post_padding
</UL>
<BR>[Calls]<UL><LI><a href="#[61]">&gt;&gt;</a>&nbsp;&nbsp;&nbsp;_printf_e
<LI><a href="#[62]">&gt;&gt;</a>&nbsp;&nbsp;&nbsp;_printf_fp_dec
</UL>
<BR>[Called By]<UL><LI><a href="#[5d]">&gt;&gt;</a>&nbsp;&nbsp;&nbsp;_printf_p
</UL>

<P><STRONG><a name="[61]"></a>_printf_e</STRONG> (Thumb, 0 bytes, Stack size unknown bytes, C:\Keil_v5\ARM\ARMCC\Bin\..\lib\armlib\c_p.l(_printf_e.o)(.ARM.Collect$$_printf_percent$$00000004))
<BR><BR>[Stack]<UL><LI>Max Depth = 96 + Unknown Stack Size
<LI>Call Chain = _printf_e &rArr; _printf_g &rArr; _printf_a &rArr; _printf_ll &rArr; _printf_i &rArr; _printf_d &rArr; _printf_u &rArr; _printf_o &rArr; _printf_x &rArr; _printf_int_hex &rArr; _printf_longlong_hex &rArr; _printf_int_common &rArr; _printf_post_padding
</UL>
<BR>[Calls]<UL><LI><a href="#[63]">&gt;&gt;</a>&nbsp;&nbsp;&nbsp;_printf_g
<LI><a href="#[62]">&gt;&gt;</a>&nbsp;&nbsp;&nbsp;_printf_fp_dec
</UL>
<BR>[Called By]<UL><LI><a href="#[5f]">&gt;&gt;</a>&nbsp;&nbsp;&nbsp;_printf_f
</UL>

<P><STRONG><a name="[63]"></a>_printf_g</STRONG> (Thumb, 0 bytes, Stack size unknown bytes, C:\Keil_v5\ARM\ARMCC\Bin\..\lib\armlib\c_p.l(_printf_g.o)(.ARM.Collect$$_printf_percent$$00000005))
<BR><BR>[Stack]<UL><LI>Max Depth = 96 + Unknown Stack Size
<LI>Call Chain = _printf_g &rArr; _printf_a &rArr; _printf_ll &rArr; _printf_i &rArr; _printf_d &rArr; _printf_u &rArr; _printf_o &rArr; _printf_x &rArr; _printf_int_hex &rArr; _printf_longlong_hex &rArr; _printf_int_common &rArr; _printf_post_padding
</UL>
<BR>[Calls]<UL><LI><a href="#[64]">&gt;&gt;</a>&nbsp;&nbsp;&nbsp;_printf_a
<LI><a href="#[62]">&gt;&gt;</a>&nbsp;&nbsp;&nbsp;_printf_fp_dec
</UL>
<BR>[Called By]<UL><LI><a href="#[61]">&gt;&gt;</a>&nbsp;&nbsp;&nbsp;_printf_e
</UL>

<P><STRONG><a name="[64]"></a>_printf_a</STRONG> (Thumb, 0 bytes, Stack size unknown bytes, C:\Keil_v5\ARM\ARMCC\Bin\..\lib\armlib\c_p.l(_printf_a.o)(.ARM.Collect$$_printf_percent$$00000006))
<BR><BR>[Stack]<UL><LI>Max Depth = 96 + Unknown Stack Size
<LI>Call Chain = _printf_a &rArr; _printf_ll &rArr; _printf_i &rArr; _printf_d &rArr; _printf_u &rArr; _printf_o &rArr; _printf_x &rArr; _printf_int_hex &rArr; _printf_longlong_hex &rArr; _printf_int_common &rArr; _printf_post_padding
</UL>
<BR>[Calls]<UL><LI><a href="#[65]">&gt;&gt;</a>&nbsp;&nbsp;&nbsp;_printf_ll
<LI><a href="#[66]">&gt;&gt;</a>&nbsp;&nbsp;&nbsp;_printf_fp_hex
</UL>
<BR>[Called By]<UL><LI><a href="#[63]">&gt;&gt;</a>&nbsp;&nbsp;&nbsp;_printf_g
</UL>

<P><STRONG><a name="[65]"></a>_printf_ll</STRONG> (Thumb, 0 bytes, Stack size unknown bytes, C:\Keil_v5\ARM\ARMCC\Bin\..\lib\armlib\c_p.l(_printf_ll.o)(.ARM.Collect$$_printf_percent$$00000007))
<BR><BR>[Stack]<UL><LI>Max Depth = 96 + Unknown Stack Size
<LI>Call Chain = _printf_ll &rArr; _printf_i &rArr; _printf_d &rArr; _printf_u &rArr; _printf_o &rArr; _printf_x &rArr; _printf_int_hex &rArr; _printf_longlong_hex &rArr; _printf_int_common &rArr; _printf_post_padding
</UL>
<BR>[Calls]<UL><LI><a href="#[67]">&gt;&gt;</a>&nbsp;&nbsp;&nbsp;_printf_i
</UL>
<BR>[Called By]<UL><LI><a href="#[64]">&gt;&gt;</a>&nbsp;&nbsp;&nbsp;_printf_a
</UL>

<P><STRONG><a name="[67]"></a>_printf_i</STRONG> (Thumb, 0 bytes, Stack size unknown bytes, C:\Keil_v5\ARM\ARMCC\Bin\..\lib\armlib\c_p.l(_printf_i.o)(.ARM.Collect$$_printf_percent$$00000008))
<BR><BR>[Stack]<UL><LI>Max Depth = 96 + Unknown Stack Size
<LI>Call Chain = _printf_i &rArr; _printf_d &rArr; _printf_u &rArr; _printf_o &rArr; _printf_x &rArr; _printf_int_hex &rArr; _printf_longlong_hex &rArr; _printf_int_common &rArr; _printf_post_padding
</UL>
<BR>[Calls]<UL><LI><a href="#[68]">&gt;&gt;</a>&nbsp;&nbsp;&nbsp;_printf_d
<LI><a href="#[69]">&gt;&gt;</a>&nbsp;&nbsp;&nbsp;_printf_int_dec
</UL>
<BR>[Called By]<UL><LI><a href="#[65]">&gt;&gt;</a>&nbsp;&nbsp;&nbsp;_printf_ll
</UL>

<P><STRONG><a name="[68]"></a>_printf_d</STRONG> (Thumb, 0 bytes, Stack size unknown bytes, C:\Keil_v5\ARM\ARMCC\Bin\..\lib\armlib\c_p.l(_printf_d.o)(.ARM.Collect$$_printf_percent$$00000009))
<BR><BR>[Stack]<UL><LI>Max Depth = 96 + Unknown Stack Size
<LI>Call Chain = _printf_d &rArr; _printf_u &rArr; _printf_o &rArr; _printf_x &rArr; _printf_int_hex &rArr; _printf_longlong_hex &rArr; _printf_int_common &rArr; _printf_post_padding
</UL>
<BR>[Calls]<UL><LI><a href="#[6a]">&gt;&gt;</a>&nbsp;&nbsp;&nbsp;_printf_u
<LI><a href="#[69]">&gt;&gt;</a>&nbsp;&nbsp;&nbsp;_printf_int_dec
</UL>
<BR>[Called By]<UL><LI><a href="#[67]">&gt;&gt;</a>&nbsp;&nbsp;&nbsp;_printf_i
</UL>

<P><STRONG><a name="[6a]"></a>_printf_u</STRONG> (Thumb, 0 bytes, Stack size unknown bytes, C:\Keil_v5\ARM\ARMCC\Bin\..\lib\armlib\c_p.l(_printf_u.o)(.ARM.Collect$$_printf_percent$$0000000A))
<BR><BR>[Stack]<UL><LI>Max Depth = 96 + Unknown Stack Size
<LI>Call Chain = _printf_u &rArr; _printf_o &rArr; _printf_x &rArr; _printf_int_hex &rArr; _printf_longlong_hex &rArr; _printf_int_common &rArr; _printf_post_padding
</UL>
<BR>[Calls]<UL><LI><a href="#[6b]">&gt;&gt;</a>&nbsp;&nbsp;&nbsp;_printf_o
<LI><a href="#[69]">&gt;&gt;</a>&nbsp;&nbsp;&nbsp;_printf_int_dec
</UL>
<BR>[Called By]<UL><LI><a href="#[68]">&gt;&gt;</a>&nbsp;&nbsp;&nbsp;_printf_d
</UL>

<P><STRONG><a name="[6b]"></a>_printf_o</STRONG> (Thumb, 0 bytes, Stack size unknown bytes, C:\Keil_v5\ARM\ARMCC\Bin\..\lib\armlib\c_p.l(_printf_o.o)(.ARM.Collect$$_printf_percent$$0000000B))
<BR><BR>[Stack]<UL><LI>Max Depth = 96 + Unknown Stack Size
<LI>Call Chain = _printf_o &rArr; _printf_x &rArr; _printf_int_hex &rArr; _printf_longlong_hex &rArr; _printf_int_common &rArr; _printf_post_padding
</UL>
<BR>[Calls]<UL><LI><a href="#[6c]">&gt;&gt;</a>&nbsp;&nbsp;&nbsp;_printf_x
<LI><a href="#[6d]">&gt;&gt;</a>&nbsp;&nbsp;&nbsp;_printf_int_oct
</UL>
<BR>[Called By]<UL><LI><a href="#[6a]">&gt;&gt;</a>&nbsp;&nbsp;&nbsp;_printf_u
</UL>

<P><STRONG><a name="[6c]"></a>_printf_x</STRONG> (Thumb, 0 bytes, Stack size unknown bytes, C:\Keil_v5\ARM\ARMCC\Bin\..\lib\armlib\c_p.l(_printf_x.o)(.ARM.Collect$$_printf_percent$$0000000C))
<BR><BR>[Stack]<UL><LI>Max Depth = 96 + Unknown Stack Size
<LI>Call Chain = _printf_x &rArr; _printf_int_hex &rArr; _printf_longlong_hex &rArr; _printf_int_common &rArr; _printf_post_padding
</UL>
<BR>[Calls]<UL><LI><a href="#[6e]">&gt;&gt;</a>&nbsp;&nbsp;&nbsp;_printf_lli
<LI><a href="#[6f]">&gt;&gt;</a>&nbsp;&nbsp;&nbsp;_printf_int_hex
</UL>
<BR>[Called By]<UL><LI><a href="#[6b]">&gt;&gt;</a>&nbsp;&nbsp;&nbsp;_printf_o
</UL>

<P><STRONG><a name="[6e]"></a>_printf_lli</STRONG> (Thumb, 0 bytes, Stack size unknown bytes, C:\Keil_v5\ARM\ARMCC\Bin\..\lib\armlib\c_p.l(_printf_lli.o)(.ARM.Collect$$_printf_percent$$0000000D))
<BR><BR>[Stack]<UL><LI>Max Depth = 88 + Unknown Stack Size
<LI>Call Chain = _printf_lli &rArr; _printf_lld &rArr; _printf_llu &rArr; _printf_llo &rArr; _printf_llx &rArr; _printf_l &rArr; _printf_c &rArr; _printf_s &rArr; _printf_lc &rArr; _printf_ls &rArr; _printf_wstring &rArr; _printf_lcs_common &rArr; _printf_wctomb &rArr; _wcrtomb &rArr; __rt_ctype_table
</UL>
<BR>[Calls]<UL><LI><a href="#[70]">&gt;&gt;</a>&nbsp;&nbsp;&nbsp;_printf_lld
<LI><a href="#[71]">&gt;&gt;</a>&nbsp;&nbsp;&nbsp;_printf_longlong_dec
</UL>
<BR>[Called By]<UL><LI><a href="#[6c]">&gt;&gt;</a>&nbsp;&nbsp;&nbsp;_printf_x
</UL>

<P><STRONG><a name="[70]"></a>_printf_lld</STRONG> (Thumb, 0 bytes, Stack size unknown bytes, C:\Keil_v5\ARM\ARMCC\Bin\..\lib\armlib\c_p.l(_printf_lld.o)(.ARM.Collect$$_printf_percent$$0000000E))
<BR><BR>[Stack]<UL><LI>Max Depth = 88 + Unknown Stack Size
<LI>Call Chain = _printf_lld &rArr; _printf_llu &rArr; _printf_llo &rArr; _printf_llx &rArr; _printf_l &rArr; _printf_c &rArr; _printf_s &rArr; _printf_lc &rArr; _printf_ls &rArr; _printf_wstring &rArr; _printf_lcs_common &rArr; _printf_wctomb &rArr; _wcrtomb &rArr; __rt_ctype_table
</UL>
<BR>[Calls]<UL><LI><a href="#[72]">&gt;&gt;</a>&nbsp;&nbsp;&nbsp;_printf_llu
<LI><a href="#[71]">&gt;&gt;</a>&nbsp;&nbsp;&nbsp;_printf_longlong_dec
</UL>
<BR>[Called By]<UL><LI><a href="#[6e]">&gt;&gt;</a>&nbsp;&nbsp;&nbsp;_printf_lli
</UL>

<P><STRONG><a name="[72]"></a>_printf_llu</STRONG> (Thumb, 0 bytes, Stack size unknown bytes, C:\Keil_v5\ARM\ARMCC\Bin\..\lib\armlib\c_p.l(_printf_llu.o)(.ARM.Collect$$_printf_percent$$0000000F))
<BR><BR>[Stack]<UL><LI>Max Depth = 88 + Unknown Stack Size
<LI>Call Chain = _printf_llu &rArr; _printf_llo &rArr; _printf_llx &rArr; _printf_l &rArr; _printf_c &rArr; _printf_s &rArr; _printf_lc &rArr; _printf_ls &rArr; _printf_wstring &rArr; _printf_lcs_common &rArr; _printf_wctomb &rArr; _wcrtomb &rArr; __rt_ctype_table
</UL>
<BR>[Calls]<UL><LI><a href="#[73]">&gt;&gt;</a>&nbsp;&nbsp;&nbsp;_printf_llo
<LI><a href="#[71]">&gt;&gt;</a>&nbsp;&nbsp;&nbsp;_printf_longlong_dec
</UL>
<BR>[Called By]<UL><LI><a href="#[70]">&gt;&gt;</a>&nbsp;&nbsp;&nbsp;_printf_lld
</UL>

<P><STRONG><a name="[73]"></a>_printf_llo</STRONG> (Thumb, 0 bytes, Stack size unknown bytes, C:\Keil_v5\ARM\ARMCC\Bin\..\lib\armlib\c_p.l(_printf_llo.o)(.ARM.Collect$$_printf_percent$$00000010))
<BR><BR>[Stack]<UL><LI>Max Depth = 88 + Unknown Stack Size
<LI>Call Chain = _printf_llo &rArr; _printf_llx &rArr; _printf_l &rArr; _printf_c &rArr; _printf_s &rArr; _printf_lc &rArr; _printf_ls &rArr; _printf_wstring &rArr; _printf_lcs_common &rArr; _printf_wctomb &rArr; _wcrtomb &rArr; __rt_ctype_table
</UL>
<BR>[Calls]<UL><LI><a href="#[74]">&gt;&gt;</a>&nbsp;&nbsp;&nbsp;_printf_llx
<LI><a href="#[75]">&gt;&gt;</a>&nbsp;&nbsp;&nbsp;_printf_ll_oct
</UL>
<BR>[Called By]<UL><LI><a href="#[72]">&gt;&gt;</a>&nbsp;&nbsp;&nbsp;_printf_llu
</UL>

<P><STRONG><a name="[74]"></a>_printf_llx</STRONG> (Thumb, 0 bytes, Stack size unknown bytes, C:\Keil_v5\ARM\ARMCC\Bin\..\lib\armlib\c_p.l(_printf_llx.o)(.ARM.Collect$$_printf_percent$$00000011))
<BR><BR>[Stack]<UL><LI>Max Depth = 88 + Unknown Stack Size
<LI>Call Chain = _printf_llx &rArr; _printf_l &rArr; _printf_c &rArr; _printf_s &rArr; _printf_lc &rArr; _printf_ls &rArr; _printf_wstring &rArr; _printf_lcs_common &rArr; _printf_wctomb &rArr; _wcrtomb &rArr; __rt_ctype_table
</UL>
<BR>[Calls]<UL><LI><a href="#[76]">&gt;&gt;</a>&nbsp;&nbsp;&nbsp;_printf_l
<LI><a href="#[77]">&gt;&gt;</a>&nbsp;&nbsp;&nbsp;_printf_ll_hex
</UL>
<BR>[Called By]<UL><LI><a href="#[73]">&gt;&gt;</a>&nbsp;&nbsp;&nbsp;_printf_llo
</UL>

<P><STRONG><a name="[76]"></a>_printf_l</STRONG> (Thumb, 0 bytes, Stack size unknown bytes, C:\Keil_v5\ARM\ARMCC\Bin\..\lib\armlib\c_p.l(_printf_l.o)(.ARM.Collect$$_printf_percent$$00000012))
<BR><BR>[Stack]<UL><LI>Max Depth = 88 + Unknown Stack Size
<LI>Call Chain = _printf_l &rArr; _printf_c &rArr; _printf_s &rArr; _printf_lc &rArr; _printf_ls &rArr; _printf_wstring &rArr; _printf_lcs_common &rArr; _printf_wctomb &rArr; _wcrtomb &rArr; __rt_ctype_table
</UL>
<BR>[Calls]<UL><LI><a href="#[78]">&gt;&gt;</a>&nbsp;&nbsp;&nbsp;_printf_c
</UL>
<BR>[Called By]<UL><LI><a href="#[74]">&gt;&gt;</a>&nbsp;&nbsp;&nbsp;_printf_llx
</UL>

<P><STRONG><a name="[78]"></a>_printf_c</STRONG> (Thumb, 0 bytes, Stack size unknown bytes, C:\Keil_v5\ARM\ARMCC\Bin\..\lib\armlib\c_p.l(_printf_c.o)(.ARM.Collect$$_printf_percent$$00000013))
<BR><BR>[Stack]<UL><LI>Max Depth = 88 + Unknown Stack Size
<LI>Call Chain = _printf_c &rArr; _printf_s &rArr; _printf_lc &rArr; _printf_ls &rArr; _printf_wstring &rArr; _printf_lcs_common &rArr; _printf_wctomb &rArr; _wcrtomb &rArr; __rt_ctype_table
</UL>
<BR>[Calls]<UL><LI><a href="#[79]">&gt;&gt;</a>&nbsp;&nbsp;&nbsp;_printf_s
<LI><a href="#[7a]">&gt;&gt;</a>&nbsp;&nbsp;&nbsp;_printf_char
</UL>
<BR>[Called By]<UL><LI><a href="#[76]">&gt;&gt;</a>&nbsp;&nbsp;&nbsp;_printf_l
</UL>

<P><STRONG><a name="[79]"></a>_printf_s</STRONG> (Thumb, 0 bytes, Stack size unknown bytes, C:\Keil_v5\ARM\ARMCC\Bin\..\lib\armlib\c_p.l(_printf_s.o)(.ARM.Collect$$_printf_percent$$00000014))
<BR><BR>[Stack]<UL><LI>Max Depth = 88 + Unknown Stack Size
<LI>Call Chain = _printf_s &rArr; _printf_lc &rArr; _printf_ls &rArr; _printf_wstring &rArr; _printf_lcs_common &rArr; _printf_wctomb &rArr; _wcrtomb &rArr; __rt_ctype_table
</UL>
<BR>[Calls]<UL><LI><a href="#[7b]">&gt;&gt;</a>&nbsp;&nbsp;&nbsp;_printf_lc
<LI><a href="#[7c]">&gt;&gt;</a>&nbsp;&nbsp;&nbsp;_printf_string
</UL>
<BR>[Called By]<UL><LI><a href="#[78]">&gt;&gt;</a>&nbsp;&nbsp;&nbsp;_printf_c
</UL>

<P><STRONG><a name="[7b]"></a>_printf_lc</STRONG> (Thumb, 0 bytes, Stack size unknown bytes, C:\Keil_v5\ARM\ARMCC\Bin\..\lib\armlib\c_p.l(_printf_lc.o)(.ARM.Collect$$_printf_percent$$00000015))
<BR><BR>[Stack]<UL><LI>Max Depth = 88 + Unknown Stack Size
<LI>Call Chain = _printf_lc &rArr; _printf_ls &rArr; _printf_wstring &rArr; _printf_lcs_common &rArr; _printf_wctomb &rArr; _wcrtomb &rArr; __rt_ctype_table
</UL>
<BR>[Calls]<UL><LI><a href="#[7d]">&gt;&gt;</a>&nbsp;&nbsp;&nbsp;_printf_ls
<LI><a href="#[7e]">&gt;&gt;</a>&nbsp;&nbsp;&nbsp;_printf_wchar
</UL>
<BR>[Called By]<UL><LI><a href="#[79]">&gt;&gt;</a>&nbsp;&nbsp;&nbsp;_printf_s
</UL>

<P><STRONG><a name="[7d]"></a>_printf_ls</STRONG> (Thumb, 0 bytes, Stack size unknown bytes, C:\Keil_v5\ARM\ARMCC\Bin\..\lib\armlib\c_p.l(_printf_ls.o)(.ARM.Collect$$_printf_percent$$00000016))
<BR><BR>[Stack]<UL><LI>Max Depth = 88 + Unknown Stack Size
<LI>Call Chain = _printf_ls &rArr; _printf_wstring &rArr; _printf_lcs_common &rArr; _printf_wctomb &rArr; _wcrtomb &rArr; __rt_ctype_table
</UL>
<BR>[Calls]<UL><LI><a href="#[7f]">&gt;&gt;</a>&nbsp;&nbsp;&nbsp;_printf_percent_end
<LI><a href="#[80]">&gt;&gt;</a>&nbsp;&nbsp;&nbsp;_printf_wstring
</UL>
<BR>[Called By]<UL><LI><a href="#[7b]">&gt;&gt;</a>&nbsp;&nbsp;&nbsp;_printf_lc
</UL>

<P><STRONG><a name="[7f]"></a>_printf_percent_end</STRONG> (Thumb, 0 bytes, Stack size unknown bytes, C:\Keil_v5\ARM\ARMCC\Bin\..\lib\armlib\c_p.l(_printf_percent_end.o)(.ARM.Collect$$_printf_percent$$00000017))
<BR><BR>[Called By]<UL><LI><a href="#[7d]">&gt;&gt;</a>&nbsp;&nbsp;&nbsp;_printf_ls
</UL>

<P><STRONG><a name="[90]"></a>__rt_lib_init</STRONG> (Thumb, 0 bytes, Stack size unknown bytes, C:\Keil_v5\ARM\ARMCC\Bin\..\lib\armlib\c_p.l(libinit.o)(.ARM.Collect$$libinit$$00000000))
<BR><BR>[Called By]<UL><LI><a href="#[8f]">&gt;&gt;</a>&nbsp;&nbsp;&nbsp;__rt_entry_li
</UL>

<P><STRONG><a name="[150]"></a>__rt_lib_init_fp_1</STRONG> (Thumb, 0 bytes, Stack size unknown bytes, C:\Keil_v5\ARM\ARMCC\Bin\..\lib\armlib\c_p.l(libinit2.o)(.ARM.Collect$$libinit$$00000002))

<P><STRONG><a name="[81]"></a>__rt_lib_init_heap_2</STRONG> (Thumb, 0 bytes, Stack size unknown bytes, C:\Keil_v5\ARM\ARMCC\Bin\..\lib\armlib\c_p.l(libinit2.o)(.ARM.Collect$$libinit$$00000005))
<BR><BR>[Stack]<UL><LI>Max Depth = 64 + Unknown Stack Size
<LI>Call Chain = __rt_lib_init_heap_2 &rArr; _init_alloc &rArr; __rt_SIGRTMEM &rArr; __rt_SIGRTMEM_inner &rArr; __default_signal_display &rArr; _ttywrch
</UL>
<BR>[Calls]<UL><LI><a href="#[82]">&gt;&gt;</a>&nbsp;&nbsp;&nbsp;_init_alloc
</UL>

<P><STRONG><a name="[151]"></a>__rt_lib_init_preinit_1</STRONG> (Thumb, 0 bytes, Stack size unknown bytes, C:\Keil_v5\ARM\ARMCC\Bin\..\lib\armlib\c_p.l(libinit2.o)(.ARM.Collect$$libinit$$00000004))

<P><STRONG><a name="[152]"></a>__rt_lib_init_heap_1</STRONG> (Thumb, 0 bytes, Stack size unknown bytes, C:\Keil_v5\ARM\ARMCC\Bin\..\lib\armlib\c_p.l(libinit2.o)(.ARM.Collect$$libinit$$0000000A))

<P><STRONG><a name="[83]"></a>__rt_lib_init_lc_common</STRONG> (Thumb, 0 bytes, Stack size unknown bytes, C:\Keil_v5\ARM\ARMCC\Bin\..\lib\armlib\c_p.l(libinit2.o)(.ARM.Collect$$libinit$$0000000F))
<BR><BR>[Calls]<UL><LI><a href="#[84]">&gt;&gt;</a>&nbsp;&nbsp;&nbsp;__rt_locale
</UL>

<P><STRONG><a name="[153]"></a>__rt_lib_init_rand_1</STRONG> (Thumb, 0 bytes, Stack size unknown bytes, C:\Keil_v5\ARM\ARMCC\Bin\..\lib\armlib\c_p.l(libinit2.o)(.ARM.Collect$$libinit$$0000000E))

<P><STRONG><a name="[154]"></a>__rt_lib_init_user_alloc_1</STRONG> (Thumb, 0 bytes, Stack size unknown bytes, C:\Keil_v5\ARM\ARMCC\Bin\..\lib\armlib\c_p.l(libinit2.o)(.ARM.Collect$$libinit$$0000000C))

<P><STRONG><a name="[155]"></a>__rt_lib_init_lc_collate_1</STRONG> (Thumb, 0 bytes, Stack size unknown bytes, C:\Keil_v5\ARM\ARMCC\Bin\..\lib\armlib\c_p.l(libinit2.o)(.ARM.Collect$$libinit$$00000011))

<P><STRONG><a name="[85]"></a>__rt_lib_init_lc_ctype_2</STRONG> (Thumb, 0 bytes, Stack size unknown bytes, C:\Keil_v5\ARM\ARMCC\Bin\..\lib\armlib\c_p.l(libinit2.o)(.ARM.Collect$$libinit$$00000012))
<BR><BR>[Stack]<UL><LI>Max Depth = 24 + Unknown Stack Size
<LI>Call Chain = __rt_lib_init_lc_ctype_2 &rArr; _get_lc_ctype &rArr; strcmp
</UL>
<BR>[Calls]<UL><LI><a href="#[4a]">&gt;&gt;</a>&nbsp;&nbsp;&nbsp;_get_lc_ctype
</UL>

<P><STRONG><a name="[156]"></a>__rt_lib_init_lc_ctype_1</STRONG> (Thumb, 0 bytes, Stack size unknown bytes, C:\Keil_v5\ARM\ARMCC\Bin\..\lib\armlib\c_p.l(libinit2.o)(.ARM.Collect$$libinit$$00000013))

<P><STRONG><a name="[157]"></a>__rt_lib_init_lc_monetary_1</STRONG> (Thumb, 0 bytes, Stack size unknown bytes, C:\Keil_v5\ARM\ARMCC\Bin\..\lib\armlib\c_p.l(libinit2.o)(.ARM.Collect$$libinit$$00000015))

<P><STRONG><a name="[86]"></a>__rt_lib_init_lc_numeric_2</STRONG> (Thumb, 0 bytes, Stack size unknown bytes, C:\Keil_v5\ARM\ARMCC\Bin\..\lib\armlib\c_p.l(libinit2.o)(.ARM.Collect$$libinit$$00000016))
<BR><BR>[Stack]<UL><LI>Max Depth = 24 + Unknown Stack Size
<LI>Call Chain = __rt_lib_init_lc_numeric_2 &rArr; _get_lc_numeric &rArr; strcmp
</UL>
<BR>[Calls]<UL><LI><a href="#[87]">&gt;&gt;</a>&nbsp;&nbsp;&nbsp;_get_lc_numeric
</UL>

<P><STRONG><a name="[158]"></a>__rt_lib_init_atexit_1</STRONG> (Thumb, 0 bytes, Stack size unknown bytes, C:\Keil_v5\ARM\ARMCC\Bin\..\lib\armlib\c_p.l(libinit2.o)(.ARM.Collect$$libinit$$0000001B))

<P><STRONG><a name="[159]"></a>__rt_lib_init_clock_1</STRONG> (Thumb, 0 bytes, Stack size unknown bytes, C:\Keil_v5\ARM\ARMCC\Bin\..\lib\armlib\c_p.l(libinit2.o)(.ARM.Collect$$libinit$$00000021))

<P><STRONG><a name="[15a]"></a>__rt_lib_init_fp_trap_1</STRONG> (Thumb, 0 bytes, Stack size unknown bytes, C:\Keil_v5\ARM\ARMCC\Bin\..\lib\armlib\c_p.l(libinit2.o)(.ARM.Collect$$libinit$$0000001F))

<P><STRONG><a name="[15b]"></a>__rt_lib_init_getenv_1</STRONG> (Thumb, 0 bytes, Stack size unknown bytes, C:\Keil_v5\ARM\ARMCC\Bin\..\lib\armlib\c_p.l(libinit2.o)(.ARM.Collect$$libinit$$00000023))

<P><STRONG><a name="[15c]"></a>__rt_lib_init_lc_numeric_1</STRONG> (Thumb, 0 bytes, Stack size unknown bytes, C:\Keil_v5\ARM\ARMCC\Bin\..\lib\armlib\c_p.l(libinit2.o)(.ARM.Collect$$libinit$$00000017))

<P><STRONG><a name="[15d]"></a>__rt_lib_init_lc_time_1</STRONG> (Thumb, 0 bytes, Stack size unknown bytes, C:\Keil_v5\ARM\ARMCC\Bin\..\lib\armlib\c_p.l(libinit2.o)(.ARM.Collect$$libinit$$00000019))

<P><STRONG><a name="[15e]"></a>__rt_lib_init_signal_1</STRONG> (Thumb, 0 bytes, Stack size unknown bytes, C:\Keil_v5\ARM\ARMCC\Bin\..\lib\armlib\c_p.l(libinit2.o)(.ARM.Collect$$libinit$$0000001D))

<P><STRONG><a name="[88]"></a>__rt_lib_init_stdio_2</STRONG> (Thumb, 0 bytes, Stack size unknown bytes, C:\Keil_v5\ARM\ARMCC\Bin\..\lib\armlib\c_p.l(libinit2.o)(.ARM.Collect$$libinit$$00000024))
<BR><BR>[Stack]<UL><LI>Max Depth = 608 + Unknown Stack Size
<LI>Call Chain = __rt_lib_init_stdio_2 &rArr; _initio &rArr; freopen &rArr; _sys_open &rArr; mbed::FilePath::FilePath(const char*) &rArr; mbed::FileBase::lookup(const char*, unsigned) &rArr; SingletonPtr&lang;PlatformMutex&rang;::operator -&rang;() &rArr; mbed_assert_internal &rArr; mbed_error_printf &rArr; serial_init &rArr;  pin_mode (Cycle)
</UL>
<BR>[Calls]<UL><LI><a href="#[89]">&gt;&gt;</a>&nbsp;&nbsp;&nbsp;_initio
</UL>

<P><STRONG><a name="[15f]"></a>__rt_lib_init_alloca_1</STRONG> (Thumb, 0 bytes, Stack size unknown bytes, C:\Keil_v5\ARM\ARMCC\Bin\..\lib\armlib\c_p.l(libinit2.o)(.ARM.Collect$$libinit$$0000002E))

<P><STRONG><a name="[160]"></a>__rt_lib_init_argv_1</STRONG> (Thumb, 0 bytes, Stack size unknown bytes, C:\Keil_v5\ARM\ARMCC\Bin\..\lib\armlib\c_p.l(libinit2.o)(.ARM.Collect$$libinit$$0000002C))

<P><STRONG><a name="[8a]"></a>__rt_lib_init_cpp_2</STRONG> (Thumb, 0 bytes, Stack size unknown bytes, C:\Keil_v5\ARM\ARMCC\Bin\..\lib\armlib\c_p.l(libinit2.o)(.ARM.Collect$$libinit$$00000031))
<BR><BR>[Stack]<UL><LI>Max Depth = 16 + Unknown Stack Size
<LI>Call Chain = __rt_lib_init_cpp_2 &rArr; __cpp_initialize__aeabi_
</UL>
<BR>[Calls]<UL><LI><a href="#[57]">&gt;&gt;</a>&nbsp;&nbsp;&nbsp;__cpp_initialize__aeabi_
</UL>

<P><STRONG><a name="[161]"></a>__rt_lib_init_exceptions_1</STRONG> (Thumb, 0 bytes, Stack size unknown bytes, C:\Keil_v5\ARM\ARMCC\Bin\..\lib\armlib\c_p.l(libinit2.o)(.ARM.Collect$$libinit$$00000030))

<P><STRONG><a name="[162]"></a>__rt_lib_init_stdio_1</STRONG> (Thumb, 0 bytes, Stack size unknown bytes, C:\Keil_v5\ARM\ARMCC\Bin\..\lib\armlib\c_p.l(libinit2.o)(.ARM.Collect$$libinit$$00000025))

<P><STRONG><a name="[163]"></a>__rt_lib_init_cpp_1</STRONG> (Thumb, 0 bytes, Stack size unknown bytes, C:\Keil_v5\ARM\ARMCC\Bin\..\lib\armlib\c_p.l(libinit2.o)(.ARM.Collect$$libinit$$00000032))

<P><STRONG><a name="[164]"></a>__rt_lib_init_return</STRONG> (Thumb, 0 bytes, Stack size unknown bytes, C:\Keil_v5\ARM\ARMCC\Bin\..\lib\armlib\c_p.l(libinit2.o)(.ARM.Collect$$libinit$$00000033))

<P><STRONG><a name="[59]"></a>__rt_entry</STRONG> (Thumb, 0 bytes, Stack size unknown bytes, C:\Keil_v5\ARM\ARMCC\Bin\..\lib\armlib\c_p.l(__rtentry.o)(.ARM.Collect$$rtentry$$00000000))
<BR><BR>[Called By]<UL><LI><a href="#[56]">&gt;&gt;</a>&nbsp;&nbsp;&nbsp;__main
<LI><a href="#[5a]">&gt;&gt;</a>&nbsp;&nbsp;&nbsp;__scatterload_rt2
</UL>

<P><STRONG><a name="[165]"></a>__rt_entry_presh_1</STRONG> (Thumb, 0 bytes, Stack size unknown bytes, C:\Keil_v5\ARM\ARMCC\Bin\..\lib\armlib\c_p.l(__rtentry2.o)(.ARM.Collect$$rtentry$$00000002))

<P><STRONG><a name="[8b]"></a>__rt_entry_sh</STRONG> (Thumb, 0 bytes, Stack size unknown bytes, C:\Keil_v5\ARM\ARMCC\Bin\..\lib\armlib\c_p.l(__rtentry4.o)(.ARM.Collect$$rtentry$$00000004))
<BR><BR>[Calls]<UL><LI><a href="#[8c]">&gt;&gt;</a>&nbsp;&nbsp;&nbsp;__user_setup_stackheap
</UL>

<P><STRONG><a name="[166]"></a>__rt_lib_shutdown_stdio_2</STRONG> (Thumb, 0 bytes, Stack size unknown bytes, C:\Keil_v5\ARM\ARMCC\Bin\..\lib\armlib\c_p.l(libshutdown2.o)(.ARM.Collect$$libshutdown$$00000004))

<P><STRONG><a name="[8d]"></a>__rt_entry_postsh_1</STRONG> (Thumb, 0 bytes, Stack size unknown bytes, C:\Keil_v5\ARM\ARMCC\Bin\..\lib\armlib\c_p.l(__rtentry2.o)(.ARM.Collect$$rtentry$$00000008))
<BR><BR>[Stack]<UL><LI>Max Depth = 8 + Unknown Stack Size
<LI>Call Chain = __rt_entry_postsh_1 &rArr; _platform_post_stackheap_init
</UL>
<BR>[Calls]<UL><LI><a href="#[8e]">&gt;&gt;</a>&nbsp;&nbsp;&nbsp;_platform_post_stackheap_init
</UL>

<P><STRONG><a name="[8f]"></a>__rt_entry_li</STRONG> (Thumb, 0 bytes, Stack size unknown bytes, C:\Keil_v5\ARM\ARMCC\Bin\..\lib\armlib\c_p.l(__rtentry2.o)(.ARM.Collect$$rtentry$$0000000A))
<BR><BR>[Calls]<UL><LI><a href="#[90]">&gt;&gt;</a>&nbsp;&nbsp;&nbsp;__rt_lib_init
</UL>

<P><STRONG><a name="[91]"></a>__rt_entry_main</STRONG> (Thumb, 0 bytes, Stack size unknown bytes, C:\Keil_v5\ARM\ARMCC\Bin\..\lib\armlib\c_p.l(__rtentry2.o)(.ARM.Collect$$rtentry$$0000000D))
<BR><BR>[Stack]<UL><LI>Max Depth = 672 + Unknown Stack Size
<LI>Call Chain = __rt_entry_main &rArr; main &rArr; $Super$$main &rArr; MMA8451Q::MMA8451Q(PinName, PinName, int) &rArr; mbed::I2C::I2C(PinName, PinName) &rArr; i2c_init &rArr; mbed_assert_internal &rArr; mbed_error_printf &rArr; serial_init &rArr;  pin_mode (Cycle)
</UL>
<BR>[Calls]<UL><LI><a href="#[93]">&gt;&gt;</a>&nbsp;&nbsp;&nbsp;exit
<LI><a href="#[92]">&gt;&gt;</a>&nbsp;&nbsp;&nbsp;main
</UL>

<P><STRONG><a name="[167]"></a>__rt_entry_postli_1</STRONG> (Thumb, 0 bytes, Stack size unknown bytes, C:\Keil_v5\ARM\ARMCC\Bin\..\lib\armlib\c_p.l(__rtentry2.o)(.ARM.Collect$$rtentry$$0000000C))

<P><STRONG><a name="[fa]"></a>__aeabi_memcpy4</STRONG> (Thumb, 56 bytes, Stack size 0 bytes, C:\Keil_v5\ARM\ARMCC\Bin\..\lib\armlib\c_p.l(rt_memcpy.o)(.emb_text))
<BR><BR>[Called By]<UL><LI><a href="#[f9]">&gt;&gt;</a>&nbsp;&nbsp;&nbsp;NVIC_SetVector
</UL>

<P><STRONG><a name="[168]"></a>__aeabi_memcpy8</STRONG> (Thumb, 0 bytes, Stack size 0 bytes, C:\Keil_v5\ARM\ARMCC\Bin\..\lib\armlib\c_p.l(rt_memcpy.o)(.emb_text), UNUSED)

<P><STRONG><a name="[1b]"></a>Reset_Handler</STRONG> (Thumb, 8 bytes, Stack size 0 bytes, mbed/TARGET_KL25Z/TOOLCHAIN_ARM_STD/startup_MKL25Z4.o(.text))
<BR>[Address Reference Count : 1]<UL><LI> startup_MKL25Z4.o(RESET)
</UL>
<P><STRONG><a name="[169]"></a>_maybe_terminate_alloc</STRONG> (Thumb, 0 bytes, Stack size 0 bytes, C:\Keil_v5\ARM\ARMCC\Bin\..\lib\armlib\c_p.l(maybetermalloc1.o)(.emb_text), UNUSED)

<P><STRONG><a name="[1d]"></a>HardFault_Handler</STRONG> (Thumb, 2 bytes, Stack size 0 bytes, mbed/TARGET_KL25Z/TOOLCHAIN_ARM_STD/startup_MKL25Z4.o(.text))
<BR><BR>[Calls]<UL><LI><a href="#[1d]">&gt;&gt;</a>&nbsp;&nbsp;&nbsp;HardFault_Handler
</UL>
<BR>[Called By]<UL><LI><a href="#[1d]">&gt;&gt;</a>&nbsp;&nbsp;&nbsp;HardFault_Handler
</UL>
<BR>[Address Reference Count : 1]<UL><LI> startup_MKL25Z4.o(RESET)
</UL>
<P><STRONG><a name="[1e]"></a>SVC_Handler</STRONG> (Thumb, 2 bytes, Stack size 0 bytes, mbed/TARGET_KL25Z/TOOLCHAIN_ARM_STD/startup_MKL25Z4.o(.text))
<BR><BR>[Calls]<UL><LI><a href="#[1e]">&gt;&gt;</a>&nbsp;&nbsp;&nbsp;SVC_Handler
</UL>
<BR>[Called By]<UL><LI><a href="#[1e]">&gt;&gt;</a>&nbsp;&nbsp;&nbsp;SVC_Handler
</UL>
<BR>[Address Reference Count : 1]<UL><LI> startup_MKL25Z4.o(RESET)
</UL>
<P><STRONG><a name="[1f]"></a>PendSV_Handler</STRONG> (Thumb, 2 bytes, Stack size 0 bytes, mbed/TARGET_KL25Z/TOOLCHAIN_ARM_STD/startup_MKL25Z4.o(.text))
<BR><BR>[Calls]<UL><LI><a href="#[1f]">&gt;&gt;</a>&nbsp;&nbsp;&nbsp;PendSV_Handler
</UL>
<BR>[Called By]<UL><LI><a href="#[1f]">&gt;&gt;</a>&nbsp;&nbsp;&nbsp;PendSV_Handler
</UL>
<BR>[Address Reference Count : 1]<UL><LI> startup_MKL25Z4.o(RESET)
</UL>
<P><STRONG><a name="[20]"></a>SysTick_Handler</STRONG> (Thumb, 2 bytes, Stack size 0 bytes, mbed/TARGET_KL25Z/TOOLCHAIN_ARM_STD/startup_MKL25Z4.o(.text))
<BR><BR>[Calls]<UL><LI><a href="#[20]">&gt;&gt;</a>&nbsp;&nbsp;&nbsp;SysTick_Handler
</UL>
<BR>[Called By]<UL><LI><a href="#[20]">&gt;&gt;</a>&nbsp;&nbsp;&nbsp;SysTick_Handler
</UL>
<BR>[Address Reference Count : 1]<UL><LI> startup_MKL25Z4.o(RESET)
</UL>
<P><STRONG><a name="[30]"></a>ADC0_IRQHandler</STRONG> (Thumb, 0 bytes, Stack size 0 bytes, mbed/TARGET_KL25Z/TOOLCHAIN_ARM_STD/startup_MKL25Z4.o(.text))
<BR><BR>[Calls]<UL><LI><a href="#[30]">&gt;&gt;</a>&nbsp;&nbsp;&nbsp;ADC0_IRQHandler
</UL>
<BR>[Called By]<UL><LI><a href="#[30]">&gt;&gt;</a>&nbsp;&nbsp;&nbsp;ADC0_IRQHandler
</UL>
<BR>[Address Reference Count : 1]<UL><LI> startup_MKL25Z4.o(RESET)
</UL>
<P><STRONG><a name="[31]"></a>CMP0_IRQHandler</STRONG> (Thumb, 0 bytes, Stack size 0 bytes, mbed/TARGET_KL25Z/TOOLCHAIN_ARM_STD/startup_MKL25Z4.o(.text))
<BR>[Address Reference Count : 1]<UL><LI> startup_MKL25Z4.o(RESET)
</UL>
<P><STRONG><a name="[3a]"></a>DAC0_IRQHandler</STRONG> (Thumb, 0 bytes, Stack size 0 bytes, mbed/TARGET_KL25Z/TOOLCHAIN_ARM_STD/startup_MKL25Z4.o(.text))
<BR>[Address Reference Count : 1]<UL><LI> startup_MKL25Z4.o(RESET)
</UL>
<P><STRONG><a name="[21]"></a>DMA0_IRQHandler</STRONG> (Thumb, 0 bytes, Stack size 0 bytes, mbed/TARGET_KL25Z/TOOLCHAIN_ARM_STD/startup_MKL25Z4.o(.text))
<BR>[Address Reference Count : 1]<UL><LI> startup_MKL25Z4.o(RESET)
</UL>
<P><STRONG><a name="[22]"></a>DMA1_IRQHandler</STRONG> (Thumb, 0 bytes, Stack size 0 bytes, mbed/TARGET_KL25Z/TOOLCHAIN_ARM_STD/startup_MKL25Z4.o(.text))
<BR>[Address Reference Count : 1]<UL><LI> startup_MKL25Z4.o(RESET)
</UL>
<P><STRONG><a name="[23]"></a>DMA2_IRQHandler</STRONG> (Thumb, 0 bytes, Stack size 0 bytes, mbed/TARGET_KL25Z/TOOLCHAIN_ARM_STD/startup_MKL25Z4.o(.text))
<BR>[Address Reference Count : 1]<UL><LI> startup_MKL25Z4.o(RESET)
</UL>
<P><STRONG><a name="[24]"></a>DMA3_IRQHandler</STRONG> (Thumb, 0 bytes, Stack size 0 bytes, mbed/TARGET_KL25Z/TOOLCHAIN_ARM_STD/startup_MKL25Z4.o(.text))
<BR>[Address Reference Count : 1]<UL><LI> startup_MKL25Z4.o(RESET)
</UL>
<P><STRONG><a name="[16a]"></a>DefaultISR</STRONG> (Thumb, 0 bytes, Stack size 0 bytes, mbed/TARGET_KL25Z/TOOLCHAIN_ARM_STD/startup_MKL25Z4.o(.text), UNUSED)

<P><STRONG><a name="[26]"></a>FTFA_IRQHandler</STRONG> (Thumb, 0 bytes, Stack size 0 bytes, mbed/TARGET_KL25Z/TOOLCHAIN_ARM_STD/startup_MKL25Z4.o(.text))
<BR>[Address Reference Count : 1]<UL><LI> startup_MKL25Z4.o(RESET)
</UL>
<P><STRONG><a name="[29]"></a>I2C0_IRQHandler</STRONG> (Thumb, 0 bytes, Stack size 0 bytes, mbed/TARGET_KL25Z/TOOLCHAIN_ARM_STD/startup_MKL25Z4.o(.text))
<BR>[Address Reference Count : 1]<UL><LI> startup_MKL25Z4.o(RESET)
</UL>
<P><STRONG><a name="[2a]"></a>I2C1_IRQHandler</STRONG> (Thumb, 0 bytes, Stack size 0 bytes, mbed/TARGET_KL25Z/TOOLCHAIN_ARM_STD/startup_MKL25Z4.o(.text))
<BR>[Address Reference Count : 1]<UL><LI> startup_MKL25Z4.o(RESET)
</UL>
<P><STRONG><a name="[28]"></a>LLW_IRQHandler</STRONG> (Thumb, 0 bytes, Stack size 0 bytes, mbed/TARGET_KL25Z/TOOLCHAIN_ARM_STD/startup_MKL25Z4.o(.text))
<BR>[Address Reference Count : 1]<UL><LI> startup_MKL25Z4.o(RESET)
</UL>
<P><STRONG><a name="[3d]"></a>LPTimer_IRQHandler</STRONG> (Thumb, 0 bytes, Stack size 0 bytes, mbed/TARGET_KL25Z/TOOLCHAIN_ARM_STD/startup_MKL25Z4.o(.text))
<BR>[Address Reference Count : 1]<UL><LI> startup_MKL25Z4.o(RESET)
</UL>
<P><STRONG><a name="[27]"></a>LVD_LVW_IRQHandler</STRONG> (Thumb, 0 bytes, Stack size 0 bytes, mbed/TARGET_KL25Z/TOOLCHAIN_ARM_STD/startup_MKL25Z4.o(.text))
<BR>[Address Reference Count : 1]<UL><LI> startup_MKL25Z4.o(RESET)
</UL>
<P><STRONG><a name="[3c]"></a>MCG_IRQHandler</STRONG> (Thumb, 0 bytes, Stack size 0 bytes, mbed/TARGET_KL25Z/TOOLCHAIN_ARM_STD/startup_MKL25Z4.o(.text))
<BR>[Address Reference Count : 1]<UL><LI> startup_MKL25Z4.o(RESET)
</UL>
<P><STRONG><a name="[37]"></a>PIT_IRQHandler</STRONG> (Thumb, 0 bytes, Stack size 0 bytes, mbed/TARGET_KL25Z/TOOLCHAIN_ARM_STD/startup_MKL25Z4.o(.text))
<BR>[Address Reference Count : 1]<UL><LI> startup_MKL25Z4.o(RESET)
</UL>
<P><STRONG><a name="[3f]"></a>PORTA_IRQHandler</STRONG> (Thumb, 0 bytes, Stack size 0 bytes, mbed/TARGET_KL25Z/TOOLCHAIN_ARM_STD/startup_MKL25Z4.o(.text))
<BR>[Address Reference Count : 1]<UL><LI> startup_MKL25Z4.o(RESET)
</UL>
<P><STRONG><a name="[40]"></a>PORTD_IRQHandler</STRONG> (Thumb, 0 bytes, Stack size 0 bytes, mbed/TARGET_KL25Z/TOOLCHAIN_ARM_STD/startup_MKL25Z4.o(.text))
<BR>[Address Reference Count : 1]<UL><LI> startup_MKL25Z4.o(RESET)
</UL>
<P><STRONG><a name="[35]"></a>RTC_IRQHandler</STRONG> (Thumb, 0 bytes, Stack size 0 bytes, mbed/TARGET_KL25Z/TOOLCHAIN_ARM_STD/startup_MKL25Z4.o(.text))
<BR>[Address Reference Count : 1]<UL><LI> startup_MKL25Z4.o(RESET)
</UL>
<P><STRONG><a name="[36]"></a>RTC_Seconds_IRQHandler</STRONG> (Thumb, 0 bytes, Stack size 0 bytes, mbed/TARGET_KL25Z/TOOLCHAIN_ARM_STD/startup_MKL25Z4.o(.text))
<BR>[Address Reference Count : 1]<UL><LI> startup_MKL25Z4.o(RESET)
</UL>
<P><STRONG><a name="[25]"></a>Reserved20_IRQHandler</STRONG> (Thumb, 0 bytes, Stack size 0 bytes, mbed/TARGET_KL25Z/TOOLCHAIN_ARM_STD/startup_MKL25Z4.o(.text))
<BR>[Address Reference Count : 1]<UL><LI> startup_MKL25Z4.o(RESET)
</UL>
<P><STRONG><a name="[38]"></a>Reserved39_IRQHandler</STRONG> (Thumb, 0 bytes, Stack size 0 bytes, mbed/TARGET_KL25Z/TOOLCHAIN_ARM_STD/startup_MKL25Z4.o(.text))
<BR>[Address Reference Count : 1]<UL><LI> startup_MKL25Z4.o(RESET)
</UL>
<P><STRONG><a name="[3e]"></a>Reserved45_IRQHandler</STRONG> (Thumb, 0 bytes, Stack size 0 bytes, mbed/TARGET_KL25Z/TOOLCHAIN_ARM_STD/startup_MKL25Z4.o(.text))
<BR>[Address Reference Count : 1]<UL><LI> startup_MKL25Z4.o(RESET)
</UL>
<P><STRONG><a name="[2b]"></a>SPI0_IRQHandler</STRONG> (Thumb, 0 bytes, Stack size 0 bytes, mbed/TARGET_KL25Z/TOOLCHAIN_ARM_STD/startup_MKL25Z4.o(.text))
<BR>[Address Reference Count : 1]<UL><LI> startup_MKL25Z4.o(RESET)
</UL>
<P><STRONG><a name="[2c]"></a>SPI1_IRQHandler</STRONG> (Thumb, 0 bytes, Stack size 0 bytes, mbed/TARGET_KL25Z/TOOLCHAIN_ARM_STD/startup_MKL25Z4.o(.text))
<BR>[Address Reference Count : 1]<UL><LI> startup_MKL25Z4.o(RESET)
</UL>
<P><STRONG><a name="[32]"></a>TPM0_IRQHandler</STRONG> (Thumb, 0 bytes, Stack size 0 bytes, mbed/TARGET_KL25Z/TOOLCHAIN_ARM_STD/startup_MKL25Z4.o(.text))
<BR>[Address Reference Count : 1]<UL><LI> startup_MKL25Z4.o(RESET)
</UL>
<P><STRONG><a name="[33]"></a>TPM1_IRQHandler</STRONG> (Thumb, 0 bytes, Stack size 0 bytes, mbed/TARGET_KL25Z/TOOLCHAIN_ARM_STD/startup_MKL25Z4.o(.text))
<BR>[Address Reference Count : 1]<UL><LI> startup_MKL25Z4.o(RESET)
</UL>
<P><STRONG><a name="[34]"></a>TPM2_IRQHandler</STRONG> (Thumb, 0 bytes, Stack size 0 bytes, mbed/TARGET_KL25Z/TOOLCHAIN_ARM_STD/startup_MKL25Z4.o(.text))
<BR>[Address Reference Count : 1]<UL><LI> startup_MKL25Z4.o(RESET)
</UL>
<P><STRONG><a name="[3b]"></a>TSI0_IRQHandler</STRONG> (Thumb, 0 bytes, Stack size 0 bytes, mbed/TARGET_KL25Z/TOOLCHAIN_ARM_STD/startup_MKL25Z4.o(.text))
<BR>[Address Reference Count : 1]<UL><LI> startup_MKL25Z4.o(RESET)
</UL>
<P><STRONG><a name="[2d]"></a>UART0_IRQHandler</STRONG> (Thumb, 0 bytes, Stack size 0 bytes, mbed/TARGET_KL25Z/TOOLCHAIN_ARM_STD/startup_MKL25Z4.o(.text))
<BR>[Address Reference Count : 1]<UL><LI> startup_MKL25Z4.o(RESET)
</UL>
<P><STRONG><a name="[2e]"></a>UART1_IRQHandler</STRONG> (Thumb, 0 bytes, Stack size 0 bytes, mbed/TARGET_KL25Z/TOOLCHAIN_ARM_STD/startup_MKL25Z4.o(.text))
<BR>[Address Reference Count : 1]<UL><LI> startup_MKL25Z4.o(RESET)
</UL>
<P><STRONG><a name="[2f]"></a>UART2_IRQHandler</STRONG> (Thumb, 0 bytes, Stack size 0 bytes, mbed/TARGET_KL25Z/TOOLCHAIN_ARM_STD/startup_MKL25Z4.o(.text))
<BR>[Address Reference Count : 1]<UL><LI> startup_MKL25Z4.o(RESET)
</UL>
<P><STRONG><a name="[39]"></a>USB0_IRQHandler</STRONG> (Thumb, 0 bytes, Stack size 0 bytes, mbed/TARGET_KL25Z/TOOLCHAIN_ARM_STD/startup_MKL25Z4.o(.text))
<BR>[Address Reference Count : 1]<UL><LI> startup_MKL25Z4.o(RESET)
</UL>
<P><STRONG><a name="[94]"></a>malloc</STRONG> (Thumb, 98 bytes, Stack size 16 bytes, C:\Keil_v5\ARM\ARMCC\Bin\..\lib\armlib\c_p.l(h1_alloc.o)(.text), UNUSED)
<BR><BR>[Calls]<UL><LI><a href="#[96]">&gt;&gt;</a>&nbsp;&nbsp;&nbsp;__Heap_Full
<LI><a href="#[95]">&gt;&gt;</a>&nbsp;&nbsp;&nbsp;__rt_heap_descriptor
</UL>
<BR>[Called By]<UL><LI><a href="#[f4]">&gt;&gt;</a>&nbsp;&nbsp;&nbsp;__flsbuf
<LI><a href="#[ee]">&gt;&gt;</a>&nbsp;&nbsp;&nbsp;fopen
</UL>

<P><STRONG><a name="[97]"></a>free</STRONG> (Thumb, 76 bytes, Stack size 16 bytes, C:\Keil_v5\ARM\ARMCC\Bin\..\lib\armlib\c_p.l(h1_free.o)(.text))
<BR><BR>[Stack]<UL><LI>Max Depth = 16<LI>Call Chain = free
</UL>
<BR>[Calls]<UL><LI><a href="#[95]">&gt;&gt;</a>&nbsp;&nbsp;&nbsp;__rt_heap_descriptor
</UL>
<BR>[Called By]<UL><LI><a href="#[da]">&gt;&gt;</a>&nbsp;&nbsp;&nbsp;_fclose_internal
<LI><a href="#[b3]">&gt;&gt;</a>&nbsp;&nbsp;&nbsp;__Heap_ProvideMemory
<LI><a href="#[d9]">&gt;&gt;</a>&nbsp;&nbsp;&nbsp;_terminateio
</UL>

<P><STRONG><a name="[98]"></a>vsprintf</STRONG> (Thumb, 32 bytes, Stack size 16 bytes, C:\Keil_v5\ARM\ARMCC\Bin\..\lib\armlib\c_p.l(vsprintf.o)(.text))
<BR><BR>[Stack]<UL><LI>Max Depth = 112 + Unknown Stack Size
<LI>Call Chain = vsprintf &rArr; _printf_char_common &rArr; __printf
</UL>
<BR>[Calls]<UL><LI><a href="#[43]">&gt;&gt;</a>&nbsp;&nbsp;&nbsp;_sputc
<LI><a href="#[99]">&gt;&gt;</a>&nbsp;&nbsp;&nbsp;_printf_char_common
</UL>
<BR>[Called By]<UL><LI><a href="#[128]">&gt;&gt;</a>&nbsp;&nbsp;&nbsp;mbed_error_vfprintf
<LI><a href="#[13f]">&gt;&gt;</a>&nbsp;&nbsp;&nbsp;mbed_error_printf
</UL>

<P><STRONG><a name="[9a]"></a>__2printf</STRONG> (Thumb, 22 bytes, Stack size 24 bytes, C:\Keil_v5\ARM\ARMCC\Bin\..\lib\armlib\c_p.l(__2printf.o)(.text))
<BR><BR>[Stack]<UL><LI>Max Depth = 136 + Unknown Stack Size
<LI>Call Chain = __2printf &rArr; _printf_char_file &rArr; _printf_char_common &rArr; __printf
</UL>
<BR>[Calls]<UL><LI><a href="#[9b]">&gt;&gt;</a>&nbsp;&nbsp;&nbsp;_printf_char_file
</UL>
<BR>[Called By]<UL><LI><a href="#[f7]">&gt;&gt;</a>&nbsp;&nbsp;&nbsp;$Super$$main
</UL>

<P><STRONG><a name="[9c]"></a>__0sscanf</STRONG> (Thumb, 54 bytes, Stack size 72 bytes, C:\Keil_v5\ARM\ARMCC\Bin\..\lib\armlib\c_p.l(__0sscanf.o)(.text))
<BR><BR>[Stack]<UL><LI>Max Depth = 216<LI>Call Chain = __0sscanf &rArr; __vfscanf_char &rArr; __vfscanf &rArr; _scanf_int
</UL>
<BR>[Calls]<UL><LI><a href="#[9d]">&gt;&gt;</a>&nbsp;&nbsp;&nbsp;__vfscanf_char
</UL>
<BR>[Called By]<UL><LI><a href="#[ed]">&gt;&gt;</a>&nbsp;&nbsp;&nbsp;_sys_open
</UL>

<P><STRONG><a name="[95]"></a>__rt_heap_descriptor</STRONG> (Thumb, 8 bytes, Stack size 0 bytes, C:\Keil_v5\ARM\ARMCC\Bin\..\lib\armlib\c_p.l(rt_heap_descriptor.o)(.text))
<BR><BR>[Called By]<UL><LI><a href="#[82]">&gt;&gt;</a>&nbsp;&nbsp;&nbsp;_init_alloc
<LI><a href="#[97]">&gt;&gt;</a>&nbsp;&nbsp;&nbsp;free
<LI><a href="#[94]">&gt;&gt;</a>&nbsp;&nbsp;&nbsp;malloc
</UL>

<P><STRONG><a name="[16b]"></a>__use_no_heap</STRONG> (Thumb, 2 bytes, Stack size 0 bytes, C:\Keil_v5\ARM\ARMCC\Bin\..\lib\armlib\c_p.l(hguard.o)(.text), UNUSED)

<P><STRONG><a name="[16c]"></a>__heap$guard</STRONG> (Thumb, 2 bytes, Stack size 0 bytes, C:\Keil_v5\ARM\ARMCC\Bin\..\lib\armlib\c_p.l(hguard.o)(.text), UNUSED)

<P><STRONG><a name="[c7]"></a>ferror</STRONG> (Thumb, 8 bytes, Stack size 0 bytes, C:\Keil_v5\ARM\ARMCC\Bin\..\lib\armlib\c_p.l(ferror.o)(.text))
<BR><BR>[Called By]<UL><LI><a href="#[9b]">&gt;&gt;</a>&nbsp;&nbsp;&nbsp;_printf_char_file
</UL>

<P><STRONG><a name="[9e]"></a>__printf</STRONG> (Thumb, 386 bytes, Stack size 32 bytes, C:\Keil_v5\ARM\ARMCC\Bin\..\lib\armlib\c_p.l(__printf_flags_ss_wp.o)(.text))
<BR><BR>[Stack]<UL><LI>Max Depth = 32 + Unknown Stack Size
<LI>Call Chain = __printf
</UL>
<BR>[Calls]<UL><LI><a href="#[a0]">&gt;&gt;</a>&nbsp;&nbsp;&nbsp;_printf_percent
<LI><a href="#[9f]">&gt;&gt;</a>&nbsp;&nbsp;&nbsp;_is_digit
</UL>
<BR>[Called By]<UL><LI><a href="#[99]">&gt;&gt;</a>&nbsp;&nbsp;&nbsp;_printf_char_common
</UL>

<P><STRONG><a name="[a1]"></a>_scanf_int</STRONG> (Thumb, 330 bytes, Stack size 48 bytes, C:\Keil_v5\ARM\ARMCC\Bin\..\lib\armlib\c_p.l(_scanf_int.o)(.text))
<BR><BR>[Stack]<UL><LI>Max Depth = 48<LI>Call Chain = _scanf_int
</UL>
<BR>[Calls]<UL><LI><a href="#[a2]">&gt;&gt;</a>&nbsp;&nbsp;&nbsp;_chval
</UL>
<BR>[Called By]<UL><LI><a href="#[cc]">&gt;&gt;</a>&nbsp;&nbsp;&nbsp;__vfscanf
</UL>

<P><STRONG><a name="[a3]"></a>_do_fflush</STRONG> (Thumb, 54 bytes, Stack size 16 bytes, C:\Keil_v5\ARM\ARMCC\Bin\..\lib\armlib\c_p.l(fflush.o)(.text))
<BR><BR>[Stack]<UL><LI>Max Depth = 112<LI>Call Chain = _do_fflush &rArr; _fflush &rArr; _writebuf &rArr; _sys_write &rArr;  serial_init (Cycle)
</UL>
<BR>[Calls]<UL><LI><a href="#[a5]">&gt;&gt;</a>&nbsp;&nbsp;&nbsp;_fseek
<LI><a href="#[a4]">&gt;&gt;</a>&nbsp;&nbsp;&nbsp;_fflush
</UL>
<BR>[Called By]<UL><LI><a href="#[a6]">&gt;&gt;</a>&nbsp;&nbsp;&nbsp;fflush
</UL>

<P><STRONG><a name="[a6]"></a>fflush</STRONG> (Thumb, 46 bytes, Stack size 16 bytes, C:\Keil_v5\ARM\ARMCC\Bin\..\lib\armlib\c_p.l(fflush.o)(.text))
<BR><BR>[Stack]<UL><LI>Max Depth = 128<LI>Call Chain = fflush &rArr; _do_fflush &rArr; _fflush &rArr; _writebuf &rArr; _sys_write &rArr;  serial_init (Cycle)
</UL>
<BR>[Calls]<UL><LI><a href="#[a3]">&gt;&gt;</a>&nbsp;&nbsp;&nbsp;_do_fflush
</UL>
<BR>[Called By]<UL><LI><a href="#[93]">&gt;&gt;</a>&nbsp;&nbsp;&nbsp;exit
</UL>

<P><STRONG><a name="[113]"></a>strlen</STRONG> (Thumb, 62 bytes, Stack size 12 bytes, C:\Keil_v5\ARM\ARMCC\Bin\..\lib\armlib\c_p.l(strlen.o)(.text))
<BR><BR>[Stack]<UL><LI>Max Depth = 12<LI>Call Chain = strlen
</UL>
<BR>[Called By]<UL><LI><a href="#[110]">&gt;&gt;</a>&nbsp;&nbsp;&nbsp;mbed::FileBase::lookup(const char*, unsigned)
</UL>

<P><STRONG><a name="[112]"></a>strncmp</STRONG> (Thumb, 154 bytes, Stack size 20 bytes, C:\Keil_v5\ARM\ARMCC\Bin\..\lib\armlib\c_p.l(strncmp.o)(.text))
<BR><BR>[Stack]<UL><LI>Max Depth = 20<LI>Call Chain = strncmp
</UL>
<BR>[Called By]<UL><LI><a href="#[110]">&gt;&gt;</a>&nbsp;&nbsp;&nbsp;mbed::FileBase::lookup(const char*, unsigned)
</UL>

<P><STRONG><a name="[a8]"></a>_memset_w</STRONG> (Thumb, 26 bytes, Stack size 0 bytes, C:\Keil_v5\ARM\ARMCC\Bin\..\lib\armlib\c_p.l(rt_memclr.o)(.text), UNUSED)
<BR><BR>[Called By]<UL><LI><a href="#[aa]">&gt;&gt;</a>&nbsp;&nbsp;&nbsp;__rt_memclr_w
<LI><a href="#[a7]">&gt;&gt;</a>&nbsp;&nbsp;&nbsp;_memset
</UL>

<P><STRONG><a name="[a7]"></a>_memset</STRONG> (Thumb, 30 bytes, Stack size 0 bytes, C:\Keil_v5\ARM\ARMCC\Bin\..\lib\armlib\c_p.l(rt_memclr.o)(.text), UNUSED)
<BR><BR>[Calls]<UL><LI><a href="#[a8]">&gt;&gt;</a>&nbsp;&nbsp;&nbsp;_memset_w
</UL>
<BR>[Called By]<UL><LI><a href="#[a9]">&gt;&gt;</a>&nbsp;&nbsp;&nbsp;__aeabi_memclr
</UL>

<P><STRONG><a name="[a9]"></a>__aeabi_memclr</STRONG> (Thumb, 4 bytes, Stack size 0 bytes, C:\Keil_v5\ARM\ARMCC\Bin\..\lib\armlib\c_p.l(rt_memclr.o)(.text), UNUSED)
<BR><BR>[Calls]<UL><LI><a href="#[a7]">&gt;&gt;</a>&nbsp;&nbsp;&nbsp;_memset
</UL>

<P><STRONG><a name="[16d]"></a>__rt_memclr</STRONG> (Thumb, 0 bytes, Stack size 0 bytes, C:\Keil_v5\ARM\ARMCC\Bin\..\lib\armlib\c_p.l(rt_memclr.o)(.text), UNUSED)

<P><STRONG><a name="[d5]"></a>__aeabi_memclr4</STRONG> (Thumb, 0 bytes, Stack size 0 bytes, C:\Keil_v5\ARM\ARMCC\Bin\..\lib\armlib\c_p.l(rt_memclr.o)(.text))
<BR><BR>[Called By]<UL><LI><a href="#[da]">&gt;&gt;</a>&nbsp;&nbsp;&nbsp;_fclose_internal
<LI><a href="#[ee]">&gt;&gt;</a>&nbsp;&nbsp;&nbsp;fopen
<LI><a href="#[89]">&gt;&gt;</a>&nbsp;&nbsp;&nbsp;_initio
</UL>

<P><STRONG><a name="[16e]"></a>__aeabi_memclr8</STRONG> (Thumb, 0 bytes, Stack size 0 bytes, C:\Keil_v5\ARM\ARMCC\Bin\..\lib\armlib\c_p.l(rt_memclr.o)(.text), UNUSED)

<P><STRONG><a name="[aa]"></a>__rt_memclr_w</STRONG> (Thumb, 4 bytes, Stack size 0 bytes, C:\Keil_v5\ARM\ARMCC\Bin\..\lib\armlib\c_p.l(rt_memclr.o)(.text), UNUSED)
<BR><BR>[Calls]<UL><LI><a href="#[a8]">&gt;&gt;</a>&nbsp;&nbsp;&nbsp;_memset_w
</UL>

<P><STRONG><a name="[11f]"></a>strcmp</STRONG> (Thumb, 160 bytes, Stack size 16 bytes, C:\Keil_v5\ARM\ARMCC\Bin\..\lib\armlib\c_p.l(strcmpv6m.o)(.text))
<BR><BR>[Stack]<UL><LI>Max Depth = 16<LI>Call Chain = strcmp
</UL>
<BR>[Called By]<UL><LI><a href="#[ed]">&gt;&gt;</a>&nbsp;&nbsp;&nbsp;_sys_open
<LI><a href="#[4a]">&gt;&gt;</a>&nbsp;&nbsp;&nbsp;_get_lc_ctype
<LI><a href="#[87]">&gt;&gt;</a>&nbsp;&nbsp;&nbsp;_get_lc_numeric
</UL>

<P><STRONG><a name="[16f]"></a>__aeabi_uidiv</STRONG> (Thumb, 0 bytes, Stack size 0 bytes, C:\Keil_v5\ARM\ARMCC\Bin\..\lib\armlib\c_p.l(aeabi_sdivfast.o)(.text), UNUSED)

<P><STRONG><a name="[134]"></a>__aeabi_uidivmod</STRONG> (Thumb, 28 bytes, Stack size 0 bytes, C:\Keil_v5\ARM\ARMCC\Bin\..\lib\armlib\c_p.l(aeabi_sdivfast.o)(.text))
<BR><BR>[Called By]<UL><LI><a href="#[121]">&gt;&gt;</a>&nbsp;&nbsp;&nbsp;serial_baud
<LI><a href="#[102]">&gt;&gt;</a>&nbsp;&nbsp;&nbsp;i2c_init
<LI><a href="#[fd]">&gt;&gt;</a>&nbsp;&nbsp;&nbsp;i2c_frequency
<LI><a href="#[10d]">&gt;&gt;</a>&nbsp;&nbsp;&nbsp;pwmout_init
<LI><a href="#[4e]">&gt;&gt;</a>&nbsp;&nbsp;&nbsp;us_ticker_init
</UL>

<P><STRONG><a name="[170]"></a>__aeabi_idiv</STRONG> (Thumb, 0 bytes, Stack size 8 bytes, C:\Keil_v5\ARM\ARMCC\Bin\..\lib\armlib\c_p.l(aeabi_sdivfast.o)(.text), UNUSED)

<P><STRONG><a name="[dc]"></a>__aeabi_idivmod</STRONG> (Thumb, 460 bytes, Stack size 8 bytes, C:\Keil_v5\ARM\ARMCC\Bin\..\lib\armlib\c_p.l(aeabi_sdivfast.o)(.text))
<BR><BR>[Stack]<UL><LI>Max Depth = 8<LI>Call Chain = __aeabi_idivmod
</UL>
<BR>[Called By]<UL><LI><a href="#[c0]">&gt;&gt;</a>&nbsp;&nbsp;&nbsp;_btod_etento
<LI><a href="#[4d]">&gt;&gt;</a>&nbsp;&nbsp;&nbsp;_printf_fp_hex_real
</UL>

<P><STRONG><a name="[57]"></a>__cpp_initialize__aeabi_</STRONG> (Thumb, 26 bytes, Stack size 16 bytes, C:\Keil_v5\ARM\ARMCC\Bin\..\lib\armlib\c_p.l(init_aeabi.o)(.text))
<BR><BR>[Stack]<UL><LI>Max Depth = 16<LI>Call Chain = __cpp_initialize__aeabi_
</UL>
<BR>[Called By]<UL><LI><a href="#[8a]">&gt;&gt;</a>&nbsp;&nbsp;&nbsp;__rt_lib_init_cpp_2
</UL>

<P><STRONG><a name="[11a]"></a>__aeabi_d2f</STRONG> (Thumb, 0 bytes, Stack size 12 bytes, C:\Keil_v5\ARM\ARMCC\Bin\..\lib\armlib\fz_ps.l(d2f.o)(.text))
<BR><BR>[Stack]<UL><LI>Max Depth = 12<LI>Call Chain = __aeabi_d2f
</UL>
<BR>[Called By]<UL><LI><a href="#[143]">&gt;&gt;</a>&nbsp;&nbsp;&nbsp;pwmout_period_us
<LI><a href="#[11c]">&gt;&gt;</a>&nbsp;&nbsp;&nbsp;MMA8451Q::getAccZ()
<LI><a href="#[11b]">&gt;&gt;</a>&nbsp;&nbsp;&nbsp;MMA8451Q::getAccY()
<LI><a href="#[117]">&gt;&gt;</a>&nbsp;&nbsp;&nbsp;MMA8451Q::getAccX()
</UL>

<P><STRONG><a name="[171]"></a>_d2f</STRONG> (Thumb, 120 bytes, Stack size 12 bytes, C:\Keil_v5\ARM\ARMCC\Bin\..\lib\armlib\fz_ps.l(d2f.o)(.text), UNUSED)

<P><STRONG><a name="[119]"></a>__aeabi_ddiv</STRONG> (Thumb, 0 bytes, Stack size 64 bytes, C:\Keil_v5\ARM\ARMCC\Bin\..\lib\armlib\fz_ps.l(ddiv.o)(.text))
<BR><BR>[Stack]<UL><LI>Max Depth = 64<LI>Call Chain = __aeabi_ddiv
</UL>
<BR>[Called By]<UL><LI><a href="#[11c]">&gt;&gt;</a>&nbsp;&nbsp;&nbsp;MMA8451Q::getAccZ()
<LI><a href="#[11b]">&gt;&gt;</a>&nbsp;&nbsp;&nbsp;MMA8451Q::getAccY()
<LI><a href="#[117]">&gt;&gt;</a>&nbsp;&nbsp;&nbsp;MMA8451Q::getAccX()
</UL>

<P><STRONG><a name="[ac]"></a>_ddiv</STRONG> (Thumb, 1072 bytes, Stack size 64 bytes, C:\Keil_v5\ARM\ARMCC\Bin\..\lib\armlib\fz_ps.l(ddiv.o)(.text), UNUSED)
<BR><BR>[Called By]<UL><LI><a href="#[ab]">&gt;&gt;</a>&nbsp;&nbsp;&nbsp;_drdiv
</UL>

<P><STRONG><a name="[ab]"></a>_drdiv</STRONG> (Thumb, 20 bytes, Stack size 16 bytes, C:\Keil_v5\ARM\ARMCC\Bin\..\lib\armlib\fz_ps.l(ddiv.o)(.text), UNUSED)
<BR><BR>[Calls]<UL><LI><a href="#[ac]">&gt;&gt;</a>&nbsp;&nbsp;&nbsp;_ddiv
</UL>

<P><STRONG><a name="[118]"></a>__aeabi_f2d</STRONG> (Thumb, 0 bytes, Stack size 0 bytes, C:\Keil_v5\ARM\ARMCC\Bin\..\lib\armlib\fz_ps.l(f2d.o)(.text))
<BR><BR>[Called By]<UL><LI><a href="#[f7]">&gt;&gt;</a>&nbsp;&nbsp;&nbsp;$Super$$main
<LI><a href="#[143]">&gt;&gt;</a>&nbsp;&nbsp;&nbsp;pwmout_period_us
<LI><a href="#[11c]">&gt;&gt;</a>&nbsp;&nbsp;&nbsp;MMA8451Q::getAccZ()
<LI><a href="#[11b]">&gt;&gt;</a>&nbsp;&nbsp;&nbsp;MMA8451Q::getAccY()
<LI><a href="#[117]">&gt;&gt;</a>&nbsp;&nbsp;&nbsp;MMA8451Q::getAccX()
</UL>

<P><STRONG><a name="[172]"></a>_f2d</STRONG> (Thumb, 80 bytes, Stack size 0 bytes, C:\Keil_v5\ARM\ARMCC\Bin\..\lib\armlib\fz_ps.l(f2d.o)(.text), UNUSED)

<P><STRONG><a name="[107]"></a>__aeabi_fdiv</STRONG> (Thumb, 0 bytes, Stack size 20 bytes, C:\Keil_v5\ARM\ARMCC\Bin\..\lib\armlib\fz_ps.l(fdiv.o)(.text))
<BR><BR>[Stack]<UL><LI>Max Depth = 20<LI>Call Chain = __aeabi_fdiv
</UL>
<BR>[Called By]<UL><LI><a href="#[143]">&gt;&gt;</a>&nbsp;&nbsp;&nbsp;pwmout_period_us
<LI><a href="#[10d]">&gt;&gt;</a>&nbsp;&nbsp;&nbsp;pwmout_init
<LI><a href="#[103]">&gt;&gt;</a>&nbsp;&nbsp;&nbsp;mbed::Timer::read()
</UL>

<P><STRONG><a name="[ae]"></a>_fdiv</STRONG> (Thumb, 334 bytes, Stack size 20 bytes, C:\Keil_v5\ARM\ARMCC\Bin\..\lib\armlib\fz_ps.l(fdiv.o)(.text), UNUSED)
<BR><BR>[Called By]<UL><LI><a href="#[ad]">&gt;&gt;</a>&nbsp;&nbsp;&nbsp;_frdiv
</UL>

<P><STRONG><a name="[ad]"></a>_frdiv</STRONG> (Thumb, 8 bytes, Stack size 0 bytes, C:\Keil_v5\ARM\ARMCC\Bin\..\lib\armlib\fz_ps.l(fdiv.o)(.text), UNUSED)
<BR><BR>[Calls]<UL><LI><a href="#[ae]">&gt;&gt;</a>&nbsp;&nbsp;&nbsp;_fdiv
</UL>

<P><STRONG><a name="[148]"></a>__aeabi_f2iz</STRONG> (Thumb, 0 bytes, Stack size 8 bytes, C:\Keil_v5\ARM\ARMCC\Bin\..\lib\armlib\fz_ps.l(ffixi.o)(.text))
<BR><BR>[Stack]<UL><LI>Max Depth = 8<LI>Call Chain = __aeabi_f2iz
</UL>
<BR>[Called By]<UL><LI><a href="#[13e]">&gt;&gt;</a>&nbsp;&nbsp;&nbsp;wait
</UL>

<P><STRONG><a name="[173]"></a>_ffix</STRONG> (Thumb, 76 bytes, Stack size 8 bytes, C:\Keil_v5\ARM\ARMCC\Bin\..\lib\armlib\fz_ps.l(ffixi.o)(.text), UNUSED)

<P><STRONG><a name="[145]"></a>__aeabi_f2uiz</STRONG> (Thumb, 0 bytes, Stack size 0 bytes, C:\Keil_v5\ARM\ARMCC\Bin\..\lib\armlib\fz_ps.l(ffixui.o)(.text))
<BR><BR>[Called By]<UL><LI><a href="#[143]">&gt;&gt;</a>&nbsp;&nbsp;&nbsp;pwmout_period_us
<LI><a href="#[10f]">&gt;&gt;</a>&nbsp;&nbsp;&nbsp;pwmout_write
<LI><a href="#[10d]">&gt;&gt;</a>&nbsp;&nbsp;&nbsp;pwmout_init
</UL>

<P><STRONG><a name="[174]"></a>_ffixu</STRONG> (Thumb, 48 bytes, Stack size 0 bytes, C:\Keil_v5\ARM\ARMCC\Bin\..\lib\armlib\fz_ps.l(ffixui.o)(.text), UNUSED)

<P><STRONG><a name="[b0]"></a>__aeabi_i2f_normalise</STRONG> (Thumb, 72 bytes, Stack size 0 bytes, C:\Keil_v5\ARM\ARMCC\Bin\..\lib\armlib\fz_ps.l(fflti.o)(.text))
<BR><BR>[Called By]<UL><LI><a href="#[b1]">&gt;&gt;</a>&nbsp;&nbsp;&nbsp;__aeabi_ui2f
<LI><a href="#[af]">&gt;&gt;</a>&nbsp;&nbsp;&nbsp;__aeabi_i2f
</UL>

<P><STRONG><a name="[af]"></a>__aeabi_i2f</STRONG> (Thumb, 16 bytes, Stack size 0 bytes, C:\Keil_v5\ARM\ARMCC\Bin\..\lib\armlib\fz_ps.l(fflti.o)(.text))
<BR><BR>[Calls]<UL><LI><a href="#[b0]">&gt;&gt;</a>&nbsp;&nbsp;&nbsp;__aeabi_i2f_normalise
</UL>
<BR>[Called By]<UL><LI><a href="#[143]">&gt;&gt;</a>&nbsp;&nbsp;&nbsp;pwmout_period_us
<LI><a href="#[11c]">&gt;&gt;</a>&nbsp;&nbsp;&nbsp;MMA8451Q::getAccZ()
<LI><a href="#[11b]">&gt;&gt;</a>&nbsp;&nbsp;&nbsp;MMA8451Q::getAccY()
<LI><a href="#[117]">&gt;&gt;</a>&nbsp;&nbsp;&nbsp;MMA8451Q::getAccX()
<LI><a href="#[103]">&gt;&gt;</a>&nbsp;&nbsp;&nbsp;mbed::Timer::read()
</UL>

<P><STRONG><a name="[175]"></a>_fflt</STRONG> (Thumb, 0 bytes, Stack size 0 bytes, C:\Keil_v5\ARM\ARMCC\Bin\..\lib\armlib\fz_ps.l(fflti.o)(.text), UNUSED)

<P><STRONG><a name="[b1]"></a>__aeabi_ui2f</STRONG> (Thumb, 6 bytes, Stack size 0 bytes, C:\Keil_v5\ARM\ARMCC\Bin\..\lib\armlib\fz_ps.l(fflti.o)(.text))
<BR><BR>[Calls]<UL><LI><a href="#[b0]">&gt;&gt;</a>&nbsp;&nbsp;&nbsp;__aeabi_i2f_normalise
</UL>
<BR>[Called By]<UL><LI><a href="#[143]">&gt;&gt;</a>&nbsp;&nbsp;&nbsp;pwmout_period_us
<LI><a href="#[10f]">&gt;&gt;</a>&nbsp;&nbsp;&nbsp;pwmout_write
<LI><a href="#[10d]">&gt;&gt;</a>&nbsp;&nbsp;&nbsp;pwmout_init
</UL>

<P><STRONG><a name="[176]"></a>_ffltu</STRONG> (Thumb, 0 bytes, Stack size 0 bytes, C:\Keil_v5\ARM\ARMCC\Bin\..\lib\armlib\fz_ps.l(fflti.o)(.text), UNUSED)

<P><STRONG><a name="[142]"></a>__ARM_scalbnf</STRONG> (Thumb, 64 bytes, Stack size 8 bytes, C:\Keil_v5\ARM\ARMCC\Bin\..\lib\armlib\fz_ps.l(fscalbn.o)(.text))
<BR><BR>[Stack]<UL><LI>Max Depth = 8<LI>Call Chain = __ARM_scalbnf
</UL>
<BR>[Called By]<UL><LI><a href="#[10d]">&gt;&gt;</a>&nbsp;&nbsp;&nbsp;pwmout_init
</UL>

<P><STRONG><a name="[18]"></a>_terminate_user_alloc</STRONG> (Thumb, 2 bytes, Stack size 0 bytes, C:\Keil_v5\ARM\ARMCC\Bin\..\lib\armlib\c_p.l(init_alloc.o)(.text), UNUSED)

<P><STRONG><a name="[12]"></a>_init_user_alloc</STRONG> (Thumb, 2 bytes, Stack size 0 bytes, C:\Keil_v5\ARM\ARMCC\Bin\..\lib\armlib\c_p.l(init_alloc.o)(.text), UNUSED)

<P><STRONG><a name="[96]"></a>__Heap_Full</STRONG> (Thumb, 32 bytes, Stack size 16 bytes, C:\Keil_v5\ARM\ARMCC\Bin\..\lib\armlib\c_p.l(init_alloc.o)(.text), UNUSED)
<BR><BR>[Calls]<UL><LI><a href="#[b2]">&gt;&gt;</a>&nbsp;&nbsp;&nbsp;__rt_heap_expand
<LI><a href="#[b3]">&gt;&gt;</a>&nbsp;&nbsp;&nbsp;__Heap_ProvideMemory
</UL>
<BR>[Called By]<UL><LI><a href="#[94]">&gt;&gt;</a>&nbsp;&nbsp;&nbsp;malloc
</UL>

<P><STRONG><a name="[b4]"></a>__Heap_Broken</STRONG> (Thumb, 10 bytes, Stack size 8 bytes, C:\Keil_v5\ARM\ARMCC\Bin\..\lib\armlib\c_p.l(init_alloc.o)(.text), UNUSED)
<BR><BR>[Calls]<UL><LI><a href="#[b5]">&gt;&gt;</a>&nbsp;&nbsp;&nbsp;__rt_SIGRTMEM
</UL>

<P><STRONG><a name="[82]"></a>_init_alloc</STRONG> (Thumb, 90 bytes, Stack size 24 bytes, C:\Keil_v5\ARM\ARMCC\Bin\..\lib\armlib\c_p.l(init_alloc.o)(.text))
<BR><BR>[Stack]<UL><LI>Max Depth = 64<LI>Call Chain = _init_alloc &rArr; __rt_SIGRTMEM &rArr; __rt_SIGRTMEM_inner &rArr; __default_signal_display &rArr; _ttywrch
</UL>
<BR>[Calls]<UL><LI><a href="#[b7]">&gt;&gt;</a>&nbsp;&nbsp;&nbsp;__Heap_Initialize
<LI><a href="#[95]">&gt;&gt;</a>&nbsp;&nbsp;&nbsp;__rt_heap_descriptor
<LI><a href="#[b2]">&gt;&gt;</a>&nbsp;&nbsp;&nbsp;__rt_heap_expand
<LI><a href="#[b6]">&gt;&gt;</a>&nbsp;&nbsp;&nbsp;__rt_heap_escrow
<LI><a href="#[b5]">&gt;&gt;</a>&nbsp;&nbsp;&nbsp;__rt_SIGRTMEM
<LI><a href="#[b3]">&gt;&gt;</a>&nbsp;&nbsp;&nbsp;__Heap_ProvideMemory
</UL>
<BR>[Called By]<UL><LI><a href="#[81]">&gt;&gt;</a>&nbsp;&nbsp;&nbsp;__rt_lib_init_heap_2
</UL>

<P><STRONG><a name="[b7]"></a>__Heap_Initialize</STRONG> (Thumb, 10 bytes, Stack size 0 bytes, C:\Keil_v5\ARM\ARMCC\Bin\..\lib\armlib\c_p.l(h1_init.o)(.text))
<BR><BR>[Called By]<UL><LI><a href="#[82]">&gt;&gt;</a>&nbsp;&nbsp;&nbsp;_init_alloc
</UL>

<P><STRONG><a name="[e]"></a>__Heap_DescSize</STRONG> (Thumb, 4 bytes, Stack size 0 bytes, C:\Keil_v5\ARM\ARMCC\Bin\..\lib\armlib\c_p.l(h1_init.o)(.text), UNUSED)

<P><STRONG><a name="[b9]"></a>_printf_pre_padding</STRONG> (Thumb, 44 bytes, Stack size 16 bytes, C:\Keil_v5\ARM\ARMCC\Bin\..\lib\armlib\c_p.l(_printf_pad.o)(.text))
<BR><BR>[Stack]<UL><LI>Max Depth = 16<LI>Call Chain = _printf_pre_padding
</UL>
<BR>[Called By]<UL><LI><a href="#[c8]">&gt;&gt;</a>&nbsp;&nbsp;&nbsp;_printf_wctomb
<LI><a href="#[4c]">&gt;&gt;</a>&nbsp;&nbsp;&nbsp;_printf_fp_dec_real
<LI><a href="#[b8]">&gt;&gt;</a>&nbsp;&nbsp;&nbsp;_printf_str
<LI><a href="#[c6]">&gt;&gt;</a>&nbsp;&nbsp;&nbsp;_printf_fp_infnan
<LI><a href="#[4d]">&gt;&gt;</a>&nbsp;&nbsp;&nbsp;_printf_fp_hex_real
<LI><a href="#[be]">&gt;&gt;</a>&nbsp;&nbsp;&nbsp;_printf_int_common
</UL>

<P><STRONG><a name="[ba]"></a>_printf_post_padding</STRONG> (Thumb, 34 bytes, Stack size 16 bytes, C:\Keil_v5\ARM\ARMCC\Bin\..\lib\armlib\c_p.l(_printf_pad.o)(.text))
<BR><BR>[Stack]<UL><LI>Max Depth = 16<LI>Call Chain = _printf_post_padding
</UL>
<BR>[Called By]<UL><LI><a href="#[c8]">&gt;&gt;</a>&nbsp;&nbsp;&nbsp;_printf_wctomb
<LI><a href="#[4c]">&gt;&gt;</a>&nbsp;&nbsp;&nbsp;_printf_fp_dec_real
<LI><a href="#[b8]">&gt;&gt;</a>&nbsp;&nbsp;&nbsp;_printf_str
<LI><a href="#[c6]">&gt;&gt;</a>&nbsp;&nbsp;&nbsp;_printf_fp_infnan
<LI><a href="#[4d]">&gt;&gt;</a>&nbsp;&nbsp;&nbsp;_printf_fp_hex_real
<LI><a href="#[be]">&gt;&gt;</a>&nbsp;&nbsp;&nbsp;_printf_int_common
</UL>

<P><STRONG><a name="[bb]"></a>_printf_truncate_signed</STRONG> (Thumb, 18 bytes, Stack size 0 bytes, C:\Keil_v5\ARM\ARMCC\Bin\..\lib\armlib\c_p.l(_printf_truncate.o)(.text))
<BR><BR>[Called By]<UL><LI><a href="#[69]">&gt;&gt;</a>&nbsp;&nbsp;&nbsp;_printf_int_dec
</UL>

<P><STRONG><a name="[bc]"></a>_printf_truncate_unsigned</STRONG> (Thumb, 18 bytes, Stack size 0 bytes, C:\Keil_v5\ARM\ARMCC\Bin\..\lib\armlib\c_p.l(_printf_truncate.o)(.text))
<BR><BR>[Called By]<UL><LI><a href="#[6f]">&gt;&gt;</a>&nbsp;&nbsp;&nbsp;_printf_int_hex
<LI><a href="#[6d]">&gt;&gt;</a>&nbsp;&nbsp;&nbsp;_printf_int_oct
<LI><a href="#[69]">&gt;&gt;</a>&nbsp;&nbsp;&nbsp;_printf_int_dec
</UL>

<P><STRONG><a name="[b8]"></a>_printf_str</STRONG> (Thumb, 82 bytes, Stack size 16 bytes, C:\Keil_v5\ARM\ARMCC\Bin\..\lib\armlib\c_p.l(_printf_str.o)(.text))
<BR><BR>[Stack]<UL><LI>Max Depth = 32<LI>Call Chain = _printf_str &rArr; _printf_post_padding
</UL>
<BR>[Calls]<UL><LI><a href="#[ba]">&gt;&gt;</a>&nbsp;&nbsp;&nbsp;_printf_post_padding
<LI><a href="#[b9]">&gt;&gt;</a>&nbsp;&nbsp;&nbsp;_printf_pre_padding
</UL>
<BR>[Called By]<UL><LI><a href="#[dd]">&gt;&gt;</a>&nbsp;&nbsp;&nbsp;_printf_cs_common
</UL>

<P><STRONG><a name="[69]"></a>_printf_int_dec</STRONG> (Thumb, 90 bytes, Stack size 32 bytes, C:\Keil_v5\ARM\ARMCC\Bin\..\lib\armlib\c_p.l(_printf_dec.o)(.text))
<BR><BR>[Stack]<UL><LI>Max Depth = 88<LI>Call Chain = _printf_int_dec &rArr; _printf_int_common &rArr; _printf_post_padding
</UL>
<BR>[Calls]<UL><LI><a href="#[bc]">&gt;&gt;</a>&nbsp;&nbsp;&nbsp;_printf_truncate_unsigned
<LI><a href="#[bb]">&gt;&gt;</a>&nbsp;&nbsp;&nbsp;_printf_truncate_signed
<LI><a href="#[bd]">&gt;&gt;</a>&nbsp;&nbsp;&nbsp;__rt_udiv10
<LI><a href="#[be]">&gt;&gt;</a>&nbsp;&nbsp;&nbsp;_printf_int_common
</UL>
<BR>[Called By]<UL><LI><a href="#[6a]">&gt;&gt;</a>&nbsp;&nbsp;&nbsp;_printf_u
<LI><a href="#[68]">&gt;&gt;</a>&nbsp;&nbsp;&nbsp;_printf_d
<LI><a href="#[67]">&gt;&gt;</a>&nbsp;&nbsp;&nbsp;_printf_i
</UL>

<P><STRONG><a name="[5e]"></a>_printf_charcount</STRONG> (Thumb, 38 bytes, Stack size 0 bytes, C:\Keil_v5\ARM\ARMCC\Bin\..\lib\armlib\c_p.l(_printf_charcount.o)(.text))
<BR><BR>[Called By]<UL><LI><a href="#[5c]">&gt;&gt;</a>&nbsp;&nbsp;&nbsp;_printf_n
</UL>

<P><STRONG><a name="[177]"></a>__lib_sel_fp_printf</STRONG> (Thumb, 2 bytes, Stack size 0 bytes, C:\Keil_v5\ARM\ARMCC\Bin\..\lib\armlib\c_p.l(_printf_fp_dec.o)(.text), UNUSED)

<P><STRONG><a name="[4c]"></a>_printf_fp_dec_real</STRONG> (Thumb, 620 bytes, Stack size 96 bytes, C:\Keil_v5\ARM\ARMCC\Bin\..\lib\armlib\c_p.l(_printf_fp_dec.o)(.text))
<BR><BR>[Stack]<UL><LI>Max Depth = 368<LI>Call Chain = _printf_fp_dec_real &rArr; _fp_digits &rArr; _btod_etento &rArr; _btod_emul &rArr; btod_internal_mul &rArr; __ARM_common_ll_muluu
</UL>
<BR>[Calls]<UL><LI><a href="#[bf]">&gt;&gt;</a>&nbsp;&nbsp;&nbsp;_fp_digits
<LI><a href="#[ba]">&gt;&gt;</a>&nbsp;&nbsp;&nbsp;_printf_post_padding
<LI><a href="#[b9]">&gt;&gt;</a>&nbsp;&nbsp;&nbsp;_printf_pre_padding
<LI><a href="#[c5]">&gt;&gt;</a>&nbsp;&nbsp;&nbsp;__ARM_fpclassify
<LI><a href="#[bd]">&gt;&gt;</a>&nbsp;&nbsp;&nbsp;__rt_udiv10
<LI><a href="#[c6]">&gt;&gt;</a>&nbsp;&nbsp;&nbsp;_printf_fp_infnan
<LI><a href="#[84]">&gt;&gt;</a>&nbsp;&nbsp;&nbsp;__rt_locale
</UL>
<BR>[Address Reference Count : 1]<UL><LI> printf1.o(x$fpl$printf1)
</UL>
<P><STRONG><a name="[99]"></a>_printf_char_common</STRONG> (Thumb, 32 bytes, Stack size 64 bytes, C:\Keil_v5\ARM\ARMCC\Bin\..\lib\armlib\c_p.l(_printf_char_common.o)(.text))
<BR><BR>[Stack]<UL><LI>Max Depth = 96 + Unknown Stack Size
<LI>Call Chain = _printf_char_common &rArr; __printf
</UL>
<BR>[Calls]<UL><LI><a href="#[9e]">&gt;&gt;</a>&nbsp;&nbsp;&nbsp;__printf
</UL>
<BR>[Called By]<UL><LI><a href="#[9b]">&gt;&gt;</a>&nbsp;&nbsp;&nbsp;_printf_char_file
<LI><a href="#[98]">&gt;&gt;</a>&nbsp;&nbsp;&nbsp;vsprintf
</UL>

<P><STRONG><a name="[43]"></a>_sputc</STRONG> (Thumb, 10 bytes, Stack size 0 bytes, C:\Keil_v5\ARM\ARMCC\Bin\..\lib\armlib\c_p.l(_sputc.o)(.text))
<BR><BR>[Called By]<UL><LI><a href="#[98]">&gt;&gt;</a>&nbsp;&nbsp;&nbsp;vsprintf
</UL>
<BR>[Address Reference Count : 1]<UL><LI> vsprintf.o(.text)
</UL>
<P><STRONG><a name="[9b]"></a>_printf_char_file</STRONG> (Thumb, 34 bytes, Stack size 16 bytes, C:\Keil_v5\ARM\ARMCC\Bin\..\lib\armlib\c_p.l(_printf_char_file.o)(.text))
<BR><BR>[Stack]<UL><LI>Max Depth = 112 + Unknown Stack Size
<LI>Call Chain = _printf_char_file &rArr; _printf_char_common &rArr; __printf
</UL>
<BR>[Calls]<UL><LI><a href="#[c7]">&gt;&gt;</a>&nbsp;&nbsp;&nbsp;ferror
<LI><a href="#[99]">&gt;&gt;</a>&nbsp;&nbsp;&nbsp;_printf_char_common
</UL>
<BR>[Called By]<UL><LI><a href="#[9a]">&gt;&gt;</a>&nbsp;&nbsp;&nbsp;__2printf
</UL>

<P><STRONG><a name="[c8]"></a>_printf_wctomb</STRONG> (Thumb, 182 bytes, Stack size 56 bytes, C:\Keil_v5\ARM\ARMCC\Bin\..\lib\armlib\c_p.l(_printf_wctomb.o)(.text))
<BR><BR>[Stack]<UL><LI>Max Depth = 80<LI>Call Chain = _printf_wctomb &rArr; _wcrtomb &rArr; __rt_ctype_table
</UL>
<BR>[Calls]<UL><LI><a href="#[ba]">&gt;&gt;</a>&nbsp;&nbsp;&nbsp;_printf_post_padding
<LI><a href="#[b9]">&gt;&gt;</a>&nbsp;&nbsp;&nbsp;_printf_pre_padding
<LI><a href="#[c9]">&gt;&gt;</a>&nbsp;&nbsp;&nbsp;_wcrtomb
</UL>
<BR>[Called By]<UL><LI><a href="#[df]">&gt;&gt;</a>&nbsp;&nbsp;&nbsp;_printf_lcs_common
</UL>

<P><STRONG><a name="[71]"></a>_printf_longlong_dec</STRONG> (Thumb, 94 bytes, Stack size 32 bytes, C:\Keil_v5\ARM\ARMCC\Bin\..\lib\armlib\c_p.l(_printf_longlong_dec.o)(.text))
<BR><BR>[Stack]<UL><LI>Max Depth = 88<LI>Call Chain = _printf_longlong_dec &rArr; _printf_int_common &rArr; _printf_post_padding
</UL>
<BR>[Calls]<UL><LI><a href="#[be]">&gt;&gt;</a>&nbsp;&nbsp;&nbsp;_printf_int_common
<LI><a href="#[c4]">&gt;&gt;</a>&nbsp;&nbsp;&nbsp;_ll_udiv10
</UL>
<BR>[Called By]<UL><LI><a href="#[72]">&gt;&gt;</a>&nbsp;&nbsp;&nbsp;_printf_llu
<LI><a href="#[70]">&gt;&gt;</a>&nbsp;&nbsp;&nbsp;_printf_lld
<LI><a href="#[6e]">&gt;&gt;</a>&nbsp;&nbsp;&nbsp;_printf_lli
</UL>

<P><STRONG><a name="[ca]"></a>_printf_longlong_oct</STRONG> (Thumb, 68 bytes, Stack size 16 bytes, C:\Keil_v5\ARM\ARMCC\Bin\..\lib\armlib\c_p.l(_printf_oct_int_ll.o)(.text))
<BR><BR>[Stack]<UL><LI>Max Depth = 72<LI>Call Chain = _printf_longlong_oct &rArr; _printf_int_common &rArr; _printf_post_padding
</UL>
<BR>[Calls]<UL><LI><a href="#[be]">&gt;&gt;</a>&nbsp;&nbsp;&nbsp;_printf_int_common
</UL>
<BR>[Called By]<UL><LI><a href="#[75]">&gt;&gt;</a>&nbsp;&nbsp;&nbsp;_printf_ll_oct
<LI><a href="#[6d]">&gt;&gt;</a>&nbsp;&nbsp;&nbsp;_printf_int_oct
</UL>

<P><STRONG><a name="[6d]"></a>_printf_int_oct</STRONG> (Thumb, 24 bytes, Stack size 8 bytes, C:\Keil_v5\ARM\ARMCC\Bin\..\lib\armlib\c_p.l(_printf_oct_int_ll.o)(.text))
<BR><BR>[Stack]<UL><LI>Max Depth = 80<LI>Call Chain = _printf_int_oct &rArr; _printf_longlong_oct &rArr; _printf_int_common &rArr; _printf_post_padding
</UL>
<BR>[Calls]<UL><LI><a href="#[ca]">&gt;&gt;</a>&nbsp;&nbsp;&nbsp;_printf_longlong_oct
<LI><a href="#[bc]">&gt;&gt;</a>&nbsp;&nbsp;&nbsp;_printf_truncate_unsigned
</UL>
<BR>[Called By]<UL><LI><a href="#[6b]">&gt;&gt;</a>&nbsp;&nbsp;&nbsp;_printf_o
</UL>

<P><STRONG><a name="[75]"></a>_printf_ll_oct</STRONG> (Thumb, 10 bytes, Stack size 0 bytes, C:\Keil_v5\ARM\ARMCC\Bin\..\lib\armlib\c_p.l(_printf_oct_int_ll.o)(.text))
<BR><BR>[Stack]<UL><LI>Max Depth = 72<LI>Call Chain = _printf_ll_oct &rArr; _printf_longlong_oct &rArr; _printf_int_common &rArr; _printf_post_padding
</UL>
<BR>[Calls]<UL><LI><a href="#[ca]">&gt;&gt;</a>&nbsp;&nbsp;&nbsp;_printf_longlong_oct
</UL>
<BR>[Called By]<UL><LI><a href="#[73]">&gt;&gt;</a>&nbsp;&nbsp;&nbsp;_printf_llo
</UL>

<P><STRONG><a name="[cb]"></a>_printf_longlong_hex</STRONG> (Thumb, 88 bytes, Stack size 24 bytes, C:\Keil_v5\ARM\ARMCC\Bin\..\lib\armlib\c_p.l(_printf_hex_int_ll_ptr.o)(.text))
<BR><BR>[Stack]<UL><LI>Max Depth = 80<LI>Call Chain = _printf_longlong_hex &rArr; _printf_int_common &rArr; _printf_post_padding
</UL>
<BR>[Calls]<UL><LI><a href="#[be]">&gt;&gt;</a>&nbsp;&nbsp;&nbsp;_printf_int_common
</UL>
<BR>[Called By]<UL><LI><a href="#[60]">&gt;&gt;</a>&nbsp;&nbsp;&nbsp;_printf_hex_ptr
<LI><a href="#[77]">&gt;&gt;</a>&nbsp;&nbsp;&nbsp;_printf_ll_hex
<LI><a href="#[6f]">&gt;&gt;</a>&nbsp;&nbsp;&nbsp;_printf_int_hex
</UL>

[...]
<LI><a href="#[137]">&gt;&gt;</a>&nbsp;&nbsp;&nbsp;pinmap_pinout
<LI><a href="#[135]">&gt;&gt;</a>&nbsp;&nbsp;&nbsp;pinmap_peripheral
<LI><a href="#[fb]">&gt;&gt;</a>&nbsp;&nbsp;&nbsp;mbed_assert_internal
<LI><a href="#[142]">&gt;&gt;</a>&nbsp;&nbsp;&nbsp;__ARM_scalbnf
<LI><a href="#[144]">&gt;&gt;</a>&nbsp;&nbsp;&nbsp;__aeabi_fmul
<LI><a href="#[b1]">&gt;&gt;</a>&nbsp;&nbsp;&nbsp;__aeabi_ui2f
<LI><a href="#[145]">&gt;&gt;</a>&nbsp;&nbsp;&nbsp;__aeabi_f2uiz
<LI><a href="#[107]">&gt;&gt;</a>&nbsp;&nbsp;&nbsp;__aeabi_fdiv
<LI><a href="#[134]">&gt;&gt;</a>&nbsp;&nbsp;&nbsp;__aeabi_uidivmod
</UL>
<BR>[Called By]<UL><LI><a href="#[10c]">&gt;&gt;</a>&nbsp;&nbsp;&nbsp;mbed::PwmOut::PwmOut(PinName)
</UL>

<P><STRONG><a name="[143]"></a>pwmout_period_us</STRONG> (Thumb, 132 bytes, Stack size 32 bytes, mbed/TARGET_KL25Z/TOOLCHAIN_ARM_STD/pwmout_api.o(i.pwmout_period_us))
<BR><BR>[Stack]<UL><LI>Max Depth = 52<LI>Call Chain = pwmout_period_us &rArr; __aeabi_fdiv
</UL>
<BR>[Calls]<UL><LI><a href="#[144]">&gt;&gt;</a>&nbsp;&nbsp;&nbsp;__aeabi_fmul
<LI><a href="#[b1]">&gt;&gt;</a>&nbsp;&nbsp;&nbsp;__aeabi_ui2f
<LI><a href="#[af]">&gt;&gt;</a>&nbsp;&nbsp;&nbsp;__aeabi_i2f
<LI><a href="#[145]">&gt;&gt;</a>&nbsp;&nbsp;&nbsp;__aeabi_f2uiz
<LI><a href="#[107]">&gt;&gt;</a>&nbsp;&nbsp;&nbsp;__aeabi_fdiv
<LI><a href="#[118]">&gt;&gt;</a>&nbsp;&nbsp;&nbsp;__aeabi_f2d
<LI><a href="#[11a]">&gt;&gt;</a>&nbsp;&nbsp;&nbsp;__aeabi_d2f
</UL>
<BR>[Called By]<UL><LI><a href="#[10d]">&gt;&gt;</a>&nbsp;&nbsp;&nbsp;pwmout_init
</UL>

<P><STRONG><a name="[10f]"></a>pwmout_write</STRONG> (Thumb, 60 bytes, Stack size 16 bytes, mbed/TARGET_KL25Z/TOOLCHAIN_ARM_STD/pwmout_api.o(i.pwmout_write))
<BR><BR>[Stack]<UL><LI>Max Depth = 32<LI>Call Chain = pwmout_write &rArr; __aeabi_fmul
</UL>
<BR>[Calls]<UL><LI><a href="#[144]">&gt;&gt;</a>&nbsp;&nbsp;&nbsp;__aeabi_fmul
<LI><a href="#[b1]">&gt;&gt;</a>&nbsp;&nbsp;&nbsp;__aeabi_ui2f
<LI><a href="#[145]">&gt;&gt;</a>&nbsp;&nbsp;&nbsp;__aeabi_f2uiz
</UL>
<BR>[Called By]<UL><LI><a href="#[10e]">&gt;&gt;</a>&nbsp;&nbsp;&nbsp;mbed::PwmOut::operator =(float)
</UL>

<P><STRONG><a name="[141]"></a>semihost_connected</STRONG> (Thumb, 6 bytes, Stack size 0 bytes, mbed/TARGET_KL25Z/TOOLCHAIN_ARM_STD/mbed.ar(mbed_semihost_api.o)(i.semihost_connected))
<BR><BR>[Called By]<UL><LI><a href="#[129]">&gt;&gt;</a>&nbsp;&nbsp;&nbsp;mbed_interface_connected
</UL>

<P><STRONG><a name="[12a]"></a>semihost_exit</STRONG> (Thumb, 12 bytes, Stack size 16 bytes, mbed/TARGET_KL25Z/TOOLCHAIN_ARM_STD/mbed.ar(mbed_semihost_api.o)(i.semihost_exit))
<BR><BR>[Stack]<UL><LI>Max Depth = 16<LI>Call Chain = semihost_exit
</UL>
<BR>[Called By]<UL><LI><a href="#[93]">&gt;&gt;</a>&nbsp;&nbsp;&nbsp;exit
</UL>

<P><STRONG><a name="[121]"></a>serial_baud</STRONG> (Thumb, 352 bytes, Stack size 32 bytes, mbed/TARGET_KL25Z/TOOLCHAIN_ARM_STD/serial_api.o(i.serial_baud))
<BR><BR>[Stack]<UL><LI>Max Depth = 32<LI>Call Chain = serial_baud
</UL>
<BR>[Calls]<UL><LI><a href="#[134]">&gt;&gt;</a>&nbsp;&nbsp;&nbsp;__aeabi_uidivmod
</UL>
<BR>[Called By]<UL><LI><a href="#[d3]">&gt;&gt;</a>&nbsp;&nbsp;&nbsp;_sys_write
<LI><a href="#[ed]">&gt;&gt;</a>&nbsp;&nbsp;&nbsp;_sys_open
<LI><a href="#[120]">&gt;&gt;</a>&nbsp;&nbsp;&nbsp;serial_init
</UL>

<P><STRONG><a name="[146]"></a>serial_format</STRONG> (Thumb, 148 bytes, Stack size 24 bytes, mbed/TARGET_KL25Z/TOOLCHAIN_ARM_STD/serial_api.o(i.serial_format))
<BR><BR>[Stack]<UL><LI>Max Depth = 24 + In Cycle
<LI>Call Chain = serial_format &rArr;  mbed_assert_internal (Cycle)
</UL>
<BR>[Calls]<UL><LI><a href="#[fb]">&gt;&gt;</a>&nbsp;&nbsp;&nbsp;mbed_assert_internal
</UL>
<BR>[Called By]<UL><LI><a href="#[120]">&gt;&gt;</a>&nbsp;&nbsp;&nbsp;serial_init
</UL>

<P><STRONG><a name="[120]"></a>serial_init</STRONG> (Thumb, 332 bytes, Stack size 32 bytes, mbed/TARGET_KL25Z/TOOLCHAIN_ARM_STD/serial_api.o(i.serial_init))
<BR><BR>[Stack]<UL><LI>Max Depth = 320 + Unknown Stack Size
 + In Cycle
<LI>Call Chain = serial_init &rArr;  pin_mode (Cycle)
</UL>
<BR>[Calls]<UL><LI><a href="#[121]">&gt;&gt;</a>&nbsp;&nbsp;&nbsp;serial_baud
<LI><a href="#[136]">&gt;&gt;</a>&nbsp;&nbsp;&nbsp;pinmap_merge
<LI><a href="#[133]">&gt;&gt;</a>&nbsp;&nbsp;&nbsp;pin_mode
<LI><a href="#[137]">&gt;&gt;</a>&nbsp;&nbsp;&nbsp;pinmap_pinout
<LI><a href="#[135]">&gt;&gt;</a>&nbsp;&nbsp;&nbsp;pinmap_peripheral
<LI><a href="#[fb]">&gt;&gt;</a>&nbsp;&nbsp;&nbsp;mbed_assert_internal
<LI><a href="#[146]">&gt;&gt;</a>&nbsp;&nbsp;&nbsp;serial_format
</UL>
<BR>[Called By]<UL><LI><a href="#[d3]">&gt;&gt;</a>&nbsp;&nbsp;&nbsp;_sys_write
<LI><a href="#[ed]">&gt;&gt;</a>&nbsp;&nbsp;&nbsp;_sys_open
<LI><a href="#[128]">&gt;&gt;</a>&nbsp;&nbsp;&nbsp;mbed_error_vfprintf
<LI><a href="#[13f]">&gt;&gt;</a>&nbsp;&nbsp;&nbsp;mbed_error_printf
</UL>

<P><STRONG><a name="[126]"></a>serial_putc</STRONG> (Thumb, 36 bytes, Stack size 4 bytes, mbed/TARGET_KL25Z/TOOLCHAIN_ARM_STD/serial_api.o(i.serial_putc))
<BR><BR>[Stack]<UL><LI>Max Depth = 4<LI>Call Chain = serial_putc
</UL>
<BR>[Called By]<UL><LI><a href="#[d3]">&gt;&gt;</a>&nbsp;&nbsp;&nbsp;_sys_write
<LI><a href="#[128]">&gt;&gt;</a>&nbsp;&nbsp;&nbsp;mbed_error_vfprintf
<LI><a href="#[13f]">&gt;&gt;</a>&nbsp;&nbsp;&nbsp;mbed_error_printf
</UL>

<P><STRONG><a name="[147]"></a>ticker_irq_handler</STRONG> (Thumb, 74 bytes, Stack size 8 bytes, mbed/TARGET_KL25Z/TOOLCHAIN_ARM_STD/mbed.ar(mbed_ticker_api.o)(i.ticker_irq_handler))
<BR><BR>[Stack]<UL><LI>Max Depth = 8<LI>Call Chain = ticker_irq_handler
</UL>
<BR>[Called By]<UL><LI><a href="#[13b]">&gt;&gt;</a>&nbsp;&nbsp;&nbsp;us_ticker_irq_handler
</UL>

<P><STRONG><a name="[105]"></a>ticker_read</STRONG> (Thumb, 6 bytes, Stack size 0 bytes, mbed/TARGET_KL25Z/TOOLCHAIN_ARM_STD/mbed.ar(mbed_ticker_api.o)(i.ticker_read))
<BR><BR>[Called By]<UL><LI><a href="#[10a]">&gt;&gt;</a>&nbsp;&nbsp;&nbsp;mbed::Timer::Timer()
<LI><a href="#[109]">&gt;&gt;</a>&nbsp;&nbsp;&nbsp;mbed::Timer::start()
<LI><a href="#[108]">&gt;&gt;</a>&nbsp;&nbsp;&nbsp;mbed::Timer::stop()
<LI><a href="#[103]">&gt;&gt;</a>&nbsp;&nbsp;&nbsp;mbed::Timer::read()
</UL>

<P><STRONG><a name="[51]"></a>us_ticker_clear_interrupt</STRONG> (Thumb, 2 bytes, Stack size 0 bytes, mbed/TARGET_KL25Z/TOOLCHAIN_ARM_STD/us_ticker.o(i.us_ticker_clear_interrupt))
<BR>[Address Reference Count : 1]<UL><LI> mbed_us_ticker_api.o(.constdata)
</UL>
<P><STRONG><a name="[50]"></a>us_ticker_disable_interrupt</STRONG> (Thumb, 12 bytes, Stack size 0 bytes, mbed/TARGET_KL25Z/TOOLCHAIN_ARM_STD/us_ticker.o(i.us_ticker_disable_interrupt))
<BR>[Address Reference Count : 1]<UL><LI> mbed_us_ticker_api.o(.constdata)
</UL>
<P><STRONG><a name="[4e]"></a>us_ticker_init</STRONG> (Thumb, 388 bytes, Stack size 24 bytes, mbed/TARGET_KL25Z/TOOLCHAIN_ARM_STD/us_ticker.o(i.us_ticker_init))
<BR><BR>[Stack]<UL><LI>Max Depth = 56<LI>Call Chain = us_ticker_init &rArr; NVIC_SetVector
</UL>
<BR>[Calls]<UL><LI><a href="#[f9]">&gt;&gt;</a>&nbsp;&nbsp;&nbsp;NVIC_SetVector
<LI><a href="#[134]">&gt;&gt;</a>&nbsp;&nbsp;&nbsp;__aeabi_uidivmod
</UL>
<BR>[Called By]<UL><LI><a href="#[52]">&gt;&gt;</a>&nbsp;&nbsp;&nbsp;us_ticker_set_interrupt
<LI><a href="#[4f]">&gt;&gt;</a>&nbsp;&nbsp;&nbsp;us_ticker_read
</UL>
<BR>[Address Reference Count : 1]<UL><LI> mbed_us_ticker_api.o(.constdata)
</UL>
<P><STRONG><a name="[13b]"></a>us_ticker_irq_handler</STRONG> (Thumb, 10 bytes, Stack size 8 bytes, mbed/TARGET_KL25Z/TOOLCHAIN_ARM_STD/mbed.ar(mbed_us_ticker_api.o)(i.us_ticker_irq_handler))
<BR><BR>[Stack]<UL><LI>Max Depth = 16<LI>Call Chain = us_ticker_irq_handler &rArr; ticker_irq_handler
</UL>
<BR>[Calls]<UL><LI><a href="#[147]">&gt;&gt;</a>&nbsp;&nbsp;&nbsp;ticker_irq_handler
</UL>
<BR>[Called By]<UL><LI><a href="#[52]">&gt;&gt;</a>&nbsp;&nbsp;&nbsp;us_ticker_set_interrupt
<LI><a href="#[4b]">&gt;&gt;</a>&nbsp;&nbsp;&nbsp;lptmr_isr
</UL>

<P><STRONG><a name="[4f]"></a>us_ticker_read</STRONG> (Thumb, 22 bytes, Stack size 8 bytes, mbed/TARGET_KL25Z/TOOLCHAIN_ARM_STD/us_ticker.o(i.us_ticker_read))
<BR><BR>[Stack]<UL><LI>Max Depth = 64<LI>Call Chain = us_ticker_read &rArr; us_ticker_init &rArr; NVIC_SetVector
</UL>
<BR>[Calls]<UL><LI><a href="#[4e]">&gt;&gt;</a>&nbsp;&nbsp;&nbsp;us_ticker_init
</UL>
<BR>[Called By]<UL><LI><a href="#[140]">&gt;&gt;</a>&nbsp;&nbsp;&nbsp;wait_ms
<LI><a href="#[13e]">&gt;&gt;</a>&nbsp;&nbsp;&nbsp;wait
</UL>
<BR>[Address Reference Count : 1]<UL><LI> mbed_us_ticker_api.o(.constdata)
</UL>
<P><STRONG><a name="[52]"></a>us_ticker_set_interrupt</STRONG> (Thumb, 98 bytes, Stack size 16 bytes, mbed/TARGET_KL25Z/TOOLCHAIN_ARM_STD/us_ticker.o(i.us_ticker_set_interrupt))
<BR><BR>[Stack]<UL><LI>Max Depth = 72<LI>Call Chain = us_ticker_set_interrupt &rArr; us_ticker_init &rArr; NVIC_SetVector
</UL>
<BR>[Calls]<UL><LI><a href="#[13b]">&gt;&gt;</a>&nbsp;&nbsp;&nbsp;us_ticker_irq_handler
<LI><a href="#[4e]">&gt;&gt;</a>&nbsp;&nbsp;&nbsp;us_ticker_init
</UL>
<BR>[Address Reference Count : 1]<UL><LI> mbed_us_ticker_api.o(.constdata)
</UL>
<P><STRONG><a name="[13e]"></a>wait</STRONG> (Thumb, 32 bytes, Stack size 16 bytes, mbed/TARGET_KL25Z/TOOLCHAIN_ARM_STD/mbed.ar(mbed_wait_api_no_rtos.o)(i.wait))
<BR><BR>[Stack]<UL><LI>Max Depth = 80<LI>Call Chain = wait &rArr; us_ticker_read &rArr; us_ticker_init &rArr; NVIC_SetVector
</UL>
<BR>[Calls]<UL><LI><a href="#[4f]">&gt;&gt;</a>&nbsp;&nbsp;&nbsp;us_ticker_read
<LI><a href="#[144]">&gt;&gt;</a>&nbsp;&nbsp;&nbsp;__aeabi_fmul
<LI><a href="#[148]">&gt;&gt;</a>&nbsp;&nbsp;&nbsp;__aeabi_f2iz
</UL>
<BR>[Called By]<UL><LI><a href="#[f7]">&gt;&gt;</a>&nbsp;&nbsp;&nbsp;$Super$$main
</UL>

<P><STRONG><a name="[140]"></a>wait_ms</STRONG> (Thumb, 28 bytes, Stack size 16 bytes, mbed/TARGET_KL25Z/TOOLCHAIN_ARM_STD/mbed.ar(mbed_wait_api_no_rtos.o)(i.wait_ms))
<BR><BR>[Stack]<UL><LI>Max Depth = 80<LI>Call Chain = wait_ms &rArr; us_ticker_read &rArr; us_ticker_init &rArr; NVIC_SetVector
</UL>
<BR>[Calls]<UL><LI><a href="#[4f]">&gt;&gt;</a>&nbsp;&nbsp;&nbsp;us_ticker_read
</UL>
<BR>[Called By]<UL><LI><a href="#[12b]">&gt;&gt;</a>&nbsp;&nbsp;&nbsp;mbed_die
</UL>

<P><STRONG><a name="[87]"></a>_get_lc_numeric</STRONG> (Thumb, 44 bytes, Stack size 8 bytes, C:\Keil_v5\ARM\ARMCC\Bin\..\lib\armlib\c_p.l(lc_numeric_c.o)(locale$$code))
<BR><BR>[Stack]<UL><LI>Max Depth = 24<LI>Call Chain = _get_lc_numeric &rArr; strcmp
</UL>
<BR>[Calls]<UL><LI><a href="#[11f]">&gt;&gt;</a>&nbsp;&nbsp;&nbsp;strcmp
</UL>
<BR>[Called By]<UL><LI><a href="#[86]">&gt;&gt;</a>&nbsp;&nbsp;&nbsp;__rt_lib_init_lc_numeric_2
</UL>

<P><STRONG><a name="[4a]"></a>_get_lc_ctype</STRONG> (Thumb, 44 bytes, Stack size 8 bytes, C:\Keil_v5\ARM\ARMCC\Bin\..\lib\armlib\c_p.l(lc_ctype_c.o)(locale$$code))
<BR><BR>[Stack]<UL><LI>Max Depth = 24<LI>Call Chain = _get_lc_ctype &rArr; strcmp
</UL>
<BR>[Calls]<UL><LI><a href="#[11f]">&gt;&gt;</a>&nbsp;&nbsp;&nbsp;strcmp
</UL>
<BR>[Called By]<UL><LI><a href="#[85]">&gt;&gt;</a>&nbsp;&nbsp;&nbsp;__rt_lib_init_lc_ctype_2
</UL>
<BR>[Address Reference Count : 1]<UL><LI> rt_ctype_table.o(.text)
</UL>
<P><STRONG><a name="[111]"></a>SingletonPtr&lang;PlatformMutex&rang;::operator -&rang;()</STRONG> (Thumb, 36 bytes, Stack size 8 bytes, mbed/TARGET_KL25Z/TOOLCHAIN_ARM_STD/mbed.ar(FileBase.o)(t._ZN12SingletonPtrI13PlatformMutexEptEv))
<BR><BR>[Stack]<UL><LI>Max Depth = 504 + Unknown Stack Size
<LI>Call Chain = SingletonPtr&lang;PlatformMutex&rang;::operator -&rang;() &rArr; mbed_assert_internal &rArr; mbed_error_printf &rArr; serial_init &rArr;  pin_mode (Cycle)
</UL>
<BR>[Calls]<UL><LI><a href="#[fb]">&gt;&gt;</a>&nbsp;&nbsp;&nbsp;mbed_assert_internal
</UL>
<BR>[Called By]<UL><LI><a href="#[110]">&gt;&gt;</a>&nbsp;&nbsp;&nbsp;mbed::FileBase::lookup(const char*, unsigned)
</UL>

<P><STRONG><a name="[186]"></a>__aeabi_fadd</STRONG> (Thumb, 0 bytes, Stack size 16 bytes, C:\Keil_v5\ARM\ARMCC\Bin\..\lib\armlib\fz_ps.l(faddsub.o)(x$fpl$fadd), UNUSED)

<P><STRONG><a name="[149]"></a>_fadd</STRONG> (Thumb, 134 bytes, Stack size 16 bytes, C:\Keil_v5\ARM\ARMCC\Bin\..\lib\armlib\fz_ps.l(faddsub.o)(x$fpl$fadd), UNUSED)
<BR><BR>[Calls]<UL><LI><a href="#[14a]">&gt;&gt;</a>&nbsp;&nbsp;&nbsp;_fsub1
</UL>

<P><STRONG><a name="[144]"></a>__aeabi_fmul</STRONG> (Thumb, 0 bytes, Stack size 16 bytes, C:\Keil_v5\ARM\ARMCC\Bin\..\lib\armlib\fz_ps.l(fmul.o)(x$fpl$fmul))
<BR><BR>[Stack]<UL><LI>Max Depth = 16<LI>Call Chain = __aeabi_fmul
</UL>
<BR>[Called By]<UL><LI><a href="#[143]">&gt;&gt;</a>&nbsp;&nbsp;&nbsp;pwmout_period_us
<LI><a href="#[13e]">&gt;&gt;</a>&nbsp;&nbsp;&nbsp;wait
<LI><a href="#[10f]">&gt;&gt;</a>&nbsp;&nbsp;&nbsp;pwmout_write
<LI><a href="#[10d]">&gt;&gt;</a>&nbsp;&nbsp;&nbsp;pwmout_init
</UL>

<P><STRONG><a name="[187]"></a>_fmul</STRONG> (Thumb, 172 bytes, Stack size 16 bytes, C:\Keil_v5\ARM\ARMCC\Bin\..\lib\armlib\fz_ps.l(fmul.o)(x$fpl$fmul), UNUSED)

<P><STRONG><a name="[13d]"></a>__aeabi_fsub</STRONG> (Thumb, 0 bytes, Stack size 16 bytes, C:\Keil_v5\ARM\ARMCC\Bin\..\lib\armlib\fz_ps.l(faddsub.o)(x$fpl$fsub))
<BR><BR>[Stack]<UL><LI>Max Depth = 16<LI>Call Chain = __aeabi_fsub
</UL>
<BR>[Called By]<UL><LI><a href="#[f7]">&gt;&gt;</a>&nbsp;&nbsp;&nbsp;$Super$$main
</UL>

<P><STRONG><a name="[14b]"></a>_fsub</STRONG> (Thumb, 204 bytes, Stack size 16 bytes, C:\Keil_v5\ARM\ARMCC\Bin\..\lib\armlib\fz_ps.l(faddsub.o)(x$fpl$fsub), UNUSED)
<BR><BR>[Calls]<UL><LI><a href="#[14c]">&gt;&gt;</a>&nbsp;&nbsp;&nbsp;_fadd1
</UL>

<P><STRONG><a name="[62]"></a>_printf_fp_dec</STRONG> (Thumb, 16 bytes, Stack size 8 bytes, C:\Keil_v5\ARM\ARMCC\Bin\..\lib\armlib\fz_ps.l(printf1.o)(x$fpl$printf1))
<BR><BR>[Stack]<UL><LI>Max Depth = 8<LI>Call Chain = _printf_fp_dec
</UL>
<BR>[Called By]<UL><LI><a href="#[63]">&gt;&gt;</a>&nbsp;&nbsp;&nbsp;_printf_g
<LI><a href="#[61]">&gt;&gt;</a>&nbsp;&nbsp;&nbsp;_printf_e
<LI><a href="#[5f]">&gt;&gt;</a>&nbsp;&nbsp;&nbsp;_printf_f
</UL>

<P><STRONG><a name="[66]"></a>_printf_fp_hex</STRONG> (Thumb, 16 bytes, Stack size 8 bytes, C:\Keil_v5\ARM\ARMCC\Bin\..\lib\armlib\fz_ps.l(printf2.o)(x$fpl$printf2))
<BR><BR>[Stack]<UL><LI>Max Depth = 8<LI>Call Chain = _printf_fp_hex
</UL>
<BR>[Called By]<UL><LI><a href="#[64]">&gt;&gt;</a>&nbsp;&nbsp;&nbsp;_printf_a
</UL>
<P>
<H3>
Local Symbols
</H3>
<P><STRONG><a name="[55]"></a>__sti___8_main_cpp_t</STRONG> (Thumb, 10 bytes, Stack size 8 bytes, .\build\main.o(i.__sti___8_main_cpp_t))
<BR><BR>[Stack]<UL><LI>Max Depth = 40<LI>Call Chain = __sti___8_main_cpp_t &rArr; mbed::Timer::Timer() &rArr; core_util_critical_section_enter &rArr;  mbed_assert_internal (Cycle)
</UL>
<BR>[Calls]<UL><LI><a href="#[10a]">&gt;&gt;</a>&nbsp;&nbsp;&nbsp;mbed::Timer::Timer()
</UL>
<BR>[Address Reference Count : 1]<UL><LI> main.o(.init_array)
</UL>
<P><STRONG><a name="[138]"></a>i2c_do_write</STRONG> (Thumb, 82 bytes, Stack size 8 bytes, mbed/TARGET_KL25Z/TOOLCHAIN_ARM_STD/i2c_api.o(i.i2c_do_write))
<BR><BR>[Stack]<UL><LI>Max Depth = 8<LI>Call Chain = i2c_do_write
</UL>
<BR>[Called By]<UL><LI><a href="#[100]">&gt;&gt;</a>&nbsp;&nbsp;&nbsp;i2c_write
<LI><a href="#[fe]">&gt;&gt;</a>&nbsp;&nbsp;&nbsp;i2c_read
</UL>

<P><STRONG><a name="[13a]"></a>i2c_wait_end_rx_transfer</STRONG> (Thumb, 48 bytes, Stack size 4 bytes, mbed/TARGET_KL25Z/TOOLCHAIN_ARM_STD/i2c_api.o(i.i2c_wait_end_rx_transfer))
<BR><BR>[Stack]<UL><LI>Max Depth = 4<LI>Call Chain = i2c_wait_end_rx_transfer
</UL>
<BR>[Called By]<UL><LI><a href="#[fe]">&gt;&gt;</a>&nbsp;&nbsp;&nbsp;i2c_read
</UL>

<P><STRONG><a name="[4b]"></a>lptmr_isr</STRONG> (Thumb, 82 bytes, Stack size 16 bytes, mbed/TARGET_KL25Z/TOOLCHAIN_ARM_STD/us_ticker.o(i.lptmr_isr))
<BR><BR>[Stack]<UL><LI>Max Depth = 32<LI>Call Chain = lptmr_isr &rArr; us_ticker_irq_handler &rArr; ticker_irq_handler
</UL>
<BR>[Calls]<UL><LI><a href="#[13b]">&gt;&gt;</a>&nbsp;&nbsp;&nbsp;us_ticker_irq_handler
</UL>
<BR>[Address Reference Count : 1]<UL><LI> us_ticker.o(i.us_ticker_init)
</UL>
<P><STRONG><a name="[14c]"></a>_fadd1</STRONG> (Thumb, 0 bytes, Stack size unknown bytes, C:\Keil_v5\ARM\ARMCC\Bin\..\lib\armlib\fz_ps.l(faddsub.o)(x$fpl$fadd), UNUSED)
<BR><BR>[Called By]<UL><LI><a href="#[14b]">&gt;&gt;</a>&nbsp;&nbsp;&nbsp;_fsub
</UL>

<P><STRONG><a name="[14a]"></a>_fsub1</STRONG> (Thumb, 0 bytes, Stack size unknown bytes, C:\Keil_v5\ARM\ARMCC\Bin\..\lib\armlib\fz_ps.l(faddsub.o)(x$fpl$fsub), UNUSED)
<BR><BR>[Called By]<UL><LI><a href="#[149]">&gt;&gt;</a>&nbsp;&nbsp;&nbsp;_fadd
</UL>

<P><STRONG><a name="[bf]"></a>_fp_digits</STRONG> (Thumb, 412 bytes, Stack size 96 bytes, C:\Keil_v5\ARM\ARMCC\Bin\..\lib\armlib\c_p.l(_printf_fp_dec.o)(.text))
<BR><BR>[Stack]<UL><LI>Max Depth = 272<LI>Call Chain = _fp_digits &rArr; _btod_etento &rArr; _btod_emul &rArr; btod_internal_mul &rArr; __ARM_common_ll_muluu
</UL>
<BR>[Calls]<UL><LI><a href="#[c2]">&gt;&gt;</a>&nbsp;&nbsp;&nbsp;_btod_ediv
<LI><a href="#[c3]">&gt;&gt;</a>&nbsp;&nbsp;&nbsp;_btod_emul
<LI><a href="#[c1]">&gt;&gt;</a>&nbsp;&nbsp;&nbsp;_btod_d2e
<LI><a href="#[c0]">&gt;&gt;</a>&nbsp;&nbsp;&nbsp;_btod_etento
<LI><a href="#[c4]">&gt;&gt;</a>&nbsp;&nbsp;&nbsp;_ll_udiv10
</UL>
<BR>[Called By]<UL><LI><a href="#[4c]">&gt;&gt;</a>&nbsp;&nbsp;&nbsp;_printf_fp_dec_real
</UL>

<P><STRONG><a name="[46]"></a>_printf_input_char</STRONG> (Thumb, 10 bytes, Stack size 0 bytes, C:\Keil_v5\ARM\ARMCC\Bin\..\lib\armlib\c_p.l(_printf_char_common.o)(.text))
<BR>[Address Reference Count : 1]<UL><LI> _printf_char_common.o(.text)
</UL>
<P><STRONG><a name="[48]"></a>_scanf_char_input</STRONG> (Thumb, 12 bytes, Stack size 0 bytes, C:\Keil_v5\ARM\ARMCC\Bin\..\lib\armlib\c_p.l(scanf_char.o)(.text))
<BR>[Address Reference Count : 1]<UL><LI> scanf_char.o(.text)
</UL>
<P><STRONG><a name="[e7]"></a>btod_internal_mul</STRONG> (Thumb, 492 bytes, Stack size 56 bytes, C:\Keil_v5\ARM\ARMCC\Bin\..\lib\armlib\c_p.l(btod.o)(.text))
<BR><BR>[Stack]<UL><LI>Max Depth = 80<LI>Call Chain = btod_internal_mul &rArr; __ARM_common_ll_muluu
</UL>
<BR>[Calls]<UL><LI><a href="#[e8]">&gt;&gt;</a>&nbsp;&nbsp;&nbsp;__ARM_common_ll_muluu
</UL>
<BR>[Called By]<UL><LI><a href="#[e9]">&gt;&gt;</a>&nbsp;&nbsp;&nbsp;_btod_emuld
<LI><a href="#[c3]">&gt;&gt;</a>&nbsp;&nbsp;&nbsp;_btod_emul
</UL>

<P><STRONG><a name="[ea]"></a>btod_internal_div</STRONG> (Thumb, 520 bytes, Stack size 64 bytes, C:\Keil_v5\ARM\ARMCC\Bin\..\lib\armlib\c_p.l(btod.o)(.text))
<BR><BR>[Stack]<UL><LI>Max Depth = 64<LI>Call Chain = btod_internal_div
</UL>
<BR>[Called By]<UL><LI><a href="#[eb]">&gt;&gt;</a>&nbsp;&nbsp;&nbsp;_btod_edivd
<LI><a href="#[c2]">&gt;&gt;</a>&nbsp;&nbsp;&nbsp;_btod_ediv
</UL>
<P>
<H3>
Undefined Global Symbols
</H3>
<P><STRONG><a name="[de]"></a>_printf_mbtowc</STRONG> (ARM, 0 bytes, Stack size 0 bytes, UNDEFINED)
<BR><BR>[Called By]<UL><LI><a href="#[dd]">&gt;&gt;</a>&nbsp;&nbsp;&nbsp;_printf_cs_common
</UL>

<P><STRONG><a name="[e0]"></a>_printf_wc</STRONG> (ARM, 0 bytes, Stack size 0 bytes, UNDEFINED)
<BR><BR>[Called By]<UL><LI><a href="#[df]">&gt;&gt;</a>&nbsp;&nbsp;&nbsp;_printf_lcs_common
</UL>

<P><STRONG><a name="[e2]"></a>_scanf_longlong</STRONG> (ARM, 0 bytes, Stack size 0 bytes, UNDEFINED)
<BR><BR>[Called By]<UL><LI><a href="#[cc]">&gt;&gt;</a>&nbsp;&nbsp;&nbsp;__vfscanf
</UL>

<P><STRONG><a name="[e4]"></a>_scanf_mbtowc</STRONG> (ARM, 0 bytes, Stack size 0 bytes, UNDEFINED)
<BR><BR>[Called By]<UL><LI><a href="#[cc]">&gt;&gt;</a>&nbsp;&nbsp;&nbsp;__vfscanf
</UL>

<P><STRONG><a name="[e1]"></a>_scanf_real</STRONG> (ARM, 0 bytes, Stack size 0 bytes, UNDEFINED)
<BR><BR>[Called By]<UL><LI><a href="#[cc]">&gt;&gt;</a>&nbsp;&nbsp;&nbsp;__vfscanf
</UL>

<P><STRONG><a name="[e5]"></a>_scanf_string</STRONG> (ARM, 0 bytes, Stack size 0 bytes, UNDEFINED)
<BR><BR>[Called By]<UL><LI><a href="#[cc]">&gt;&gt;</a>&nbsp;&nbsp;&nbsp;__vfscanf
</UL>

<P><STRONG><a name="[e6]"></a>_scanf_wctomb</STRONG> (ARM, 0 bytes, Stack size 0 bytes, UNDEFINED)
<BR><BR>[Called By]<UL><LI><a href="#[cc]">&gt;&gt;</a>&nbsp;&nbsp;&nbsp;__vfscanf
</UL>

<P><STRONG><a name="[e3]"></a>_scanf_wstring</STRONG> (ARM, 0 bytes, Stack size 0 bytes, UNDEFINED)
<BR><BR>[Called By]<UL><LI><a href="#[cc]">&gt;&gt;</a>&nbsp;&nbsp;&nbsp;__vfscanf
</UL>
<HR></body></html>
