Component: ARM Compiler 5.06 update 6 (build 750) Tool: armlink [4d35ed]

==============================================================================

Section Cross References

    .\build\main.o(i.__sti___8_main_cpp_t) refers to mbed/TARGET_KL25Z/TOOLCHAIN_ARM_STD/mbed.ar(Timer.o)(i._ZN4mbed5TimerC1Ev) for mbed::Timer::Timer()
    .\build\main.o(i.__sti___8_main_cpp_t) refers to .\build\main.o(.bss) for t
    .\build\main.o(i.main) refers to C:\Keil_v5\ARM\ARMCC\Bin\..\lib\armlib\c_p.l(_printf_percent.o)(.ARM.Collect$$_printf_percent$$00000000) for _printf_percent
    .\build\main.o(i.main) refers to C:\Keil_v5\ARM\ARMCC\Bin\..\lib\armlib\c_p.l(_printf_f.o)(.ARM.Collect$$_printf_percent$$00000003) for _printf_f
    .\build\main.o(i.main) refers to C:\Keil_v5\ARM\ARMCC\Bin\..\lib\armlib\fz_ps.l(printf1.o)(x$fpl$printf1) for _printf_fp_dec
    .\build\main.o(i.main) refers to mbed/TARGET_KL25Z/TOOLCHAIN_ARM_STD/mbed.ar(Timer.o)(i._ZN4mbed5Timer5startEv) for mbed::Timer::start()
    .\build\main.o(i.main) refers to .\build\mma8451q.o(i._ZN8MMA8451QC1E7PinNameS0_i) for MMA8451Q::MMA8451Q(PinName, PinName, int)
    .\build\main.o(i.main) refers to .\build\main.o(i._ZN4mbed6PwmOutC1E7PinName) for mbed::PwmOut::PwmOut(PinName)
    .\build\main.o(i.main) refers to .\build\mma8451q.o(i._ZN8MMA8451Q7getAccXEv) for MMA8451Q::getAccX()
    .\build\main.o(i.main) refers to .\build\main.o(i._ZSt3absf) for std::abs(float)
    .\build\main.o(i.main) refers to .\build\mma8451q.o(i._ZN8MMA8451Q7getAccYEv) for MMA8451Q::getAccY()
    .\build\main.o(i.main) refers to .\build\mma8451q.o(i._ZN8MMA8451Q7getAccZEv) for MMA8451Q::getAccZ()
    .\build\main.o(i.main) refers to C:\Keil_v5\ARM\ARMCC\Bin\..\lib\armlib\fz_ps.l(faddsub.o)(x$fpl$fsub) for __aeabi_fsub
    .\build\main.o(i.main) refers to .\build\main.o(i._ZN4mbed6PwmOutaSEf) for mbed::PwmOut::operator =(float)
    .\build\main.o(i.main) refers to mbed/TARGET_KL25Z/TOOLCHAIN_ARM_STD/mbed.ar(mbed_wait_api_no_rtos.o)(i.wait) for wait
    .\build\main.o(i.main) refers to C:\Keil_v5\ARM\ARMCC\Bin\..\lib\armlib\c_p.l(__2printf.o)(.text) for __2printf
    .\build\main.o(i.main) refers to C:\Keil_v5\ARM\ARMCC\Bin\..\lib\armlib\fz_ps.l(f2d.o)(.text) for __aeabi_f2d
    .\build\main.o(i.main) refers to mbed/TARGET_KL25Z/TOOLCHAIN_ARM_STD/mbed.ar(Timer.o)(i._ZN4mbed5Timer4readEv) for mbed::Timer::read()
    .\build\main.o(i.main) refers to mbed/TARGET_KL25Z/TOOLCHAIN_ARM_STD/mbed.ar(Timer.o)(i._ZN4mbed5Timer4stopEv) for mbed::Timer::stop()
    .\build\main.o(i.main) refers to .\build\main.o(.bss) for t
    .\build\main.o(i.main) refers to .\build\main.o(.data) for timer_val
    .\build\main.o(.ARM.exidx) refers to .\build\main.o(i.main) for i.main
    .\build\main.o(.ARM.exidx) refers to .\build\main.o(i.__sti___8_main_cpp_t) for i.__sti___8_main_cpp_t
    .\build\main.o(.init_array) refers to .\build\main.o(i.__sti___8_main_cpp_t) for __sti___8_main_cpp_t
    .\build\main.o(.init_array) refers to C:\Keil_v5\ARM\ARMCC\Bin\..\lib\armlib\c_p.l(init_aeabi.o)(.text) for __cpp_initialize__aeabi_
    mbed/TARGET_KL25Z/TOOLCHAIN_ARM_STD/analogin_api.o(i.analogin_init) refers to mbed/TARGET_KL25Z/TOOLCHAIN_ARM_STD/mbed.ar(mbed_pinmap_common.o)(i.pinmap_peripheral) for pinmap_peripheral
    mbed/TARGET_KL25Z/TOOLCHAIN_ARM_STD/analogin_api.o(i.analogin_init) refers to mbed/TARGET_KL25Z/TOOLCHAIN_ARM_STD/mbed.ar(mbed_assert.o)(i.mbed_assert_internal) for mbed_assert_internal
    mbed/TARGET_KL25Z/TOOLCHAIN_ARM_STD/analogin_api.o(i.analogin_init) refers to C:\Keil_v5\ARM\ARMCC\Bin\..\lib\armlib\c_p.l(aeabi_sdivfast.o)(.text) for __aeabi_uidivmod
    mbed/TARGET_KL25Z/TOOLCHAIN_ARM_STD/analogin_api.o(i.analogin_init) refers to mbed/TARGET_KL25Z/TOOLCHAIN_ARM_STD/mbed.ar(mbed_pinmap_common.o)(i.pinmap_pinout) for pinmap_pinout
    mbed/TARGET_KL25Z/TOOLCHAIN_ARM_STD/analogin_api.o(i.analogin_init) refers to mbed/TARGET_KL25Z/TOOLCHAIN_ARM_STD/PeripheralPins.o(.constdata) for PinMap_ADC
    mbed/TARGET_KL25Z/TOOLCHAIN_ARM_STD/analogin_api.o(i.analogin_init) refers to mbed/TARGET_KL25Z/TOOLCHAIN_ARM_STD/analogin_api.o(.conststring) for .conststring
    mbed/TARGET_KL25Z/TOOLCHAIN_ARM_STD/analogin_api.o(i.analogin_init) refers to mbed/TARGET_KL25Z/TOOLCHAIN_ARM_STD/system_MKL25Z4.o(.data) for SystemCoreClock
    mbed/TARGET_KL25Z/TOOLCHAIN_ARM_STD/analogin_api.o(i.analogin_read) refers to C:\Keil_v5\ARM\ARMCC\Bin\..\lib\armlib\fz_ps.l(fflti.o)(.text) for __aeabi_ui2f
    mbed/TARGET_KL25Z/TOOLCHAIN_ARM_STD/analogin_api.o(i.analogin_read) refers to C:\Keil_v5\ARM\ARMCC\Bin\..\lib\armlib\fz_ps.l(fmul.o)(x$fpl$fmul) for __aeabi_fmul
    mbed/TARGET_KL25Z/TOOLCHAIN_ARM_STD/analogout_api.o(i.analogout_init) refers to mbed/TARGET_KL25Z/TOOLCHAIN_ARM_STD/mbed.ar(mbed_pinmap_common.o)(i.pinmap_peripheral) for pinmap_peripheral
[...]
    __rt_locale                              0x00001f55   Thumb Code     8  C:\Keil_v5\ARM\ARMCC\Bin\..\lib\armlib\c_p.l(rt_locale.o)(.text)
    __Heap_ProvideMemory                     0x00001f5d   Thumb Code    52  C:\Keil_v5\ARM\ARMCC\Bin\..\lib\armlib\c_p.l(h1_extend.o)(.text)
    _ll_udiv10                               0x00001f91   Thumb Code   122  C:\Keil_v5\ARM\ARMCC\Bin\..\lib\armlib\c_p.l(lludiv10.o)(.text)
    isspace                                  0x0000200b   Thumb Code    18  C:\Keil_v5\ARM\ARMCC\Bin\..\lib\armlib\c_p.l(isspace.o)(.text)
    _printf_int_common                       0x0000201d   Thumb Code   176  C:\Keil_v5\ARM\ARMCC\Bin\..\lib\armlib\c_p.l(_printf_intcommon.o)(.text)
    _printf_fp_hex_real                      0x000020cd   Thumb Code   718  C:\Keil_v5\ARM\ARMCC\Bin\..\lib\armlib\c_p.l(_printf_fp_hex.o)(.text)
    _printf_fp_infnan                        0x000023a5   Thumb Code   120  C:\Keil_v5\ARM\ARMCC\Bin\..\lib\armlib\c_p.l(_printf_fp_infnan.o)(.text)
    _printf_cs_common                        0x0000242d   Thumb Code    22  C:\Keil_v5\ARM\ARMCC\Bin\..\lib\armlib\c_p.l(_printf_char.o)(.text)
    _printf_char                             0x00002443   Thumb Code    16  C:\Keil_v5\ARM\ARMCC\Bin\..\lib\armlib\c_p.l(_printf_char.o)(.text)
    _printf_string                           0x00002453   Thumb Code     8  C:\Keil_v5\ARM\ARMCC\Bin\..\lib\armlib\c_p.l(_printf_char.o)(.text)
    _printf_lcs_common                       0x0000245b   Thumb Code    22  C:\Keil_v5\ARM\ARMCC\Bin\..\lib\armlib\c_p.l(_printf_wchar.o)(.text)
    _printf_wchar                            0x00002471   Thumb Code    16  C:\Keil_v5\ARM\ARMCC\Bin\..\lib\armlib\c_p.l(_printf_wchar.o)(.text)
    _printf_wstring                          0x00002481   Thumb Code     8  C:\Keil_v5\ARM\ARMCC\Bin\..\lib\armlib\c_p.l(_printf_wchar.o)(.text)
    __vfscanf                                0x00002489   Thumb Code   880  C:\Keil_v5\ARM\ARMCC\Bin\..\lib\armlib\c_p.l(_scanf.o)(.text)
    _btod_etento                             0x00002809   Thumb Code   210  C:\Keil_v5\ARM\ARMCC\Bin\..\lib\armlib\c_p.l(bigflt0.o)(.text)
    _btod_d2e                                0x000028e1   Thumb Code    64  C:\Keil_v5\ARM\ARMCC\Bin\..\lib\armlib\c_p.l(btod.o)(.text)
    _btod_emul                               0x00002d15   Thumb Code    28  C:\Keil_v5\ARM\ARMCC\Bin\..\lib\armlib\c_p.l(btod.o)(.text)
    _btod_emuld                              0x00002d31   Thumb Code   144  C:\Keil_v5\ARM\ARMCC\Bin\..\lib\armlib\c_p.l(btod.o)(.text)
    _btod_ediv                               0x00002dc1   Thumb Code    26  C:\Keil_v5\ARM\ARMCC\Bin\..\lib\armlib\c_p.l(btod.o)(.text)
    _btod_edivd                              0x00002ddb   Thumb Code   124  C:\Keil_v5\ARM\ARMCC\Bin\..\lib\armlib\c_p.l(btod.o)(.text)
    _ftell_internal                          0x00002e61   Thumb Code    66  C:\Keil_v5\ARM\ARMCC\Bin\..\lib\armlib\c_p.l(ftell.o)(.text)
    ftell                                    0x00002e61   Thumb Code     0  C:\Keil_v5\ARM\ARMCC\Bin\..\lib\armlib\c_p.l(ftell.o)(.text)
    freopen                                  0x00002ea5   Thumb Code   148  C:\Keil_v5\ARM\ARMCC\Bin\..\lib\armlib\c_p.l(fopen.o)(.text)
    fopen                                    0x00002f39   Thumb Code    76  C:\Keil_v5\ARM\ARMCC\Bin\..\lib\armlib\c_p.l(fopen.o)(.text)
    _fclose_internal                         0x00002f8d   Thumb Code    72  C:\Keil_v5\ARM\ARMCC\Bin\..\lib\armlib\c_p.l(fclose.o)(.text)
    fclose                                   0x00002f8d   Thumb Code     0  C:\Keil_v5\ARM\ARMCC\Bin\..\lib\armlib\c_p.l(fclose.o)(.text)
    _wcrtomb                                 0x00002fd9   Thumb Code    64  C:\Keil_v5\ARM\ARMCC\Bin\..\lib\armlib\c_p.l(_wcrtomb.o)(.text)
    __sig_exit                               0x00003019   Thumb Code    12  C:\Keil_v5\ARM\ARMCC\Bin\..\lib\armlib\c_p.l(defsig_exit.o)(.text)
    __rt_SIGRTRED                            0x00003025   Thumb Code    12  C:\Keil_v5\ARM\ARMCC\Bin\..\lib\armlib\c_p.l(defsig_rtred_outer.o)(.text)
    __rt_SIGRTMEM                            0x00003031   Thumb Code    12  C:\Keil_v5\ARM\ARMCC\Bin\..\lib\armlib\c_p.l(defsig_rtmem_outer.o)(.text)
    __rt_udiv10                              0x0000303d   Thumb Code    40  C:\Keil_v5\ARM\ARMCC\Bin\..\lib\armlib\c_p.l(rtudiv10.o)(.text)
    __rt_heap_escrow                         0x00003065   Thumb Code    24  C:\Keil_v5\ARM\ARMCC\Bin\..\lib\armlib\c_p.l(heapauxa.o)(.text)
    __rt_heap_expand                         0x0000307d   Thumb Code    52  C:\Keil_v5\ARM\ARMCC\Bin\..\lib\armlib\c_p.l(heapauxa.o)(.text)
    _sys_exit                                0x000030b5   Thumb Code     8  C:\Keil_v5\ARM\ARMCC\Bin\..\lib\armlib\c_p.l(sys_exit.o)(.text)
    __rt_ctype_table                         0x000030c1   Thumb Code    16  C:\Keil_v5\ARM\ARMCC\Bin\..\lib\armlib\c_p.l(rt_ctype_table.o)(.text)
    __aeabi_errno_addr                       0x000030d1   Thumb Code     8  C:\Keil_v5\ARM\ARMCC\Bin\..\lib\armlib\c_p.l(rt_errno_addr.o)(.text)
    __errno                                  0x000030d1   Thumb Code     0  C:\Keil_v5\ARM\ARMCC\Bin\..\lib\armlib\c_p.l(rt_errno_addr.o)(.text)
    __rt_errno_addr                          0x000030d1   Thumb Code     0  C:\Keil_v5\ARM\ARMCC\Bin\..\lib\armlib\c_p.l(rt_errno_addr.o)(.text)
    __flsbuf                                 0x000030d9   Thumb Code   486  C:\Keil_v5\ARM\ARMCC\Bin\..\lib\armlib\c_p.l(flsbuf.o)(.text)
    __flsbuf_byte                            0x000030d9   Thumb Code     0  C:\Keil_v5\ARM\ARMCC\Bin\..\lib\armlib\c_p.l(flsbuf.o)(.text)
    __flsbuf_wide                            0x000030d9   Thumb Code     0  C:\Keil_v5\ARM\ARMCC\Bin\..\lib\armlib\c_p.l(flsbuf.o)(.text)
    __default_signal_display                 0x000032c9   Thumb Code    52  C:\Keil_v5\ARM\ARMCC\Bin\..\lib\armlib\c_p.l(defsig_general.o)(.text)
    __rt_SIGRTRED_inner                      0x000032fd   Thumb Code    14  C:\Keil_v5\ARM\ARMCC\Bin\..\lib\armlib\c_p.l(defsig_rtred_inner.o)(.text)
    __rt_SIGRTMEM_inner                      0x00003331   Thumb Code    22  C:\Keil_v5\ARM\ARMCC\Bin\..\lib\armlib\c_p.l(defsig_rtmem_inner.o)(.text)
    _ttywrch                                 0x00003381   Thumb Code    12  C:\Keil_v5\ARM\ARMCC\Bin\..\lib\armlib\c_p.l(sys_wrch.o)(.text)
    __I$use$semihosting                      0x0000338d   Thumb Code     0  C:\Keil_v5\ARM\ARMCC\Bin\..\lib\armlib\c_p.l(use_no_semi.o)(.text)
    __use_no_semihosting_swi                 0x0000338d   Thumb Code     2  C:\Keil_v5\ARM\ARMCC\Bin\..\lib\armlib\c_p.l(use_no_semi.o)(.text)
    __semihosting_library_function           0x0000338f   Thumb Code     0  C:\Keil_v5\ARM\ARMCC\Bin\..\lib\armlib\c_p.l(indicate_semi.o)(.text)
    main                                     0x0000338f   Thumb Code    12  mbed/TARGET_KL25Z/TOOLCHAIN_ARM_STD/retarget.o(i.$Sub$$main)
    NMI_Handler                              0x0000339b   Thumb Code    16  mbed/TARGET_KL25Z/TOOLCHAIN_ARM_STD/mbed_overrides.o(i.NMI_Handler)
    NVIC_SetVector                           0x000033ad   Thumb Code    44  mbed/TARGET_KL25Z/TOOLCHAIN_ARM_STD/cmsis_nvic.o(i.NVIC_SetVector)
    SystemInit                               0x000033e1   Thumb Code   120  mbed/TARGET_KL25Z/TOOLCHAIN_ARM_STD/system_MKL25Z4.o(i.SystemInit)
    mbed::I2C::lock()                        0x00003479   Thumb Code    32  mbed/TARGET_KL25Z/TOOLCHAIN_ARM_STD/mbed.ar(I2C.o)(i._ZN4mbed3I2C4lockEv)
    mbed::I2C::read(int, char*, int, bool)   0x000034a5   Thumb Code    96  mbed/TARGET_KL25Z/TOOLCHAIN_ARM_STD/mbed.ar(I2C.o)(i._ZN4mbed3I2C4readEiPcib)
    mbed::I2C::write(int, const char*, int, bool) 0x00003509   Thumb Code    96  mbed/TARGET_KL25Z/TOOLCHAIN_ARM_STD/mbed.ar(I2C.o)(i._ZN4mbed3I2C5writeEiPKcib)
    mbed::I2C::unlock()                      0x0000356d   Thumb Code    32  mbed/TARGET_KL25Z/TOOLCHAIN_ARM_STD/mbed.ar(I2C.o)(i._ZN4mbed3I2C6unlockEv)
    mbed::I2C::I2C(PinName, PinName)         0x00003599   Thumb Code    30  mbed/TARGET_KL25Z/TOOLCHAIN_ARM_STD/mbed.ar(I2C.o)(i._ZN4mbed3I2CC1E7PinNameS1_)
    mbed::I2C::I2C__sub_object(PinName, PinName) 0x00003599   Thumb Code     0  mbed/TARGET_KL25Z/TOOLCHAIN_ARM_STD/mbed.ar(I2C.o)(i._ZN4mbed3I2CC1E7PinNameS1_)
    mbed::Timer::read()                      0x000035c5   Thumb Code    56  mbed/TARGET_KL25Z/TOOLCHAIN_ARM_STD/mbed.ar(Timer.o)(i._ZN4mbed5Timer4readEv)
    mbed::Timer::stop()                      0x00003601   Thumb Code    50  mbed/TARGET_KL25Z/TOOLCHAIN_ARM_STD/mbed.ar(Timer.o)(i._ZN4mbed5Timer4stopEv)
    mbed::Timer::start()                     0x00003633   Thumb Code    32  mbed/TARGET_KL25Z/TOOLCHAIN_ARM_STD/mbed.ar(Timer.o)(i._ZN4mbed5Timer5startEv)
    mbed::Timer::Timer()                     0x00003653   Thumb Code    40  mbed/TARGET_KL25Z/TOOLCHAIN_ARM_STD/mbed.ar(Timer.o)(i._ZN4mbed5TimerC1Ev)
    mbed::Timer::Timer__sub_object()         0x00003653   Thumb Code     0  mbed/TARGET_KL25Z/TOOLCHAIN_ARM_STD/mbed.ar(Timer.o)(i._ZN4mbed5TimerC1Ev)
    mbed::PwmOut::PwmOut(PinName)            0x0000367b   Thumb Code    26  .\build\main.o(i._ZN4mbed6PwmOutC1E7PinName)
    mbed::PwmOut::PwmOut__sub_object(PinName) 0x0000367b   Thumb Code     0  .\build\main.o(i._ZN4mbed6PwmOutC1E7PinName)
    mbed::PwmOut::operator =(float)          0x00003695   Thumb Code    30  .\build\main.o(i._ZN4mbed6PwmOutaSEf)
    mbed::FileBase::lookup(const char*, unsigned) 0x000036b5   Thumb Code    96  mbed/TARGET_KL25Z/TOOLCHAIN_ARM_STD/mbed.ar(FileBase.o)(i._ZN4mbed8FileBase6lookupEPKcj)
    mbed::FilePath::fileSystem()             0x00003725   Thumb Code    26  mbed/TARGET_KL25Z/TOOLCHAIN_ARM_STD/mbed.ar(FilePath.o)(i._ZN4mbed8FilePath10fileSystemEv)
    mbed::FilePath::file()                   0x0000373f   Thumb Code    32  mbed/TARGET_KL25Z/TOOLCHAIN_ARM_STD/mbed.ar(FilePath.o)(i._ZN4mbed8FilePath4fileEv)
    mbed::FilePath::exists()                 0x0000375f   Thumb Code    10  mbed/TARGET_KL25Z/TOOLCHAIN_ARM_STD/mbed.ar(FilePath.o)(i._ZN4mbed8FilePath6existsEv)
    mbed::FilePath::isFile()                 0x00003769   Thumb Code    24  mbed/TARGET_KL25Z/TOOLCHAIN_ARM_STD/mbed.ar(FilePath.o)(i._ZN4mbed8FilePath6isFileEv)
    mbed::FilePath::FilePath(const char*)    0x00003781   Thumb Code    68  mbed/TARGET_KL25Z/TOOLCHAIN_ARM_STD/mbed.ar(FilePath.o)(i._ZN4mbed8FilePathC1EPKc)
    mbed::FilePath::FilePath__sub_object(const char*) 0x00003781   Thumb Code     0  mbed/TARGET_KL25Z/TOOLCHAIN_ARM_STD/mbed.ar(FilePath.o)(i._ZN4mbed8FilePathC1EPKc)
    MMA8451Q::getAccAxis(unsigned char)      0x000037c5   Thumb Code    48  .\build\mma8451q.o(i._ZN8MMA8451Q10getAccAxisEh)
    MMA8451Q::getAccX()                      0x000037fd   Thumb Code    42  .\build\mma8451q.o(i._ZN8MMA8451Q7getAccXEv)
    MMA8451Q::getAccY()                      0x0000382d   Thumb Code    42  .\build\mma8451q.o(i._ZN8MMA8451Q7getAccYEv)
    MMA8451Q::getAccZ()                      0x0000385d   Thumb Code    42  .\build\mma8451q.o(i._ZN8MMA8451Q7getAccZEv)
    MMA8451Q::readRegs(int, unsigned char*, int) 0x0000388d   Thumb Code    48  .\build\mma8451q.o(i._ZN8MMA8451Q8readRegsEiPhi)
    MMA8451Q::writeRegs(unsigned char*, int) 0x000038bd   Thumb Code    26  .\build\mma8451q.o(i._ZN8MMA8451Q9writeRegsEPhi)
    MMA8451Q::MMA8451Q(PinName, PinName, int) 0x000038d9   Thumb Code    44  .\build\mma8451q.o(i._ZN8MMA8451QC1E7PinNameS0_i)
    MMA8451Q::MMA8451Q__sub_object(PinName, PinName, int) 0x000038d9   Thumb Code     0  .\build\mma8451q.o(i._ZN8MMA8451QC1E7PinNameS0_i)
    std::abs(float)                          0x00003909   Thumb Code    10  .\build\main.o(i._ZSt3absf)
    __ARM_common_ll_muluu                    0x00003913   Thumb Code    48  C:\Keil_v5\ARM\ARMCC\Bin\..\lib\armlib\c_p.l(btod.o)(i.__ARM_common_ll_muluu)
    __ARM_fpclassify                         0x00003945   Thumb Code    40  C:\Keil_v5\ARM\ARMCC\Bin\..\lib\armlib\m_ps.l(fpclassify.o)(i.__ARM_fpclassify)
    __user_setup_stackheap                   0x00003981   Thumb Code    10  mbed/TARGET_KL25Z/TOOLCHAIN_ARM_STD/sys.o(i.__user_setup_stackheap)
    _is_digit                                0x00003991   Thumb Code    14  C:\Keil_v5\ARM\ARMCC\Bin\..\lib\armlib\c_p.l(__printf_wp.o)(i._is_digit)
    _platform_post_stackheap_init            0x0000399f   Thumb Code     8  mbed/TARGET_KL25Z/TOOLCHAIN_ARM_STD/retarget.o(i._platform_post_stackheap_init)
    _sys_close                               0x000039a9   Thumb Code    38  mbed/TARGET_KL25Z/TOOLCHAIN_ARM_STD/retarget.o(i._sys_close)
    _sys_flen                                0x000039d5   Thumb Code    34  mbed/TARGET_KL25Z/TOOLCHAIN_ARM_STD/retarget.o(i._sys_flen)
    _sys_istty                               0x000039fd   Thumb Code    34  mbed/TARGET_KL25Z/TOOLCHAIN_ARM_STD/retarget.o(i._sys_istty)
    _sys_open                                0x00003a25   Thumb Code   418  mbed/TARGET_KL25Z/TOOLCHAIN_ARM_STD/retarget.o(i._sys_open)
    _sys_seek                                0x00003bf1   Thumb Code    36  mbed/TARGET_KL25Z/TOOLCHAIN_ARM_STD/retarget.o(i._sys_seek)
    _sys_write                               0x00003c19   Thumb Code    94  mbed/TARGET_KL25Z/TOOLCHAIN_ARM_STD/retarget.o(i._sys_write)
    core_util_critical_section_enter         0x00003c85   Thumb Code    72  mbed/TARGET_KL25Z/TOOLCHAIN_ARM_STD/mbed.ar(mbed_critical.o)(i.core_util_critical_section_enter)
    core_util_critical_section_exit          0x00003d11   Thumb Code    58  mbed/TARGET_KL25Z/TOOLCHAIN_ARM_STD/mbed.ar(mbed_critical.o)(i.core_util_critical_section_exit)
    error                                    0x00003d69   Thumb Code    18  mbed/TARGET_KL25Z/TOOLCHAIN_ARM_STD/mbed.ar(mbed_error.o)(i.error)
    exit                                     0x00003d7d   Thumb Code    36  mbed/TARGET_KL25Z/TOOLCHAIN_ARM_STD/retarget.o(i.exit)
    fputc                                    0x00003da9   Thumb Code    30  C:\Keil_v5\ARM\ARMCC\Bin\..\lib\armlib\c_p.l(fputc.o)(i.fputc)
    get_us_ticker_data                       0x00003dc9   Thumb Code     4  mbed/TARGET_KL25Z/TOOLCHAIN_ARM_STD/mbed.ar(mbed_us_ticker_api.o)(i.get_us_ticker_data)
    gpio_dir                                 0x00003dd1   Thumb Code    54  mbed/TARGET_KL25Z/TOOLCHAIN_ARM_STD/gpio_api.o(i.gpio_dir)
    gpio_init                                0x00003e25   Thumb Code    56  mbed/TARGET_KL25Z/TOOLCHAIN_ARM_STD/gpio_api.o(i.gpio_init)
    gpio_init_in                             0x00003e61   Thumb Code    34  mbed/TARGET_KL25Z/TOOLCHAIN_ARM_STD/mbed.ar(mbed_gpio.o)(i.gpio_init_in)
    gpio_init_out                            0x00003e85   Thumb Code    56  mbed/TARGET_KL25Z/TOOLCHAIN_ARM_STD/mbed.ar(mbed_gpio.o)(i.gpio_init_out)
    gpio_init_out_ex                         0x00003ec5   Thumb Code    66  mbed/TARGET_KL25Z/TOOLCHAIN_ARM_STD/mbed.ar(mbed_gpio.o)(i.gpio_init_out_ex)
    gpio_mode                                0x00003f25   Thumb Code    14  mbed/TARGET_KL25Z/TOOLCHAIN_ARM_STD/gpio_api.o(i.gpio_mode)
    i2c_frequency                            0x00003f8d   Thumb Code   118  mbed/TARGET_KL25Z/TOOLCHAIN_ARM_STD/i2c_api.o(i.i2c_frequency)
    i2c_init                                 0x00004011   Thumb Code   250  mbed/TARGET_KL25Z/TOOLCHAIN_ARM_STD/i2c_api.o(i.i2c_init)
    i2c_read                                 0x00004145   Thumb Code   272  mbed/TARGET_KL25Z/TOOLCHAIN_ARM_STD/i2c_api.o(i.i2c_read)
    i2c_stop                                 0x00004255   Thumb Code    44  mbed/TARGET_KL25Z/TOOLCHAIN_ARM_STD/i2c_api.o(i.i2c_stop)
    i2c_write                                0x000042b5   Thumb Code   196  mbed/TARGET_KL25Z/TOOLCHAIN_ARM_STD/i2c_api.o(i.i2c_write)
    $Super$$main                             0x000043d9   Thumb Code   236  .\build\main.o(i.main)
    mbed_assert_internal                     0x00004511   Thumb Code    30  mbed/TARGET_KL25Z/TOOLCHAIN_ARM_STD/mbed.ar(mbed_assert.o)(i.mbed_assert_internal)
    mbed_die                                 0x00004565   Thumb Code    80  mbed/TARGET_KL25Z/TOOLCHAIN_ARM_STD/mbed_board.o(i.mbed_die)
    mbed_error_printf                        0x000045d5   Thumb Code    78  mbed/TARGET_KL25Z/TOOLCHAIN_ARM_STD/mbed_board.o(i.mbed_error_printf)
    mbed_error_vfprintf                      0x0000462d   Thumb Code    70  mbed/TARGET_KL25Z/TOOLCHAIN_ARM_STD/mbed_board.o(i.mbed_error_vfprintf)
    mbed_interface_connected                 0x0000467d   Thumb Code     8  mbed/TARGET_KL25Z/TOOLCHAIN_ARM_STD/mbed.ar(mbed_interface.o)(i.mbed_interface_connected)
    pin_function                             0x00004685   Thumb Code    68  mbed/TARGET_KL25Z/TOOLCHAIN_ARM_STD/pinmap.o(i.pin_function)
    pin_mode                                 0x000046e9   Thumb Code    36  mbed/TARGET_KL25Z/TOOLCHAIN_ARM_STD/pinmap.o(i.pin_mode)
    pinmap_merge                             0x00004729   Thumb Code    30  mbed/TARGET_KL25Z/TOOLCHAIN_ARM_STD/mbed.ar(mbed_pinmap_common.o)(i.pinmap_merge)
    pinmap_peripheral                        0x0000475d   Thumb Code    60  mbed/TARGET_KL25Z/TOOLCHAIN_ARM_STD/mbed.ar(mbed_pinmap_common.o)(i.pinmap_peripheral)
    pinmap_pinout                            0x000047b9   Thumb Code    62  mbed/TARGET_KL25Z/TOOLCHAIN_ARM_STD/mbed.ar(mbed_pinmap_common.o)(i.pinmap_pinout)
    pwmout_init                              0x0000480d   Thumb Code   486  mbed/TARGET_KL25Z/TOOLCHAIN_ARM_STD/pwmout_api.o(i.pwmout_init)
    pwmout_period_us                         0x00004a41   Thumb Code   132  mbed/TARGET_KL25Z/TOOLCHAIN_ARM_STD/pwmout_api.o(i.pwmout_period_us)
    pwmout_write                             0x00004acd   Thumb Code    60  mbed/TARGET_KL25Z/TOOLCHAIN_ARM_STD/pwmout_api.o(i.pwmout_write)
    semihost_connected                       0x00004b09   Thumb Code     6  mbed/TARGET_KL25Z/TOOLCHAIN_ARM_STD/mbed.ar(mbed_semihost_api.o)(i.semihost_connected)
    semihost_exit                            0x00004b15   Thumb Code    12  mbed/TARGET_KL25Z/TOOLCHAIN_ARM_STD/mbed.ar(mbed_semihost_api.o)(i.semihost_exit)
    serial_baud                              0x00004b21   Thumb Code   352  mbed/TARGET_KL25Z/TOOLCHAIN_ARM_STD/serial_api.o(i.serial_baud)
    serial_format                            0x00004ca1   Thumb Code   148  mbed/TARGET_KL25Z/TOOLCHAIN_ARM_STD/serial_api.o(i.serial_format)
    serial_init                              0x00004d75   Thumb Code   332  mbed/TARGET_KL25Z/TOOLCHAIN_ARM_STD/serial_api.o(i.serial_init)
    serial_putc                              0x00004f01   Thumb Code    36  mbed/TARGET_KL25Z/TOOLCHAIN_ARM_STD/serial_api.o(i.serial_putc)
    ticker_irq_handler                       0x00004f25   Thumb Code    74  mbed/TARGET_KL25Z/TOOLCHAIN_ARM_STD/mbed.ar(mbed_ticker_api.o)(i.ticker_irq_handler)
    ticker_read                              0x00004f6f   Thumb Code     6  mbed/TARGET_KL25Z/TOOLCHAIN_ARM_STD/mbed.ar(mbed_ticker_api.o)(i.ticker_read)
    us_ticker_clear_interrupt                0x00004f75   Thumb Code     2  mbed/TARGET_KL25Z/TOOLCHAIN_ARM_STD/us_ticker.o(i.us_ticker_clear_interrupt)
    us_ticker_disable_interrupt              0x00004f79   Thumb Code    12  mbed/TARGET_KL25Z/TOOLCHAIN_ARM_STD/us_ticker.o(i.us_ticker_disable_interrupt)
    us_ticker_init                           0x00004f89   Thumb Code   388  mbed/TARGET_KL25Z/TOOLCHAIN_ARM_STD/us_ticker.o(i.us_ticker_init)
    us_ticker_irq_handler                    0x00005145   Thumb Code    10  mbed/TARGET_KL25Z/TOOLCHAIN_ARM_STD/mbed.ar(mbed_us_ticker_api.o)(i.us_ticker_irq_handler)
    us_ticker_read                           0x00005155   Thumb Code    22  mbed/TARGET_KL25Z/TOOLCHAIN_ARM_STD/us_ticker.o(i.us_ticker_read)
    us_ticker_set_interrupt                  0x00005175   Thumb Code    98  mbed/TARGET_KL25Z/TOOLCHAIN_ARM_STD/us_ticker.o(i.us_ticker_set_interrupt)
    wait                                     0x000051e9   Thumb Code    32  mbed/TARGET_KL25Z/TOOLCHAIN_ARM_STD/mbed.ar(mbed_wait_api_no_rtos.o)(i.wait)
    wait_ms                                  0x0000520d   Thumb Code    28  mbed/TARGET_KL25Z/TOOLCHAIN_ARM_STD/mbed.ar(mbed_wait_api_no_rtos.o)(i.wait_ms)
    _get_lc_numeric                          0x00005229   Thumb Code    44  C:\Keil_v5\ARM\ARMCC\Bin\..\lib\armlib\c_p.l(lc_numeric_c.o)(locale$$code)
    _get_lc_ctype                            0x00005255   Thumb Code    44  C:\Keil_v5\ARM\ARMCC\Bin\..\lib\armlib\c_p.l(lc_ctype_c.o)(locale$$code)
    SingletonPtr<PlatformMutex>::operator ->() 0x00005281   Thumb Code    36  mbed/TARGET_KL25Z/TOOLCHAIN_ARM_STD/mbed.ar(FileBase.o)(t._ZN12SingletonPtrI13PlatformMutexEptEv)
    __aeabi_fadd                             0x000052ad   Thumb Code     0  C:\Keil_v5\ARM\ARMCC\Bin\..\lib\armlib\fz_ps.l(faddsub.o)(x$fpl$fadd)
    _fadd                                    0x000052ad   Thumb Code   134  C:\Keil_v5\ARM\ARMCC\Bin\..\lib\armlib\fz_ps.l(faddsub.o)(x$fpl$fadd)
    __aeabi_fmul                             0x00005339   Thumb Code     0  C:\Keil_v5\ARM\ARMCC\Bin\..\lib\armlib\fz_ps.l(fmul.o)(x$fpl$fmul)
    _fmul                                    0x00005339   Thumb Code   172  C:\Keil_v5\ARM\ARMCC\Bin\..\lib\armlib\fz_ps.l(fmul.o)(x$fpl$fmul)
    __aeabi_fsub                             0x000053e9   Thumb Code     0  C:\Keil_v5\ARM\ARMCC\Bin\..\lib\armlib\fz_ps.l(faddsub.o)(x$fpl$fsub)
    _fsub                                    0x000053e9   Thumb Code   204  C:\Keil_v5\ARM\ARMCC\Bin\..\lib\armlib\fz_ps.l(faddsub.o)(x$fpl$fsub)
    _printf_fp_dec                           0x000054b9   Thumb Code    16  C:\Keil_v5\ARM\ARMCC\Bin\..\lib\armlib\fz_ps.l(printf1.o)(x$fpl$printf1)
    _printf_fp_hex                           0x000054c9   Thumb Code    16  C:\Keil_v5\ARM\ARMCC\Bin\..\lib\armlib\fz_ps.l(printf2.o)(x$fpl$printf2)
    __I$use$fp                               0x000054d8   Number         0  C:\Keil_v5\ARM\ARMCC\Bin\..\lib\armlib\fz_ps.l(usenofp.o)(x$fpl$usenofp)
    PinMap_I2C_SDA                           0x00005558   Data         108  mbed/TARGET_KL25Z/TOOLCHAIN_ARM_STD/PeripheralPins.o(.constdata)
    PinMap_I2C_SCL                           0x000055c4   Data          96  mbed/TARGET_KL25Z/TOOLCHAIN_ARM_STD/PeripheralPins.o(.constdata)
    PinMap_UART_TX                           0x00005624   Data         108  mbed/TARGET_KL25Z/TOOLCHAIN_ARM_STD/PeripheralPins.o(.constdata)
    PinMap_UART_RX                           0x00005690   Data         108  mbed/TARGET_KL25Z/TOOLCHAIN_ARM_STD/PeripheralPins.o(.constdata)
    PinMap_PWM                               0x000056fc   Data         444  mbed/TARGET_KL25Z/TOOLCHAIN_ARM_STD/PeripheralPins.o(.constdata)
    __stdin_name                             0x000058b8   Data           7  mbed/TARGET_KL25Z/TOOLCHAIN_ARM_STD/retarget.o(.constdata)
    __stdout_name                            0x000058bf   Data           8  mbed/TARGET_KL25Z/TOOLCHAIN_ARM_STD/retarget.o(.constdata)
    __stderr_name                            0x000058c7   Data           8  mbed/TARGET_KL25Z/TOOLCHAIN_ARM_STD/retarget.o(.constdata)
    vtable for mbed::I2C                     0x00005aac   Data          24  mbed/TARGET_KL25Z/TOOLCHAIN_ARM_STD/mbed.ar(I2C.o)(.constdata__ZTVN4mbed3I2CE)
    SingletonPtr<PlatformMutex>::get()::string 0x00005ac4   Data          20  mbed/TARGET_KL25Z/TOOLCHAIN_ARM_STD/retarget.o(.constdata__ZZN12SingletonPtrI13PlatformMutexE3getEvEs)
    SingletonPtr<PlatformMutex>::get()::string (instance 2) 0x00005ad8   Data          77  mbed/TARGET_KL25Z/TOOLCHAIN_ARM_STD/retarget.o(.constdata__ZZN12SingletonPtrI13PlatformMutexE3getEvEs_0)
    Region$$Table$$Base                      0x00005e00   Number         0  anon$$obj.o(Region$$Table)
    Region$$Table$$Limit                     0x00005e20   Number         0  anon$$obj.o(Region$$Table)
    __ctype                                  0x00005e49   Data           0  C:\Keil_v5\ARM\ARMCC\Bin\..\lib\armlib\c_p.l(lc_ctype_c.o)(locale$$data)
    SHT$$INIT_ARRAY$$Base                    0x00005f4c   Number         0  .\build\main.o(.init_array)
    SHT$$INIT_ARRAY$$Limit                   0x00005f50   Number         0  C:\Keil_v5\ARM\ARMCC\Bin\..\lib\armlib\c_p.l(init_aeabi.o)(.init_array)
    timer_val                                0x1ffff0c0   Data           4  .\build\main.o(.data)
    stdio_uart_inited                        0x1ffff0d0   Data           4  mbed/TARGET_KL25Z/TOOLCHAIN_ARM_STD/serial_api.o(.data)
    stdio_uart                               0x1ffff0d8   Data           8  mbed/TARGET_KL25Z/TOOLCHAIN_ARM_STD/serial_api.o(.data)
    SystemCoreClock                          0x1ffff0e0   Data           4  mbed/TARGET_KL25Z/TOOLCHAIN_ARM_STD/system_MKL25Z4.o(.data)
    mbed::I2C::_owner                        0x1ffff0f0   Data           4  mbed/TARGET_KL25Z/TOOLCHAIN_ARM_STD/mbed.ar(I2C.o)(.data)
    mbed::I2C::_mutex                        0x1ffff0f4   Data           8  mbed/TARGET_KL25Z/TOOLCHAIN_ARM_STD/mbed.ar(I2C.o)(.data)
    mbed::FileBase::_head                    0x1ffff110   Data           4  mbed/TARGET_KL25Z/TOOLCHAIN_ARM_STD/mbed.ar(FileBase.o)(.data)
    mbed::FileBase::_mutex                   0x1ffff114   Data           8  mbed/TARGET_KL25Z/TOOLCHAIN_ARM_STD/mbed.ar(FileBase.o)(.data)
    __aeabi_stdin                            0x1ffff11c   Data           4  C:\Keil_v5\ARM\ARMCC\Bin\..\lib\armlib\c_p.l(stdio_streams.o)(.data)
    __aeabi_stdout                           0x1ffff120   Data           4  C:\Keil_v5\ARM\ARMCC\Bin\..\lib\armlib\c_p.l(stdio_streams.o)(.data)
    __aeabi_stderr                           0x1ffff124   Data           4  C:\Keil_v5\ARM\ARMCC\Bin\..\lib\armlib\c_p.l(stdio_streams.o)(.data)
    t                                        0x1ffff12c   Data          16  .\build\main.o(.bss)
    __stdin                                  0x1ffff17c   Data          84  C:\Keil_v5\ARM\ARMCC\Bin\..\lib\armlib\c_p.l(stdio_streams.o)(.bss)
    __stdout                                 0x1ffff1d0   Data          84  C:\Keil_v5\ARM\ARMCC\Bin\..\lib\armlib\c_p.l(stdio_streams.o)(.bss)
    __stderr                                 0x1ffff224   Data          84  C:\Keil_v5\ARM\ARMCC\Bin\..\lib\armlib\c_p.l(stdio_streams.o)(.bss)
    Image$$RW_IRAM1$$ZI$$Limit               0x1ffff294   Number         0  anon$$obj.o ABSOLUTE



==============================================================================

Memory Map of the image

  Image Entry point : 0x000000c1

  Load Region LR_IROM1 (Base: 0x00000000, Size: 0x00005fbc, Max: 0x00020000, ABSOLUTE)

    Execution Region ER_IROM1 (Exec base: 0x00000000, Load base: 0x00000000, Size: 0x00005f50, Max: 0x00020000, ABSOLUTE)

    Exec Addr    Load Addr    Size         Type   Attr      Idx    E Section Name        Object

    0x00000000   0x00000000   0x000000c0   Data   RO          771    RESET               mbed/TARGET_KL25Z/TOOLCHAIN_ARM_STD/startup_MKL25Z4.o
    0x000000c0   0x000000c0   0x00000008   Code   RO         1615  * !!!main             C:\Keil_v5\ARM\ARMCC\Bin\..\lib\armlib\c_p.l(__main.o)
    0x000000c8   0x000000c8   0x0000003c   Code   RO         2201    !!!scatter          C:\Keil_v5\ARM\ARMCC\Bin\..\lib\armlib\c_p.l(__scatter.o)
    0x00000104   0x00000104   0x0000001a   Code   RO         2203    !!handler_copy      C:\Keil_v5\ARM\ARMCC\Bin\..\lib\armlib\c_p.l(__scatter_copy.o)
    0x0000011e   0x0000011e   0x00000002   PAD
    0x00000120   0x00000120   0x0000001c   Code   RO         2205    !!handler_zi        C:\Keil_v5\ARM\ARMCC\Bin\..\lib\armlib\c_p.l(__scatter_zi.o)
    0x0000013c   0x0000013c   0x00000002   Code   RO         1572    .ARM.Collect$$_printf_percent$$00000000  C:\Keil_v5\ARM\ARMCC\Bin\..\lib\armlib\c_p.l(_printf_percent.o)
    0x0000013e   0x0000013e   0x0000000a   Code   RO         1844    .ARM.Collect$$_printf_percent$$00000001  C:\Keil_v5\ARM\ARMCC\Bin\..\lib\armlib\c_p.l(_printf_n.o)
    0x00000148   0x00000148   0x0000000a   Code   RO         1846    .ARM.Collect$$_printf_percent$$00000002  C:\Keil_v5\ARM\ARMCC\Bin\..\lib\armlib\c_p.l(_printf_p.o)
    0x00000152   0x00000152   0x0000000a   Code   RO         1571    .ARM.Collect$$_printf_percent$$00000003  C:\Keil_v5\ARM\ARMCC\Bin\..\lib\armlib\c_p.l(_printf_f.o)
    0x0000015c   0x0000015c   0x0000000a   Code   RO         1851    .ARM.Collect$$_printf_percent$$00000004  C:\Keil_v5\ARM\ARMCC\Bin\..\lib\armlib\c_p.l(_printf_e.o)
    0x00000166   0x00000166   0x0000000a   Code   RO         1852    .ARM.Collect$$_printf_percent$$00000005  C:\Keil_v5\ARM\ARMCC\Bin\..\lib\armlib\c_p.l(_printf_g.o)
    0x00000170   0x00000170   0x0000000a   Code   RO         1853    .ARM.Collect$$_printf_percent$$00000006  C:\Keil_v5\ARM\ARMCC\Bin\..\lib\armlib\c_p.l(_printf_a.o)
    0x0000017a   0x0000017a   0x0000000a   Code   RO         1858    .ARM.Collect$$_printf_percent$$00000007  C:\Keil_v5\ARM\ARMCC\Bin\..\lib\armlib\c_p.l(_printf_ll.o)
    0x00000184   0x00000184   0x0000000a   Code   RO         1848    .ARM.Collect$$_printf_percent$$00000008  C:\Keil_v5\ARM\ARMCC\Bin\..\lib\armlib\c_p.l(_printf_i.o)
    0x0000018e   0x0000018e   0x0000000a   Code   RO         1849    .ARM.Collect$$_printf_percent$$00000009  C:\Keil_v5\ARM\ARMCC\Bin\..\lib\armlib\c_p.l(_printf_d.o)
    0x00000198   0x00000198   0x0000000a   Code   RO         1850    .ARM.Collect$$_printf_percent$$0000000A  C:\Keil_v5\ARM\ARMCC\Bin\..\lib\armlib\c_p.l(_printf_u.o)
    0x000001a2   0x000001a2   0x0000000a   Code   RO         1847    .ARM.Collect$$_printf_percent$$0000000B  C:\Keil_v5\ARM\ARMCC\Bin\..\lib\armlib\c_p.l(_printf_o.o)
    0x000001ac   0x000001ac   0x0000000a   Code   RO         1845    .ARM.Collect$$_printf_percent$$0000000C  C:\Keil_v5\ARM\ARMCC\Bin\..\lib\armlib\c_p.l(_printf_x.o)
    0x000001b6   0x000001b6   0x0000000a   Code   RO         1855    .ARM.Collect$$_printf_percent$$0000000D  C:\Keil_v5\ARM\ARMCC\Bin\..\lib\armlib\c_p.l(_printf_lli.o)
    0x000001c0   0x000001c0   0x0000000a   Code   RO         1856    .ARM.Collect$$_printf_percent$$0000000E  C:\Keil_v5\ARM\ARMCC\Bin\..\lib\armlib\c_p.l(_printf_lld.o)
    0x000001ca   0x000001ca   0x0000000a   Code   RO         1857    .ARM.Collect$$_printf_percent$$0000000F  C:\Keil_v5\ARM\ARMCC\Bin\..\lib\armlib\c_p.l(_printf_llu.o)
    0x000001d4   0x000001d4   0x0000000a   Code   RO         1862    .ARM.Collect$$_printf_percent$$00000010  C:\Keil_v5\ARM\ARMCC\Bin\..\lib\armlib\c_p.l(_printf_llo.o)
    0x000001de   0x000001de   0x0000000a   Code   RO         1863    .ARM.Collect$$_printf_percent$$00000011  C:\Keil_v5\ARM\ARMCC\Bin\..\lib\armlib\c_p.l(_printf_llx.o)
    0x000001e8   0x000001e8   0x0000000a   Code   RO         1859    .ARM.Collect$$_printf_percent$$00000012  C:\Keil_v5\ARM\ARMCC\Bin\..\lib\armlib\c_p.l(_printf_l.o)
    0x000001f2   0x000001f2   0x0000000a   Code   RO         1842    .ARM.Collect$$_printf_percent$$00000013  C:\Keil_v5\ARM\ARMCC\Bin\..\lib\armlib\c_p.l(_printf_c.o)
    0x000001fc   0x000001fc   0x0000000a   Code   RO         1843    .ARM.Collect$$_printf_percent$$00000014  C:\Keil_v5\ARM\ARMCC\Bin\..\lib\armlib\c_p.l(_printf_s.o)
    0x00000206   0x00000206   0x0000000a   Code   RO         1860    .ARM.Collect$$_printf_percent$$00000015  C:\Keil_v5\ARM\ARMCC\Bin\..\lib\armlib\c_p.l(_printf_lc.o)
    0x00000210   0x00000210   0x0000000a   Code   RO         1861    .ARM.Collect$$_printf_percent$$00000016  C:\Keil_v5\ARM\ARMCC\Bin\..\lib\armlib\c_p.l(_printf_ls.o)
    0x0000021a   0x0000021a   0x00000004   Code   RO         1854    .ARM.Collect$$_printf_percent$$00000017  C:\Keil_v5\ARM\ARMCC\Bin\..\lib\armlib\c_p.l(_printf_percent_end.o)
    0x0000021e   0x0000021e   0x00000002   Code   RO         2151    .ARM.Collect$$libinit$$00000000  C:\Keil_v5\ARM\ARMCC\Bin\..\lib\armlib\c_p.l(libinit.o)
    0x00000220   0x00000220   0x00000000   Code   RO         1896    .ARM.Collect$$libinit$$00000002  C:\Keil_v5\ARM\ARMCC\Bin\..\lib\armlib\c_p.l(libinit2.o)
    0x00000220   0x00000220   0x00000000   Code   RO         1898    .ARM.Collect$$libinit$$00000004  C:\Keil_v5\ARM\ARMCC\Bin\..\lib\armlib\c_p.l(libinit2.o)
    0x00000220   0x00000220   0x00000008   Code   RO         1899    .ARM.Collect$$libinit$$00000005  C:\Keil_v5\ARM\ARMCC\Bin\..\lib\armlib\c_p.l(libinit2.o)
    0x00000228   0x00000228   0x00000000   Code   RO         1901    .ARM.Collect$$libinit$$0000000A  C:\Keil_v5\ARM\ARMCC\Bin\..\lib\armlib\c_p.l(libinit2.o)
    0x00000228   0x00000228   0x00000000   Code   RO         1903    .ARM.Collect$$libinit$$0000000C  C:\Keil_v5\ARM\ARMCC\Bin\..\lib\armlib\c_p.l(libinit2.o)
    0x00000228   0x00000228   0x00000000   Code   RO         1905    .ARM.Collect$$libinit$$0000000E  C:\Keil_v5\ARM\ARMCC\Bin\..\lib\armlib\c_p.l(libinit2.o)
    0x00000228   0x00000228   0x00000006   Code   RO         1906    .ARM.Collect$$libinit$$0000000F  C:\Keil_v5\ARM\ARMCC\Bin\..\lib\armlib\c_p.l(libinit2.o)
    0x0000022e   0x0000022e   0x00000000   Code   RO         1908    .ARM.Collect$$libinit$$00000011  C:\Keil_v5\ARM\ARMCC\Bin\..\lib\armlib\c_p.l(libinit2.o)
    0x0000022e   0x0000022e   0x0000000c   Code   RO         1909    .ARM.Collect$$libinit$$00000012  C:\Keil_v5\ARM\ARMCC\Bin\..\lib\armlib\c_p.l(libinit2.o)
    0x0000023a   0x0000023a   0x00000000   Code   RO         1910    .ARM.Collect$$libinit$$00000013  C:\Keil_v5\ARM\ARMCC\Bin\..\lib\armlib\c_p.l(libinit2.o)
    0x0000023a   0x0000023a   0x00000000   Code   RO         1912    .ARM.Collect$$libinit$$00000015  C:\Keil_v5\ARM\ARMCC\Bin\..\lib\armlib\c_p.l(libinit2.o)
    0x0000023a   0x0000023a   0x0000000a   Code   RO         1913    .ARM.Collect$$libinit$$00000016  C:\Keil_v5\ARM\ARMCC\Bin\..\lib\armlib\c_p.l(libinit2.o)
    0x00000244   0x00000244   0x00000000   Code   RO         1914    .ARM.Collect$$libinit$$00000017  C:\Keil_v5\ARM\ARMCC\Bin\..\lib\armlib\c_p.l(libinit2.o)
    0x00000244   0x00000244   0x00000000   Code   RO         1916    .ARM.Collect$$libinit$$00000019  C:\Keil_v5\ARM\ARMCC\Bin\..\lib\armlib\c_p.l(libinit2.o)
    0x00000244   0x00000244   0x00000000   Code   RO         1918    .ARM.Collect$$libinit$$0000001B  C:\Keil_v5\ARM\ARMCC\Bin\..\lib\armlib\c_p.l(libinit2.o)
    0x00000244   0x00000244   0x00000000   Code   RO         1920    .ARM.Collect$$libinit$$0000001D  C:\Keil_v5\ARM\ARMCC\Bin\..\lib\armlib\c_p.l(libinit2.o)
    0x00000244   0x00000244   0x00000000   Code   RO         1922    .ARM.Collect$$libinit$$0000001F  C:\Keil_v5\ARM\ARMCC\Bin\..\lib\armlib\c_p.l(libinit2.o)
    0x00000244   0x00000244   0x00000000   Code   RO         1924    .ARM.Collect$$libinit$$00000021  C:\Keil_v5\ARM\ARMCC\Bin\..\lib\armlib\c_p.l(libinit2.o)
    0x00000244   0x00000244   0x00000000   Code   RO         1926    .ARM.Collect$$libinit$$00000023  C:\Keil_v5\ARM\ARMCC\Bin\..\lib\armlib\c_p.l(libinit2.o)
    0x00000244   0x00000244   0x00000004   Code   RO         1927    .ARM.Collect$$libinit$$00000024  C:\Keil_v5\ARM\ARMCC\Bin\..\lib\armlib\c_p.l(libinit2.o)
    0x00000248   0x00000248   0x00000000   Code   RO         1928    .ARM.Collect$$libinit$$00000025  C:\Keil_v5\ARM\ARMCC\Bin\..\lib\armlib\c_p.l(libinit2.o)
    0x00000248   0x00000248   0x00000000   Code   RO         1932    .ARM.Collect$$libinit$$0000002C  C:\Keil_v5\ARM\ARMCC\Bin\..\lib\armlib\c_p.l(libinit2.o)
    0x00000248   0x00000248   0x00000000   Code   RO         1934    .ARM.Collect$$libinit$$0000002E  C:\Keil_v5\ARM\ARMCC\Bin\..\lib\armlib\c_p.l(libinit2.o)
    0x00000248   0x00000248   0x00000000   Code   RO         1936    .ARM.Collect$$libinit$$00000030  C:\Keil_v5\ARM\ARMCC\Bin\..\lib\armlib\c_p.l(libinit2.o)
    0x00000248   0x00000248   0x00000004   Code   RO         1937    .ARM.Collect$$libinit$$00000031  C:\Keil_v5\ARM\ARMCC\Bin\..\lib\armlib\c_p.l(libinit2.o)
    0x0000024c   0x0000024c   0x00000000   Code   RO         1938    .ARM.Collect$$libinit$$00000032  C:\Keil_v5\ARM\ARMCC\Bin\..\lib\armlib\c_p.l(libinit2.o)
    0x0000024c   0x0000024c   0x00000002   Code   RO         1939    .ARM.Collect$$libinit$$00000033  C:\Keil_v5\ARM\ARMCC\Bin\..\lib\armlib\c_p.l(libinit2.o)
    0x0000024e   0x0000024e   0x00000000   Code   RO         2080    .ARM.Collect$$libshutdown$$00000004  C:\Keil_v5\ARM\ARMCC\Bin\..\lib\armlib\c_p.l(libshutdown2.o)
    0x0000024e   0x0000024e   0x00000000   Code   RO         1762    .ARM.Collect$$rtentry$$00000000  C:\Keil_v5\ARM\ARMCC\Bin\..\lib\armlib\c_p.l(__rtentry.o)
    0x0000024e   0x0000024e   0x00000000   Code   RO         1966    .ARM.Collect$$rtentry$$00000002  C:\Keil_v5\ARM\ARMCC\Bin\..\lib\armlib\c_p.l(__rtentry2.o)
    0x0000024e   0x0000024e   0x00000006   Code   RO         1978    .ARM.Collect$$rtentry$$00000004  C:\Keil_v5\ARM\ARMCC\Bin\..\lib\armlib\c_p.l(__rtentry4.o)
    0x00000254   0x00000254   0x00000008   Code   RO         1967    .ARM.Collect$$rtentry$$00000008  C:\Keil_v5\ARM\ARMCC\Bin\..\lib\armlib\c_p.l(__rtentry2.o)
    0x0000025c   0x0000025c   0x00000004   Code   RO         1969    .ARM.Collect$$rtentry$$0000000A  C:\Keil_v5\ARM\ARMCC\Bin\..\lib\armlib\c_p.l(__rtentry2.o)
    0x00000260   0x00000260   0x00000000   Code   RO         1971    .ARM.Collect$$rtentry$$0000000C  C:\Keil_v5\ARM\ARMCC\Bin\..\lib\armlib\c_p.l(__rtentry2.o)
    0x00000260   0x00000260   0x00000008   Code   RO         1972    .ARM.Collect$$rtentry$$0000000D  C:\Keil_v5\ARM\ARMCC\Bin\..\lib\armlib\c_p.l(__rtentry2.o)
    0x00000268   0x00000268   0x00000038   Code   RO         1601    .emb_text           C:\Keil_v5\ARM\ARMCC\Bin\..\lib\armlib\c_p.l(rt_memcpy.o)
    0x000002a0   0x000002a0   0x00000000   Code   RO         1991    .emb_text           C:\Keil_v5\ARM\ARMCC\Bin\..\lib\armlib\c_p.l(maybetermalloc1.o)
    0x000002a0   0x000002a0   0x0000001c   Code   RO          773    .text               mbed/TARGET_KL25Z/TOOLCHAIN_ARM_STD/startup_MKL25Z4.o
    0x000002bc   0x000002bc   0x00000062   Code   RO         1485    .text               C:\Keil_v5\ARM\ARMCC\Bin\..\lib\armlib\c_p.l(h1_alloc.o)
    0x0000031e   0x0000031e   0x0000004c   Code   RO         1487    .text               C:\Keil_v5\ARM\ARMCC\Bin\..\lib\armlib\c_p.l(h1_free.o)
    0x0000036a   0x0000036a   0x00000002   PAD
    0x0000036c   0x0000036c   0x00000024   Code   RO         1543    .text               C:\Keil_v5\ARM\ARMCC\Bin\..\lib\armlib\c_p.l(vsprintf.o)
    0x00000390   0x00000390   0x0000001c   Code   RO         1545    .text               C:\Keil_v5\ARM\ARMCC\Bin\..\lib\armlib\c_p.l(__2printf.o)
    0x000003ac   0x000003ac   0x00000040   Code   RO         1573    .text               C:\Keil_v5\ARM\ARMCC\Bin\..\lib\armlib\c_p.l(__0sscanf.o)
    0x000003ec   0x000003ec   0x00000008   Code   RO         1767    .text               C:\Keil_v5\ARM\ARMCC\Bin\..\lib\armlib\c_p.l(rt_heap_descriptor.o)
    0x000003f4   0x000003f4   0x00000004   Code   RO         1772    .text               C:\Keil_v5\ARM\ARMCC\Bin\..\lib\armlib\c_p.l(hguard.o)
    0x000003f8   0x000003f8   0x00000008   Code   RO         1870    .text               C:\Keil_v5\ARM\ARMCC\Bin\..\lib\armlib\c_p.l(ferror.o)
    0x00000400   0x00000400   0x00000010   Code   RO          772    .ARM.__at_0x400     mbed/TARGET_KL25Z/TOOLCHAIN_ARM_STD/startup_MKL25Z4.o
    0x00000410   0x00000410   0x00000188   Code   RO         1568    .text               C:\Keil_v5\ARM\ARMCC\Bin\..\lib\armlib\c_p.l(__printf_flags_ss_wp.o)
    0x00000598   0x00000598   0x0000014a   Code   RO         1575    .text               C:\Keil_v5\ARM\ARMCC\Bin\..\lib\armlib\c_p.l(_scanf_int.o)
    0x000006e2   0x000006e2   0x00000002   PAD
    0x000006e4   0x000006e4   0x00000068   Code   RO         1577    .text               C:\Keil_v5\ARM\ARMCC\Bin\..\lib\armlib\c_p.l(fflush.o)
    0x0000074c   0x0000074c   0x00000044   Code   RO         1597    .text               C:\Keil_v5\ARM\ARMCC\Bin\..\lib\armlib\c_p.l(strlen.o)
    0x00000790   0x00000790   0x000000a0   Code   RO         1599    .text               C:\Keil_v5\ARM\ARMCC\Bin\..\lib\armlib\c_p.l(strncmp.o)
    0x00000830   0x00000830   0x00000040   Code   RO         1605    .text               C:\Keil_v5\ARM\ARMCC\Bin\..\lib\armlib\c_p.l(rt_memclr.o)
    0x00000870   0x00000870   0x000000a0   Code   RO         1609    .text               C:\Keil_v5\ARM\ARMCC\Bin\..\lib\armlib\c_p.l(strcmpv6m.o)
    0x00000910   0x00000910   0x000001e8   Code   RO         1611    .text               C:\Keil_v5\ARM\ARMCC\Bin\..\lib\armlib\c_p.l(aeabi_sdivfast.o)
    0x00000af8   0x00000af8   0x00000024   Code   RO         1620    .text               C:\Keil_v5\ARM\ARMCC\Bin\..\lib\armlib\c_p.l(init_aeabi.o)
    0x00000b1c   0x00000b1c   0x0000007c   Code   RO         1732    .text               C:\Keil_v5\ARM\ARMCC\Bin\..\lib\armlib\fz_ps.l(d2f.o)
    0x00000b98   0x00000b98   0x00000448   Code   RO         1734    .text               C:\Keil_v5\ARM\ARMCC\Bin\..\lib\armlib\fz_ps.l(ddiv.o)
    0x00000fe0   0x00000fe0   0x00000054   Code   RO         1737    .text               C:\Keil_v5\ARM\ARMCC\Bin\..\lib\armlib\fz_ps.l(f2d.o)
    0x00001034   0x00001034   0x00000160   Code   RO         1745    .text               C:\Keil_v5\ARM\ARMCC\Bin\..\lib\armlib\fz_ps.l(fdiv.o)
    0x00001194   0x00001194   0x0000004c   Code   RO         1748    .text               C:\Keil_v5\ARM\ARMCC\Bin\..\lib\armlib\fz_ps.l(ffixi.o)
    0x000011e0   0x000011e0   0x00000030   Code   RO         1750    .text               C:\Keil_v5\ARM\ARMCC\Bin\..\lib\armlib\fz_ps.l(ffixui.o)
    0x00001210   0x00001210   0x0000005e   Code   RO         1752    .text               C:\Keil_v5\ARM\ARMCC\Bin\..\lib\armlib\fz_ps.l(fflti.o)
    0x0000126e   0x0000126e   0x00000002   PAD
    0x00001270   0x00001270   0x00000044   Code   RO         1756    .text               C:\Keil_v5\ARM\ARMCC\Bin\..\lib\armlib\fz_ps.l(fscalbn.o)
    0x000012b4   0x000012b4   0x00000088   Code   RO         1774    .text               C:\Keil_v5\ARM\ARMCC\Bin\..\lib\armlib\c_p.l(init_alloc.o)
    0x0000133c   0x0000133c   0x0000000e   Code   RO         1778    .text               C:\Keil_v5\ARM\ARMCC\Bin\..\lib\armlib\c_p.l(h1_init.o)
    0x0000134a   0x0000134a   0x0000004e   Code   RO         1792    .text               C:\Keil_v5\ARM\ARMCC\Bin\..\lib\armlib\c_p.l(_printf_pad.o)
    0x00001398   0x00001398   0x00000024   Code   RO         1794    .text               C:\Keil_v5\ARM\ARMCC\Bin\..\lib\armlib\c_p.l(_printf_truncate.o)
    0x000013bc   0x000013bc   0x00000052   Code   RO         1796    .text               C:\Keil_v5\ARM\ARMCC\Bin\..\lib\armlib\c_p.l(_printf_str.o)
    0x0000140e   0x0000140e   0x00000002   PAD
    0x00001410   0x00001410   0x0000006c   Code   RO         1798    .text               C:\Keil_v5\ARM\ARMCC\Bin\..\lib\armlib\c_p.l(_printf_dec.o)
    0x0000147c   0x0000147c   0x00000026   Code   RO         1800    .text               C:\Keil_v5\ARM\ARMCC\Bin\..\lib\armlib\c_p.l(_printf_charcount.o)
    0x000014a2   0x000014a2   0x00000002   PAD
    0x000014a4   0x000014a4   0x00000418   Code   RO         1802    .text               C:\Keil_v5\ARM\ARMCC\Bin\..\lib\armlib\c_p.l(_printf_fp_dec.o)
    0x000018bc   0x000018bc   0x00000030   Code   RO         1804    .text               C:\Keil_v5\ARM\ARMCC\Bin\..\lib\armlib\c_p.l(_printf_char_common.o)
    0x000018ec   0x000018ec   0x0000000a   Code   RO         1806    .text               C:\Keil_v5\ARM\ARMCC\Bin\..\lib\armlib\c_p.l(_sputc.o)
    0x000018f6   0x000018f6   0x00000002   PAD
    0x000018f8   0x000018f8   0x00000028   Code   RO         1808    .text               C:\Keil_v5\ARM\ARMCC\Bin\..\lib\armlib\c_p.l(_printf_char_file.o)
    0x00001920   0x00001920   0x000000bc   Code   RO         1810    .text               C:\Keil_v5\ARM\ARMCC\Bin\..\lib\armlib\c_p.l(_printf_wctomb.o)
    0x000019dc   0x000019dc   0x00000070   Code   RO         1813    .text               C:\Keil_v5\ARM\ARMCC\Bin\..\lib\armlib\c_p.l(_printf_longlong_dec.o)
    0x00001a4c   0x00001a4c   0x00000070   Code   RO         1819    .text               C:\Keil_v5\ARM\ARMCC\Bin\..\lib\armlib\c_p.l(_printf_oct_int_ll.o)
    0x00001abc   0x00001abc   0x00000098   Code   RO         1839    .text               C:\Keil_v5\ARM\ARMCC\Bin\..\lib\armlib\c_p.l(_printf_hex_int_ll_ptr.o)
    0x00001b54   0x00001b54   0x0000001e   Code   RO         1864    .text               C:\Keil_v5\ARM\ARMCC\Bin\..\lib\armlib\c_p.l(_chval.o)
    0x00001b72   0x00001b72   0x00000002   PAD
    0x00001b74   0x00001b74   0x00000030   Code   RO         1866    .text               C:\Keil_v5\ARM\ARMCC\Bin\..\lib\armlib\c_p.l(scanf_char.o)
    0x00001ba4   0x00001ba4   0x00000044   Code   RO         1868    .text               C:\Keil_v5\ARM\ARMCC\Bin\..\lib\armlib\c_p.l(_sgetc.o)
    0x00001be8   0x00001be8   0x000000f4   Code   RO         1874    .text               C:\Keil_v5\ARM\ARMCC\Bin\..\lib\armlib\c_p.l(fseek.o)
    0x00001cdc   0x00001cdc   0x0000004c   Code   RO         1876    .text               C:\Keil_v5\ARM\ARMCC\Bin\..\lib\armlib\c_p.l(setvbuf.o)
    0x00001d28   0x00001d28   0x000000f0   Code   RO         1878    .text               C:\Keil_v5\ARM\ARMCC\Bin\..\lib\armlib\c_p.l(stdio.o)
    0x00001e18   0x00001e18   0x0000013c   Code   RO         1881    .text               C:\Keil_v5\ARM\ARMCC\Bin\..\lib\armlib\c_p.l(initio.o)
    0x00001f54   0x00001f54   0x00000008   Code   RO         1984    .text               C:\Keil_v5\ARM\ARMCC\Bin\..\lib\armlib\c_p.l(rt_locale.o)
    0x00001f5c   0x00001f5c   0x00000034   Code   RO         1993    .text               C:\Keil_v5\ARM\ARMCC\Bin\..\lib\armlib\c_p.l(h1_extend.o)
    0x00001f90   0x00001f90   0x0000007a   Code   RO         1997    .text               C:\Keil_v5\ARM\ARMCC\Bin\..\lib\armlib\c_p.l(lludiv10.o)
    0x0000200a   0x0000200a   0x00000012   Code   RO         1999    .text               C:\Keil_v5\ARM\ARMCC\Bin\..\lib\armlib\c_p.l(isspace.o)
    0x0000201c   0x0000201c   0x000000b0   Code   RO         2001    .text               C:\Keil_v5\ARM\ARMCC\Bin\..\lib\armlib\c_p.l(_printf_intcommon.o)
    0x000020cc   0x000020cc   0x000002d8   Code   RO         2003    .text               C:\Keil_v5\ARM\ARMCC\Bin\..\lib\armlib\c_p.l(_printf_fp_hex.o)
    0x000023a4   0x000023a4   0x00000088   Code   RO         2006    .text               C:\Keil_v5\ARM\ARMCC\Bin\..\lib\armlib\c_p.l(_printf_fp_infnan.o)
    0x0000242c   0x0000242c   0x0000002e   Code   RO         2010    .text               C:\Keil_v5\ARM\ARMCC\Bin\..\lib\armlib\c_p.l(_printf_char.o)
    0x0000245a   0x0000245a   0x0000002e   Code   RO         2012    .text               C:\Keil_v5\ARM\ARMCC\Bin\..\lib\armlib\c_p.l(_printf_wchar.o)
    0x00002488   0x00002488   0x00000380   Code   RO         2014    .text               C:\Keil_v5\ARM\ARMCC\Bin\..\lib\armlib\c_p.l(_scanf.o)
    0x00002808   0x00002808   0x000000d8   Code   RO         2016    .text               C:\Keil_v5\ARM\ARMCC\Bin\..\lib\armlib\c_p.l(bigflt0.o)
    0x000028e0   0x000028e0   0x00000580   Code   RO         2019    .text               C:\Keil_v5\ARM\ARMCC\Bin\..\lib\armlib\c_p.l(btod.o)
    0x00002e60   0x00002e60   0x00000042   Code   RO         2027    .text               C:\Keil_v5\ARM\ARMCC\Bin\..\lib\armlib\c_p.l(ftell.o)
    0x00002ea2   0x00002ea2   0x00000002   PAD
    0x00002ea4   0x00002ea4   0x000000e8   Code   RO         2033    .text               C:\Keil_v5\ARM\ARMCC\Bin\..\lib\armlib\c_p.l(fopen.o)
    0x00002f8c   0x00002f8c   0x0000004c   Code   RO         2035    .text               C:\Keil_v5\ARM\ARMCC\Bin\..\lib\armlib\c_p.l(fclose.o)
    0x00002fd8   0x00002fd8   0x00000040   Code   RO         2051    .text               C:\Keil_v5\ARM\ARMCC\Bin\..\lib\armlib\c_p.l(_wcrtomb.o)
    0x00003018   0x00003018   0x0000000c   Code   RO         2056    .text               C:\Keil_v5\ARM\ARMCC\Bin\..\lib\armlib\c_p.l(defsig_exit.o)
    0x00003024   0x00003024   0x0000000c   Code   RO         2058    .text               C:\Keil_v5\ARM\ARMCC\Bin\..\lib\armlib\c_p.l(defsig_rtred_outer.o)
    0x00003030   0x00003030   0x0000000c   Code   RO         2062    .text               C:\Keil_v5\ARM\ARMCC\Bin\..\lib\armlib\c_p.l(defsig_rtmem_outer.o)
    0x0000303c   0x0000303c   0x00000028   Code   RO         2068    .text               C:\Keil_v5\ARM\ARMCC\Bin\..\lib\armlib\c_p.l(rtudiv10.o)
    0x00003064   0x00003064   0x00000050   Code   RO         2070    .text               C:\Keil_v5\ARM\ARMCC\Bin\..\lib\armlib\c_p.l(heapauxa.o)
    0x000030b4   0x000030b4   0x0000000c   Code   RO         2112    .text               C:\Keil_v5\ARM\ARMCC\Bin\..\lib\armlib\c_p.l(sys_exit.o)
    0x000030c0   0x000030c0   0x00000010   Code   RO         2114    .text               C:\Keil_v5\ARM\ARMCC\Bin\..\lib\armlib\c_p.l(rt_ctype_table.o)
    0x000030d0   0x000030d0   0x00000008   Code   RO         2121    .text               C:\Keil_v5\ARM\ARMCC\Bin\..\lib\armlib\c_p.l(rt_errno_addr.o)
    0x000030d8   0x000030d8   0x000001f0   Code   RO         2128    .text               C:\Keil_v5\ARM\ARMCC\Bin\..\lib\armlib\c_p.l(flsbuf.o)
    0x000032c8   0x000032c8   0x00000034   Code   RO         2134    .text               C:\Keil_v5\ARM\ARMCC\Bin\..\lib\armlib\c_p.l(defsig_general.o)
    0x000032fc   0x000032fc   0x00000034   Code   RO         2140    .text               C:\Keil_v5\ARM\ARMCC\Bin\..\lib\armlib\c_p.l(defsig_rtred_inner.o)
    0x00003330   0x00003330   0x00000050   Code   RO         2142    .text               C:\Keil_v5\ARM\ARMCC\Bin\..\lib\armlib\c_p.l(defsig_rtmem_inner.o)
    0x00003380   0x00003380   0x0000000c   Code   RO         2157    .text               C:\Keil_v5\ARM\ARMCC\Bin\..\lib\armlib\c_p.l(sys_wrch.o)
    0x0000338c   0x0000338c   0x00000002   Code   RO         2159    .text               C:\Keil_v5\ARM\ARMCC\Bin\..\lib\armlib\c_p.l(use_no_semi.o)
    0x0000338e   0x0000338e   0x00000000   Code   RO         2161    .text               C:\Keil_v5\ARM\ARMCC\Bin\..\lib\armlib\c_p.l(indicate_semi.o)
    0x0000338e   0x0000338e   0x0000000c   Code   RO          550    i.$Sub$$main        mbed/TARGET_KL25Z/TOOLCHAIN_ARM_STD/retarget.o
    0x0000339a   0x0000339a   0x00000010   Code   RO          477    i.NMI_Handler       mbed/TARGET_KL25Z/TOOLCHAIN_ARM_STD/mbed_overrides.o
    0x000033aa   0x000033aa   0x00000002   PAD
    0x000033ac   0x000033ac   0x00000034   Code   RO          385    i.NVIC_SetVector    mbed/TARGET_KL25Z/TOOLCHAIN_ARM_STD/cmsis_nvic.o
    0x000033e0   0x000033e0   0x00000098   Code   RO          781    i.SystemInit        mbed/TARGET_KL25Z/TOOLCHAIN_ARM_STD/system_MKL25Z4.o
    0x00003478   0x00003478   0x0000002c   Code   RO         1203    i._ZN4mbed3I2C4lockEv  mbed/TARGET_KL25Z/TOOLCHAIN_ARM_STD/mbed.ar(I2C.o)
    0x000034a4   0x000034a4   0x00000064   Code   RO         1205    i._ZN4mbed3I2C4readEiPcib  mbed/TARGET_KL25Z/TOOLCHAIN_ARM_STD/mbed.ar(I2C.o)
    0x00003508   0x00003508   0x00000064   Code   RO         1209    i._ZN4mbed3I2C5writeEiPKcib  mbed/TARGET_KL25Z/TOOLCHAIN_ARM_STD/mbed.ar(I2C.o)
    0x0000356c   0x0000356c   0x0000002c   Code   RO         1211    i._ZN4mbed3I2C6unlockEv  mbed/TARGET_KL25Z/TOOLCHAIN_ARM_STD/mbed.ar(I2C.o)
    0x00003598   0x00003598   0x0000002c   Code   RO         1213    i._ZN4mbed3I2CC1E7PinNameS1_  mbed/TARGET_KL25Z/TOOLCHAIN_ARM_STD/mbed.ar(I2C.o)
    0x000035c4   0x000035c4   0x0000003c   Code   RO         1259    i._ZN4mbed5Timer4readEv  mbed/TARGET_KL25Z/TOOLCHAIN_ARM_STD/mbed.ar(Timer.o)
    0x00003600   0x00003600   0x00000032   Code   RO         1260    i._ZN4mbed5Timer4stopEv  mbed/TARGET_KL25Z/TOOLCHAIN_ARM_STD/mbed.ar(Timer.o)
    0x00003632   0x00003632   0x00000020   Code   RO         1262    i._ZN4mbed5Timer5startEv  mbed/TARGET_KL25Z/TOOLCHAIN_ARM_STD/mbed.ar(Timer.o)
    0x00003652   0x00003652   0x00000028   Code   RO         1267    i._ZN4mbed5TimerC1Ev  mbed/TARGET_KL25Z/TOOLCHAIN_ARM_STD/mbed.ar(Timer.o)
    0x0000367a   0x0000367a   0x0000001a   Code   RO           40    i._ZN4mbed6PwmOutC1E7PinName  .\build\main.o
    0x00003694   0x00003694   0x0000001e   Code   RO           28    i._ZN4mbed6PwmOutaSEf  .\build\main.o
    0x000036b2   0x000036b2   0x00000002   PAD
    0x000036b4   0x000036b4   0x00000070   Code   RO         1434    i._ZN4mbed8FileBase6lookupEPKcj  mbed/TARGET_KL25Z/TOOLCHAIN_ARM_STD/mbed.ar(FileBase.o)
    0x00003724   0x00003724   0x0000001a   Code   RO         1108    i._ZN4mbed8FilePath10fileSystemEv  mbed/TARGET_KL25Z/TOOLCHAIN_ARM_STD/mbed.ar(FilePath.o)
    0x0000373e   0x0000373e   0x00000020   Code   RO         1110    i._ZN4mbed8FilePath4fileEv  mbed/TARGET_KL25Z/TOOLCHAIN_ARM_STD/mbed.ar(FilePath.o)
    0x0000375e   0x0000375e   0x0000000a   Code   RO         1111    i._ZN4mbed8FilePath6existsEv  mbed/TARGET_KL25Z/TOOLCHAIN_ARM_STD/mbed.ar(FilePath.o)
    0x00003768   0x00003768   0x00000018   Code   RO         1112    i._ZN4mbed8FilePath6isFileEv  mbed/TARGET_KL25Z/TOOLCHAIN_ARM_STD/mbed.ar(FilePath.o)
    0x00003780   0x00003780   0x00000044   Code   RO         1114    i._ZN4mbed8FilePathC1EPKc  mbed/TARGET_KL25Z/TOOLCHAIN_ARM_STD/mbed.ar(FilePath.o)
    0x000037c4   0x000037c4   0x00000038   Code   RO          806    i._ZN8MMA8451Q10getAccAxisEh  .\build\mma8451q.o
    0x000037fc   0x000037fc   0x00000030   Code   RO          808    i._ZN8MMA8451Q7getAccXEv  .\build\mma8451q.o
    0x0000382c   0x0000382c   0x00000030   Code   RO          809    i._ZN8MMA8451Q7getAccYEv  .\build\mma8451q.o
    0x0000385c   0x0000385c   0x00000030   Code   RO          810    i._ZN8MMA8451Q7getAccZEv  .\build\mma8451q.o
    0x0000388c   0x0000388c   0x00000030   Code   RO          811    i._ZN8MMA8451Q8readRegsEiPhi  .\build\mma8451q.o
    0x000038bc   0x000038bc   0x0000001a   Code   RO          813    i._ZN8MMA8451Q9writeRegsEPhi  .\build\mma8451q.o
    0x000038d6   0x000038d6   0x00000002   PAD
    0x000038d8   0x000038d8   0x00000030   Code   RO          814    i._ZN8MMA8451QC1E7PinNameS0_i  .\build\mma8451q.o
    0x00003908   0x00003908   0x0000000a   Code   RO           34    i._ZSt3absf         .\build\main.o
    0x00003912   0x00003912   0x00000030   Code   RO         2021    i.__ARM_common_ll_muluu  C:\Keil_v5\ARM\ARMCC\Bin\..\lib\armlib\c_p.l(btod.o)
    0x00003942   0x00003942   0x00000002   PAD
    0x00003944   0x00003944   0x0000002c   Code   RO         2110    i.__ARM_fpclassify  C:\Keil_v5\ARM\ARMCC\Bin\..\lib\armlib\m_ps.l(fpclassify.o)
    0x00003970   0x00003970   0x00000010   Code   RO            3    i.__sti___8_main_cpp_t  .\build\main.o
    0x00003980   0x00003980   0x00000010   Code   RO          775    i.__user_setup_stackheap  mbed/TARGET_KL25Z/TOOLCHAIN_ARM_STD/sys.o
    0x00003990   0x00003990   0x0000000e   Code   RO         1561    i._is_digit         C:\Keil_v5\ARM\ARMCC\Bin\..\lib\armlib\c_p.l(__printf_wp.o)
    0x0000399e   0x0000399e   0x00000008   Code   RO          563    i._platform_post_stackheap_init  mbed/TARGET_KL25Z/TOOLCHAIN_ARM_STD/retarget.o
    0x000039a6   0x000039a6   0x00000002   PAD
    0x000039a8   0x000039a8   0x0000002c   Code   RO          564    i._sys_close        mbed/TARGET_KL25Z/TOOLCHAIN_ARM_STD/retarget.o
    0x000039d4   0x000039d4   0x00000028   Code   RO          567    i._sys_flen         mbed/TARGET_KL25Z/TOOLCHAIN_ARM_STD/retarget.o
    0x000039fc   0x000039fc   0x00000028   Code   RO          568    i._sys_istty        mbed/TARGET_KL25Z/TOOLCHAIN_ARM_STD/retarget.o
    0x00003a24   0x00003a24   0x000001cc   Code   RO          569    i._sys_open         mbed/TARGET_KL25Z/TOOLCHAIN_ARM_STD/retarget.o
    0x00003bf0   0x00003bf0   0x00000028   Code   RO          571    i._sys_seek         mbed/TARGET_KL25Z/TOOLCHAIN_ARM_STD/retarget.o
    0x00003c18   0x00003c18   0x0000006c   Code   RO          572    i._sys_write        mbed/TARGET_KL25Z/TOOLCHAIN_ARM_STD/retarget.o
    0x00003c84   0x00003c84   0x0000008c   Code   RO         1354    i.core_util_critical_section_enter  mbed/TARGET_KL25Z/TOOLCHAIN_ARM_STD/mbed.ar(mbed_critical.o)
    0x00003d10   0x00003d10   0x00000058   Code   RO         1355    i.core_util_critical_section_exit  mbed/TARGET_KL25Z/TOOLCHAIN_ARM_STD/mbed.ar(mbed_critical.o)
    0x00003d68   0x00003d68   0x00000012   Code   RO         1377    i.error             mbed/TARGET_KL25Z/TOOLCHAIN_ARM_STD/mbed.ar(mbed_error.o)
    0x00003d7a   0x00003d7a   0x00000002   PAD
    0x00003d7c   0x00003d7c   0x0000002c   Code   RO          574    i.exit              mbed/TARGET_KL25Z/TOOLCHAIN_ARM_STD/retarget.o
    0x00003da8   0x00003da8   0x0000001e   Code   RO         2024    i.fputc             C:\Keil_v5\ARM\ARMCC\Bin\..\lib\armlib\c_p.l(fputc.o)
    0x00003dc6   0x00003dc6   0x00000002   PAD
    0x00003dc8   0x00003dc8   0x00000008   Code   RO         1324    i.get_us_ticker_data  mbed/TARGET_KL25Z/TOOLCHAIN_ARM_STD/mbed.ar(mbed_us_ticker_api.o)
    0x00003dd0   0x00003dd0   0x00000054   Code   RO          392    i.gpio_dir          mbed/TARGET_KL25Z/TOOLCHAIN_ARM_STD/gpio_api.o
    0x00003e24   0x00003e24   0x0000003c   Code   RO          393    i.gpio_init         mbed/TARGET_KL25Z/TOOLCHAIN_ARM_STD/gpio_api.o
    0x00003e60   0x00003e60   0x00000022   Code   RO         1293    i.gpio_init_in      mbed/TARGET_KL25Z/TOOLCHAIN_ARM_STD/mbed.ar(mbed_gpio.o)
    0x00003e82   0x00003e82   0x00000002   PAD
    0x00003e84   0x00003e84   0x00000040   Code   RO         1296    i.gpio_init_out     mbed/TARGET_KL25Z/TOOLCHAIN_ARM_STD/mbed.ar(mbed_gpio.o)
    0x00003ec4   0x00003ec4   0x00000060   Code   RO         1297    i.gpio_init_out_ex  mbed/TARGET_KL25Z/TOOLCHAIN_ARM_STD/mbed.ar(mbed_gpio.o)
    0x00003f24   0x00003f24   0x0000000e   Code   RO          394    i.gpio_mode         mbed/TARGET_KL25Z/TOOLCHAIN_ARM_STD/gpio_api.o
    0x00003f32   0x00003f32   0x00000002   PAD
    0x00003f34   0x00003f34   0x00000058   Code   RO          430    i.i2c_do_write      mbed/TARGET_KL25Z/TOOLCHAIN_ARM_STD/i2c_api.o
    0x00003f8c   0x00003f8c   0x00000084   Code   RO          431    i.i2c_frequency     mbed/TARGET_KL25Z/TOOLCHAIN_ARM_STD/i2c_api.o
    0x00004010   0x00004010   0x00000134   Code   RO          432    i.i2c_init          mbed/TARGET_KL25Z/TOOLCHAIN_ARM_STD/i2c_api.o
    0x00004144   0x00004144   0x00000110   Code   RO          433    i.i2c_read          mbed/TARGET_KL25Z/TOOLCHAIN_ARM_STD/i2c_api.o
    0x00004254   0x00004254   0x0000002c   Code   RO          441    i.i2c_stop          mbed/TARGET_KL25Z/TOOLCHAIN_ARM_STD/i2c_api.o
    0x00004280   0x00004280   0x00000034   Code   RO          442    i.i2c_wait_end_rx_transfer  mbed/TARGET_KL25Z/TOOLCHAIN_ARM_STD/i2c_api.o
    0x000042b4   0x000042b4   0x000000c4   Code   RO          443    i.i2c_write         mbed/TARGET_KL25Z/TOOLCHAIN_ARM_STD/i2c_api.o
    0x00004378   0x00004378   0x00000060   Code   RO          789    i.lptmr_isr         mbed/TARGET_KL25Z/TOOLCHAIN_ARM_STD/us_ticker.o
    0x000043d8   0x000043d8   0x00000138   Code   RO            4    i.main              .\build\main.o
    0x00004510   0x00004510   0x00000054   Code   RO         1335    i.mbed_assert_internal  mbed/TARGET_KL25Z/TOOLCHAIN_ARM_STD/mbed.ar(mbed_assert.o)
    0x00004564   0x00004564   0x00000070   Code   RO          466    i.mbed_die          mbed/TARGET_KL25Z/TOOLCHAIN_ARM_STD/mbed_board.o
    0x000045d4   0x000045d4   0x00000058   Code   RO          467    i.mbed_error_printf  mbed/TARGET_KL25Z/TOOLCHAIN_ARM_STD/mbed_board.o
    0x0000462c   0x0000462c   0x00000050   Code   RO          468    i.mbed_error_vfprintf  mbed/TARGET_KL25Z/TOOLCHAIN_ARM_STD/mbed_board.o
    0x0000467c   0x0000467c   0x00000008   Code   RO         1383    i.mbed_interface_connected  mbed/TARGET_KL25Z/TOOLCHAIN_ARM_STD/mbed.ar(mbed_interface.o)
    0x00004684   0x00004684   0x00000064   Code   RO          499    i.pin_function      mbed/TARGET_KL25Z/TOOLCHAIN_ARM_STD/pinmap.o
    0x000046e8   0x000046e8   0x00000040   Code   RO          500    i.pin_mode          mbed/TARGET_KL25Z/TOOLCHAIN_ARM_STD/pinmap.o
    0x00004728   0x00004728   0x00000034   Code   RO         1311    i.pinmap_merge      mbed/TARGET_KL25Z/TOOLCHAIN_ARM_STD/mbed.ar(mbed_pinmap_common.o)
    0x0000475c   0x0000475c   0x0000005c   Code   RO         1312    i.pinmap_peripheral  mbed/TARGET_KL25Z/TOOLCHAIN_ARM_STD/mbed.ar(mbed_pinmap_common.o)
    0x000047b8   0x000047b8   0x00000054   Code   RO         1313    i.pinmap_pinout     mbed/TARGET_KL25Z/TOOLCHAIN_ARM_STD/mbed.ar(mbed_pinmap_common.o)
    0x0000480c   0x0000480c   0x00000234   Code   RO          525    i.pwmout_init       mbed/TARGET_KL25Z/TOOLCHAIN_ARM_STD/pwmout_api.o
    0x00004a40   0x00004a40   0x0000008c   Code   RO          528    i.pwmout_period_us  mbed/TARGET_KL25Z/TOOLCHAIN_ARM_STD/pwmout_api.o
    0x00004acc   0x00004acc   0x0000003c   Code   RO          533    i.pwmout_write      mbed/TARGET_KL25Z/TOOLCHAIN_ARM_STD/pwmout_api.o
    0x00004b08   0x00004b08   0x0000000c   Code   RO         1403    i.semihost_connected  mbed/TARGET_KL25Z/TOOLCHAIN_ARM_STD/mbed.ar(mbed_semihost_api.o)
    0x00004b14   0x00004b14   0x0000000c   Code   RO         1405    i.semihost_exit     mbed/TARGET_KL25Z/TOOLCHAIN_ARM_STD/mbed.ar(mbed_semihost_api.o)
    0x00004b20   0x00004b20   0x00000180   Code   RO          703    i.serial_baud       mbed/TARGET_KL25Z/TOOLCHAIN_ARM_STD/serial_api.o
    0x00004ca0   0x00004ca0   0x000000d4   Code   RO          707    i.serial_format     mbed/TARGET_KL25Z/TOOLCHAIN_ARM_STD/serial_api.o
    0x00004d74   0x00004d74   0x0000018c   Code   RO          710    i.serial_init       mbed/TARGET_KL25Z/TOOLCHAIN_ARM_STD/serial_api.o
    0x00004f00   0x00004f00   0x00000024   Code   RO          714    i.serial_putc       mbed/TARGET_KL25Z/TOOLCHAIN_ARM_STD/serial_api.o
    0x00004f24   0x00004f24   0x0000004a   Code   RO         1467    i.ticker_irq_handler  mbed/TARGET_KL25Z/TOOLCHAIN_ARM_STD/mbed.ar(mbed_ticker_api.o)
    0x00004f6e   0x00004f6e   0x00000006   Code   RO         1468    i.ticker_read       mbed/TARGET_KL25Z/TOOLCHAIN_ARM_STD/mbed.ar(mbed_ticker_api.o)
    0x00004f74   0x00004f74   0x00000002   Code   RO          790    i.us_ticker_clear_interrupt  mbed/TARGET_KL25Z/TOOLCHAIN_ARM_STD/us_ticker.o
    0x00004f76   0x00004f76   0x00000002   PAD
    0x00004f78   0x00004f78   0x00000010   Code   RO          791    i.us_ticker_disable_interrupt  mbed/TARGET_KL25Z/TOOLCHAIN_ARM_STD/us_ticker.o
    0x00004f88   0x00004f88   0x000001bc   Code   RO          792    i.us_ticker_init    mbed/TARGET_KL25Z/TOOLCHAIN_ARM_STD/us_ticker.o
    0x00005144   0x00005144   0x00000010   Code   RO         1325    i.us_ticker_irq_handler  mbed/TARGET_KL25Z/TOOLCHAIN_ARM_STD/mbed.ar(mbed_us_ticker_api.o)
    0x00005154   0x00005154   0x00000020   Code   RO          793    i.us_ticker_read    mbed/TARGET_KL25Z/TOOLCHAIN_ARM_STD/us_ticker.o
    0x00005174   0x00005174   0x00000074   Code   RO          794    i.us_ticker_set_interrupt  mbed/TARGET_KL25Z/TOOLCHAIN_ARM_STD/us_ticker.o
    0x000051e8   0x000051e8   0x00000024   Code   RO         1422    i.wait              mbed/TARGET_KL25Z/TOOLCHAIN_ARM_STD/mbed.ar(mbed_wait_api_no_rtos.o)
    0x0000520c   0x0000520c   0x0000001c   Code   RO         1423    i.wait_ms           mbed/TARGET_KL25Z/TOOLCHAIN_ARM_STD/mbed.ar(mbed_wait_api_no_rtos.o)
    0x00005228   0x00005228   0x0000002c   Code   RO         2054    locale$$code        C:\Keil_v5\ARM\ARMCC\Bin\..\lib\armlib\c_p.l(lc_numeric_c.o)
    0x00005254   0x00005254   0x0000002c   Code   RO         2173    locale$$code        C:\Keil_v5\ARM\ARMCC\Bin\..\lib\armlib\c_p.l(lc_ctype_c.o)
    0x00005280   0x00005280   0x0000002c   Code   RO         1458    t._ZN12SingletonPtrI13PlatformMutexEptEv  mbed/TARGET_KL25Z/TOOLCHAIN_ARM_STD/mbed.ar(FileBase.o)
    0x000052ac   0x000052ac   0x0000008c   Code   RO         1739    x$fpl$fadd          C:\Keil_v5\ARM\ARMCC\Bin\..\lib\armlib\fz_ps.l(faddsub.o)
    0x00005338   0x00005338   0x000000b0   Code   RO         1754    x$fpl$fmul          C:\Keil_v5\ARM\ARMCC\Bin\..\lib\armlib\fz_ps.l(fmul.o)
    0x000053e8   0x000053e8   0x000000d0   Code   RO         1741    x$fpl$fsub          C:\Keil_v5\ARM\ARMCC\Bin\..\lib\armlib\fz_ps.l(faddsub.o)
    0x000054b8   0x000054b8   0x00000010   Code   RO         1758    x$fpl$printf1       C:\Keil_v5\ARM\ARMCC\Bin\..\lib\armlib\fz_ps.l(printf1.o)
    0x000054c8   0x000054c8   0x00000010   Code   RO         1955    x$fpl$printf2       C:\Keil_v5\ARM\ARMCC\Bin\..\lib\armlib\fz_ps.l(printf2.o)
    0x000054d8   0x000054d8   0x00000000   Code   RO         1961    x$fpl$usenofp       C:\Keil_v5\ARM\ARMCC\Bin\..\lib\armlib\fz_ps.l(usenofp.o)
    0x000054d8   0x000054d8   0x00000080   Data   RO          444    .constdata          mbed/TARGET_KL25Z/TOOLCHAIN_ARM_STD/i2c_api.o
    0x00005558   0x00005558   0x0000006c   Data   RO          486    .constdata          mbed/TARGET_KL25Z/TOOLCHAIN_ARM_STD/PeripheralPins.o
    0x000055c4   0x000055c4   0x00000060   Data   RO          487    .constdata          mbed/TARGET_KL25Z/TOOLCHAIN_ARM_STD/PeripheralPins.o
    0x00005624   0x00005624   0x0000006c   Data   RO          488    .constdata          mbed/TARGET_KL25Z/TOOLCHAIN_ARM_STD/PeripheralPins.o
    0x00005690   0x00005690   0x0000006c   Data   RO          489    .constdata          mbed/TARGET_KL25Z/TOOLCHAIN_ARM_STD/PeripheralPins.o
    0x000056fc   0x000056fc   0x000001bc   Data   RO          494    .constdata          mbed/TARGET_KL25Z/TOOLCHAIN_ARM_STD/PeripheralPins.o
    0x000058b8   0x000058b8   0x00000017   Data   RO          625    .constdata          mbed/TARGET_KL25Z/TOOLCHAIN_ARM_STD/retarget.o
    0x000058cf   0x000058cf   0x00000001   PAD
    0x000058d0   0x000058d0   0x00000014   Data   RO         1326    .constdata          mbed/TARGET_KL25Z/TOOLCHAIN_ARM_STD/mbed.ar(mbed_us_ticker_api.o)
    0x000058e4   0x000058e4   0x00000008   Data   RO         1327    .constdata          mbed/TARGET_KL25Z/TOOLCHAIN_ARM_STD/mbed.ar(mbed_us_ticker_api.o)
    0x000058ec   0x000058ec   0x00000011   Data   RO         1569    .constdata          C:\Keil_v5\ARM\ARMCC\Bin\..\lib\armlib\c_p.l(__printf_flags_ss_wp.o)
    0x000058fd   0x000058fd   0x00000080   Data   RO         1735    .constdata          C:\Keil_v5\ARM\ARMCC\Bin\..\lib\armlib\fz_ps.l(ddiv.o)
    0x0000597d   0x0000597d   0x00000040   Data   RO         1746    .constdata          C:\Keil_v5\ARM\ARMCC\Bin\..\lib\armlib\fz_ps.l(fdiv.o)
    0x000059bd   0x000059bd   0x00000003   PAD
    0x000059c0   0x000059c0   0x00000008   Data   RO         1811    .constdata          C:\Keil_v5\ARM\ARMCC\Bin\..\lib\armlib\c_p.l(_printf_wctomb.o)
    0x000059c8   0x000059c8   0x00000028   Data   RO         1840    .constdata          C:\Keil_v5\ARM\ARMCC\Bin\..\lib\armlib\c_p.l(_printf_hex_int_ll_ptr.o)
    0x000059f0   0x000059f0   0x00000026   Data   RO         2004    .constdata          C:\Keil_v5\ARM\ARMCC\Bin\..\lib\armlib\c_p.l(_printf_fp_hex.o)
    0x00005a16   0x00005a16   0x00000002   PAD
    0x00005a18   0x00005a18   0x00000094   Data   RO         2017    .constdata          C:\Keil_v5\ARM\ARMCC\Bin\..\lib\armlib\c_p.l(bigflt0.o)
    0x00005aac   0x00005aac   0x00000018   Data   RO         1248    .constdata__ZTVN4mbed3I2CE  mbed/TARGET_KL25Z/TOOLCHAIN_ARM_STD/mbed.ar(I2C.o)
    0x00005ac4   0x00005ac4   0x00000014   Data   RO          687    .constdata__ZZN12SingletonPtrI13PlatformMutexE3getEvEs  mbed/TARGET_KL25Z/TOOLCHAIN_ARM_STD/retarget.o
    0x00005ad8   0x00005ad8   0x0000004d   Data   RO          688    .constdata__ZZN12SingletonPtrI13PlatformMutexE3getEvEs_0  mbed/TARGET_KL25Z/TOOLCHAIN_ARM_STD/retarget.o
    0x00005b25   0x00005b25   0x00000003   PAD
    0x00005b28   0x00005b28   0x0000005a   Data   RO          396    .conststring        mbed/TARGET_KL25Z/TOOLCHAIN_ARM_STD/gpio_api.o
    0x00005b82   0x00005b82   0x00000002   PAD
    0x00005b84   0x00005b84   0x00000059   Data   RO          445    .conststring        mbed/TARGET_KL25Z/TOOLCHAIN_ARM_STD/i2c_api.o
    0x00005bdd   0x00005bdd   0x00000003   PAD
    0x00005be0   0x00005be0   0x0000006d   Data   RO          469    .conststring        mbed/TARGET_KL25Z/TOOLCHAIN_ARM_STD/mbed_board.o
    0x00005c4d   0x00005c4d   0x00000003   PAD
    0x00005c50   0x00005c50   0x00000058   Data   RO          501    .conststring        mbed/TARGET_KL25Z/TOOLCHAIN_ARM_STD/pinmap.o
    0x00005ca8   0x00005ca8   0x0000005c   Data   RO          534    .conststring        mbed/TARGET_KL25Z/TOOLCHAIN_ARM_STD/pwmout_api.o
    0x00005d04   0x00005d04   0x000000b5   Data   RO          721    .conststring        mbed/TARGET_KL25Z/TOOLCHAIN_ARM_STD/serial_api.o
    0x00005db9   0x00005db9   0x00000003   PAD
    0x00005dbc   0x00005dbc   0x00000043   Data   RO         1356    .conststring        mbed/TARGET_KL25Z/TOOLCHAIN_ARM_STD/mbed.ar(mbed_critical.o)
    0x00005dff   0x00005dff   0x00000001   PAD
    0x00005e00   0x00005e00   0x00000020   Data   RO         2199    Region$$Table       anon$$obj.o
    0x00005e20   0x00005e20   0x0000001c   Data   RO         2053    locale$$data        C:\Keil_v5\ARM\ARMCC\Bin\..\lib\armlib\c_p.l(lc_numeric_c.o)
    0x00005e3c   0x00005e3c   0x00000110   Data   RO         2172    locale$$data        C:\Keil_v5\ARM\ARMCC\Bin\..\lib\armlib\c_p.l(lc_ctype_c.o)
    0x00005f4c   0x00005f4c   0x00000004   Data   RO            9    .init_array         .\build\main.o
    0x00005f50   0x00005f4c   0x00000000   Data   RO         1618    .init_array         C:\Keil_v5\ARM\ARMCC\Bin\..\lib\armlib\c_p.l(init_aeabi.o)


    Execution Region RW_IRAM1 (Exec base: 0x1ffff0c0, Load base: 0x00005f50, Size: 0x000001d4, Max: 0x00003f40, ABSOLUTE)

    Exec Addr    Load Addr    Size         Type   Attr      Idx    E Section Name        Object

    0x1ffff0c0   0x00005f50   0x00000004   Data   RW            8    .data               .\build\main.o
    0x1ffff0c4   0x00005f54   0x00000004   Data   RW          535    .data               mbed/TARGET_KL25Z/TOOLCHAIN_ARM_STD/pwmout_api.o
    0x1ffff0c8   0x00005f58   0x00000008   Data   RW          628    .data               mbed/TARGET_KL25Z/TOOLCHAIN_ARM_STD/retarget.o
    0x1ffff0d0   0x00005f60   0x00000010   Data   RW          722    .data               mbed/TARGET_KL25Z/TOOLCHAIN_ARM_STD/serial_api.o
    0x1ffff0e0   0x00005f70   0x00000004   Data   RW          782    .data               mbed/TARGET_KL25Z/TOOLCHAIN_ARM_STD/system_MKL25Z4.o
    0x1ffff0e4   0x00005f74   0x0000000c   Data   RW          795    .data               mbed/TARGET_KL25Z/TOOLCHAIN_ARM_STD/us_ticker.o
    0x1ffff0f0   0x00005f80   0x0000000c   Data   RW         1225    .data               mbed/TARGET_KL25Z/TOOLCHAIN_ARM_STD/mbed.ar(I2C.o)
    0x1ffff0fc   0x00005f8c   0x00000008   Data   RW         1328    .data               mbed/TARGET_KL25Z/TOOLCHAIN_ARM_STD/mbed.ar(mbed_us_ticker_api.o)
    0x1ffff104   0x00005f94   0x00000008   Data   RW         1357    .data               mbed/TARGET_KL25Z/TOOLCHAIN_ARM_STD/mbed.ar(mbed_critical.o)
    0x1ffff10c   0x00005f9c   0x00000004   Data   RW         1410    .data               mbed/TARGET_KL25Z/TOOLCHAIN_ARM_STD/mbed.ar(mbed_semihost_api.o)
    0x1ffff110   0x00005fa0   0x0000000c   Data   RW         1446    .data               mbed/TARGET_KL25Z/TOOLCHAIN_ARM_STD/mbed.ar(FileBase.o)
    0x1ffff11c   0x00005fac   0x00000004   Data   RW         1590    .data               C:\Keil_v5\ARM\ARMCC\Bin\..\lib\armlib\c_p.l(stdio_streams.o)
    0x1ffff120   0x00005fb0   0x00000004   Data   RW         1591    .data               C:\Keil_v5\ARM\ARMCC\Bin\..\lib\armlib\c_p.l(stdio_streams.o)
    0x1ffff124   0x00005fb4   0x00000004   Data   RW         1592    .data               C:\Keil_v5\ARM\ARMCC\Bin\..\lib\armlib\c_p.l(stdio_streams.o)
    0x1ffff128   0x00005fb8   0x00000004   Data   RW         2071    .data               C:\Keil_v5\ARM\ARMCC\Bin\..\lib\armlib\c_p.l(heapauxa.o)
    0x1ffff12c        -       0x00000010   Zero   RW            7    .bss                .\build\main.o
    0x1ffff13c        -       0x00000040   Zero   RW          624    .bss                mbed/TARGET_KL25Z/TOOLCHAIN_ARM_STD/retarget.o
    0x1ffff17c        -       0x00000054   Zero   RW         1587    .bss                C:\Keil_v5\ARM\ARMCC\Bin\..\lib\armlib\c_p.l(stdio_streams.o)
    0x1ffff1d0        -       0x00000054   Zero   RW         1588    .bss                C:\Keil_v5\ARM\ARMCC\Bin\..\lib\armlib\c_p.l(stdio_streams.o)
    0x1ffff224        -       0x00000054   Zero   RW         1589    .bss                C:\Keil_v5\ARM\ARMCC\Bin\..\lib\armlib\c_p.l(stdio_streams.o)
    0x1ffff278        -       0x00000004   Zero   RW         1768    .bss                C:\Keil_v5\ARM\ARMCC\Bin\..\lib\armlib\c_p.l(rt_heap_descriptor.o)
    0x1ffff27c        -       0x00000014   Zero   RW         1985    .bss                C:\Keil_v5\ARM\ARMCC\Bin\..\lib\armlib\c_p.l(rt_locale.o)
    0x1ffff290        -       0x00000004   Zero   RW         2122    .bss                C:\Keil_v5\ARM\ARMCC\Bin\..\lib\armlib\c_p.l(rt_errno_addr.o)


==============================================================================

Image component sizes


      Code (inc. data)   RO Data    RW Data    ZI Data      Debug   Object Name

         0          0        864          0          0          0   mbed/TARGET_KL25Z/TOOLCHAIN_ARM_STD/PeripheralPins.o
        52          8          0          0          0         80   mbed/TARGET_KL25Z/TOOLCHAIN_ARM_STD/cmsis_nvic.o
       158         34         90          0          0        212   mbed/TARGET_KL25Z/TOOLCHAIN_ARM_STD/gpio_api.o
      1092         82        217          0          0        556   mbed/TARGET_KL25Z/TOOLCHAIN_ARM_STD/i2c_api.o
       394         82          4          4         16     106495   .\build\main.o
       280         52        109          0          0        244   mbed/TARGET_KL25Z/TOOLCHAIN_ARM_STD/mbed_board.o
        16          0          0          0          0         72   mbed/TARGET_KL25Z/TOOLCHAIN_ARM_STD/mbed_overrides.o
       322         30          0          0          0       6920   .\build\mma8451q.o
       164         60         88          0          0        144   mbed/TARGET_KL25Z/TOOLCHAIN_ARM_STD/pinmap.o
       764         94         92          4          0        232   mbed/TARGET_KL25Z/TOOLCHAIN_ARM_STD/pwmout_api.o
       796         86        120          8         64        624   mbed/TARGET_KL25Z/TOOLCHAIN_ARM_STD/retarget.o
      1028        168        181         16          0        308   mbed/TARGET_KL25Z/TOOLCHAIN_ARM_STD/serial_api.o
        44         24        192          0          0        164   mbed/TARGET_KL25Z/TOOLCHAIN_ARM_STD/startup_MKL25Z4.o
        16          6          0          0          0         60   mbed/TARGET_KL25Z/TOOLCHAIN_ARM_STD/sys.o
       152         32          0          4          0         60   mbed/TARGET_KL25Z/TOOLCHAIN_ARM_STD/system_MKL25Z4.o
       706        110          0         12          0        408   mbed/TARGET_KL25Z/TOOLCHAIN_ARM_STD/us_ticker.o

    ----------------------------------------------------------------------
      5996        868       2004         48         80     116579   Object Totals
         0          0         32          0          0          0   (incl. Generated)
        12          0         15          0          0          0   (incl. Padding)

    ----------------------------------------------------------------------

      Code (inc. data)   RO Data    RW Data    ZI Data      Debug   Library Member Name

        64         10          0          0          0         84   C:\Keil_v5\ARM\ARMCC\Bin\..\lib\armlib\c_p.l(__0sscanf.o)
        28          6          0          0          0         84   C:\Keil_v5\ARM\ARMCC\Bin\..\lib\armlib\c_p.l(__2printf.o)
         8          0          0          0          0         68   C:\Keil_v5\ARM\ARMCC\Bin\..\lib\armlib\c_p.l(__main.o)
       392          6         17          0          0         76   C:\Keil_v5\ARM\ARMCC\Bin\..\lib\armlib\c_p.l(__printf_flags_ss_wp.o)
        14          0          0          0          0         60   C:\Keil_v5\ARM\ARMCC\Bin\..\lib\armlib\c_p.l(__printf_wp.o)
         0          0          0          0          0          0   C:\Keil_v5\ARM\ARMCC\Bin\..\lib\armlib\c_p.l(__rtentry.o)
        20          0          0          0          0          0   C:\Keil_v5\ARM\ARMCC\Bin\..\lib\armlib\c_p.l(__rtentry2.o)
         6          0          0          0          0          0   C:\Keil_v5\ARM\ARMCC\Bin\..\lib\armlib\c_p.l(__rtentry4.o)
        60          8          0          0          0          0   C:\Keil_v5\ARM\ARMCC\Bin\..\lib\armlib\c_p.l(__scatter.o)
        26          0          0          0          0          0   C:\Keil_v5\ARM\ARMCC\Bin\..\lib\armlib\c_p.l(__scatter_copy.o)
        28          0          0          0          0          0   C:\Keil_v5\ARM\ARMCC\Bin\..\lib\armlib\c_p.l(__scatter_zi.o)
        30          0          0          0          0         60   C:\Keil_v5\ARM\ARMCC\Bin\..\lib\armlib\c_p.l(_chval.o)
        10          0          0          0          0          0   C:\Keil_v5\ARM\ARMCC\Bin\..\lib\armlib\c_p.l(_printf_a.o)
        10          0          0          0          0          0   C:\Keil_v5\ARM\ARMCC\Bin\..\lib\armlib\c_p.l(_printf_c.o)
        46          0          0          0          0        100   C:\Keil_v5\ARM\ARMCC\Bin\..\lib\armlib\c_p.l(_printf_char.o)
        48          6          0          0          0         88   C:\Keil_v5\ARM\ARMCC\Bin\..\lib\armlib\c_p.l(_printf_char_common.o)
        40          6          0          0          0         72   C:\Keil_v5\ARM\ARMCC\Bin\..\lib\armlib\c_p.l(_printf_char_file.o)
        38          0          0          0          0         60   C:\Keil_v5\ARM\ARMCC\Bin\..\lib\armlib\c_p.l(_printf_charcount.o)
        10          0          0          0          0          0   C:\Keil_v5\ARM\ARMCC\Bin\..\lib\armlib\c_p.l(_printf_d.o)
       108         18          0          0          0         76   C:\Keil_v5\ARM\ARMCC\Bin\..\lib\armlib\c_p.l(_printf_dec.o)
        10          0          0          0          0          0   C:\Keil_v5\ARM\ARMCC\Bin\..\lib\armlib\c_p.l(_printf_e.o)
        10          0          0          0          0          0   C:\Keil_v5\ARM\ARMCC\Bin\..\lib\armlib\c_p.l(_printf_f.o)
      1048         14          0          0          0        176   C:\Keil_v5\ARM\ARMCC\Bin\..\lib\armlib\c_p.l(_printf_fp_dec.o)
       728         10         38          0          0         84   C:\Keil_v5\ARM\ARMCC\Bin\..\lib\armlib\c_p.l(_printf_fp_hex.o)
       136         16          0          0          0         76   C:\Keil_v5\ARM\ARMCC\Bin\..\lib\armlib\c_p.l(_printf_fp_infnan.o)
        10          0          0          0          0          0   C:\Keil_v5\ARM\ARMCC\Bin\..\lib\armlib\c_p.l(_printf_g.o)
       152          4         40          0          0        148   C:\Keil_v5\ARM\ARMCC\Bin\..\lib\armlib\c_p.l(_printf_hex_int_ll_ptr.o)
        10          0          0          0          0          0   C:\Keil_v5\ARM\ARMCC\Bin\..\lib\armlib\c_p.l(_printf_i.o)
       176          0          0          0          0         84   C:\Keil_v5\ARM\ARMCC\Bin\..\lib\armlib\c_p.l(_printf_intcommon.o)
        10          0          0          0          0          0   C:\Keil_v5\ARM\ARMCC\Bin\..\lib\armlib\c_p.l(_printf_l.o)
        10          0          0          0          0          0   C:\Keil_v5\ARM\ARMCC\Bin\..\lib\armlib\c_p.l(_printf_lc.o)
        10          0          0          0          0          0   C:\Keil_v5\ARM\ARMCC\Bin\..\lib\armlib\c_p.l(_printf_ll.o)
        10          0          0          0          0          0   C:\Keil_v5\ARM\ARMCC\Bin\..\lib\armlib\c_p.l(_printf_lld.o)
        10          0          0          0          0          0   C:\Keil_v5\ARM\ARMCC\Bin\..\lib\armlib\c_p.l(_printf_lli.o)
        10          0          0          0          0          0   C:\Keil_v5\ARM\ARMCC\Bin\..\lib\armlib\c_p.l(_printf_llo.o)
        10          0          0          0          0          0   C:\Keil_v5\ARM\ARMCC\Bin\..\lib\armlib\c_p.l(_printf_llu.o)
        10          0          0          0          0          0   C:\Keil_v5\ARM\ARMCC\Bin\..\lib\armlib\c_p.l(_printf_llx.o)
       112         18          0          0          0         76   C:\Keil_v5\ARM\ARMCC\Bin\..\lib\armlib\c_p.l(_printf_longlong_dec.o)
        10          0          0          0          0          0   C:\Keil_v5\ARM\ARMCC\Bin\..\lib\armlib\c_p.l(_printf_ls.o)
        10          0          0          0          0          0   C:\Keil_v5\ARM\ARMCC\Bin\..\lib\armlib\c_p.l(_printf_n.o)
        10          0          0          0          0          0   C:\Keil_v5\ARM\ARMCC\Bin\..\lib\armlib\c_p.l(_printf_o.o)
       112         10          0          0          0        112   C:\Keil_v5\ARM\ARMCC\Bin\..\lib\armlib\c_p.l(_printf_oct_int_ll.o)
        10          0          0          0          0          0   C:\Keil_v5\ARM\ARMCC\Bin\..\lib\armlib\c_p.l(_printf_p.o)
        78          0          0          0          0        100   C:\Keil_v5\ARM\ARMCC\Bin\..\lib\armlib\c_p.l(_printf_pad.o)
         2          0          0          0          0          0   C:\Keil_v5\ARM\ARMCC\Bin\..\lib\armlib\c_p.l(_printf_percent.o)
         4          0          0          0          0          0   C:\Keil_v5\ARM\ARMCC\Bin\..\lib\armlib\c_p.l(_printf_percent_end.o)
        10          0          0          0          0          0   C:\Keil_v5\ARM\ARMCC\Bin\..\lib\armlib\c_p.l(_printf_s.o)
        82          0          0          0          0         72   C:\Keil_v5\ARM\ARMCC\Bin\..\lib\armlib\c_p.l(_printf_str.o)
        36          0          0          0          0         76   C:\Keil_v5\ARM\ARMCC\Bin\..\lib\armlib\c_p.l(_printf_truncate.o)
        10          0          0          0          0          0   C:\Keil_v5\ARM\ARMCC\Bin\..\lib\armlib\c_p.l(_printf_u.o)
        46          0          0          0          0        100   C:\Keil_v5\ARM\ARMCC\Bin\..\lib\armlib\c_p.l(_printf_wchar.o)
       188          6          8          0          0         80   C:\Keil_v5\ARM\ARMCC\Bin\..\lib\armlib\c_p.l(_printf_wctomb.o)
        10          0          0          0          0          0   C:\Keil_v5\ARM\ARMCC\Bin\..\lib\armlib\c_p.l(_printf_x.o)
       896         16          0          0          0         84   C:\Keil_v5\ARM\ARMCC\Bin\..\lib\armlib\c_p.l(_scanf.o)
       330          0          0          0          0         84   C:\Keil_v5\ARM\ARMCC\Bin\..\lib\armlib\c_p.l(_scanf_int.o)
        68          0          0          0          0         76   C:\Keil_v5\ARM\ARMCC\Bin\..\lib\armlib\c_p.l(_sgetc.o)
        10          0          0          0          0         60   C:\Keil_v5\ARM\ARMCC\Bin\..\lib\armlib\c_p.l(_sputc.o)
        64          0          0          0          0         72   C:\Keil_v5\ARM\ARMCC\Bin\..\lib\armlib\c_p.l(_wcrtomb.o)
       488          0          0          0          0         92   C:\Keil_v5\ARM\ARMCC\Bin\..\lib\armlib\c_p.l(aeabi_sdivfast.o)
       216          6        148          0          0         80   C:\Keil_v5\ARM\ARMCC\Bin\..\lib\armlib\c_p.l(bigflt0.o)
      1456         30          0          0          0        336   C:\Keil_v5\ARM\ARMCC\Bin\..\lib\armlib\c_p.l(btod.o)
        12          0          0          0          0         68   C:\Keil_v5\ARM\ARMCC\Bin\..\lib\armlib\c_p.l(defsig_exit.o)
        52          0          0          0          0         72   C:\Keil_v5\ARM\ARMCC\Bin\..\lib\armlib\c_p.l(defsig_general.o)
        80         58          0          0          0         68   C:\Keil_v5\ARM\ARMCC\Bin\..\lib\armlib\c_p.l(defsig_rtmem_inner.o)
        12          0          0          0          0         68   C:\Keil_v5\ARM\ARMCC\Bin\..\lib\armlib\c_p.l(defsig_rtmem_outer.o)
        52         38          0          0          0         68   C:\Keil_v5\ARM\ARMCC\Bin\..\lib\armlib\c_p.l(defsig_rtred_inner.o)
        12          0          0          0          0         68   C:\Keil_v5\ARM\ARMCC\Bin\..\lib\armlib\c_p.l(defsig_rtred_outer.o)
        76          4          0          0          0         76   C:\Keil_v5\ARM\ARMCC\Bin\..\lib\armlib\c_p.l(fclose.o)
         8          0          0          0          0         60   C:\Keil_v5\ARM\ARMCC\Bin\..\lib\armlib\c_p.l(ferror.o)
       104          4          0          0          0        100   C:\Keil_v5\ARM\ARMCC\Bin\..\lib\armlib\c_p.l(fflush.o)
       496         10          0          0          0         76   C:\Keil_v5\ARM\ARMCC\Bin\..\lib\armlib\c_p.l(flsbuf.o)
       232          8          0          0          0        108   C:\Keil_v5\ARM\ARMCC\Bin\..\lib\armlib\c_p.l(fopen.o)
        30          0          0          0          0         68   C:\Keil_v5\ARM\ARMCC\Bin\..\lib\armlib\c_p.l(fputc.o)
       244          4          0          0          0         76   C:\Keil_v5\ARM\ARMCC\Bin\..\lib\armlib\c_p.l(fseek.o)
        66          0          0          0          0         68   C:\Keil_v5\ARM\ARMCC\Bin\..\lib\armlib\c_p.l(ftell.o)
        98          0          0          0          0         72   C:\Keil_v5\ARM\ARMCC\Bin\..\lib\armlib\c_p.l(h1_alloc.o)
        52          0          0          0          0         68   C:\Keil_v5\ARM\ARMCC\Bin\..\lib\armlib\c_p.l(h1_extend.o)
        76          0          0          0          0         72   C:\Keil_v5\ARM\ARMCC\Bin\..\lib\armlib\c_p.l(h1_free.o)
        14          0          0          0          0         76   C:\Keil_v5\ARM\ARMCC\Bin\..\lib\armlib\c_p.l(h1_init.o)
        80          4          0          4          0         88   C:\Keil_v5\ARM\ARMCC\Bin\..\lib\armlib\c_p.l(heapauxa.o)
         4          0          0          0          0        120   C:\Keil_v5\ARM\ARMCC\Bin\..\lib\armlib\c_p.l(hguard.o)
         0          0          0          0          0          0   C:\Keil_v5\ARM\ARMCC\Bin\..\lib\armlib\c_p.l(indicate_semi.o)
        36         10          0          0          0         72   C:\Keil_v5\ARM\ARMCC\Bin\..\lib\armlib\c_p.l(init_aeabi.o)
       136          0          0          0          0        160   C:\Keil_v5\ARM\ARMCC\Bin\..\lib\armlib\c_p.l(init_alloc.o)
       316         44          0          0          0         96   C:\Keil_v5\ARM\ARMCC\Bin\..\lib\armlib\c_p.l(initio.o)
        18          0          0          0          0         68   C:\Keil_v5\ARM\ARMCC\Bin\..\lib\armlib\c_p.l(isspace.o)
        44         10        272          0          0         76   C:\Keil_v5\ARM\ARMCC\Bin\..\lib\armlib\c_p.l(lc_ctype_c.o)
        44         10         28          0          0         76   C:\Keil_v5\ARM\ARMCC\Bin\..\lib\armlib\c_p.l(lc_numeric_c.o)
         2          0          0          0          0          0   C:\Keil_v5\ARM\ARMCC\Bin\..\lib\armlib\c_p.l(libinit.o)
        46          0          0          0          0          0   C:\Keil_v5\ARM\ARMCC\Bin\..\lib\armlib\c_p.l(libinit2.o)
         0          0          0          0          0          0   C:\Keil_v5\ARM\ARMCC\Bin\..\lib\armlib\c_p.l(libshutdown2.o)
       122          0          0          0          0         72   C:\Keil_v5\ARM\ARMCC\Bin\..\lib\armlib\c_p.l(lludiv10.o)
         0          0          0          0          0          0   C:\Keil_v5\ARM\ARMCC\Bin\..\lib\armlib\c_p.l(maybetermalloc1.o)
        16          4          0          0          0         76   C:\Keil_v5\ARM\ARMCC\Bin\..\lib\armlib\c_p.l(rt_ctype_table.o)
         8          4          0          0          4         68   C:\Keil_v5\ARM\ARMCC\Bin\..\lib\armlib\c_p.l(rt_errno_addr.o)
         8          4          0          0          4         68   C:\Keil_v5\ARM\ARMCC\Bin\..\lib\armlib\c_p.l(rt_heap_descriptor.o)
         8          4          0          0         20         68   C:\Keil_v5\ARM\ARMCC\Bin\..\lib\armlib\c_p.l(rt_locale.o)
        64          0          0          0          0        108   C:\Keil_v5\ARM\ARMCC\Bin\..\lib\armlib\c_p.l(rt_memclr.o)
        56          0          0          0          0         68   C:\Keil_v5\ARM\ARMCC\Bin\..\lib\armlib\c_p.l(rt_memcpy.o)
        40          0          0          0          0         60   C:\Keil_v5\ARM\ARMCC\Bin\..\lib\armlib\c_p.l(rtudiv10.o)
        48          8          0          0          0         84   C:\Keil_v5\ARM\ARMCC\Bin\..\lib\armlib\c_p.l(scanf_char.o)
        76          4          0          0          0         72   C:\Keil_v5\ARM\ARMCC\Bin\..\lib\armlib\c_p.l(setvbuf.o)
       240          8          0          0          0        144   C:\Keil_v5\ARM\ARMCC\Bin\..\lib\armlib\c_p.l(stdio.o)
         0          0          0         12        252          0   C:\Keil_v5\ARM\ARMCC\Bin\..\lib\armlib\c_p.l(stdio_streams.o)
       160          4          0          0          0         80   C:\Keil_v5\ARM\ARMCC\Bin\..\lib\armlib\c_p.l(strcmpv6m.o)
        68          6          0          0          0         72   C:\Keil_v5\ARM\ARMCC\Bin\..\lib\armlib\c_p.l(strlen.o)
       160          6          0          0          0         76   C:\Keil_v5\ARM\ARMCC\Bin\..\lib\armlib\c_p.l(strncmp.o)
        12          4          0          0          0         60   C:\Keil_v5\ARM\ARMCC\Bin\..\lib\armlib\c_p.l(sys_exit.o)
        12          0          0          0          0         68   C:\Keil_v5\ARM\ARMCC\Bin\..\lib\armlib\c_p.l(sys_wrch.o)
         2          0          0          0          0         68   C:\Keil_v5\ARM\ARMCC\Bin\..\lib\armlib\c_p.l(use_no_semi.o)
        36          4          0          0          0         68   C:\Keil_v5\ARM\ARMCC\Bin\..\lib\armlib\c_p.l(vsprintf.o)
       124          4          0          0          0         72   C:\Keil_v5\ARM\ARMCC\Bin\..\lib\armlib\fz_ps.l(d2f.o)
      1096         26        128          0          0        112   C:\Keil_v5\ARM\ARMCC\Bin\..\lib\armlib\fz_ps.l(ddiv.o)
        84          4          0          0          0         60   C:\Keil_v5\ARM\ARMCC\Bin\..\lib\armlib\fz_ps.l(f2d.o)
       348          8          0          0          0        160   C:\Keil_v5\ARM\ARMCC\Bin\..\lib\armlib\fz_ps.l(faddsub.o)
       352         10         64          0          0         92   C:\Keil_v5\ARM\ARMCC\Bin\..\lib\armlib\fz_ps.l(fdiv.o)
        76          0          0          0          0         68   C:\Keil_v5\ARM\ARMCC\Bin\..\lib\armlib\fz_ps.l(ffixi.o)
        48          0          0          0          0         60   C:\Keil_v5\ARM\ARMCC\Bin\..\lib\armlib\fz_ps.l(ffixui.o)
        94          0          0          0          0         92   C:\Keil_v5\ARM\ARMCC\Bin\..\lib\armlib\fz_ps.l(fflti.o)
       176          4          0          0          0         80   C:\Keil_v5\ARM\ARMCC\Bin\..\lib\armlib\fz_ps.l(fmul.o)
        68          4          0          0          0         68   C:\Keil_v5\ARM\ARMCC\Bin\..\lib\armlib\fz_ps.l(fscalbn.o)
        16          4          0          0          0         76   C:\Keil_v5\ARM\ARMCC\Bin\..\lib\armlib\fz_ps.l(printf1.o)
        16          4          0          0          0         76   C:\Keil_v5\ARM\ARMCC\Bin\..\lib\armlib\fz_ps.l(printf2.o)
         0          0          0          0          0          0   C:\Keil_v5\ARM\ARMCC\Bin\..\lib\armlib\fz_ps.l(usenofp.o)
        44          4          0          0          0         60   C:\Keil_v5\ARM\ARMCC\Bin\..\lib\armlib\m_ps.l(fpclassify.o)
       156         24          0         12          0        140   mbed/TARGET_KL25Z/TOOLCHAIN_ARM_STD/mbed.ar(FileBase.o)
       160          0          0          0          0        332   mbed/TARGET_KL25Z/TOOLCHAIN_ARM_STD/mbed.ar(FilePath.o)
       332         46         24         12          0        380   mbed/TARGET_KL25Z/TOOLCHAIN_ARM_STD/mbed.ar(I2C.o)
       182          4          0          0          0        284   mbed/TARGET_KL25Z/TOOLCHAIN_ARM_STD/mbed.ar(Timer.o)
        84         54          0          0          0         72   mbed/TARGET_KL25Z/TOOLCHAIN_ARM_STD/mbed.ar(mbed_assert.o)
       228         98         67          8          0        140   mbed/TARGET_KL25Z/TOOLCHAIN_ARM_STD/mbed.ar(mbed_critical.o)
        18          0          0          0          0         72   mbed/TARGET_KL25Z/TOOLCHAIN_ARM_STD/mbed.ar(mbed_error.o)
       194         38          0          0          0        220   mbed/TARGET_KL25Z/TOOLCHAIN_ARM_STD/mbed.ar(mbed_gpio.o)
         8          0          0          0          0         68   mbed/TARGET_KL25Z/TOOLCHAIN_ARM_STD/mbed.ar(mbed_interface.o)
       228         76          0          0          0        204   mbed/TARGET_KL25Z/TOOLCHAIN_ARM_STD/mbed.ar(mbed_pinmap_common.o)
        24          6          0          4          0        128   mbed/TARGET_KL25Z/TOOLCHAIN_ARM_STD/mbed.ar(mbed_semihost_api.o)
        80          0          0          0          0        128   mbed/TARGET_KL25Z/TOOLCHAIN_ARM_STD/mbed.ar(mbed_ticker_api.o)
        24         10         28          8          0        128   mbed/TARGET_KL25Z/TOOLCHAIN_ARM_STD/mbed.ar(mbed_us_ticker_api.o)
        64          4          0          0          0        144   mbed/TARGET_KL25Z/TOOLCHAIN_ARM_STD/mbed.ar(mbed_wait_api_no_rtos.o)

    ----------------------------------------------------------------------
     15532        886        868         60        280       9880   Library Totals
        26          0          6          0          0          0   (incl. Padding)

    ----------------------------------------------------------------------

      Code (inc. data)   RO Data    RW Data    ZI Data      Debug   Library Name

     11182        454        551         16        280       6364   C:\Keil_v5\ARM\ARMCC\Bin\..\lib\armlib\c_p.l
      2498         68        192          0          0       1016   C:\Keil_v5\ARM\ARMCC\Bin\..\lib\armlib\fz_ps.l
        44          4          0          0          0         60   C:\Keil_v5\ARM\ARMCC\Bin\..\lib\armlib\m_ps.l
      1782        360        119         44          0       2440   mbed/TARGET_KL25Z/TOOLCHAIN_ARM_STD/mbed.ar

    ----------------------------------------------------------------------
     15532        886        868         60        280       9880   Library Totals

    ----------------------------------------------------------------------

==============================================================================


      Code (inc. data)   RO Data    RW Data    ZI Data      Debug   

     21528       1754       2872        108        360     118835   Grand Totals
     21528       1754       2872        108        360     118835   ELF Image Totals
     21528       1754       2872        108          0          0   ROM Totals

==============================================================================

    Total RO  Size (Code + RO Data)                24400 (  23.83kB)
    Total RW  Size (RW Data + ZI Data)               468 (   0.46kB)
    Total ROM Size (Code + RO Data + RW Data)      24508 (  23.93kB)

==============================================================================

