Component: ARM Compiler 5.06 update 6 (build 750) Tool: armlink [4d35ed]

==============================================================================

Section Cross References

    mbed/TARGET_KL25Z/TOOLCHAIN_ARM_STD/analogin_api.o(i.analogin_init) refers to mbed/TARGET_KL25Z/TOOLCHAIN_ARM_STD/mbed.ar(mbed_pinmap_common.o)(i.pinmap_peripheral) for pinmap_peripheral
    mbed/TARGET_KL25Z/TOOLCHAIN_ARM_STD/analogin_api.o(i.analogin_init) refers to mbed/TARGET_KL25Z/TOOLCHAIN_ARM_STD/mbed.ar(mbed_assert.o)(i.mbed_assert_internal) for mbed_assert_internal
    mbed/TARGET_KL25Z/TOOLCHAIN_ARM_STD/analogin_api.o(i.analogin_init) refers to C:\Keil_v5\ARM\ARMCC\Bin\..\lib\armlib\c_p.l(aeabi_sdivfast.o)(.text) for __aeabi_uidivmod
    mbed/TARGET_KL25Z/TOOLCHAIN_ARM_STD/analogin_api.o(i.analogin_init) refers to mbed/TARGET_KL25Z/TOOLCHAIN_ARM_STD/mbed.ar(mbed_pinmap_common.o)(i.pinmap_pinout) for pinmap_pinout
    mbed/TARGET_KL25Z/TOOLCHAIN_ARM_STD/analogin_api.o(i.analogin_init) refers to mbed/TARGET_KL25Z/TOOLCHAIN_ARM_STD/PeripheralPins.o(.constdata) for PinMap_ADC
    mbed/TARGET_KL25Z/TOOLCHAIN_ARM_STD/analogin_api.o(i.analogin_init) refers to mbed/TARGET_KL25Z/TOOLCHAIN_ARM_STD/analogin_api.o(.conststring) for .conststring
    mbed/TARGET_KL25Z/TOOLCHAIN_ARM_STD/analogin_api.o(i.analogin_init) refers to mbed/TARGET_KL25Z/TOOLCHAIN_ARM_STD/system_MKL25Z4.o(.data) for SystemCoreClock
    mbed/TARGET_KL25Z/TOOLCHAIN_ARM_STD/analogin_api.o(i.analogin_read) refers to C:\Keil_v5\ARM\ARMCC\Bin\..\lib\armlib\fz_ps.l(fflti.o)(.text) for __aeabi_ui2f
    mbed/TARGET_KL25Z/TOOLCHAIN_ARM_STD/analogin_api.o(i.analogin_read) refers to C:\Keil_v5\ARM\ARMCC\Bin\..\lib\armlib\fz_ps.l(fmul.o)(x$fpl$fmul) for __aeabi_fmul
    mbed/TARGET_KL25Z/TOOLCHAIN_ARM_STD/analogout_api.o(i.analogout_init) refers to mbed/TARGET_KL25Z/TOOLCHAIN_ARM_STD/mbed.ar(mbed_pinmap_common.o)(i.pinmap_peripheral) for pinmap_peripheral
    mbed/TARGET_KL25Z/TOOLCHAIN_ARM_STD/analogout_api.o(i.analogout_init) refers to mbed/TARGET_KL25Z/TOOLCHAIN_ARM_STD/mbed.ar(mbed_assert.o)(i.mbed_assert_internal) for mbed_assert_internal
    mbed/TARGET_KL25Z/TOOLCHAIN_ARM_STD/analogout_api.o(i.analogout_init) refers to mbed/TARGET_KL25Z/TOOLCHAIN_ARM_STD/mbed.ar(mbed_pinmap_common.o)(i.pinmap_pinout) for pinmap_pinout
    mbed/TARGET_KL25Z/TOOLCHAIN_ARM_STD/analogout_api.o(i.analogout_init) refers to mbed/TARGET_KL25Z/TOOLCHAIN_ARM_STD/PeripheralPins.o(.constdata) for PinMap_DAC
    mbed/TARGET_KL25Z/TOOLCHAIN_ARM_STD/analogout_api.o(i.analogout_init) refers to mbed/TARGET_KL25Z/TOOLCHAIN_ARM_STD/analogout_api.o(.conststring) for .conststring
    mbed/TARGET_KL25Z/TOOLCHAIN_ARM_STD/analogout_api.o(i.analogout_read) refers to C:\Keil_v5\ARM\ARMCC\Bin\..\lib\armlib\fz_ps.l(fflti.o)(.text) for __aeabi_ui2f
    mbed/TARGET_KL25Z/TOOLCHAIN_ARM_STD/analogout_api.o(i.analogout_read) refers to C:\Keil_v5\ARM\ARMCC\Bin\..\lib\armlib\fz_ps.l(fmul.o)(x$fpl$fmul) for __aeabi_fmul
    mbed/TARGET_KL25Z/TOOLCHAIN_ARM_STD/analogout_api.o(i.analogout_write) refers to C:\Keil_v5\ARM\ARMCC\Bin\..\lib\armlib\fz_ps.l(fmul.o)(x$fpl$fmul) for __aeabi_fmul
    mbed/TARGET_KL25Z/TOOLCHAIN_ARM_STD/analogout_api.o(i.analogout_write) refers to C:\Keil_v5\ARM\ARMCC\Bin\..\lib\armlib\fz_ps.l(ffixi.o)(.text) for __aeabi_f2iz
    mbed/TARGET_KL25Z/TOOLCHAIN_ARM_STD/cmsis_nvic.o(i.NVIC_SetVector) refers to C:\Keil_v5\ARM\ARMCC\Bin\..\lib\armlib\c_p.l(rt_memcpy.o)(.emb_text) for __aeabi_memcpy4
    mbed/TARGET_KL25Z/TOOLCHAIN_ARM_STD/gpio_api.o(i.gpio_dir) refers to mbed/TARGET_KL25Z/TOOLCHAIN_ARM_STD/mbed.ar(mbed_assert.o)(i.mbed_assert_internal) for mbed_assert_internal
    mbed/TARGET_KL25Z/TOOLCHAIN_ARM_STD/gpio_api.o(i.gpio_dir) refers to mbed/TARGET_KL25Z/TOOLCHAIN_ARM_STD/gpio_api.o(.conststring) for .conststring
    mbed/TARGET_KL25Z/TOOLCHAIN_ARM_STD/gpio_api.o(i.gpio_init) refers to mbed/TARGET_KL25Z/TOOLCHAIN_ARM_STD/pinmap.o(i.pin_function) for pin_function
    mbed/TARGET_KL25Z/TOOLCHAIN_ARM_STD/gpio_api.o(i.gpio_mode) refers to mbed/TARGET_KL25Z/TOOLCHAIN_ARM_STD/pinmap.o(i.pin_mode) for pin_mode
    mbed/TARGET_KL25Z/TOOLCHAIN_ARM_STD/gpio_api.o(i.gpio_set) refers to mbed/TARGET_KL25Z/TOOLCHAIN_ARM_STD/mbed.ar(mbed_assert.o)(i.mbed_assert_internal) for mbed_assert_internal
    mbed/TARGET_KL25Z/TOOLCHAIN_ARM_STD/gpio_api.o(i.gpio_set) refers to mbed/TARGET_KL25Z/TOOLCHAIN_ARM_STD/pinmap.o(i.pin_function) for pin_function
    mbed/TARGET_KL25Z/TOOLCHAIN_ARM_STD/gpio_api.o(i.gpio_set) refers to mbed/TARGET_KL25Z/TOOLCHAIN_ARM_STD/gpio_api.o(.conststring) for .conststring
    mbed/TARGET_KL25Z/TOOLCHAIN_ARM_STD/gpio_irq_api.o(i.gpio_irqA) refers to mbed/TARGET_KL25Z/TOOLCHAIN_ARM_STD/gpio_irq_api.o(i.handle_interrupt_in) for handle_interrupt_in
    mbed/TARGET_KL25Z/TOOLCHAIN_ARM_STD/gpio_irq_api.o(i.gpio_irqD) refers to mbed/TARGET_KL25Z/TOOLCHAIN_ARM_STD/gpio_irq_api.o(i.handle_interrupt_in) for handle_interrupt_in
[...]
    ADC0_IRQHandler                          0x000002fb   Thumb Code     0  mbed/TARGET_KL25Z/TOOLCHAIN_ARM_STD/startup_MKL25Z4.o(.text)
    CMP0_IRQHandler                          0x000002fb   Thumb Code     0  mbed/TARGET_KL25Z/TOOLCHAIN_ARM_STD/startup_MKL25Z4.o(.text)
    DAC0_IRQHandler                          0x000002fb   Thumb Code     0  mbed/TARGET_KL25Z/TOOLCHAIN_ARM_STD/startup_MKL25Z4.o(.text)
    DMA0_IRQHandler                          0x000002fb   Thumb Code     0  mbed/TARGET_KL25Z/TOOLCHAIN_ARM_STD/startup_MKL25Z4.o(.text)
    DMA1_IRQHandler                          0x000002fb   Thumb Code     0  mbed/TARGET_KL25Z/TOOLCHAIN_ARM_STD/startup_MKL25Z4.o(.text)
    DMA2_IRQHandler                          0x000002fb   Thumb Code     0  mbed/TARGET_KL25Z/TOOLCHAIN_ARM_STD/startup_MKL25Z4.o(.text)
    DMA3_IRQHandler                          0x000002fb   Thumb Code     0  mbed/TARGET_KL25Z/TOOLCHAIN_ARM_STD/startup_MKL25Z4.o(.text)
    DefaultISR                               0x000002fb   Thumb Code     0  mbed/TARGET_KL25Z/TOOLCHAIN_ARM_STD/startup_MKL25Z4.o(.text)
    FTFA_IRQHandler                          0x000002fb   Thumb Code     0  mbed/TARGET_KL25Z/TOOLCHAIN_ARM_STD/startup_MKL25Z4.o(.text)
    I2C0_IRQHandler                          0x000002fb   Thumb Code     0  mbed/TARGET_KL25Z/TOOLCHAIN_ARM_STD/startup_MKL25Z4.o(.text)
    I2C1_IRQHandler                          0x000002fb   Thumb Code     0  mbed/TARGET_KL25Z/TOOLCHAIN_ARM_STD/startup_MKL25Z4.o(.text)
    LLW_IRQHandler                           0x000002fb   Thumb Code     0  mbed/TARGET_KL25Z/TOOLCHAIN_ARM_STD/startup_MKL25Z4.o(.text)
    LPTimer_IRQHandler                       0x000002fb   Thumb Code     0  mbed/TARGET_KL25Z/TOOLCHAIN_ARM_STD/startup_MKL25Z4.o(.text)
    LVD_LVW_IRQHandler                       0x000002fb   Thumb Code     0  mbed/TARGET_KL25Z/TOOLCHAIN_ARM_STD/startup_MKL25Z4.o(.text)
    MCG_IRQHandler                           0x000002fb   Thumb Code     0  mbed/TARGET_KL25Z/TOOLCHAIN_ARM_STD/startup_MKL25Z4.o(.text)
    PIT_IRQHandler                           0x000002fb   Thumb Code     0  mbed/TARGET_KL25Z/TOOLCHAIN_ARM_STD/startup_MKL25Z4.o(.text)
    PORTA_IRQHandler                         0x000002fb   Thumb Code     0  mbed/TARGET_KL25Z/TOOLCHAIN_ARM_STD/startup_MKL25Z4.o(.text)
    PORTD_IRQHandler                         0x000002fb   Thumb Code     0  mbed/TARGET_KL25Z/TOOLCHAIN_ARM_STD/startup_MKL25Z4.o(.text)
    RTC_IRQHandler                           0x000002fb   Thumb Code     0  mbed/TARGET_KL25Z/TOOLCHAIN_ARM_STD/startup_MKL25Z4.o(.text)
    RTC_Seconds_IRQHandler                   0x000002fb   Thumb Code     0  mbed/TARGET_KL25Z/TOOLCHAIN_ARM_STD/startup_MKL25Z4.o(.text)
    Reserved20_IRQHandler                    0x000002fb   Thumb Code     0  mbed/TARGET_KL25Z/TOOLCHAIN_ARM_STD/startup_MKL25Z4.o(.text)
    Reserved39_IRQHandler                    0x000002fb   Thumb Code     0  mbed/TARGET_KL25Z/TOOLCHAIN_ARM_STD/startup_MKL25Z4.o(.text)
    Reserved45_IRQHandler                    0x000002fb   Thumb Code     0  mbed/TARGET_KL25Z/TOOLCHAIN_ARM_STD/startup_MKL25Z4.o(.text)
    SPI0_IRQHandler                          0x000002fb   Thumb Code     0  mbed/TARGET_KL25Z/TOOLCHAIN_ARM_STD/startup_MKL25Z4.o(.text)
    SPI1_IRQHandler                          0x000002fb   Thumb Code     0  mbed/TARGET_KL25Z/TOOLCHAIN_ARM_STD/startup_MKL25Z4.o(.text)
    TPM0_IRQHandler                          0x000002fb   Thumb Code     0  mbed/TARGET_KL25Z/TOOLCHAIN_ARM_STD/startup_MKL25Z4.o(.text)
    TPM1_IRQHandler                          0x000002fb   Thumb Code     0  mbed/TARGET_KL25Z/TOOLCHAIN_ARM_STD/startup_MKL25Z4.o(.text)
    TPM2_IRQHandler                          0x000002fb   Thumb Code     0  mbed/TARGET_KL25Z/TOOLCHAIN_ARM_STD/startup_MKL25Z4.o(.text)
    TSI0_IRQHandler                          0x000002fb   Thumb Code     0  mbed/TARGET_KL25Z/TOOLCHAIN_ARM_STD/startup_MKL25Z4.o(.text)
    UART0_IRQHandler                         0x000002fb   Thumb Code     0  mbed/TARGET_KL25Z/TOOLCHAIN_ARM_STD/startup_MKL25Z4.o(.text)
    UART1_IRQHandler                         0x000002fb   Thumb Code     0  mbed/TARGET_KL25Z/TOOLCHAIN_ARM_STD/startup_MKL25Z4.o(.text)
    UART2_IRQHandler                         0x000002fb   Thumb Code     0  mbed/TARGET_KL25Z/TOOLCHAIN_ARM_STD/startup_MKL25Z4.o(.text)
    USB0_IRQHandler                          0x000002fb   Thumb Code     0  mbed/TARGET_KL25Z/TOOLCHAIN_ARM_STD/startup_MKL25Z4.o(.text)
    malloc                                   0x00000305   Thumb Code    98  C:\Keil_v5\ARM\ARMCC\Bin\..\lib\armlib\c_p.l(h1_alloc.o)(.text)
    free                                     0x00000367   Thumb Code    76  C:\Keil_v5\ARM\ARMCC\Bin\..\lib\armlib\c_p.l(h1_free.o)(.text)
    vsprintf                                 0x000003b5   Thumb Code    32  C:\Keil_v5\ARM\ARMCC\Bin\..\lib\armlib\c_p.l(vsprintf.o)(.text)
    __cpp_initialize__aeabi_                 0x000003d9   Thumb Code    26  C:\Keil_v5\ARM\ARMCC\Bin\..\lib\armlib\c_p.l(init_aeabi.o)(.text)
    __use_no_heap                            0x000003fd   Thumb Code     2  C:\Keil_v5\ARM\ARMCC\Bin\..\lib\armlib\c_p.l(hguard.o)(.text)
    __heap$guard                             0x000003ff   Thumb Code     2  C:\Keil_v5\ARM\ARMCC\Bin\..\lib\armlib\c_p.l(hguard.o)(.text)
    __0sscanf                                0x00000411   Thumb Code    54  C:\Keil_v5\ARM\ARMCC\Bin\..\lib\armlib\c_p.l(__0sscanf.o)(.text)
    _scanf_int                               0x00000451   Thumb Code   330  C:\Keil_v5\ARM\ARMCC\Bin\..\lib\armlib\c_p.l(_scanf_int.o)(.text)
    _do_fflush                               0x0000059d   Thumb Code    54  C:\Keil_v5\ARM\ARMCC\Bin\..\lib\armlib\c_p.l(fflush.o)(.text)
    fflush                                   0x000005d3   Thumb Code    46  C:\Keil_v5\ARM\ARMCC\Bin\..\lib\armlib\c_p.l(fflush.o)(.text)
    strlen                                   0x00000605   Thumb Code    62  C:\Keil_v5\ARM\ARMCC\Bin\..\lib\armlib\c_p.l(strlen.o)(.text)
    strncmp                                  0x00000649   Thumb Code   154  C:\Keil_v5\ARM\ARMCC\Bin\..\lib\armlib\c_p.l(strncmp.o)(.text)
    _memset_w                                0x000006e9   Thumb Code    26  C:\Keil_v5\ARM\ARMCC\Bin\..\lib\armlib\c_p.l(rt_memclr.o)(.text)
    _memset                                  0x00000703   Thumb Code    30  C:\Keil_v5\ARM\ARMCC\Bin\..\lib\armlib\c_p.l(rt_memclr.o)(.text)
    __aeabi_memclr                           0x00000721   Thumb Code     4  C:\Keil_v5\ARM\ARMCC\Bin\..\lib\armlib\c_p.l(rt_memclr.o)(.text)
    __rt_memclr                              0x00000721   Thumb Code     0  C:\Keil_v5\ARM\ARMCC\Bin\..\lib\armlib\c_p.l(rt_memclr.o)(.text)
    __aeabi_memclr4                          0x00000725   Thumb Code     0  C:\Keil_v5\ARM\ARMCC\Bin\..\lib\armlib\c_p.l(rt_memclr.o)(.text)
    __aeabi_memclr8                          0x00000725   Thumb Code     0  C:\Keil_v5\ARM\ARMCC\Bin\..\lib\armlib\c_p.l(rt_memclr.o)(.text)
    __rt_memclr_w                            0x00000725   Thumb Code     4  C:\Keil_v5\ARM\ARMCC\Bin\..\lib\armlib\c_p.l(rt_memclr.o)(.text)
    strcmp                                   0x00000729   Thumb Code   160  C:\Keil_v5\ARM\ARMCC\Bin\..\lib\armlib\c_p.l(strcmpv6m.o)(.text)
    __aeabi_uidiv                            0x000007c9   Thumb Code     0  C:\Keil_v5\ARM\ARMCC\Bin\..\lib\armlib\c_p.l(aeabi_sdivfast.o)(.text)
    __aeabi_uidivmod                         0x000007c9   Thumb Code    28  C:\Keil_v5\ARM\ARMCC\Bin\..\lib\armlib\c_p.l(aeabi_sdivfast.o)(.text)
    __aeabi_idiv                             0x000007e5   Thumb Code     0  C:\Keil_v5\ARM\ARMCC\Bin\..\lib\armlib\c_p.l(aeabi_sdivfast.o)(.text)
    __aeabi_idivmod                          0x000007e5   Thumb Code   460  C:\Keil_v5\ARM\ARMCC\Bin\..\lib\armlib\c_p.l(aeabi_sdivfast.o)(.text)
    __aeabi_fdiv                             0x000009b1   Thumb Code     0  C:\Keil_v5\ARM\ARMCC\Bin\..\lib\armlib\fz_ps.l(fdiv.o)(.text)
    _fdiv                                    0x000009b1   Thumb Code   334  C:\Keil_v5\ARM\ARMCC\Bin\..\lib\armlib\fz_ps.l(fdiv.o)(.text)
    _frdiv                                   0x00000aff   Thumb Code     8  C:\Keil_v5\ARM\ARMCC\Bin\..\lib\armlib\fz_ps.l(fdiv.o)(.text)
    __aeabi_i2f_normalise                    0x00000b11   Thumb Code    72  C:\Keil_v5\ARM\ARMCC\Bin\..\lib\armlib\fz_ps.l(fflti.o)(.text)
    __aeabi_i2f                              0x00000b59   Thumb Code    16  C:\Keil_v5\ARM\ARMCC\Bin\..\lib\armlib\fz_ps.l(fflti.o)(.text)
    _fflt                                    0x00000b59   Thumb Code     0  C:\Keil_v5\ARM\ARMCC\Bin\..\lib\armlib\fz_ps.l(fflti.o)(.text)
    __aeabi_ui2f                             0x00000b69   Thumb Code     6  C:\Keil_v5\ARM\ARMCC\Bin\..\lib\armlib\fz_ps.l(fflti.o)(.text)
    _ffltu                                   0x00000b69   Thumb Code     0  C:\Keil_v5\ARM\ARMCC\Bin\..\lib\armlib\fz_ps.l(fflti.o)(.text)
    __rt_heap_descriptor                     0x00000b71   Thumb Code     8  C:\Keil_v5\ARM\ARMCC\Bin\..\lib\armlib\c_p.l(rt_heap_descriptor.o)(.text)
    _terminate_user_alloc                    0x00000b79   Thumb Code     2  C:\Keil_v5\ARM\ARMCC\Bin\..\lib\armlib\c_p.l(init_alloc.o)(.text)
    _init_user_alloc                         0x00000b7b   Thumb Code     2  C:\Keil_v5\ARM\ARMCC\Bin\..\lib\armlib\c_p.l(init_alloc.o)(.text)
    __Heap_Full                              0x00000b7d   Thumb Code    32  C:\Keil_v5\ARM\ARMCC\Bin\..\lib\armlib\c_p.l(init_alloc.o)(.text)
    __Heap_Broken                            0x00000b9d   Thumb Code    10  C:\Keil_v5\ARM\ARMCC\Bin\..\lib\armlib\c_p.l(init_alloc.o)(.text)
    _init_alloc                              0x00000ba7   Thumb Code    90  C:\Keil_v5\ARM\ARMCC\Bin\..\lib\armlib\c_p.l(init_alloc.o)(.text)
    __Heap_Initialize                        0x00000c01   Thumb Code    10  C:\Keil_v5\ARM\ARMCC\Bin\..\lib\armlib\c_p.l(h1_init.o)(.text)
    __Heap_DescSize                          0x00000c0b   Thumb Code     4  C:\Keil_v5\ARM\ARMCC\Bin\..\lib\armlib\c_p.l(h1_init.o)(.text)
    _printf_pre_padding                      0x00000c0f   Thumb Code    44  C:\Keil_v5\ARM\ARMCC\Bin\..\lib\armlib\c_p.l(_printf_pad.o)(.text)
    _printf_post_padding                     0x00000c3b   Thumb Code    34  C:\Keil_v5\ARM\ARMCC\Bin\..\lib\armlib\c_p.l(_printf_pad.o)(.text)
    _printf_truncate_signed                  0x00000c5d   Thumb Code    18  C:\Keil_v5\ARM\ARMCC\Bin\..\lib\armlib\c_p.l(_printf_truncate.o)(.text)
    _printf_truncate_unsigned                0x00000c6f   Thumb Code    18  C:\Keil_v5\ARM\ARMCC\Bin\..\lib\armlib\c_p.l(_printf_truncate.o)(.text)
    _printf_str                              0x00000c81   Thumb Code    82  C:\Keil_v5\ARM\ARMCC\Bin\..\lib\armlib\c_p.l(_printf_str.o)(.text)
    _printf_int_dec                          0x00000cd5   Thumb Code    90  C:\Keil_v5\ARM\ARMCC\Bin\..\lib\armlib\c_p.l(_printf_dec.o)(.text)
    _printf_charcount                        0x00000d41   Thumb Code    38  C:\Keil_v5\ARM\ARMCC\Bin\..\lib\armlib\c_p.l(_printf_charcount.o)(.text)
    _printf_char_common                      0x00000d73   Thumb Code    32  C:\Keil_v5\ARM\ARMCC\Bin\..\lib\armlib\c_p.l(_printf_char_common.o)(.text)
    _sputc                                   0x00000d99   Thumb Code    10  C:\Keil_v5\ARM\ARMCC\Bin\..\lib\armlib\c_p.l(_sputc.o)(.text)
    _printf_wctomb                           0x00000da5   Thumb Code   182  C:\Keil_v5\ARM\ARMCC\Bin\..\lib\armlib\c_p.l(_printf_wctomb.o)(.text)
    _printf_longlong_dec                     0x00000e61   Thumb Code    94  C:\Keil_v5\ARM\ARMCC\Bin\..\lib\armlib\c_p.l(_printf_longlong_dec.o)(.text)
    _printf_longlong_oct                     0x00000ed1   Thumb Code    68  C:\Keil_v5\ARM\ARMCC\Bin\..\lib\armlib\c_p.l(_printf_oct_int_ll.o)(.text)
    _printf_int_oct                          0x00000f15   Thumb Code    24  C:\Keil_v5\ARM\ARMCC\Bin\..\lib\armlib\c_p.l(_printf_oct_int_ll.o)(.text)
    _printf_ll_oct                           0x00000f2d   Thumb Code    10  C:\Keil_v5\ARM\ARMCC\Bin\..\lib\armlib\c_p.l(_printf_oct_int_ll.o)(.text)
    _printf_longlong_hex                     0x00000f41   Thumb Code    88  C:\Keil_v5\ARM\ARMCC\Bin\..\lib\armlib\c_p.l(_printf_hex_int_ll_ptr.o)(.text)
    _printf_int_hex                          0x00000f99   Thumb Code    28  C:\Keil_v5\ARM\ARMCC\Bin\..\lib\armlib\c_p.l(_printf_hex_int_ll_ptr.o)(.text)
    _printf_ll_hex                           0x00000fb5   Thumb Code    10  C:\Keil_v5\ARM\ARMCC\Bin\..\lib\armlib\c_p.l(_printf_hex_int_ll_ptr.o)(.text)
    _printf_hex_ptr                          0x00000fbf   Thumb Code    22  C:\Keil_v5\ARM\ARMCC\Bin\..\lib\armlib\c_p.l(_printf_hex_int_ll_ptr.o)(.text)
    __printf                                 0x00000fd9   Thumb Code   386  C:\Keil_v5\ARM\ARMCC\Bin\..\lib\armlib\c_p.l(__printf_flags_ss_wp.o)(.text)
    _chval                                   0x00001161   Thumb Code    30  C:\Keil_v5\ARM\ARMCC\Bin\..\lib\armlib\c_p.l(_chval.o)(.text)
    __vfscanf_char                           0x0000118d   Thumb Code    28  C:\Keil_v5\ARM\ARMCC\Bin\..\lib\armlib\c_p.l(scanf_char.o)(.text)
    _sgetc                                   0x000011b1   Thumb Code    32  C:\Keil_v5\ARM\ARMCC\Bin\..\lib\armlib\c_p.l(_sgetc.o)(.text)
    _sbackspace                              0x000011d1   Thumb Code    36  C:\Keil_v5\ARM\ARMCC\Bin\..\lib\armlib\c_p.l(_sgetc.o)(.text)
    _fseek                                   0x000011f5   Thumb Code   240  C:\Keil_v5\ARM\ARMCC\Bin\..\lib\armlib\c_p.l(fseek.o)(.text)
    fseek                                    0x000011f5   Thumb Code     0  C:\Keil_v5\ARM\ARMCC\Bin\..\lib\armlib\c_p.l(fseek.o)(.text)
    setvbuf                                  0x000012e9   Thumb Code    72  C:\Keil_v5\ARM\ARMCC\Bin\..\lib\armlib\c_p.l(setvbuf.o)(.text)
    _seterr                                  0x00001335   Thumb Code    20  C:\Keil_v5\ARM\ARMCC\Bin\..\lib\armlib\c_p.l(stdio.o)(.text)
    _writebuf                                0x00001349   Thumb Code    76  C:\Keil_v5\ARM\ARMCC\Bin\..\lib\armlib\c_p.l(stdio.o)(.text)
    _fflush                                  0x00001395   Thumb Code    76  C:\Keil_v5\ARM\ARMCC\Bin\..\lib\armlib\c_p.l(stdio.o)(.text)
    _deferredlazyseek                        0x000013e1   Thumb Code    60  C:\Keil_v5\ARM\ARMCC\Bin\..\lib\armlib\c_p.l(stdio.o)(.text)
    _initio                                  0x00001425   Thumb Code   216  C:\Keil_v5\ARM\ARMCC\Bin\..\lib\armlib\c_p.l(initio.o)(.text)
    _terminateio                             0x000014fd   Thumb Code    56  C:\Keil_v5\ARM\ARMCC\Bin\..\lib\armlib\c_p.l(initio.o)(.text)
    __Heap_ProvideMemory                     0x00001561   Thumb Code    52  C:\Keil_v5\ARM\ARMCC\Bin\..\lib\armlib\c_p.l(h1_extend.o)(.text)
    _ll_udiv10                               0x00001595   Thumb Code   122  C:\Keil_v5\ARM\ARMCC\Bin\..\lib\armlib\c_p.l(lludiv10.o)(.text)
    isspace                                  0x0000160f   Thumb Code    18  C:\Keil_v5\ARM\ARMCC\Bin\..\lib\armlib\c_p.l(isspace.o)(.text)
    _printf_int_common                       0x00001621   Thumb Code   176  C:\Keil_v5\ARM\ARMCC\Bin\..\lib\armlib\c_p.l(_printf_intcommon.o)(.text)
    __lib_sel_fp_printf                      0x000016d1   Thumb Code     2  C:\Keil_v5\ARM\ARMCC\Bin\..\lib\armlib\c_p.l(_printf_fp_dec.o)(.text)
    _printf_fp_dec_real                      0x0000186f   Thumb Code   620  C:\Keil_v5\ARM\ARMCC\Bin\..\lib\armlib\c_p.l(_printf_fp_dec.o)(.text)
    _printf_fp_hex_real                      0x00001ae9   Thumb Code   718  C:\Keil_v5\ARM\ARMCC\Bin\..\lib\armlib\c_p.l(_printf_fp_hex.o)(.text)
    _printf_cs_common                        0x00001dc1   Thumb Code    22  C:\Keil_v5\ARM\ARMCC\Bin\..\lib\armlib\c_p.l(_printf_char.o)(.text)
    _printf_char                             0x00001dd7   Thumb Code    16  C:\Keil_v5\ARM\ARMCC\Bin\..\lib\armlib\c_p.l(_printf_char.o)(.text)
    _printf_string                           0x00001de7   Thumb Code     8  C:\Keil_v5\ARM\ARMCC\Bin\..\lib\armlib\c_p.l(_printf_char.o)(.text)
    _printf_lcs_common                       0x00001def   Thumb Code    22  C:\Keil_v5\ARM\ARMCC\Bin\..\lib\armlib\c_p.l(_printf_wchar.o)(.text)
    _printf_wchar                            0x00001e05   Thumb Code    16  C:\Keil_v5\ARM\ARMCC\Bin\..\lib\armlib\c_p.l(_printf_wchar.o)(.text)
    _printf_wstring                          0x00001e15   Thumb Code     8  C:\Keil_v5\ARM\ARMCC\Bin\..\lib\armlib\c_p.l(_printf_wchar.o)(.text)
    __vfscanf                                0x00001e1d   Thumb Code   880  C:\Keil_v5\ARM\ARMCC\Bin\..\lib\armlib\c_p.l(_scanf.o)(.text)
    _ftell_internal                          0x0000219d   Thumb Code    66  C:\Keil_v5\ARM\ARMCC\Bin\..\lib\armlib\c_p.l(ftell.o)(.text)
    ftell                                    0x0000219d   Thumb Code     0  C:\Keil_v5\ARM\ARMCC\Bin\..\lib\armlib\c_p.l(ftell.o)(.text)
    freopen                                  0x000021e1   Thumb Code   148  C:\Keil_v5\ARM\ARMCC\Bin\..\lib\armlib\c_p.l(fopen.o)(.text)
    fopen                                    0x00002275   Thumb Code    76  C:\Keil_v5\ARM\ARMCC\Bin\..\lib\armlib\c_p.l(fopen.o)(.text)
    _fclose_internal                         0x000022c9   Thumb Code    72  C:\Keil_v5\ARM\ARMCC\Bin\..\lib\armlib\c_p.l(fclose.o)(.text)
    fclose                                   0x000022c9   Thumb Code     0  C:\Keil_v5\ARM\ARMCC\Bin\..\lib\armlib\c_p.l(fclose.o)(.text)
    _wcrtomb                                 0x00002315   Thumb Code    64  C:\Keil_v5\ARM\ARMCC\Bin\..\lib\armlib\c_p.l(_wcrtomb.o)(.text)
    __sig_exit                               0x00002355   Thumb Code    12  C:\Keil_v5\ARM\ARMCC\Bin\..\lib\armlib\c_p.l(defsig_exit.o)(.text)
    __rt_SIGRTRED                            0x00002361   Thumb Code    12  C:\Keil_v5\ARM\ARMCC\Bin\..\lib\armlib\c_p.l(defsig_rtred_outer.o)(.text)
    __rt_SIGRTMEM                            0x0000236d   Thumb Code    12  C:\Keil_v5\ARM\ARMCC\Bin\..\lib\armlib\c_p.l(defsig_rtmem_outer.o)(.text)
    __rt_udiv10                              0x00002379   Thumb Code    40  C:\Keil_v5\ARM\ARMCC\Bin\..\lib\armlib\c_p.l(rtudiv10.o)(.text)
    __rt_heap_escrow                         0x000023a1   Thumb Code    24  C:\Keil_v5\ARM\ARMCC\Bin\..\lib\armlib\c_p.l(heapauxa.o)(.text)
    __rt_heap_expand                         0x000023b9   Thumb Code    52  C:\Keil_v5\ARM\ARMCC\Bin\..\lib\armlib\c_p.l(heapauxa.o)(.text)
    _sys_exit                                0x000023f1   Thumb Code     8  C:\Keil_v5\ARM\ARMCC\Bin\..\lib\armlib\c_p.l(sys_exit.o)(.text)
    __rt_ctype_table                         0x000023fd   Thumb Code    16  C:\Keil_v5\ARM\ARMCC\Bin\..\lib\armlib\c_p.l(rt_ctype_table.o)(.text)
    __rt_locale                              0x0000240d   Thumb Code     8  C:\Keil_v5\ARM\ARMCC\Bin\..\lib\armlib\c_p.l(rt_locale.o)(.text)
    __aeabi_errno_addr                       0x00002415   Thumb Code     8  C:\Keil_v5\ARM\ARMCC\Bin\..\lib\armlib\c_p.l(rt_errno_addr.o)(.text)
    __errno                                  0x00002415   Thumb Code     0  C:\Keil_v5\ARM\ARMCC\Bin\..\lib\armlib\c_p.l(rt_errno_addr.o)(.text)
    __rt_errno_addr                          0x00002415   Thumb Code     0  C:\Keil_v5\ARM\ARMCC\Bin\..\lib\armlib\c_p.l(rt_errno_addr.o)(.text)
    _printf_fp_infnan                        0x0000241d   Thumb Code   120  C:\Keil_v5\ARM\ARMCC\Bin\..\lib\armlib\c_p.l(_printf_fp_infnan.o)(.text)
    _btod_etento                             0x000024a5   Thumb Code   210  C:\Keil_v5\ARM\ARMCC\Bin\..\lib\armlib\c_p.l(bigflt0.o)(.text)
    _btod_d2e                                0x0000257d   Thumb Code    64  C:\Keil_v5\ARM\ARMCC\Bin\..\lib\armlib\c_p.l(btod.o)(.text)
    _btod_emul                               0x000029b1   Thumb Code    28  C:\Keil_v5\ARM\ARMCC\Bin\..\lib\armlib\c_p.l(btod.o)(.text)
    _btod_emuld                              0x000029cd   Thumb Code   144  C:\Keil_v5\ARM\ARMCC\Bin\..\lib\armlib\c_p.l(btod.o)(.text)
    _btod_ediv                               0x00002a5d   Thumb Code    26  C:\Keil_v5\ARM\ARMCC\Bin\..\lib\armlib\c_p.l(btod.o)(.text)
    _btod_edivd                              0x00002a77   Thumb Code   124  C:\Keil_v5\ARM\ARMCC\Bin\..\lib\armlib\c_p.l(btod.o)(.text)
    __default_signal_display                 0x00002afd   Thumb Code    52  C:\Keil_v5\ARM\ARMCC\Bin\..\lib\armlib\c_p.l(defsig_general.o)(.text)
    __rt_SIGRTRED_inner                      0x00002b31   Thumb Code    14  C:\Keil_v5\ARM\ARMCC\Bin\..\lib\armlib\c_p.l(defsig_rtred_inner.o)(.text)
    __rt_SIGRTMEM_inner                      0x00002b65   Thumb Code    22  C:\Keil_v5\ARM\ARMCC\Bin\..\lib\armlib\c_p.l(defsig_rtmem_inner.o)(.text)
    _ttywrch                                 0x00002bb5   Thumb Code    12  C:\Keil_v5\ARM\ARMCC\Bin\..\lib\armlib\c_p.l(sys_wrch.o)(.text)
    __I$use$semihosting                      0x00002bc1   Thumb Code     0  C:\Keil_v5\ARM\ARMCC\Bin\..\lib\armlib\c_p.l(use_no_semi.o)(.text)
    __use_no_semihosting_swi                 0x00002bc1   Thumb Code     2  C:\Keil_v5\ARM\ARMCC\Bin\..\lib\armlib\c_p.l(use_no_semi.o)(.text)
    __semihosting_library_function           0x00002bc3   Thumb Code     0  C:\Keil_v5\ARM\ARMCC\Bin\..\lib\armlib\c_p.l(indicate_semi.o)(.text)
    main                                     0x00002bc3   Thumb Code    12  mbed/TARGET_KL25Z/TOOLCHAIN_ARM_STD/retarget.o(i.$Sub$$main)
    NMI_Handler                              0x00002bcf   Thumb Code    16  mbed/TARGET_KL25Z/TOOLCHAIN_ARM_STD/mbed_overrides.o(i.NMI_Handler)
    NVIC_SetVector                           0x00002be1   Thumb Code    44  mbed/TARGET_KL25Z/TOOLCHAIN_ARM_STD/cmsis_nvic.o(i.NVIC_SetVector)
    SystemInit                               0x00002c15   Thumb Code   120  mbed/TARGET_KL25Z/TOOLCHAIN_ARM_STD/system_MKL25Z4.o(i.SystemInit)
    mbed::Timer::read()                      0x00002cad   Thumb Code    56  mbed/TARGET_KL25Z/TOOLCHAIN_ARM_STD/mbed.ar(Timer.o)(i._ZN4mbed5Timer4readEv)
    mbed::Timer::stop()                      0x00002ce9   Thumb Code    50  mbed/TARGET_KL25Z/TOOLCHAIN_ARM_STD/mbed.ar(Timer.o)(i._ZN4mbed5Timer4stopEv)
    mbed::Timer::start()                     0x00002d1b   Thumb Code    32  mbed/TARGET_KL25Z/TOOLCHAIN_ARM_STD/mbed.ar(Timer.o)(i._ZN4mbed5Timer5startEv)
    mbed::Timer::Timer()                     0x00002d3b   Thumb Code    40  mbed/TARGET_KL25Z/TOOLCHAIN_ARM_STD/mbed.ar(Timer.o)(i._ZN4mbed5TimerC1Ev)
    mbed::Timer::Timer__sub_object()         0x00002d3b   Thumb Code     0  mbed/TARGET_KL25Z/TOOLCHAIN_ARM_STD/mbed.ar(Timer.o)(i._ZN4mbed5TimerC1Ev)
    mbed::FileBase::lookup(const char*, unsigned) 0x00002d65   Thumb Code    96  mbed/TARGET_KL25Z/TOOLCHAIN_ARM_STD/mbed.ar(FileBase.o)(i._ZN4mbed8FileBase6lookupEPKcj)
    mbed::FilePath::fileSystem()             0x00002dd5   Thumb Code    26  mbed/TARGET_KL25Z/TOOLCHAIN_ARM_STD/mbed.ar(FilePath.o)(i._ZN4mbed8FilePath10fileSystemEv)
    mbed::FilePath::file()                   0x00002def   Thumb Code    32  mbed/TARGET_KL25Z/TOOLCHAIN_ARM_STD/mbed.ar(FilePath.o)(i._ZN4mbed8FilePath4fileEv)
    mbed::FilePath::exists()                 0x00002e0f   Thumb Code    10  mbed/TARGET_KL25Z/TOOLCHAIN_ARM_STD/mbed.ar(FilePath.o)(i._ZN4mbed8FilePath6existsEv)
    mbed::FilePath::isFile()                 0x00002e19   Thumb Code    24  mbed/TARGET_KL25Z/TOOLCHAIN_ARM_STD/mbed.ar(FilePath.o)(i._ZN4mbed8FilePath6isFileEv)
    mbed::FilePath::FilePath(const char*)    0x00002e31   Thumb Code    68  mbed/TARGET_KL25Z/TOOLCHAIN_ARM_STD/mbed.ar(FilePath.o)(i._ZN4mbed8FilePathC1EPKc)
    mbed::FilePath::FilePath__sub_object(const char*) 0x00002e31   Thumb Code     0  mbed/TARGET_KL25Z/TOOLCHAIN_ARM_STD/mbed.ar(FilePath.o)(i._ZN4mbed8FilePathC1EPKc)
    __ARM_common_ll_muluu                    0x00002e75   Thumb Code    48  C:\Keil_v5\ARM\ARMCC\Bin\..\lib\armlib\c_p.l(btod.o)(i.__ARM_common_ll_muluu)
    __ARM_fpclassify                         0x00002ea5   Thumb Code    40  C:\Keil_v5\ARM\ARMCC\Bin\..\lib\armlib\m_ps.l(fpclassify.o)(i.__ARM_fpclassify)
    __user_setup_stackheap                   0x00002ee1   Thumb Code    10  mbed/TARGET_KL25Z/TOOLCHAIN_ARM_STD/sys.o(i.__user_setup_stackheap)
    _is_digit                                0x00002ef1   Thumb Code    14  C:\Keil_v5\ARM\ARMCC\Bin\..\lib\armlib\c_p.l(__printf_wp.o)(i._is_digit)
    _platform_post_stackheap_init            0x00002eff   Thumb Code     8  mbed/TARGET_KL25Z/TOOLCHAIN_ARM_STD/retarget.o(i._platform_post_stackheap_init)
    _sys_close                               0x00002f09   Thumb Code    38  mbed/TARGET_KL25Z/TOOLCHAIN_ARM_STD/retarget.o(i._sys_close)
    _sys_flen                                0x00002f35   Thumb Code    34  mbed/TARGET_KL25Z/TOOLCHAIN_ARM_STD/retarget.o(i._sys_flen)
    _sys_istty                               0x00002f5d   Thumb Code    34  mbed/TARGET_KL25Z/TOOLCHAIN_ARM_STD/retarget.o(i._sys_istty)
    _sys_open                                0x00002f85   Thumb Code   418  mbed/TARGET_KL25Z/TOOLCHAIN_ARM_STD/retarget.o(i._sys_open)
    _sys_seek                                0x00003151   Thumb Code    36  mbed/TARGET_KL25Z/TOOLCHAIN_ARM_STD/retarget.o(i._sys_seek)
    _sys_write                               0x00003179   Thumb Code    94  mbed/TARGET_KL25Z/TOOLCHAIN_ARM_STD/retarget.o(i._sys_write)
    core_util_critical_section_enter         0x000031e5   Thumb Code    72  mbed/TARGET_KL25Z/TOOLCHAIN_ARM_STD/mbed.ar(mbed_critical.o)(i.core_util_critical_section_enter)
    core_util_critical_section_exit          0x00003271   Thumb Code    58  mbed/TARGET_KL25Z/TOOLCHAIN_ARM_STD/mbed.ar(mbed_critical.o)(i.core_util_critical_section_exit)
    error                                    0x000032c9   Thumb Code    18  mbed/TARGET_KL25Z/TOOLCHAIN_ARM_STD/mbed.ar(mbed_error.o)(i.error)
    exit                                     0x000032dd   Thumb Code    36  mbed/TARGET_KL25Z/TOOLCHAIN_ARM_STD/retarget.o(i.exit)
    get_us_ticker_data                       0x00003309   Thumb Code     4  mbed/TARGET_KL25Z/TOOLCHAIN_ARM_STD/mbed.ar(mbed_us_ticker_api.o)(i.get_us_ticker_data)
    gpio_dir                                 0x00003311   Thumb Code    54  mbed/TARGET_KL25Z/TOOLCHAIN_ARM_STD/gpio_api.o(i.gpio_dir)
    gpio_init                                0x00003365   Thumb Code    56  mbed/TARGET_KL25Z/TOOLCHAIN_ARM_STD/gpio_api.o(i.gpio_init)
    gpio_init_in                             0x000033a1   Thumb Code    34  mbed/TARGET_KL25Z/TOOLCHAIN_ARM_STD/mbed.ar(mbed_gpio.o)(i.gpio_init_in)
    gpio_init_out                            0x000033c5   Thumb Code    56  mbed/TARGET_KL25Z/TOOLCHAIN_ARM_STD/mbed.ar(mbed_gpio.o)(i.gpio_init_out)
    gpio_init_out_ex                         0x00003405   Thumb Code    66  mbed/TARGET_KL25Z/TOOLCHAIN_ARM_STD/mbed.ar(mbed_gpio.o)(i.gpio_init_out_ex)
    gpio_mode                                0x00003465   Thumb Code    14  mbed/TARGET_KL25Z/TOOLCHAIN_ARM_STD/gpio_api.o(i.gpio_mode)
    $Super$$main                             0x000034d5   Thumb Code    34  .\build\main.o(i.main)
    mbed_assert_internal                     0x000034fd   Thumb Code    30  mbed/TARGET_KL25Z/TOOLCHAIN_ARM_STD/mbed.ar(mbed_assert.o)(i.mbed_assert_internal)
    mbed_die                                 0x00003551   Thumb Code    80  mbed/TARGET_KL25Z/TOOLCHAIN_ARM_STD/mbed_board.o(i.mbed_die)
    mbed_error_printf                        0x000035c1   Thumb Code    78  mbed/TARGET_KL25Z/TOOLCHAIN_ARM_STD/mbed_board.o(i.mbed_error_printf)
    mbed_error_vfprintf                      0x00003619   Thumb Code    70  mbed/TARGET_KL25Z/TOOLCHAIN_ARM_STD/mbed_board.o(i.mbed_error_vfprintf)
    mbed_interface_connected                 0x00003669   Thumb Code     8  mbed/TARGET_KL25Z/TOOLCHAIN_ARM_STD/mbed.ar(mbed_interface.o)(i.mbed_interface_connected)
    pin_function                             0x00003671   Thumb Code    68  mbed/TARGET_KL25Z/TOOLCHAIN_ARM_STD/pinmap.o(i.pin_function)
    pin_mode                                 0x000036d5   Thumb Code    36  mbed/TARGET_KL25Z/TOOLCHAIN_ARM_STD/pinmap.o(i.pin_mode)
    pinmap_merge                             0x00003715   Thumb Code    30  mbed/TARGET_KL25Z/TOOLCHAIN_ARM_STD/mbed.ar(mbed_pinmap_common.o)(i.pinmap_merge)
    pinmap_peripheral                        0x00003749   Thumb Code    60  mbed/TARGET_KL25Z/TOOLCHAIN_ARM_STD/mbed.ar(mbed_pinmap_common.o)(i.pinmap_peripheral)
    pinmap_pinout                            0x000037a5   Thumb Code    62  mbed/TARGET_KL25Z/TOOLCHAIN_ARM_STD/mbed.ar(mbed_pinmap_common.o)(i.pinmap_pinout)
    semihost_connected                       0x000037f9   Thumb Code     6  mbed/TARGET_KL25Z/TOOLCHAIN_ARM_STD/mbed.ar(mbed_semihost_api.o)(i.semihost_connected)
    semihost_exit                            0x00003805   Thumb Code    12  mbed/TARGET_KL25Z/TOOLCHAIN_ARM_STD/mbed.ar(mbed_semihost_api.o)(i.semihost_exit)
    serial_baud                              0x00003811   Thumb Code   352  mbed/TARGET_KL25Z/TOOLCHAIN_ARM_STD/serial_api.o(i.serial_baud)
    serial_format                            0x00003991   Thumb Code   148  mbed/TARGET_KL25Z/TOOLCHAIN_ARM_STD/serial_api.o(i.serial_format)
    serial_init                              0x00003a65   Thumb Code   332  mbed/TARGET_KL25Z/TOOLCHAIN_ARM_STD/serial_api.o(i.serial_init)
    serial_putc                              0x00003bf1   Thumb Code    36  mbed/TARGET_KL25Z/TOOLCHAIN_ARM_STD/serial_api.o(i.serial_putc)
    ticker_irq_handler                       0x00003c15   Thumb Code    74  mbed/TARGET_KL25Z/TOOLCHAIN_ARM_STD/mbed.ar(mbed_ticker_api.o)(i.ticker_irq_handler)
    ticker_read                              0x00003c5f   Thumb Code     6  mbed/TARGET_KL25Z/TOOLCHAIN_ARM_STD/mbed.ar(mbed_ticker_api.o)(i.ticker_read)
    us_ticker_clear_interrupt                0x00003c65   Thumb Code     2  mbed/TARGET_KL25Z/TOOLCHAIN_ARM_STD/us_ticker.o(i.us_ticker_clear_interrupt)
    us_ticker_disable_interrupt              0x00003c69   Thumb Code    12  mbed/TARGET_KL25Z/TOOLCHAIN_ARM_STD/us_ticker.o(i.us_ticker_disable_interrupt)
    us_ticker_init                           0x00003c79   Thumb Code   388  mbed/TARGET_KL25Z/TOOLCHAIN_ARM_STD/us_ticker.o(i.us_ticker_init)
    us_ticker_irq_handler                    0x00003e35   Thumb Code    10  mbed/TARGET_KL25Z/TOOLCHAIN_ARM_STD/mbed.ar(mbed_us_ticker_api.o)(i.us_ticker_irq_handler)
    us_ticker_read                           0x00003e45   Thumb Code    22  mbed/TARGET_KL25Z/TOOLCHAIN_ARM_STD/us_ticker.o(i.us_ticker_read)
    us_ticker_set_interrupt                  0x00003e65   Thumb Code    98  mbed/TARGET_KL25Z/TOOLCHAIN_ARM_STD/us_ticker.o(i.us_ticker_set_interrupt)
    wait_ms                                  0x00003ed9   Thumb Code    28  mbed/TARGET_KL25Z/TOOLCHAIN_ARM_STD/mbed.ar(mbed_wait_api_no_rtos.o)(i.wait_ms)
    _get_lc_numeric                          0x00003ef5   Thumb Code    44  C:\Keil_v5\ARM\ARMCC\Bin\..\lib\armlib\c_p.l(lc_numeric_c.o)(locale$$code)
    _get_lc_ctype                            0x00003f21   Thumb Code    44  C:\Keil_v5\ARM\ARMCC\Bin\..\lib\armlib\c_p.l(lc_ctype_c.o)(locale$$code)
    SingletonPtr<PlatformMutex>::operator ->() 0x00003f4d   Thumb Code    36  mbed/TARGET_KL25Z/TOOLCHAIN_ARM_STD/mbed.ar(FileBase.o)(t._ZN12SingletonPtrI13PlatformMutexEptEv)
    _printf_fp_dec                           0x00003f79   Thumb Code    16  C:\Keil_v5\ARM\ARMCC\Bin\..\lib\armlib\fz_ps.l(printf1.o)(x$fpl$printf1)
    _printf_fp_hex                           0x00003f89   Thumb Code    16  C:\Keil_v5\ARM\ARMCC\Bin\..\lib\armlib\fz_ps.l(printf2.o)(x$fpl$printf2)
    PinMap_UART_TX                           0x00003f98   Data         108  mbed/TARGET_KL25Z/TOOLCHAIN_ARM_STD/PeripheralPins.o(.constdata)
    __I$use$fp                               0x00003f98   Number         0  C:\Keil_v5\ARM\ARMCC\Bin\..\lib\armlib\fz_ps.l(usenofp.o)(x$fpl$usenofp)
    PinMap_UART_RX                           0x00004004   Data         108  mbed/TARGET_KL25Z/TOOLCHAIN_ARM_STD/PeripheralPins.o(.constdata)
    __stdin_name                             0x00004070   Data           7  mbed/TARGET_KL25Z/TOOLCHAIN_ARM_STD/retarget.o(.constdata)
    __stdout_name                            0x00004077   Data           8  mbed/TARGET_KL25Z/TOOLCHAIN_ARM_STD/retarget.o(.constdata)
    __stderr_name                            0x0000407f   Data           8  mbed/TARGET_KL25Z/TOOLCHAIN_ARM_STD/retarget.o(.constdata)
    SingletonPtr<PlatformMutex>::get()::string 0x000041e0   Data          20  mbed/TARGET_KL25Z/TOOLCHAIN_ARM_STD/retarget.o(.constdata__ZZN12SingletonPtrI13PlatformMutexE3getEvEs)
    SingletonPtr<PlatformMutex>::get()::string (instance 2) 0x000041f4   Data          77  mbed/TARGET_KL25Z/TOOLCHAIN_ARM_STD/retarget.o(.constdata__ZZN12SingletonPtrI13PlatformMutexE3getEvEs_0)
    Region$$Table$$Base                      0x00004464   Number         0  anon$$obj.o(Region$$Table)
    Region$$Table$$Limit                     0x00004484   Number         0  anon$$obj.o(Region$$Table)
    __ctype                                  0x000044ad   Data           0  C:\Keil_v5\ARM\ARMCC\Bin\..\lib\armlib\c_p.l(lc_ctype_c.o)(locale$$data)
    SHT$$INIT_ARRAY$$Base                    0x000045b0   Number         0  .\build\main.o(.init_array)
    SHT$$INIT_ARRAY$$Limit                   0x000045b4   Number         0  C:\Keil_v5\ARM\ARMCC\Bin\..\lib\armlib\c_p.l(init_aeabi.o)(.init_array)
    stdio_uart_inited                        0x1ffff0c8   Data           4  mbed/TARGET_KL25Z/TOOLCHAIN_ARM_STD/serial_api.o(.data)
    stdio_uart                               0x1ffff0d0   Data           8  mbed/TARGET_KL25Z/TOOLCHAIN_ARM_STD/serial_api.o(.data)
    SystemCoreClock                          0x1ffff0d8   Data           4  mbed/TARGET_KL25Z/TOOLCHAIN_ARM_STD/system_MKL25Z4.o(.data)
    mbed::FileBase::_head                    0x1ffff0fc   Data           4  mbed/TARGET_KL25Z/TOOLCHAIN_ARM_STD/mbed.ar(FileBase.o)(.data)
    mbed::FileBase::_mutex                   0x1ffff100   Data           8  mbed/TARGET_KL25Z/TOOLCHAIN_ARM_STD/mbed.ar(FileBase.o)(.data)
    __aeabi_stdin                            0x1ffff108   Data           4  C:\Keil_v5\ARM\ARMCC\Bin\..\lib\armlib\c_p.l(stdio_streams.o)(.data)
    __aeabi_stdout                           0x1ffff10c   Data           4  C:\Keil_v5\ARM\ARMCC\Bin\..\lib\armlib\c_p.l(stdio_streams.o)(.data)
    __aeabi_stderr                           0x1ffff110   Data           4  C:\Keil_v5\ARM\ARMCC\Bin\..\lib\armlib\c_p.l(stdio_streams.o)(.data)
    t                                        0x1ffff158   Data          16  .\build\main.o(.bss)
    __stdin                                  0x1ffff168   Data          84  C:\Keil_v5\ARM\ARMCC\Bin\..\lib\armlib\c_p.l(stdio_streams.o)(.bss)
    __stdout                                 0x1ffff1bc   Data          84  C:\Keil_v5\ARM\ARMCC\Bin\..\lib\armlib\c_p.l(stdio_streams.o)(.bss)
    __stderr                                 0x1ffff210   Data          84  C:\Keil_v5\ARM\ARMCC\Bin\..\lib\armlib\c_p.l(stdio_streams.o)(.bss)
    Image$$RW_IRAM1$$ZI$$Limit               0x1ffff280   Number         0  anon$$obj.o ABSOLUTE



==============================================================================

Memory Map of the image

  Image Entry point : 0x000000c1

  Load Region LR_IROM1 (Base: 0x00000000, Size: 0x0000460c, Max: 0x00020000, ABSOLUTE)

    Execution Region ER_IROM1 (Exec base: 0x00000000, Load base: 0x00000000, Size: 0x000045b4, Max: 0x00020000, ABSOLUTE)

    Exec Addr    Load Addr    Size         Type   Attr      Idx    E Section Name        Object

    0x00000000   0x00000000   0x000000c0   Data   RO          419    RESET               mbed/TARGET_KL25Z/TOOLCHAIN_ARM_STD/startup_MKL25Z4.o
    0x000000c0   0x000000c0   0x00000008   Code   RO         1201  * !!!main             C:\Keil_v5\ARM\ARMCC\Bin\..\lib\armlib\c_p.l(__main.o)
    0x000000c8   0x000000c8   0x0000003c   Code   RO         1778    !!!scatter          C:\Keil_v5\ARM\ARMCC\Bin\..\lib\armlib\c_p.l(__scatter.o)
    0x00000104   0x00000104   0x0000001a   Code   RO         1780    !!handler_copy      C:\Keil_v5\ARM\ARMCC\Bin\..\lib\armlib\c_p.l(__scatter_copy.o)
    0x0000011e   0x0000011e   0x00000002   PAD
    0x00000120   0x00000120   0x0000001c   Code   RO         1782    !!handler_zi        C:\Keil_v5\ARM\ARMCC\Bin\..\lib\armlib\c_p.l(__scatter_zi.o)
    0x0000013c   0x0000013c   0x00000002   Code   RO         1448    .ARM.Collect$$_printf_percent$$00000000  C:\Keil_v5\ARM\ARMCC\Bin\..\lib\armlib\c_p.l(_printf_percent.o)
    0x0000013e   0x0000013e   0x0000000a   Code   RO         1437    .ARM.Collect$$_printf_percent$$00000001  C:\Keil_v5\ARM\ARMCC\Bin\..\lib\armlib\c_p.l(_printf_n.o)
    0x00000148   0x00000148   0x0000000a   Code   RO         1439    .ARM.Collect$$_printf_percent$$00000002  C:\Keil_v5\ARM\ARMCC\Bin\..\lib\armlib\c_p.l(_printf_p.o)
    0x00000152   0x00000152   0x0000000a   Code   RO         1444    .ARM.Collect$$_printf_percent$$00000003  C:\Keil_v5\ARM\ARMCC\Bin\..\lib\armlib\c_p.l(_printf_f.o)
    0x0000015c   0x0000015c   0x0000000a   Code   RO         1445    .ARM.Collect$$_printf_percent$$00000004  C:\Keil_v5\ARM\ARMCC\Bin\..\lib\armlib\c_p.l(_printf_e.o)
    0x00000166   0x00000166   0x0000000a   Code   RO         1446    .ARM.Collect$$_printf_percent$$00000005  C:\Keil_v5\ARM\ARMCC\Bin\..\lib\armlib\c_p.l(_printf_g.o)
    0x00000170   0x00000170   0x0000000a   Code   RO         1447    .ARM.Collect$$_printf_percent$$00000006  C:\Keil_v5\ARM\ARMCC\Bin\..\lib\armlib\c_p.l(_printf_a.o)
    0x0000017a   0x0000017a   0x0000000a   Code   RO         1452    .ARM.Collect$$_printf_percent$$00000007  C:\Keil_v5\ARM\ARMCC\Bin\..\lib\armlib\c_p.l(_printf_ll.o)
    0x00000184   0x00000184   0x0000000a   Code   RO         1441    .ARM.Collect$$_printf_percent$$00000008  C:\Keil_v5\ARM\ARMCC\Bin\..\lib\armlib\c_p.l(_printf_i.o)
    0x0000018e   0x0000018e   0x0000000a   Code   RO         1442    .ARM.Collect$$_printf_percent$$00000009  C:\Keil_v5\ARM\ARMCC\Bin\..\lib\armlib\c_p.l(_printf_d.o)
    0x00000198   0x00000198   0x0000000a   Code   RO         1443    .ARM.Collect$$_printf_percent$$0000000A  C:\Keil_v5\ARM\ARMCC\Bin\..\lib\armlib\c_p.l(_printf_u.o)
    0x000001a2   0x000001a2   0x0000000a   Code   RO         1440    .ARM.Collect$$_printf_percent$$0000000B  C:\Keil_v5\ARM\ARMCC\Bin\..\lib\armlib\c_p.l(_printf_o.o)
    0x000001ac   0x000001ac   0x0000000a   Code   RO         1438    .ARM.Collect$$_printf_percent$$0000000C  C:\Keil_v5\ARM\ARMCC\Bin\..\lib\armlib\c_p.l(_printf_x.o)
    0x000001b6   0x000001b6   0x0000000a   Code   RO         1449    .ARM.Collect$$_printf_percent$$0000000D  C:\Keil_v5\ARM\ARMCC\Bin\..\lib\armlib\c_p.l(_printf_lli.o)
    0x000001c0   0x000001c0   0x0000000a   Code   RO         1450    .ARM.Collect$$_printf_percent$$0000000E  C:\Keil_v5\ARM\ARMCC\Bin\..\lib\armlib\c_p.l(_printf_lld.o)
    0x000001ca   0x000001ca   0x0000000a   Code   RO         1451    .ARM.Collect$$_printf_percent$$0000000F  C:\Keil_v5\ARM\ARMCC\Bin\..\lib\armlib\c_p.l(_printf_llu.o)
    0x000001d4   0x000001d4   0x0000000a   Code   RO         1456    .ARM.Collect$$_printf_percent$$00000010  C:\Keil_v5\ARM\ARMCC\Bin\..\lib\armlib\c_p.l(_printf_llo.o)
    0x000001de   0x000001de   0x0000000a   Code   RO         1457    .ARM.Collect$$_printf_percent$$00000011  C:\Keil_v5\ARM\ARMCC\Bin\..\lib\armlib\c_p.l(_printf_llx.o)
    0x000001e8   0x000001e8   0x0000000a   Code   RO         1453    .ARM.Collect$$_printf_percent$$00000012  C:\Keil_v5\ARM\ARMCC\Bin\..\lib\armlib\c_p.l(_printf_l.o)
    0x000001f2   0x000001f2   0x0000000a   Code   RO         1435    .ARM.Collect$$_printf_percent$$00000013  C:\Keil_v5\ARM\ARMCC\Bin\..\lib\armlib\c_p.l(_printf_c.o)
    0x000001fc   0x000001fc   0x0000000a   Code   RO         1436    .ARM.Collect$$_printf_percent$$00000014  C:\Keil_v5\ARM\ARMCC\Bin\..\lib\armlib\c_p.l(_printf_s.o)
    0x00000206   0x00000206   0x0000000a   Code   RO         1454    .ARM.Collect$$_printf_percent$$00000015  C:\Keil_v5\ARM\ARMCC\Bin\..\lib\armlib\c_p.l(_printf_lc.o)
    0x00000210   0x00000210   0x0000000a   Code   RO         1455    .ARM.Collect$$_printf_percent$$00000016  C:\Keil_v5\ARM\ARMCC\Bin\..\lib\armlib\c_p.l(_printf_ls.o)
    0x0000021a   0x0000021a   0x00000004   Code   RO         1605    .ARM.Collect$$_printf_percent$$00000017  C:\Keil_v5\ARM\ARMCC\Bin\..\lib\armlib\c_p.l(_printf_percent_end.o)
    0x0000021e   0x0000021e   0x00000002   Code   RO         1738    .ARM.Collect$$libinit$$00000000  C:\Keil_v5\ARM\ARMCC\Bin\..\lib\armlib\c_p.l(libinit.o)
    0x00000220   0x00000220   0x00000000   Code   RO         1490    .ARM.Collect$$libinit$$00000002  C:\Keil_v5\ARM\ARMCC\Bin\..\lib\armlib\c_p.l(libinit2.o)
    0x00000220   0x00000220   0x00000000   Code   RO         1492    .ARM.Collect$$libinit$$00000004  C:\Keil_v5\ARM\ARMCC\Bin\..\lib\armlib\c_p.l(libinit2.o)
    0x00000220   0x00000220   0x00000008   Code   RO         1493    .ARM.Collect$$libinit$$00000005  C:\Keil_v5\ARM\ARMCC\Bin\..\lib\armlib\c_p.l(libinit2.o)
    0x00000228   0x00000228   0x00000000   Code   RO         1495    .ARM.Collect$$libinit$$0000000A  C:\Keil_v5\ARM\ARMCC\Bin\..\lib\armlib\c_p.l(libinit2.o)
    0x00000228   0x00000228   0x00000000   Code   RO         1497    .ARM.Collect$$libinit$$0000000C  C:\Keil_v5\ARM\ARMCC\Bin\..\lib\armlib\c_p.l(libinit2.o)
    0x00000228   0x00000228   0x00000000   Code   RO         1499    .ARM.Collect$$libinit$$0000000E  C:\Keil_v5\ARM\ARMCC\Bin\..\lib\armlib\c_p.l(libinit2.o)
    0x00000228   0x00000228   0x00000006   Code   RO         1500    .ARM.Collect$$libinit$$0000000F  C:\Keil_v5\ARM\ARMCC\Bin\..\lib\armlib\c_p.l(libinit2.o)
    0x0000022e   0x0000022e   0x00000000   Code   RO         1502    .ARM.Collect$$libinit$$00000011  C:\Keil_v5\ARM\ARMCC\Bin\..\lib\armlib\c_p.l(libinit2.o)
    0x0000022e   0x0000022e   0x0000000c   Code   RO         1503    .ARM.Collect$$libinit$$00000012  C:\Keil_v5\ARM\ARMCC\Bin\..\lib\armlib\c_p.l(libinit2.o)
    0x0000023a   0x0000023a   0x00000000   Code   RO         1504    .ARM.Collect$$libinit$$00000013  C:\Keil_v5\ARM\ARMCC\Bin\..\lib\armlib\c_p.l(libinit2.o)
    0x0000023a   0x0000023a   0x00000000   Code   RO         1506    .ARM.Collect$$libinit$$00000015  C:\Keil_v5\ARM\ARMCC\Bin\..\lib\armlib\c_p.l(libinit2.o)
    0x0000023a   0x0000023a   0x0000000a   Code   RO         1507    .ARM.Collect$$libinit$$00000016  C:\Keil_v5\ARM\ARMCC\Bin\..\lib\armlib\c_p.l(libinit2.o)
    0x00000244   0x00000244   0x00000000   Code   RO         1508    .ARM.Collect$$libinit$$00000017  C:\Keil_v5\ARM\ARMCC\Bin\..\lib\armlib\c_p.l(libinit2.o)
    0x00000244   0x00000244   0x00000000   Code   RO         1510    .ARM.Collect$$libinit$$00000019  C:\Keil_v5\ARM\ARMCC\Bin\..\lib\armlib\c_p.l(libinit2.o)
    0x00000244   0x00000244   0x00000000   Code   RO         1512    .ARM.Collect$$libinit$$0000001B  C:\Keil_v5\ARM\ARMCC\Bin\..\lib\armlib\c_p.l(libinit2.o)
    0x00000244   0x00000244   0x00000000   Code   RO         1514    .ARM.Collect$$libinit$$0000001D  C:\Keil_v5\ARM\ARMCC\Bin\..\lib\armlib\c_p.l(libinit2.o)
    0x00000244   0x00000244   0x00000000   Code   RO         1516    .ARM.Collect$$libinit$$0000001F  C:\Keil_v5\ARM\ARMCC\Bin\..\lib\armlib\c_p.l(libinit2.o)
    0x00000244   0x00000244   0x00000000   Code   RO         1518    .ARM.Collect$$libinit$$00000021  C:\Keil_v5\ARM\ARMCC\Bin\..\lib\armlib\c_p.l(libinit2.o)
    0x00000244   0x00000244   0x00000000   Code   RO         1520    .ARM.Collect$$libinit$$00000023  C:\Keil_v5\ARM\ARMCC\Bin\..\lib\armlib\c_p.l(libinit2.o)
    0x00000244   0x00000244   0x00000004   Code   RO         1521    .ARM.Collect$$libinit$$00000024  C:\Keil_v5\ARM\ARMCC\Bin\..\lib\armlib\c_p.l(libinit2.o)
    0x00000248   0x00000248   0x00000000   Code   RO         1522    .ARM.Collect$$libinit$$00000025  C:\Keil_v5\ARM\ARMCC\Bin\..\lib\armlib\c_p.l(libinit2.o)
    0x00000248   0x00000248   0x00000000   Code   RO         1526    .ARM.Collect$$libinit$$0000002C  C:\Keil_v5\ARM\ARMCC\Bin\..\lib\armlib\c_p.l(libinit2.o)
    0x00000248   0x00000248   0x00000000   Code   RO         1528    .ARM.Collect$$libinit$$0000002E  C:\Keil_v5\ARM\ARMCC\Bin\..\lib\armlib\c_p.l(libinit2.o)
    0x00000248   0x00000248   0x00000000   Code   RO         1530    .ARM.Collect$$libinit$$00000030  C:\Keil_v5\ARM\ARMCC\Bin\..\lib\armlib\c_p.l(libinit2.o)
    0x00000248   0x00000248   0x00000004   Code   RO         1531    .ARM.Collect$$libinit$$00000031  C:\Keil_v5\ARM\ARMCC\Bin\..\lib\armlib\c_p.l(libinit2.o)
    0x0000024c   0x0000024c   0x00000000   Code   RO         1532    .ARM.Collect$$libinit$$00000032  C:\Keil_v5\ARM\ARMCC\Bin\..\lib\armlib\c_p.l(libinit2.o)
    0x0000024c   0x0000024c   0x00000002   Code   RO         1533    .ARM.Collect$$libinit$$00000033  C:\Keil_v5\ARM\ARMCC\Bin\..\lib\armlib\c_p.l(libinit2.o)
    0x0000024e   0x0000024e   0x00000000   Code   RO         1656    .ARM.Collect$$libshutdown$$00000004  C:\Keil_v5\ARM\ARMCC\Bin\..\lib\armlib\c_p.l(libshutdown2.o)
    0x0000024e   0x0000024e   0x00000000   Code   RO         1337    .ARM.Collect$$rtentry$$00000000  C:\Keil_v5\ARM\ARMCC\Bin\..\lib\armlib\c_p.l(__rtentry.o)
    0x0000024e   0x0000024e   0x00000000   Code   RO         1562    .ARM.Collect$$rtentry$$00000002  C:\Keil_v5\ARM\ARMCC\Bin\..\lib\armlib\c_p.l(__rtentry2.o)
    0x0000024e   0x0000024e   0x00000006   Code   RO         1574    .ARM.Collect$$rtentry$$00000004  C:\Keil_v5\ARM\ARMCC\Bin\..\lib\armlib\c_p.l(__rtentry4.o)
    0x00000254   0x00000254   0x00000008   Code   RO         1563    .ARM.Collect$$rtentry$$00000008  C:\Keil_v5\ARM\ARMCC\Bin\..\lib\armlib\c_p.l(__rtentry2.o)
    0x0000025c   0x0000025c   0x00000004   Code   RO         1565    .ARM.Collect$$rtentry$$0000000A  C:\Keil_v5\ARM\ARMCC\Bin\..\lib\armlib\c_p.l(__rtentry2.o)
    0x00000260   0x00000260   0x00000000   Code   RO         1567    .ARM.Collect$$rtentry$$0000000C  C:\Keil_v5\ARM\ARMCC\Bin\..\lib\armlib\c_p.l(__rtentry2.o)
    0x00000260   0x00000260   0x00000008   Code   RO         1568    .ARM.Collect$$rtentry$$0000000D  C:\Keil_v5\ARM\ARMCC\Bin\..\lib\armlib\c_p.l(__rtentry2.o)
    0x00000268   0x00000268   0x00000046   Code   RO          454    .emb_text           .\build\main.o
    0x000002ae   0x000002ae   0x00000002   PAD
    0x000002b0   0x000002b0   0x00000038   Code   RO         1187    .emb_text           C:\Keil_v5\ARM\ARMCC\Bin\..\lib\armlib\c_p.l(rt_memcpy.o)
    0x000002e8   0x000002e8   0x00000000   Code   RO         1582    .emb_text           C:\Keil_v5\ARM\ARMCC\Bin\..\lib\armlib\c_p.l(maybetermalloc1.o)
    0x000002e8   0x000002e8   0x0000001c   Code   RO          421    .text               mbed/TARGET_KL25Z/TOOLCHAIN_ARM_STD/startup_MKL25Z4.o
    0x00000304   0x00000304   0x00000062   Code   RO         1099    .text               C:\Keil_v5\ARM\ARMCC\Bin\..\lib\armlib\c_p.l(h1_alloc.o)
    0x00000366   0x00000366   0x0000004c   Code   RO         1101    .text               C:\Keil_v5\ARM\ARMCC\Bin\..\lib\armlib\c_p.l(h1_free.o)
    0x000003b2   0x000003b2   0x00000002   PAD
    0x000003b4   0x000003b4   0x00000024   Code   RO         1157    .text               C:\Keil_v5\ARM\ARMCC\Bin\..\lib\armlib\c_p.l(vsprintf.o)
    0x000003d8   0x000003d8   0x00000024   Code   RO         1206    .text               C:\Keil_v5\ARM\ARMCC\Bin\..\lib\armlib\c_p.l(init_aeabi.o)
    0x000003fc   0x000003fc   0x00000004   Code   RO         1347    .text               C:\Keil_v5\ARM\ARMCC\Bin\..\lib\armlib\c_p.l(hguard.o)
    0x00000400   0x00000400   0x00000010   Code   RO          420    .ARM.__at_0x400     mbed/TARGET_KL25Z/TOOLCHAIN_ARM_STD/startup_MKL25Z4.o
    0x00000410   0x00000410   0x00000040   Code   RO         1159    .text               C:\Keil_v5\ARM\ARMCC\Bin\..\lib\armlib\c_p.l(__0sscanf.o)
    0x00000450   0x00000450   0x0000014a   Code   RO         1161    .text               C:\Keil_v5\ARM\ARMCC\Bin\..\lib\armlib\c_p.l(_scanf_int.o)
    0x0000059a   0x0000059a   0x00000002   PAD
    0x0000059c   0x0000059c   0x00000068   Code   RO         1163    .text               C:\Keil_v5\ARM\ARMCC\Bin\..\lib\armlib\c_p.l(fflush.o)
    0x00000604   0x00000604   0x00000044   Code   RO         1183    .text               C:\Keil_v5\ARM\ARMCC\Bin\..\lib\armlib\c_p.l(strlen.o)
    0x00000648   0x00000648   0x000000a0   Code   RO         1185    .text               C:\Keil_v5\ARM\ARMCC\Bin\..\lib\armlib\c_p.l(strncmp.o)
    0x000006e8   0x000006e8   0x00000040   Code   RO         1191    .text               C:\Keil_v5\ARM\ARMCC\Bin\..\lib\armlib\c_p.l(rt_memclr.o)
    0x00000728   0x00000728   0x000000a0   Code   RO         1195    .text               C:\Keil_v5\ARM\ARMCC\Bin\..\lib\armlib\c_p.l(strcmpv6m.o)
    0x000007c8   0x000007c8   0x000001e8   Code   RO         1197    .text               C:\Keil_v5\ARM\ARMCC\Bin\..\lib\armlib\c_p.l(aeabi_sdivfast.o)
    0x000009b0   0x000009b0   0x00000160   Code   RO         1322    .text               C:\Keil_v5\ARM\ARMCC\Bin\..\lib\armlib\fz_ps.l(fdiv.o)
    0x00000b10   0x00000b10   0x0000005e   Code   RO         1329    .text               C:\Keil_v5\ARM\ARMCC\Bin\..\lib\armlib\fz_ps.l(fflti.o)
    0x00000b6e   0x00000b6e   0x00000002   PAD
    0x00000b70   0x00000b70   0x00000008   Code   RO         1342    .text               C:\Keil_v5\ARM\ARMCC\Bin\..\lib\armlib\c_p.l(rt_heap_descriptor.o)
    0x00000b78   0x00000b78   0x00000088   Code   RO         1349    .text               C:\Keil_v5\ARM\ARMCC\Bin\..\lib\armlib\c_p.l(init_alloc.o)
    0x00000c00   0x00000c00   0x0000000e   Code   RO         1353    .text               C:\Keil_v5\ARM\ARMCC\Bin\..\lib\armlib\c_p.l(h1_init.o)
    0x00000c0e   0x00000c0e   0x0000004e   Code   RO         1369    .text               C:\Keil_v5\ARM\ARMCC\Bin\..\lib\armlib\c_p.l(_printf_pad.o)
    0x00000c5c   0x00000c5c   0x00000024   Code   RO         1371    .text               C:\Keil_v5\ARM\ARMCC\Bin\..\lib\armlib\c_p.l(_printf_truncate.o)
    0x00000c80   0x00000c80   0x00000052   Code   RO         1373    .text               C:\Keil_v5\ARM\ARMCC\Bin\..\lib\armlib\c_p.l(_printf_str.o)
    0x00000cd2   0x00000cd2   0x00000002   PAD
    0x00000cd4   0x00000cd4   0x0000006c   Code   RO         1375    .text               C:\Keil_v5\ARM\ARMCC\Bin\..\lib\armlib\c_p.l(_printf_dec.o)
    0x00000d40   0x00000d40   0x00000026   Code   RO         1377    .text               C:\Keil_v5\ARM\ARMCC\Bin\..\lib\armlib\c_p.l(_printf_charcount.o)
    0x00000d66   0x00000d66   0x00000002   PAD
    0x00000d68   0x00000d68   0x00000030   Code   RO         1379    .text               C:\Keil_v5\ARM\ARMCC\Bin\..\lib\armlib\c_p.l(_printf_char_common.o)
    0x00000d98   0x00000d98   0x0000000a   Code   RO         1381    .text               C:\Keil_v5\ARM\ARMCC\Bin\..\lib\armlib\c_p.l(_sputc.o)
    0x00000da2   0x00000da2   0x00000002   PAD
    0x00000da4   0x00000da4   0x000000bc   Code   RO         1383    .text               C:\Keil_v5\ARM\ARMCC\Bin\..\lib\armlib\c_p.l(_printf_wctomb.o)
    0x00000e60   0x00000e60   0x00000070   Code   RO         1386    .text               C:\Keil_v5\ARM\ARMCC\Bin\..\lib\armlib\c_p.l(_printf_longlong_dec.o)
    0x00000ed0   0x00000ed0   0x00000070   Code   RO         1392    .text               C:\Keil_v5\ARM\ARMCC\Bin\..\lib\armlib\c_p.l(_printf_oct_int_ll.o)
    0x00000f40   0x00000f40   0x00000098   Code   RO         1412    .text               C:\Keil_v5\ARM\ARMCC\Bin\..\lib\armlib\c_p.l(_printf_hex_int_ll_ptr.o)
    0x00000fd8   0x00000fd8   0x00000188   Code   RO         1432    .text               C:\Keil_v5\ARM\ARMCC\Bin\..\lib\armlib\c_p.l(__printf_flags_ss_wp.o)
    0x00001160   0x00001160   0x0000001e   Code   RO         1458    .text               C:\Keil_v5\ARM\ARMCC\Bin\..\lib\armlib\c_p.l(_chval.o)
    0x0000117e   0x0000117e   0x00000002   PAD
    0x00001180   0x00001180   0x00000030   Code   RO         1460    .text               C:\Keil_v5\ARM\ARMCC\Bin\..\lib\armlib\c_p.l(scanf_char.o)
    0x000011b0   0x000011b0   0x00000044   Code   RO         1462    .text               C:\Keil_v5\ARM\ARMCC\Bin\..\lib\armlib\c_p.l(_sgetc.o)
    0x000011f4   0x000011f4   0x000000f4   Code   RO         1468    .text               C:\Keil_v5\ARM\ARMCC\Bin\..\lib\armlib\c_p.l(fseek.o)
    0x000012e8   0x000012e8   0x0000004c   Code   RO         1470    .text               C:\Keil_v5\ARM\ARMCC\Bin\..\lib\armlib\c_p.l(setvbuf.o)
    0x00001334   0x00001334   0x000000f0   Code   RO         1472    .text               C:\Keil_v5\ARM\ARMCC\Bin\..\lib\armlib\c_p.l(stdio.o)
    0x00001424   0x00001424   0x0000013c   Code   RO         1475    .text               C:\Keil_v5\ARM\ARMCC\Bin\..\lib\armlib\c_p.l(initio.o)
    0x00001560   0x00001560   0x00000034   Code   RO         1584    .text               C:\Keil_v5\ARM\ARMCC\Bin\..\lib\armlib\c_p.l(h1_extend.o)
    0x00001594   0x00001594   0x0000007a   Code   RO         1588    .text               C:\Keil_v5\ARM\ARMCC\Bin\..\lib\armlib\c_p.l(lludiv10.o)
    0x0000160e   0x0000160e   0x00000012   Code   RO         1590    .text               C:\Keil_v5\ARM\ARMCC\Bin\..\lib\armlib\c_p.l(isspace.o)
    0x00001620   0x00001620   0x000000b0   Code   RO         1592    .text               C:\Keil_v5\ARM\ARMCC\Bin\..\lib\armlib\c_p.l(_printf_intcommon.o)
    0x000016d0   0x000016d0   0x00000418   Code   RO         1594    .text               C:\Keil_v5\ARM\ARMCC\Bin\..\lib\armlib\c_p.l(_printf_fp_dec.o)
    0x00001ae8   0x00001ae8   0x000002d8   Code   RO         1596    .text               C:\Keil_v5\ARM\ARMCC\Bin\..\lib\armlib\c_p.l(_printf_fp_hex.o)
    0x00001dc0   0x00001dc0   0x0000002e   Code   RO         1601    .text               C:\Keil_v5\ARM\ARMCC\Bin\..\lib\armlib\c_p.l(_printf_char.o)
    0x00001dee   0x00001dee   0x0000002e   Code   RO         1603    .text               C:\Keil_v5\ARM\ARMCC\Bin\..\lib\armlib\c_p.l(_printf_wchar.o)
    0x00001e1c   0x00001e1c   0x00000380   Code   RO         1606    .text               C:\Keil_v5\ARM\ARMCC\Bin\..\lib\armlib\c_p.l(_scanf.o)
    0x0000219c   0x0000219c   0x00000042   Code   RO         1608    .text               C:\Keil_v5\ARM\ARMCC\Bin\..\lib\armlib\c_p.l(ftell.o)
    0x000021de   0x000021de   0x00000002   PAD
    0x000021e0   0x000021e0   0x000000e8   Code   RO         1614    .text               C:\Keil_v5\ARM\ARMCC\Bin\..\lib\armlib\c_p.l(fopen.o)
    0x000022c8   0x000022c8   0x0000004c   Code   RO         1616    .text               C:\Keil_v5\ARM\ARMCC\Bin\..\lib\armlib\c_p.l(fclose.o)
    0x00002314   0x00002314   0x00000040   Code   RO         1630    .text               C:\Keil_v5\ARM\ARMCC\Bin\..\lib\armlib\c_p.l(_wcrtomb.o)
    0x00002354   0x00002354   0x0000000c   Code   RO         1632    .text               C:\Keil_v5\ARM\ARMCC\Bin\..\lib\armlib\c_p.l(defsig_exit.o)
    0x00002360   0x00002360   0x0000000c   Code   RO         1634    .text               C:\Keil_v5\ARM\ARMCC\Bin\..\lib\armlib\c_p.l(defsig_rtred_outer.o)
    0x0000236c   0x0000236c   0x0000000c   Code   RO         1638    .text               C:\Keil_v5\ARM\ARMCC\Bin\..\lib\armlib\c_p.l(defsig_rtmem_outer.o)
    0x00002378   0x00002378   0x00000028   Code   RO         1644    .text               C:\Keil_v5\ARM\ARMCC\Bin\..\lib\armlib\c_p.l(rtudiv10.o)
    0x000023a0   0x000023a0   0x00000050   Code   RO         1646    .text               C:\Keil_v5\ARM\ARMCC\Bin\..\lib\armlib\c_p.l(heapauxa.o)
    0x000023f0   0x000023f0   0x0000000c   Code   RO         1684    .text               C:\Keil_v5\ARM\ARMCC\Bin\..\lib\armlib\c_p.l(sys_exit.o)
    0x000023fc   0x000023fc   0x00000010   Code   RO         1686    .text               C:\Keil_v5\ARM\ARMCC\Bin\..\lib\armlib\c_p.l(rt_ctype_table.o)
    0x0000240c   0x0000240c   0x00000008   Code   RO         1688    .text               C:\Keil_v5\ARM\ARMCC\Bin\..\lib\armlib\c_p.l(rt_locale.o)
    0x00002414   0x00002414   0x00000008   Code   RO         1698    .text               C:\Keil_v5\ARM\ARMCC\Bin\..\lib\armlib\c_p.l(rt_errno_addr.o)
    0x0000241c   0x0000241c   0x00000088   Code   RO         1705    .text               C:\Keil_v5\ARM\ARMCC\Bin\..\lib\armlib\c_p.l(_printf_fp_infnan.o)
    0x000024a4   0x000024a4   0x000000d8   Code   RO         1707    .text               C:\Keil_v5\ARM\ARMCC\Bin\..\lib\armlib\c_p.l(bigflt0.o)
    0x0000257c   0x0000257c   0x00000580   Code   RO         1710    .text               C:\Keil_v5\ARM\ARMCC\Bin\..\lib\armlib\c_p.l(btod.o)
    0x00002afc   0x00002afc   0x00000034   Code   RO         1721    .text               C:\Keil_v5\ARM\ARMCC\Bin\..\lib\armlib\c_p.l(defsig_general.o)
    0x00002b30   0x00002b30   0x00000034   Code   RO         1727    .text               C:\Keil_v5\ARM\ARMCC\Bin\..\lib\armlib\c_p.l(defsig_rtred_inner.o)
    0x00002b64   0x00002b64   0x00000050   Code   RO         1729    .text               C:\Keil_v5\ARM\ARMCC\Bin\..\lib\armlib\c_p.l(defsig_rtmem_inner.o)
    0x00002bb4   0x00002bb4   0x0000000c   Code   RO         1746    .text               C:\Keil_v5\ARM\ARMCC\Bin\..\lib\armlib\c_p.l(sys_wrch.o)
    0x00002bc0   0x00002bc0   0x00000002   Code   RO         1748    .text               C:\Keil_v5\ARM\ARMCC\Bin\..\lib\armlib\c_p.l(use_no_semi.o)
    0x00002bc2   0x00002bc2   0x00000000   Code   RO         1750    .text               C:\Keil_v5\ARM\ARMCC\Bin\..\lib\armlib\c_p.l(indicate_semi.o)
    0x00002bc2   0x00002bc2   0x0000000c   Code   RO          197    i.$Sub$$main        mbed/TARGET_KL25Z/TOOLCHAIN_ARM_STD/retarget.o
    0x00002bce   0x00002bce   0x00000010   Code   RO          124    i.NMI_Handler       mbed/TARGET_KL25Z/TOOLCHAIN_ARM_STD/mbed_overrides.o
    0x00002bde   0x00002bde   0x00000002   PAD
    0x00002be0   0x00002be0   0x00000034   Code   RO           32    i.NVIC_SetVector    mbed/TARGET_KL25Z/TOOLCHAIN_ARM_STD/cmsis_nvic.o
    0x00002c14   0x00002c14   0x00000098   Code   RO          429    i.SystemInit        mbed/TARGET_KL25Z/TOOLCHAIN_ARM_STD/system_MKL25Z4.o
    0x00002cac   0x00002cac   0x0000003c   Code   RO          873    i._ZN4mbed5Timer4readEv  mbed/TARGET_KL25Z/TOOLCHAIN_ARM_STD/mbed.ar(Timer.o)
    0x00002ce8   0x00002ce8   0x00000032   Code   RO          874    i._ZN4mbed5Timer4stopEv  mbed/TARGET_KL25Z/TOOLCHAIN_ARM_STD/mbed.ar(Timer.o)
    0x00002d1a   0x00002d1a   0x00000020   Code   RO          876    i._ZN4mbed5Timer5startEv  mbed/TARGET_KL25Z/TOOLCHAIN_ARM_STD/mbed.ar(Timer.o)
    0x00002d3a   0x00002d3a   0x00000028   Code   RO          881    i._ZN4mbed5TimerC1Ev  mbed/TARGET_KL25Z/TOOLCHAIN_ARM_STD/mbed.ar(Timer.o)
    0x00002d62   0x00002d62   0x00000002   PAD
    0x00002d64   0x00002d64   0x00000070   Code   RO         1048    i._ZN4mbed8FileBase6lookupEPKcj  mbed/TARGET_KL25Z/TOOLCHAIN_ARM_STD/mbed.ar(FileBase.o)
    0x00002dd4   0x00002dd4   0x0000001a   Code   RO          778    i._ZN4mbed8FilePath10fileSystemEv  mbed/TARGET_KL25Z/TOOLCHAIN_ARM_STD/mbed.ar(FilePath.o)
    0x00002dee   0x00002dee   0x00000020   Code   RO          780    i._ZN4mbed8FilePath4fileEv  mbed/TARGET_KL25Z/TOOLCHAIN_ARM_STD/mbed.ar(FilePath.o)
    0x00002e0e   0x00002e0e   0x0000000a   Code   RO          781    i._ZN4mbed8FilePath6existsEv  mbed/TARGET_KL25Z/TOOLCHAIN_ARM_STD/mbed.ar(FilePath.o)
    0x00002e18   0x00002e18   0x00000018   Code   RO          782    i._ZN4mbed8FilePath6isFileEv  mbed/TARGET_KL25Z/TOOLCHAIN_ARM_STD/mbed.ar(FilePath.o)
    0x00002e30   0x00002e30   0x00000044   Code   RO          784    i._ZN4mbed8FilePathC1EPKc  mbed/TARGET_KL25Z/TOOLCHAIN_ARM_STD/mbed.ar(FilePath.o)
    0x00002e74   0x00002e74   0x00000030   Code   RO         1712    i.__ARM_common_ll_muluu  C:\Keil_v5\ARM\ARMCC\Bin\..\lib\armlib\c_p.l(btod.o)
    0x00002ea4   0x00002ea4   0x0000002c   Code   RO         1744    i.__ARM_fpclassify  C:\Keil_v5\ARM\ARMCC\Bin\..\lib\armlib\m_ps.l(fpclassify.o)
    0x00002ed0   0x00002ed0   0x00000010   Code   RO          455    i.__sti___8_main_cpp_t  .\build\main.o
    0x00002ee0   0x00002ee0   0x00000010   Code   RO          423    i.__user_setup_stackheap  mbed/TARGET_KL25Z/TOOLCHAIN_ARM_STD/sys.o
    0x00002ef0   0x00002ef0   0x0000000e   Code   RO         1425    i._is_digit         C:\Keil_v5\ARM\ARMCC\Bin\..\lib\armlib\c_p.l(__printf_wp.o)
    0x00002efe   0x00002efe   0x00000008   Code   RO          210    i._platform_post_stackheap_init  mbed/TARGET_KL25Z/TOOLCHAIN_ARM_STD/retarget.o
    0x00002f06   0x00002f06   0x00000002   PAD
    0x00002f08   0x00002f08   0x0000002c   Code   RO          211    i._sys_close        mbed/TARGET_KL25Z/TOOLCHAIN_ARM_STD/retarget.o
    0x00002f34   0x00002f34   0x00000028   Code   RO          214    i._sys_flen         mbed/TARGET_KL25Z/TOOLCHAIN_ARM_STD/retarget.o
    0x00002f5c   0x00002f5c   0x00000028   Code   RO          215    i._sys_istty        mbed/TARGET_KL25Z/TOOLCHAIN_ARM_STD/retarget.o
    0x00002f84   0x00002f84   0x000001cc   Code   RO          216    i._sys_open         mbed/TARGET_KL25Z/TOOLCHAIN_ARM_STD/retarget.o
    0x00003150   0x00003150   0x00000028   Code   RO          218    i._sys_seek         mbed/TARGET_KL25Z/TOOLCHAIN_ARM_STD/retarget.o
    0x00003178   0x00003178   0x0000006c   Code   RO          219    i._sys_write        mbed/TARGET_KL25Z/TOOLCHAIN_ARM_STD/retarget.o
    0x000031e4   0x000031e4   0x0000008c   Code   RO          968    i.core_util_critical_section_enter  mbed/TARGET_KL25Z/TOOLCHAIN_ARM_STD/mbed.ar(mbed_critical.o)
    0x00003270   0x00003270   0x00000058   Code   RO          969    i.core_util_critical_section_exit  mbed/TARGET_KL25Z/TOOLCHAIN_ARM_STD/mbed.ar(mbed_critical.o)
    0x000032c8   0x000032c8   0x00000012   Code   RO          991    i.error             mbed/TARGET_KL25Z/TOOLCHAIN_ARM_STD/mbed.ar(mbed_error.o)
    0x000032da   0x000032da   0x00000002   PAD
    0x000032dc   0x000032dc   0x0000002c   Code   RO          221    i.exit              mbed/TARGET_KL25Z/TOOLCHAIN_ARM_STD/retarget.o
    0x00003308   0x00003308   0x00000008   Code   RO          938    i.get_us_ticker_data  mbed/TARGET_KL25Z/TOOLCHAIN_ARM_STD/mbed.ar(mbed_us_ticker_api.o)
    0x00003310   0x00003310   0x00000054   Code   RO           39    i.gpio_dir          mbed/TARGET_KL25Z/TOOLCHAIN_ARM_STD/gpio_api.o
    0x00003364   0x00003364   0x0000003c   Code   RO           40    i.gpio_init         mbed/TARGET_KL25Z/TOOLCHAIN_ARM_STD/gpio_api.o
    0x000033a0   0x000033a0   0x00000022   Code   RO          907    i.gpio_init_in      mbed/TARGET_KL25Z/TOOLCHAIN_ARM_STD/mbed.ar(mbed_gpio.o)
    0x000033c2   0x000033c2   0x00000002   PAD
    0x000033c4   0x000033c4   0x00000040   Code   RO          910    i.gpio_init_out     mbed/TARGET_KL25Z/TOOLCHAIN_ARM_STD/mbed.ar(mbed_gpio.o)
    0x00003404   0x00003404   0x00000060   Code   RO          911    i.gpio_init_out_ex  mbed/TARGET_KL25Z/TOOLCHAIN_ARM_STD/mbed.ar(mbed_gpio.o)
    0x00003464   0x00003464   0x0000000e   Code   RO           41    i.gpio_mode         mbed/TARGET_KL25Z/TOOLCHAIN_ARM_STD/gpio_api.o
    0x00003472   0x00003472   0x00000002   PAD
    0x00003474   0x00003474   0x00000060   Code   RO          437    i.lptmr_isr         mbed/TARGET_KL25Z/TOOLCHAIN_ARM_STD/us_ticker.o
    0x000034d4   0x000034d4   0x00000028   Code   RO          456    i.main              .\build\main.o
    0x000034fc   0x000034fc   0x00000054   Code   RO          949    i.mbed_assert_internal  mbed/TARGET_KL25Z/TOOLCHAIN_ARM_STD/mbed.ar(mbed_assert.o)
    0x00003550   0x00003550   0x00000070   Code   RO          113    i.mbed_die          mbed/TARGET_KL25Z/TOOLCHAIN_ARM_STD/mbed_board.o
    0x000035c0   0x000035c0   0x00000058   Code   RO          114    i.mbed_error_printf  mbed/TARGET_KL25Z/TOOLCHAIN_ARM_STD/mbed_board.o
    0x00003618   0x00003618   0x00000050   Code   RO          115    i.mbed_error_vfprintf  mbed/TARGET_KL25Z/TOOLCHAIN_ARM_STD/mbed_board.o
    0x00003668   0x00003668   0x00000008   Code   RO          997    i.mbed_interface_connected  mbed/TARGET_KL25Z/TOOLCHAIN_ARM_STD/mbed.ar(mbed_interface.o)
    0x00003670   0x00003670   0x00000064   Code   RO          146    i.pin_function      mbed/TARGET_KL25Z/TOOLCHAIN_ARM_STD/pinmap.o
    0x000036d4   0x000036d4   0x00000040   Code   RO          147    i.pin_mode          mbed/TARGET_KL25Z/TOOLCHAIN_ARM_STD/pinmap.o
    0x00003714   0x00003714   0x00000034   Code   RO          925    i.pinmap_merge      mbed/TARGET_KL25Z/TOOLCHAIN_ARM_STD/mbed.ar(mbed_pinmap_common.o)
    0x00003748   0x00003748   0x0000005c   Code   RO          926    i.pinmap_peripheral  mbed/TARGET_KL25Z/TOOLCHAIN_ARM_STD/mbed.ar(mbed_pinmap_common.o)
    0x000037a4   0x000037a4   0x00000054   Code   RO          927    i.pinmap_pinout     mbed/TARGET_KL25Z/TOOLCHAIN_ARM_STD/mbed.ar(mbed_pinmap_common.o)
    0x000037f8   0x000037f8   0x0000000c   Code   RO         1017    i.semihost_connected  mbed/TARGET_KL25Z/TOOLCHAIN_ARM_STD/mbed.ar(mbed_semihost_api.o)
    0x00003804   0x00003804   0x0000000c   Code   RO         1019    i.semihost_exit     mbed/TARGET_KL25Z/TOOLCHAIN_ARM_STD/mbed.ar(mbed_semihost_api.o)
    0x00003810   0x00003810   0x00000180   Code   RO          351    i.serial_baud       mbed/TARGET_KL25Z/TOOLCHAIN_ARM_STD/serial_api.o
    0x00003990   0x00003990   0x000000d4   Code   RO          355    i.serial_format     mbed/TARGET_KL25Z/TOOLCHAIN_ARM_STD/serial_api.o
    0x00003a64   0x00003a64   0x0000018c   Code   RO          358    i.serial_init       mbed/TARGET_KL25Z/TOOLCHAIN_ARM_STD/serial_api.o
    0x00003bf0   0x00003bf0   0x00000024   Code   RO          362    i.serial_putc       mbed/TARGET_KL25Z/TOOLCHAIN_ARM_STD/serial_api.o
    0x00003c14   0x00003c14   0x0000004a   Code   RO         1081    i.ticker_irq_handler  mbed/TARGET_KL25Z/TOOLCHAIN_ARM_STD/mbed.ar(mbed_ticker_api.o)
    0x00003c5e   0x00003c5e   0x00000006   Code   RO         1082    i.ticker_read       mbed/TARGET_KL25Z/TOOLCHAIN_ARM_STD/mbed.ar(mbed_ticker_api.o)
    0x00003c64   0x00003c64   0x00000002   Code   RO          438    i.us_ticker_clear_interrupt  mbed/TARGET_KL25Z/TOOLCHAIN_ARM_STD/us_ticker.o
    0x00003c66   0x00003c66   0x00000002   PAD
    0x00003c68   0x00003c68   0x00000010   Code   RO          439    i.us_ticker_disable_interrupt  mbed/TARGET_KL25Z/TOOLCHAIN_ARM_STD/us_ticker.o
    0x00003c78   0x00003c78   0x000001bc   Code   RO          440    i.us_ticker_init    mbed/TARGET_KL25Z/TOOLCHAIN_ARM_STD/us_ticker.o
    0x00003e34   0x00003e34   0x00000010   Code   RO          939    i.us_ticker_irq_handler  mbed/TARGET_KL25Z/TOOLCHAIN_ARM_STD/mbed.ar(mbed_us_ticker_api.o)
    0x00003e44   0x00003e44   0x00000020   Code   RO          441    i.us_ticker_read    mbed/TARGET_KL25Z/TOOLCHAIN_ARM_STD/us_ticker.o
    0x00003e64   0x00003e64   0x00000074   Code   RO          442    i.us_ticker_set_interrupt  mbed/TARGET_KL25Z/TOOLCHAIN_ARM_STD/us_ticker.o
    0x00003ed8   0x00003ed8   0x0000001c   Code   RO         1037    i.wait_ms           mbed/TARGET_KL25Z/TOOLCHAIN_ARM_STD/mbed.ar(mbed_wait_api_no_rtos.o)
    0x00003ef4   0x00003ef4   0x0000002c   Code   RO         1715    locale$$code        C:\Keil_v5\ARM\ARMCC\Bin\..\lib\armlib\c_p.l(lc_numeric_c.o)
    0x00003f20   0x00003f20   0x0000002c   Code   RO         1756    locale$$code        C:\Keil_v5\ARM\ARMCC\Bin\..\lib\armlib\c_p.l(lc_ctype_c.o)
    0x00003f4c   0x00003f4c   0x0000002c   Code   RO         1072    t._ZN12SingletonPtrI13PlatformMutexEptEv  mbed/TARGET_KL25Z/TOOLCHAIN_ARM_STD/mbed.ar(FileBase.o)
    0x00003f78   0x00003f78   0x00000010   Code   RO         1549    x$fpl$printf1       C:\Keil_v5\ARM\ARMCC\Bin\..\lib\armlib\fz_ps.l(printf1.o)
    0x00003f88   0x00003f88   0x00000010   Code   RO         1551    x$fpl$printf2       C:\Keil_v5\ARM\ARMCC\Bin\..\lib\armlib\fz_ps.l(printf2.o)
    0x00003f98   0x00003f98   0x00000000   Code   RO         1557    x$fpl$usenofp       C:\Keil_v5\ARM\ARMCC\Bin\..\lib\armlib\fz_ps.l(usenofp.o)
    0x00003f98   0x00003f98   0x0000006c   Data   RO          135    .constdata          mbed/TARGET_KL25Z/TOOLCHAIN_ARM_STD/PeripheralPins.o
    0x00004004   0x00004004   0x0000006c   Data   RO          136    .constdata          mbed/TARGET_KL25Z/TOOLCHAIN_ARM_STD/PeripheralPins.o
    0x00004070   0x00004070   0x00000017   Data   RO          272    .constdata          mbed/TARGET_KL25Z/TOOLCHAIN_ARM_STD/retarget.o
    0x00004087   0x00004087   0x00000001   PAD
    0x00004088   0x00004088   0x00000014   Data   RO          940    .constdata          mbed/TARGET_KL25Z/TOOLCHAIN_ARM_STD/mbed.ar(mbed_us_ticker_api.o)
    0x0000409c   0x0000409c   0x00000008   Data   RO          941    .constdata          mbed/TARGET_KL25Z/TOOLCHAIN_ARM_STD/mbed.ar(mbed_us_ticker_api.o)
    0x000040a4   0x000040a4   0x00000040   Data   RO         1323    .constdata          C:\Keil_v5\ARM\ARMCC\Bin\..\lib\armlib\fz_ps.l(fdiv.o)
    0x000040e4   0x000040e4   0x00000008   Data   RO         1384    .constdata          C:\Keil_v5\ARM\ARMCC\Bin\..\lib\armlib\c_p.l(_printf_wctomb.o)
    0x000040ec   0x000040ec   0x00000028   Data   RO         1413    .constdata          C:\Keil_v5\ARM\ARMCC\Bin\..\lib\armlib\c_p.l(_printf_hex_int_ll_ptr.o)
    0x00004114   0x00004114   0x00000011   Data   RO         1433    .constdata          C:\Keil_v5\ARM\ARMCC\Bin\..\lib\armlib\c_p.l(__printf_flags_ss_wp.o)
    0x00004125   0x00004125   0x00000026   Data   RO         1597    .constdata          C:\Keil_v5\ARM\ARMCC\Bin\..\lib\armlib\c_p.l(_printf_fp_hex.o)
    0x0000414b   0x0000414b   0x00000001   PAD
    0x0000414c   0x0000414c   0x00000094   Data   RO         1708    .constdata          C:\Keil_v5\ARM\ARMCC\Bin\..\lib\armlib\c_p.l(bigflt0.o)
    0x000041e0   0x000041e0   0x00000014   Data   RO          335    .constdata__ZZN12SingletonPtrI13PlatformMutexE3getEvEs  mbed/TARGET_KL25Z/TOOLCHAIN_ARM_STD/retarget.o
    0x000041f4   0x000041f4   0x0000004d   Data   RO          336    .constdata__ZZN12SingletonPtrI13PlatformMutexE3getEvEs_0  mbed/TARGET_KL25Z/TOOLCHAIN_ARM_STD/retarget.o
    0x00004241   0x00004241   0x00000003   PAD
    0x00004244   0x00004244   0x0000005a   Data   RO           43    .conststring        mbed/TARGET_KL25Z/TOOLCHAIN_ARM_STD/gpio_api.o
    0x0000429e   0x0000429e   0x00000002   PAD
    0x000042a0   0x000042a0   0x0000006d   Data   RO          116    .conststring        mbed/TARGET_KL25Z/TOOLCHAIN_ARM_STD/mbed_board.o
    0x0000430d   0x0000430d   0x00000003   PAD
    0x00004310   0x00004310   0x00000058   Data   RO          148    .conststring        mbed/TARGET_KL25Z/TOOLCHAIN_ARM_STD/pinmap.o
    0x00004368   0x00004368   0x000000b5   Data   RO          369    .conststring        mbed/TARGET_KL25Z/TOOLCHAIN_ARM_STD/serial_api.o
    0x0000441d   0x0000441d   0x00000003   PAD
    0x00004420   0x00004420   0x00000043   Data   RO          970    .conststring        mbed/TARGET_KL25Z/TOOLCHAIN_ARM_STD/mbed.ar(mbed_critical.o)
    0x00004463   0x00004463   0x00000001   PAD
    0x00004464   0x00004464   0x00000020   Data   RO         1776    Region$$Table       anon$$obj.o
    0x00004484   0x00004484   0x0000001c   Data   RO         1714    locale$$data        C:\Keil_v5\ARM\ARMCC\Bin\..\lib\armlib\c_p.l(lc_numeric_c.o)
    0x000044a0   0x000044a0   0x00000110   Data   RO         1755    locale$$data        C:\Keil_v5\ARM\ARMCC\Bin\..\lib\armlib\c_p.l(lc_ctype_c.o)
    0x000045b0   0x000045b0   0x00000004   Data   RO          460    .init_array         .\build\main.o
    0x000045b4   0x000045b0   0x00000000   Data   RO         1204    .init_array         C:\Keil_v5\ARM\ARMCC\Bin\..\lib\armlib\c_p.l(init_aeabi.o)


    Execution Region RW_IRAM1 (Exec base: 0x1ffff0c0, Load base: 0x000045b4, Size: 0x000001c0, Max: 0x00003f40, ABSOLUTE)

    Exec Addr    Load Addr    Size         Type   Attr      Idx    E Section Name        Object

    0x1ffff0c0   0x000045b4   0x00000008   Data   RW          275    .data               mbed/TARGET_KL25Z/TOOLCHAIN_ARM_STD/retarget.o
    0x1ffff0c8   0x000045bc   0x00000010   Data   RW          370    .data               mbed/TARGET_KL25Z/TOOLCHAIN_ARM_STD/serial_api.o
    0x1ffff0d8   0x000045cc   0x00000004   Data   RW          430    .data               mbed/TARGET_KL25Z/TOOLCHAIN_ARM_STD/system_MKL25Z4.o
    0x1ffff0dc   0x000045d0   0x0000000c   Data   RW          443    .data               mbed/TARGET_KL25Z/TOOLCHAIN_ARM_STD/us_ticker.o
    0x1ffff0e8   0x000045dc   0x00000008   Data   RW          942    .data               mbed/TARGET_KL25Z/TOOLCHAIN_ARM_STD/mbed.ar(mbed_us_ticker_api.o)
    0x1ffff0f0   0x000045e4   0x00000008   Data   RW          971    .data               mbed/TARGET_KL25Z/TOOLCHAIN_ARM_STD/mbed.ar(mbed_critical.o)
    0x1ffff0f8   0x000045ec   0x00000004   Data   RW         1024    .data               mbed/TARGET_KL25Z/TOOLCHAIN_ARM_STD/mbed.ar(mbed_semihost_api.o)
    0x1ffff0fc   0x000045f0   0x0000000c   Data   RW         1060    .data               mbed/TARGET_KL25Z/TOOLCHAIN_ARM_STD/mbed.ar(FileBase.o)
    0x1ffff108   0x000045fc   0x00000004   Data   RW         1176    .data               C:\Keil_v5\ARM\ARMCC\Bin\..\lib\armlib\c_p.l(stdio_streams.o)
    0x1ffff10c   0x00004600   0x00000004   Data   RW         1177    .data               C:\Keil_v5\ARM\ARMCC\Bin\..\lib\armlib\c_p.l(stdio_streams.o)
    0x1ffff110   0x00004604   0x00000004   Data   RW         1178    .data               C:\Keil_v5\ARM\ARMCC\Bin\..\lib\armlib\c_p.l(stdio_streams.o)
    0x1ffff114   0x00004608   0x00000004   Data   RW         1647    .data               C:\Keil_v5\ARM\ARMCC\Bin\..\lib\armlib\c_p.l(heapauxa.o)
    0x1ffff118        -       0x00000040   Zero   RW          271    .bss                mbed/TARGET_KL25Z/TOOLCHAIN_ARM_STD/retarget.o
    0x1ffff158        -       0x00000010   Zero   RW          459    .bss                .\build\main.o
    0x1ffff168        -       0x00000054   Zero   RW         1173    .bss                C:\Keil_v5\ARM\ARMCC\Bin\..\lib\armlib\c_p.l(stdio_streams.o)
    0x1ffff1bc        -       0x00000054   Zero   RW         1174    .bss                C:\Keil_v5\ARM\ARMCC\Bin\..\lib\armlib\c_p.l(stdio_streams.o)
    0x1ffff210        -       0x00000054   Zero   RW         1175    .bss                C:\Keil_v5\ARM\ARMCC\Bin\..\lib\armlib\c_p.l(stdio_streams.o)
    0x1ffff264        -       0x00000004   Zero   RW         1343    .bss                C:\Keil_v5\ARM\ARMCC\Bin\..\lib\armlib\c_p.l(rt_heap_descriptor.o)
    0x1ffff268        -       0x00000014   Zero   RW         1689    .bss                C:\Keil_v5\ARM\ARMCC\Bin\..\lib\armlib\c_p.l(rt_locale.o)
    0x1ffff27c        -       0x00000004   Zero   RW         1699    .bss                C:\Keil_v5\ARM\ARMCC\Bin\..\lib\armlib\c_p.l(rt_errno_addr.o)


==============================================================================

Image component sizes


      Code (inc. data)   RO Data    RW Data    ZI Data      Debug   Object Name

         0          0        216          0          0          0   mbed/TARGET_KL25Z/TOOLCHAIN_ARM_STD/PeripheralPins.o
        52          8          0          0          0         80   mbed/TARGET_KL25Z/TOOLCHAIN_ARM_STD/cmsis_nvic.o
       158         34         90          0          0        212   mbed/TARGET_KL25Z/TOOLCHAIN_ARM_STD/gpio_api.o
       126         12          4          0         16       6951   .\build\main.o
       280         52        109          0          0        244   mbed/TARGET_KL25Z/TOOLCHAIN_ARM_STD/mbed_board.o
        16          0          0          0          0         72   mbed/TARGET_KL25Z/TOOLCHAIN_ARM_STD/mbed_overrides.o
       164         60         88          0          0        144   mbed/TARGET_KL25Z/TOOLCHAIN_ARM_STD/pinmap.o
       796         86        120          8         64        624   mbed/TARGET_KL25Z/TOOLCHAIN_ARM_STD/retarget.o
      1028        168        181         16          0        308   mbed/TARGET_KL25Z/TOOLCHAIN_ARM_STD/serial_api.o
        44         24        192          0          0        164   mbed/TARGET_KL25Z/TOOLCHAIN_ARM_STD/startup_MKL25Z4.o
        16          6          0          0          0         60   mbed/TARGET_KL25Z/TOOLCHAIN_ARM_STD/sys.o
       152         32          0          4          0         60   mbed/TARGET_KL25Z/TOOLCHAIN_ARM_STD/system_MKL25Z4.o
       706        110          0         12          0        408   mbed/TARGET_KL25Z/TOOLCHAIN_ARM_STD/us_ticker.o

    ----------------------------------------------------------------------
      3548        592       1044         40         80       9327   Object Totals
         0          0         32          0          0          0   (incl. Generated)
        10          0         12          0          0          0   (incl. Padding)

    ----------------------------------------------------------------------

      Code (inc. data)   RO Data    RW Data    ZI Data      Debug   Library Member Name

        64         10          0          0          0         84   C:\Keil_v5\ARM\ARMCC\Bin\..\lib\armlib\c_p.l(__0sscanf.o)
         8          0          0          0          0         68   C:\Keil_v5\ARM\ARMCC\Bin\..\lib\armlib\c_p.l(__main.o)
       392          6         17          0          0         76   C:\Keil_v5\ARM\ARMCC\Bin\..\lib\armlib\c_p.l(__printf_flags_ss_wp.o)
        14          0          0          0          0         60   C:\Keil_v5\ARM\ARMCC\Bin\..\lib\armlib\c_p.l(__printf_wp.o)
         0          0          0          0          0          0   C:\Keil_v5\ARM\ARMCC\Bin\..\lib\armlib\c_p.l(__rtentry.o)
        20          0          0          0          0          0   C:\Keil_v5\ARM\ARMCC\Bin\..\lib\armlib\c_p.l(__rtentry2.o)
         6          0          0          0          0          0   C:\Keil_v5\ARM\ARMCC\Bin\..\lib\armlib\c_p.l(__rtentry4.o)
        60          8          0          0          0          0   C:\Keil_v5\ARM\ARMCC\Bin\..\lib\armlib\c_p.l(__scatter.o)
        26          0          0          0          0          0   C:\Keil_v5\ARM\ARMCC\Bin\..\lib\armlib\c_p.l(__scatter_copy.o)
        28          0          0          0          0          0   C:\Keil_v5\ARM\ARMCC\Bin\..\lib\armlib\c_p.l(__scatter_zi.o)
        30          0          0          0          0         60   C:\Keil_v5\ARM\ARMCC\Bin\..\lib\armlib\c_p.l(_chval.o)
        10          0          0          0          0          0   C:\Keil_v5\ARM\ARMCC\Bin\..\lib\armlib\c_p.l(_printf_a.o)
        10          0          0          0          0          0   C:\Keil_v5\ARM\ARMCC\Bin\..\lib\armlib\c_p.l(_printf_c.o)
        46          0          0          0          0        100   C:\Keil_v5\ARM\ARMCC\Bin\..\lib\armlib\c_p.l(_printf_char.o)
        48          6          0          0          0         88   C:\Keil_v5\ARM\ARMCC\Bin\..\lib\armlib\c_p.l(_printf_char_common.o)
        38          0          0          0          0         60   C:\Keil_v5\ARM\ARMCC\Bin\..\lib\armlib\c_p.l(_printf_charcount.o)
        10          0          0          0          0          0   C:\Keil_v5\ARM\ARMCC\Bin\..\lib\armlib\c_p.l(_printf_d.o)
       108         18          0          0          0         76   C:\Keil_v5\ARM\ARMCC\Bin\..\lib\armlib\c_p.l(_printf_dec.o)
        10          0          0          0          0          0   C:\Keil_v5\ARM\ARMCC\Bin\..\lib\armlib\c_p.l(_printf_e.o)
        10          0          0          0          0          0   C:\Keil_v5\ARM\ARMCC\Bin\..\lib\armlib\c_p.l(_printf_f.o)
      1048         14          0          0          0        176   C:\Keil_v5\ARM\ARMCC\Bin\..\lib\armlib\c_p.l(_printf_fp_dec.o)
       728         10         38          0          0         84   C:\Keil_v5\ARM\ARMCC\Bin\..\lib\armlib\c_p.l(_printf_fp_hex.o)
       136         16          0          0          0         76   C:\Keil_v5\ARM\ARMCC\Bin\..\lib\armlib\c_p.l(_printf_fp_infnan.o)
        10          0          0          0          0          0   C:\Keil_v5\ARM\ARMCC\Bin\..\lib\armlib\c_p.l(_printf_g.o)
       152          4         40          0          0        148   C:\Keil_v5\ARM\ARMCC\Bin\..\lib\armlib\c_p.l(_printf_hex_int_ll_ptr.o)
        10          0          0          0          0          0   C:\Keil_v5\ARM\ARMCC\Bin\..\lib\armlib\c_p.l(_printf_i.o)
       176          0          0          0          0         84   C:\Keil_v5\ARM\ARMCC\Bin\..\lib\armlib\c_p.l(_printf_intcommon.o)
        10          0          0          0          0          0   C:\Keil_v5\ARM\ARMCC\Bin\..\lib\armlib\c_p.l(_printf_l.o)
        10          0          0          0          0          0   C:\Keil_v5\ARM\ARMCC\Bin\..\lib\armlib\c_p.l(_printf_lc.o)
        10          0          0          0          0          0   C:\Keil_v5\ARM\ARMCC\Bin\..\lib\armlib\c_p.l(_printf_ll.o)
        10          0          0          0          0          0   C:\Keil_v5\ARM\ARMCC\Bin\..\lib\armlib\c_p.l(_printf_lld.o)
        10          0          0          0          0          0   C:\Keil_v5\ARM\ARMCC\Bin\..\lib\armlib\c_p.l(_printf_lli.o)
        10          0          0          0          0          0   C:\Keil_v5\ARM\ARMCC\Bin\..\lib\armlib\c_p.l(_printf_llo.o)
        10          0          0          0          0          0   C:\Keil_v5\ARM\ARMCC\Bin\..\lib\armlib\c_p.l(_printf_llu.o)
        10          0          0          0          0          0   C:\Keil_v5\ARM\ARMCC\Bin\..\lib\armlib\c_p.l(_printf_llx.o)
       112         18          0          0          0         76   C:\Keil_v5\ARM\ARMCC\Bin\..\lib\armlib\c_p.l(_printf_longlong_dec.o)
        10          0          0          0          0          0   C:\Keil_v5\ARM\ARMCC\Bin\..\lib\armlib\c_p.l(_printf_ls.o)
        10          0          0          0          0          0   C:\Keil_v5\ARM\ARMCC\Bin\..\lib\armlib\c_p.l(_printf_n.o)
        10          0          0          0          0          0   C:\Keil_v5\ARM\ARMCC\Bin\..\lib\armlib\c_p.l(_printf_o.o)
       112         10          0          0          0        112   C:\Keil_v5\ARM\ARMCC\Bin\..\lib\armlib\c_p.l(_printf_oct_int_ll.o)
        10          0          0          0          0          0   C:\Keil_v5\ARM\ARMCC\Bin\..\lib\armlib\c_p.l(_printf_p.o)
        78          0          0          0          0        100   C:\Keil_v5\ARM\ARMCC\Bin\..\lib\armlib\c_p.l(_printf_pad.o)
         2          0          0          0          0          0   C:\Keil_v5\ARM\ARMCC\Bin\..\lib\armlib\c_p.l(_printf_percent.o)
         4          0          0          0          0          0   C:\Keil_v5\ARM\ARMCC\Bin\..\lib\armlib\c_p.l(_printf_percent_end.o)
        10          0          0          0          0          0   C:\Keil_v5\ARM\ARMCC\Bin\..\lib\armlib\c_p.l(_printf_s.o)
        82          0          0          0          0         72   C:\Keil_v5\ARM\ARMCC\Bin\..\lib\armlib\c_p.l(_printf_str.o)
        36          0          0          0          0         76   C:\Keil_v5\ARM\ARMCC\Bin\..\lib\armlib\c_p.l(_printf_truncate.o)
        10          0          0          0          0          0   C:\Keil_v5\ARM\ARMCC\Bin\..\lib\armlib\c_p.l(_printf_u.o)
        46          0          0          0          0        100   C:\Keil_v5\ARM\ARMCC\Bin\..\lib\armlib\c_p.l(_printf_wchar.o)
       188          6          8          0          0         80   C:\Keil_v5\ARM\ARMCC\Bin\..\lib\armlib\c_p.l(_printf_wctomb.o)
        10          0          0          0          0          0   C:\Keil_v5\ARM\ARMCC\Bin\..\lib\armlib\c_p.l(_printf_x.o)
       896         16          0          0          0         84   C:\Keil_v5\ARM\ARMCC\Bin\..\lib\armlib\c_p.l(_scanf.o)
       330          0          0          0          0         84   C:\Keil_v5\ARM\ARMCC\Bin\..\lib\armlib\c_p.l(_scanf_int.o)
        68          0          0          0          0         76   C:\Keil_v5\ARM\ARMCC\Bin\..\lib\armlib\c_p.l(_sgetc.o)
        10          0          0          0          0         60   C:\Keil_v5\ARM\ARMCC\Bin\..\lib\armlib\c_p.l(_sputc.o)
        64          0          0          0          0         72   C:\Keil_v5\ARM\ARMCC\Bin\..\lib\armlib\c_p.l(_wcrtomb.o)
       488          0          0          0          0         92   C:\Keil_v5\ARM\ARMCC\Bin\..\lib\armlib\c_p.l(aeabi_sdivfast.o)
       216          6        148          0          0         80   C:\Keil_v5\ARM\ARMCC\Bin\..\lib\armlib\c_p.l(bigflt0.o)
      1456         30          0          0          0        336   C:\Keil_v5\ARM\ARMCC\Bin\..\lib\armlib\c_p.l(btod.o)
        12          0          0          0          0         68   C:\Keil_v5\ARM\ARMCC\Bin\..\lib\armlib\c_p.l(defsig_exit.o)
        52          0          0          0          0         72   C:\Keil_v5\ARM\ARMCC\Bin\..\lib\armlib\c_p.l(defsig_general.o)
        80         58          0          0          0         68   C:\Keil_v5\ARM\ARMCC\Bin\..\lib\armlib\c_p.l(defsig_rtmem_inner.o)
        12          0          0          0          0         68   C:\Keil_v5\ARM\ARMCC\Bin\..\lib\armlib\c_p.l(defsig_rtmem_outer.o)
        52         38          0          0          0         68   C:\Keil_v5\ARM\ARMCC\Bin\..\lib\armlib\c_p.l(defsig_rtred_inner.o)
        12          0          0          0          0         68   C:\Keil_v5\ARM\ARMCC\Bin\..\lib\armlib\c_p.l(defsig_rtred_outer.o)
        76          4          0          0          0         76   C:\Keil_v5\ARM\ARMCC\Bin\..\lib\armlib\c_p.l(fclose.o)
       104          4          0          0          0        100   C:\Keil_v5\ARM\ARMCC\Bin\..\lib\armlib\c_p.l(fflush.o)
       232          8          0          0          0        108   C:\Keil_v5\ARM\ARMCC\Bin\..\lib\armlib\c_p.l(fopen.o)
       244          4          0          0          0         76   C:\Keil_v5\ARM\ARMCC\Bin\..\lib\armlib\c_p.l(fseek.o)
        66          0          0          0          0         68   C:\Keil_v5\ARM\ARMCC\Bin\..\lib\armlib\c_p.l(ftell.o)
        98          0          0          0          0         72   C:\Keil_v5\ARM\ARMCC\Bin\..\lib\armlib\c_p.l(h1_alloc.o)
        52          0          0          0          0         68   C:\Keil_v5\ARM\ARMCC\Bin\..\lib\armlib\c_p.l(h1_extend.o)
        76          0          0          0          0         72   C:\Keil_v5\ARM\ARMCC\Bin\..\lib\armlib\c_p.l(h1_free.o)
        14          0          0          0          0         76   C:\Keil_v5\ARM\ARMCC\Bin\..\lib\armlib\c_p.l(h1_init.o)
        80          4          0          4          0         88   C:\Keil_v5\ARM\ARMCC\Bin\..\lib\armlib\c_p.l(heapauxa.o)
         4          0          0          0          0        120   C:\Keil_v5\ARM\ARMCC\Bin\..\lib\armlib\c_p.l(hguard.o)
         0          0          0          0          0          0   C:\Keil_v5\ARM\ARMCC\Bin\..\lib\armlib\c_p.l(indicate_semi.o)
        36         10          0          0          0         72   C:\Keil_v5\ARM\ARMCC\Bin\..\lib\armlib\c_p.l(init_aeabi.o)
       136          0          0          0          0        160   C:\Keil_v5\ARM\ARMCC\Bin\..\lib\armlib\c_p.l(init_alloc.o)
       316         44          0          0          0         96   C:\Keil_v5\ARM\ARMCC\Bin\..\lib\armlib\c_p.l(initio.o)
        18          0          0          0          0         68   C:\Keil_v5\ARM\ARMCC\Bin\..\lib\armlib\c_p.l(isspace.o)
        44         10        272          0          0         76   C:\Keil_v5\ARM\ARMCC\Bin\..\lib\armlib\c_p.l(lc_ctype_c.o)
        44         10         28          0          0         76   C:\Keil_v5\ARM\ARMCC\Bin\..\lib\armlib\c_p.l(lc_numeric_c.o)
         2          0          0          0          0          0   C:\Keil_v5\ARM\ARMCC\Bin\..\lib\armlib\c_p.l(libinit.o)
        46          0          0          0          0          0   C:\Keil_v5\ARM\ARMCC\Bin\..\lib\armlib\c_p.l(libinit2.o)
         0          0          0          0          0          0   C:\Keil_v5\ARM\ARMCC\Bin\..\lib\armlib\c_p.l(libshutdown2.o)
       122          0          0          0          0         72   C:\Keil_v5\ARM\ARMCC\Bin\..\lib\armlib\c_p.l(lludiv10.o)
         0          0          0          0          0          0   C:\Keil_v5\ARM\ARMCC\Bin\..\lib\armlib\c_p.l(maybetermalloc1.o)
        16          4          0          0          0         76   C:\Keil_v5\ARM\ARMCC\Bin\..\lib\armlib\c_p.l(rt_ctype_table.o)
         8          4          0          0          4         68   C:\Keil_v5\ARM\ARMCC\Bin\..\lib\armlib\c_p.l(rt_errno_addr.o)
         8          4          0          0          4         68   C:\Keil_v5\ARM\ARMCC\Bin\..\lib\armlib\c_p.l(rt_heap_descriptor.o)
         8          4          0          0         20         68   C:\Keil_v5\ARM\ARMCC\Bin\..\lib\armlib\c_p.l(rt_locale.o)
        64          0          0          0          0        108   C:\Keil_v5\ARM\ARMCC\Bin\..\lib\armlib\c_p.l(rt_memclr.o)
        56          0          0          0          0         68   C:\Keil_v5\ARM\ARMCC\Bin\..\lib\armlib\c_p.l(rt_memcpy.o)
        40          0          0          0          0         60   C:\Keil_v5\ARM\ARMCC\Bin\..\lib\armlib\c_p.l(rtudiv10.o)
        48          8          0          0          0         84   C:\Keil_v5\ARM\ARMCC\Bin\..\lib\armlib\c_p.l(scanf_char.o)
        76          4          0          0          0         72   C:\Keil_v5\ARM\ARMCC\Bin\..\lib\armlib\c_p.l(setvbuf.o)
       240          8          0          0          0        144   C:\Keil_v5\ARM\ARMCC\Bin\..\lib\armlib\c_p.l(stdio.o)
         0          0          0         12        252          0   C:\Keil_v5\ARM\ARMCC\Bin\..\lib\armlib\c_p.l(stdio_streams.o)
       160          4          0          0          0         80   C:\Keil_v5\ARM\ARMCC\Bin\..\lib\armlib\c_p.l(strcmpv6m.o)
        68          6          0          0          0         72   C:\Keil_v5\ARM\ARMCC\Bin\..\lib\armlib\c_p.l(strlen.o)
       160          6          0          0          0         76   C:\Keil_v5\ARM\ARMCC\Bin\..\lib\armlib\c_p.l(strncmp.o)
        12          4          0          0          0         60   C:\Keil_v5\ARM\ARMCC\Bin\..\lib\armlib\c_p.l(sys_exit.o)
        12          0          0          0          0         68   C:\Keil_v5\ARM\ARMCC\Bin\..\lib\armlib\c_p.l(sys_wrch.o)
         2          0          0          0          0         68   C:\Keil_v5\ARM\ARMCC\Bin\..\lib\armlib\c_p.l(use_no_semi.o)
        36          4          0          0          0         68   C:\Keil_v5\ARM\ARMCC\Bin\..\lib\armlib\c_p.l(vsprintf.o)
       352         10         64          0          0         92   C:\Keil_v5\ARM\ARMCC\Bin\..\lib\armlib\fz_ps.l(fdiv.o)
        94          0          0          0          0         92   C:\Keil_v5\ARM\ARMCC\Bin\..\lib\armlib\fz_ps.l(fflti.o)
        16          4          0          0          0         76   C:\Keil_v5\ARM\ARMCC\Bin\..\lib\armlib\fz_ps.l(printf1.o)
        16          4          0          0          0         76   C:\Keil_v5\ARM\ARMCC\Bin\..\lib\armlib\fz_ps.l(printf2.o)
         0          0          0          0          0          0   C:\Keil_v5\ARM\ARMCC\Bin\..\lib\armlib\fz_ps.l(usenofp.o)
        44          4          0          0          0         60   C:\Keil_v5\ARM\ARMCC\Bin\..\lib\armlib\m_ps.l(fpclassify.o)
       156         24          0         12          0        140   mbed/TARGET_KL25Z/TOOLCHAIN_ARM_STD/mbed.ar(FileBase.o)
       160          0          0          0          0        332   mbed/TARGET_KL25Z/TOOLCHAIN_ARM_STD/mbed.ar(FilePath.o)
       182          4          0          0          0        284   mbed/TARGET_KL25Z/TOOLCHAIN_ARM_STD/mbed.ar(Timer.o)
        84         54          0          0          0         72   mbed/TARGET_KL25Z/TOOLCHAIN_ARM_STD/mbed.ar(mbed_assert.o)
       228         98         67          8          0        140   mbed/TARGET_KL25Z/TOOLCHAIN_ARM_STD/mbed.ar(mbed_critical.o)
        18          0          0          0          0         72   mbed/TARGET_KL25Z/TOOLCHAIN_ARM_STD/mbed.ar(mbed_error.o)
       194         38          0          0          0        220   mbed/TARGET_KL25Z/TOOLCHAIN_ARM_STD/mbed.ar(mbed_gpio.o)
         8          0          0          0          0         68   mbed/TARGET_KL25Z/TOOLCHAIN_ARM_STD/mbed.ar(mbed_interface.o)
       228         76          0          0          0        204   mbed/TARGET_KL25Z/TOOLCHAIN_ARM_STD/mbed.ar(mbed_pinmap_common.o)
        24          6          0          4          0        128   mbed/TARGET_KL25Z/TOOLCHAIN_ARM_STD/mbed.ar(mbed_semihost_api.o)
        80          0          0          0          0        128   mbed/TARGET_KL25Z/TOOLCHAIN_ARM_STD/mbed.ar(mbed_ticker_api.o)
        24         10         28          8          0        128   mbed/TARGET_KL25Z/TOOLCHAIN_ARM_STD/mbed.ar(mbed_us_ticker_api.o)
        28          0          0          0          0         72   mbed/TARGET_KL25Z/TOOLCHAIN_ARM_STD/mbed.ar(mbed_wait_api_no_rtos.o)

    ----------------------------------------------------------------------
     12540        764        712         48        280       8388   Library Totals
        24          0          2          0          0          0   (incl. Padding)

    ----------------------------------------------------------------------

      Code (inc. data)   RO Data    RW Data    ZI Data      Debug   Library Name

     10580        432        551         16        280       6004   C:\Keil_v5\ARM\ARMCC\Bin\..\lib\armlib\c_p.l
       478         18         64          0          0        336   C:\Keil_v5\ARM\ARMCC\Bin\..\lib\armlib\fz_ps.l
        44          4          0          0          0         60   C:\Keil_v5\ARM\ARMCC\Bin\..\lib\armlib\m_ps.l
      1414        310         95         32          0       1988   mbed/TARGET_KL25Z/TOOLCHAIN_ARM_STD/mbed.ar

    ----------------------------------------------------------------------
     12540        764        712         48        280       8388   Library Totals

    ----------------------------------------------------------------------

==============================================================================


      Code (inc. data)   RO Data    RW Data    ZI Data      Debug   

     16088       1356       1756         88        360      11823   Grand Totals
     16088       1356       1756         88        360      11823   ELF Image Totals
     16088       1356       1756         88          0          0   ROM Totals

==============================================================================

    Total RO  Size (Code + RO Data)                17844 (  17.43kB)
    Total RW  Size (RW Data + ZI Data)               448 (   0.44kB)
    Total ROM Size (Code + RO Data + RW Data)      17932 (  17.51kB)

==============================================================================

