Component: ARM Compiler 5.06 update 6 (build 750) Tool: armlink [4d35ed]

==============================================================================

Section Cross References

    .\build\main.o(i._Z12re_calculatedddd) refers to C:\Keil_v5\ARM\ARMCC\Bin\..\lib\armlib\fz_ps.l(dmul.o)(.text) for __aeabi_dmul
    .\build\main.o(i._Z12re_calculatedddd) refers to C:\Keil_v5\ARM\ARMCC\Bin\..\lib\armlib\fz_ps.l(ddiv.o)(.text) for __aeabi_ddiv
    .\build\main.o(i._Z12st_calculated) refers to C:\Keil_v5\ARM\ARMCC\Bin\..\lib\armlib\m_ps.l(sqrt.o)(i.sqrt) for sqrt
    .\build\main.o(i._Z12st_calculated) refers to C:\Keil_v5\ARM\ARMCC\Bin\..\lib\armlib\fz_ps.l(ddiv.o)(.text) for __aeabi_ddiv
    .\build\main.o(i._Z12st_calculated) refers to C:\Keil_v5\ARM\ARMCC\Bin\..\lib\armlib\fz_ps.l(daddsub.o)(.text) for __aeabi_drsub
    .\build\main.o(i._Z14flow_calculatev) refers to .\build\main.o(i._Z18temperature_degreev) for temperature_degree()
    .\build\main.o(i._Z14flow_calculatev) refers to .\build\main.o(i._Z9conv_tempd) for conv_temp(double)
    .\build\main.o(i._Z14flow_calculatev) refers to .\build\main.o(i._Z7densityd) for density(double)
    .\build\main.o(i._Z14flow_calculatev) refers to .\build\main.o(i._Z9viscocityd) for viscocity(double)
    .\build\main.o(i._Z14flow_calculatev) refers to .\build\main.o(i._Z12re_calculatedddd) for re_calculate(double, double, double, double)
    .\build\main.o(i._Z14flow_calculatev) refers to .\build\main.o(i._Z12st_calculated) for st_calculate(double)
    .\build\main.o(i._Z14flow_calculatev) refers to .\build\main.o(i._Z18velocity_calculateddd) for velocity_calculate(double, double, double)
    .\build\main.o(i._Z14flow_calculatev) refers to C:\Keil_v5\ARM\ARMCC\Bin\..\lib\armlib\fz_ps.l(dmul.o)(.text) for __aeabi_dmul
    .\build\main.o(i._Z18temperature_degreev) refers to .\build\main.o(i._Z19Measure_Temperaturev) for Measure_Temperature()
    .\build\main.o(i._Z18temperature_degreev) refers to C:\Keil_v5\ARM\ARMCC\Bin\..\lib\armlib\fz_ps.l(dflti.o)(.text) for __aeabi_ui2d
    .\build\main.o(i._Z18velocity_calculateddd) refers to C:\Keil_v5\ARM\ARMCC\Bin\..\lib\armlib\fz_ps.l(dmul.o)(.text) for __aeabi_dmul
    .\build\main.o(i._Z18velocity_calculateddd) refers to C:\Keil_v5\ARM\ARMCC\Bin\..\lib\armlib\fz_ps.l(ddiv.o)(.text) for __aeabi_ddiv
    .\build\main.o(i._Z19Measure_Temperaturev) refers to C:\Keil_v5\ARM\ARMCC\Bin\..\lib\armlib\c_p.l(_printf_percent.o)(.ARM.Collect$$_printf_percent$$00000000) for _printf_percent
    .\build\main.o(i._Z19Measure_Temperaturev) refers to C:\Keil_v5\ARM\ARMCC\Bin\..\lib\armlib\c_p.l(_printf_f.o)(.ARM.Collect$$_printf_percent$$00000003) for _printf_f
    .\build\main.o(i._Z19Measure_Temperaturev) refers to C:\Keil_v5\ARM\ARMCC\Bin\..\lib\armlib\fz_ps.l(printf1.o)(x$fpl$printf1) for _printf_fp_dec
    .\build\main.o(i._Z19Measure_Temperaturev) refers to C:\Keil_v5\ARM\ARMCC\Bin\..\lib\armlib\fz_ps.l(fflti.o)(.text) for __aeabi_ui2f
    .\build\main.o(i._Z19Measure_Temperaturev) refers to C:\Keil_v5\ARM\ARMCC\Bin\..\lib\armlib\fz_ps.l(fmul.o)(x$fpl$fmul) for __aeabi_fmul
    .\build\main.o(i._Z19Measure_Temperaturev) refers to C:\Keil_v5\ARM\ARMCC\Bin\..\lib\armlib\fz_ps.l(fdiv.o)(.text) for __aeabi_fdiv
    .\build\main.o(i._Z19Measure_Temperaturev) refers to C:\Keil_v5\ARM\ARMCC\Bin\..\lib\armlib\fz_ps.l(faddsub.o)(x$fpl$fsub) for __aeabi_fsub
    .\build\main.o(i._Z19Measure_Temperaturev) refers to C:\Keil_v5\ARM\ARMCC\Bin\..\lib\armlib\fz_ps.l(faddsub.o)(x$fpl$frsb) for __aeabi_frsub
    .\build\main.o(i._Z19Measure_Temperaturev) refers to C:\Keil_v5\ARM\ARMCC\Bin\..\lib\armlib\fz_ps.l(f2d.o)(.text) for __aeabi_f2d
    .\build\main.o(i._Z19Measure_Temperaturev) refers to C:\Keil_v5\ARM\ARMCC\Bin\..\lib\armlib\c_p.l(__2printf.o)(.text) for __2printf
    .\build\main.o(i._Z19Measure_Temperaturev) refers to C:\Keil_v5\ARM\ARMCC\Bin\..\lib\armlib\fz_ps.l(ffixui.o)(.text) for __aeabi_f2uiz
    .\build\main.o(i._Z4flipv) refers to .\build\main.o(i._ZN4mbed10DigitalOutcviEv) for mbed::DigitalOut::operator int()
    .\build\main.o(i._Z4flipv) refers to .\build\main.o(i._ZN4mbed10DigitalOut5writeEi) for mbed::DigitalOut::write(int)
    .\build\main.o(i._Z4flipv) refers to .\build\main.o(.bss) for greenLED
    .\build\main.o(i._Z7densityd) refers to C:\Keil_v5\ARM\ARMCC\Bin\..\lib\armlib\fz_ps.l(daddsub.o)(.text) for __aeabi_dsub
    .\build\main.o(i._Z7densityd) refers to C:\Keil_v5\ARM\ARMCC\Bin\..\lib\armlib\fz_ps.l(dmul.o)(.text) for __aeabi_dmul
    .\build\main.o(i._Z7densityd) refers to C:\Keil_v5\ARM\ARMCC\Bin\..\lib\armlib\fz_ps.l(ddiv.o)(.text) for __aeabi_ddiv
    .\build\main.o(i._Z8Init_ADCv) refers to .\build\main.o(i._Z7adc_calv) for adc_cal()
    .\build\main.o(i._Z9conv_tempd) refers to C:\Keil_v5\ARM\ARMCC\Bin\..\lib\armlib\fz_ps.l(daddsub.o)(.text) for __aeabi_dadd
    .\build\main.o(i._Z9viscocityd) refers to C:\Keil_v5\ARM\ARMCC\Bin\..\lib\armlib\fz_ps.l(daddsub.o)(.text) for __aeabi_dsub
[...]
    __cxa_pure_virtual                       0x000046ad   Thumb Code    10  C:\Keil_v5\ARM\ARMCC\Bin\..\lib\cpplib\cpprt_p.l(pure_virt.o)(i.__cxa_pure_virtual)
    __kernel_poly                            0x000046b7   Thumb Code   172  C:\Keil_v5\ARM\ARMCC\Bin\..\lib\armlib\m_ps.l(poly.o)(i.__kernel_poly)
    __mathlib_dbl_divzero                    0x00004765   Thumb Code    16  C:\Keil_v5\ARM\ARMCC\Bin\..\lib\armlib\m_ps.l(dunder.o)(i.__mathlib_dbl_divzero)
    __mathlib_dbl_infnan2                    0x00004779   Thumb Code     8  C:\Keil_v5\ARM\ARMCC\Bin\..\lib\armlib\m_ps.l(dunder.o)(i.__mathlib_dbl_infnan2)
    __mathlib_dbl_invalid                    0x00004781   Thumb Code    16  C:\Keil_v5\ARM\ARMCC\Bin\..\lib\armlib\m_ps.l(dunder.o)(i.__mathlib_dbl_invalid)
    __mathlib_dbl_overflow                   0x00004791   Thumb Code    16  C:\Keil_v5\ARM\ARMCC\Bin\..\lib\armlib\m_ps.l(dunder.o)(i.__mathlib_dbl_overflow)
    __mathlib_dbl_underflow                  0x000047a5   Thumb Code    14  C:\Keil_v5\ARM\ARMCC\Bin\..\lib\armlib\m_ps.l(dunder.o)(i.__mathlib_dbl_underflow)
    __user_setup_stackheap                   0x0000482d   Thumb Code    10  mbed/TARGET_KL25Z/TOOLCHAIN_ARM_STD/sys.o(i.__user_setup_stackheap)
    _is_digit                                0x0000483d   Thumb Code    14  C:\Keil_v5\ARM\ARMCC\Bin\..\lib\armlib\c_p.l(__printf_wp.o)(i._is_digit)
    _platform_post_stackheap_init            0x0000484b   Thumb Code     8  mbed/TARGET_KL25Z/TOOLCHAIN_ARM_STD/retarget.o(i._platform_post_stackheap_init)
    _sys_close                               0x00004855   Thumb Code    38  mbed/TARGET_KL25Z/TOOLCHAIN_ARM_STD/retarget.o(i._sys_close)
    _sys_flen                                0x00004881   Thumb Code    34  mbed/TARGET_KL25Z/TOOLCHAIN_ARM_STD/retarget.o(i._sys_flen)
    _sys_istty                               0x000048a9   Thumb Code    34  mbed/TARGET_KL25Z/TOOLCHAIN_ARM_STD/retarget.o(i._sys_istty)
    _sys_open                                0x000048d1   Thumb Code   418  mbed/TARGET_KL25Z/TOOLCHAIN_ARM_STD/retarget.o(i._sys_open)
    _sys_seek                                0x00004a9d   Thumb Code    36  mbed/TARGET_KL25Z/TOOLCHAIN_ARM_STD/retarget.o(i._sys_seek)
    _sys_write                               0x00004ac5   Thumb Code    94  mbed/TARGET_KL25Z/TOOLCHAIN_ARM_STD/retarget.o(i._sys_write)
    core_util_critical_section_enter         0x00004b31   Thumb Code    72  mbed/TARGET_KL25Z/TOOLCHAIN_ARM_STD/mbed.ar(mbed_critical.o)(i.core_util_critical_section_enter)
    core_util_critical_section_exit          0x00004bbd   Thumb Code    58  mbed/TARGET_KL25Z/TOOLCHAIN_ARM_STD/mbed.ar(mbed_critical.o)(i.core_util_critical_section_exit)
    error                                    0x00004c15   Thumb Code    18  mbed/TARGET_KL25Z/TOOLCHAIN_ARM_STD/mbed.ar(mbed_error.o)(i.error)
    exit                                     0x00004c29   Thumb Code    36  mbed/TARGET_KL25Z/TOOLCHAIN_ARM_STD/retarget.o(i.exit)
    fputc                                    0x00004c55   Thumb Code    30  C:\Keil_v5\ARM\ARMCC\Bin\..\lib\armlib\c_p.l(fputc.o)(i.fputc)
    get_us_ticker_data                       0x00004c75   Thumb Code     4  mbed/TARGET_KL25Z/TOOLCHAIN_ARM_STD/mbed.ar(mbed_us_ticker_api.o)(i.get_us_ticker_data)
    gpio_dir                                 0x00004c7d   Thumb Code    54  mbed/TARGET_KL25Z/TOOLCHAIN_ARM_STD/gpio_api.o(i.gpio_dir)
    gpio_init                                0x00004cd1   Thumb Code    56  mbed/TARGET_KL25Z/TOOLCHAIN_ARM_STD/gpio_api.o(i.gpio_init)
    gpio_init_in                             0x00004d0d   Thumb Code    34  mbed/TARGET_KL25Z/TOOLCHAIN_ARM_STD/mbed.ar(mbed_gpio.o)(i.gpio_init_in)
    gpio_init_out                            0x00004d31   Thumb Code    56  mbed/TARGET_KL25Z/TOOLCHAIN_ARM_STD/mbed.ar(mbed_gpio.o)(i.gpio_init_out)
    gpio_init_out_ex                         0x00004d71   Thumb Code    66  mbed/TARGET_KL25Z/TOOLCHAIN_ARM_STD/mbed.ar(mbed_gpio.o)(i.gpio_init_out_ex)
    gpio_mode                                0x00004dd1   Thumb Code    14  mbed/TARGET_KL25Z/TOOLCHAIN_ARM_STD/gpio_api.o(i.gpio_mode)
    $Super$$main                             0x00004e41   Thumb Code   138  .\build\main.o(i.main)
    mbed_assert_internal                     0x00004f2d   Thumb Code    30  mbed/TARGET_KL25Z/TOOLCHAIN_ARM_STD/mbed.ar(mbed_assert.o)(i.mbed_assert_internal)
    mbed_die                                 0x00004f81   Thumb Code    80  mbed/TARGET_KL25Z/TOOLCHAIN_ARM_STD/mbed_board.o(i.mbed_die)
    mbed_error_printf                        0x00004ff1   Thumb Code    78  mbed/TARGET_KL25Z/TOOLCHAIN_ARM_STD/mbed_board.o(i.mbed_error_printf)
    mbed_error_vfprintf                      0x00005049   Thumb Code    70  mbed/TARGET_KL25Z/TOOLCHAIN_ARM_STD/mbed_board.o(i.mbed_error_vfprintf)
    mbed_interface_connected                 0x00005099   Thumb Code     8  mbed/TARGET_KL25Z/TOOLCHAIN_ARM_STD/mbed.ar(mbed_interface.o)(i.mbed_interface_connected)
    pin_function                             0x000050a1   Thumb Code    68  mbed/TARGET_KL25Z/TOOLCHAIN_ARM_STD/pinmap.o(i.pin_function)
    pin_mode                                 0x00005105   Thumb Code    36  mbed/TARGET_KL25Z/TOOLCHAIN_ARM_STD/pinmap.o(i.pin_mode)
    pinmap_merge                             0x00005145   Thumb Code    30  mbed/TARGET_KL25Z/TOOLCHAIN_ARM_STD/mbed.ar(mbed_pinmap_common.o)(i.pinmap_merge)
    pinmap_peripheral                        0x00005179   Thumb Code    60  mbed/TARGET_KL25Z/TOOLCHAIN_ARM_STD/mbed.ar(mbed_pinmap_common.o)(i.pinmap_peripheral)
    pinmap_pinout                            0x000051d5   Thumb Code    62  mbed/TARGET_KL25Z/TOOLCHAIN_ARM_STD/mbed.ar(mbed_pinmap_common.o)(i.pinmap_pinout)
    pow                                      0x00005229   Thumb Code  2548  C:\Keil_v5\ARM\ARMCC\Bin\..\lib\armlib\m_ps.l(pow.o)(i.pow)
    semihost_connected                       0x00005c25   Thumb Code     6  mbed/TARGET_KL25Z/TOOLCHAIN_ARM_STD/mbed.ar(mbed_semihost_api.o)(i.semihost_connected)
    semihost_exit                            0x00005c31   Thumb Code    12  mbed/TARGET_KL25Z/TOOLCHAIN_ARM_STD/mbed.ar(mbed_semihost_api.o)(i.semihost_exit)
    serial_baud                              0x00005c3d   Thumb Code   352  mbed/TARGET_KL25Z/TOOLCHAIN_ARM_STD/serial_api.o(i.serial_baud)
    serial_format                            0x00005dbd   Thumb Code   148  mbed/TARGET_KL25Z/TOOLCHAIN_ARM_STD/serial_api.o(i.serial_format)
    serial_init                              0x00005e91   Thumb Code   332  mbed/TARGET_KL25Z/TOOLCHAIN_ARM_STD/serial_api.o(i.serial_init)
    serial_putc                              0x0000601d   Thumb Code    36  mbed/TARGET_KL25Z/TOOLCHAIN_ARM_STD/serial_api.o(i.serial_putc)
    sqrt                                     0x00006041   Thumb Code    66  C:\Keil_v5\ARM\ARMCC\Bin\..\lib\armlib\m_ps.l(sqrt.o)(i.sqrt)
    ticker_insert_event                      0x00006089   Thumb Code    68  mbed/TARGET_KL25Z/TOOLCHAIN_ARM_STD/mbed.ar(mbed_ticker_api.o)(i.ticker_insert_event)
    ticker_irq_handler                       0x000060cd   Thumb Code    74  mbed/TARGET_KL25Z/TOOLCHAIN_ARM_STD/mbed.ar(mbed_ticker_api.o)(i.ticker_irq_handler)
    ticker_read                              0x00006117   Thumb Code     6  mbed/TARGET_KL25Z/TOOLCHAIN_ARM_STD/mbed.ar(mbed_ticker_api.o)(i.ticker_read)
    ticker_remove_event                      0x0000611d   Thumb Code    70  mbed/TARGET_KL25Z/TOOLCHAIN_ARM_STD/mbed.ar(mbed_ticker_api.o)(i.ticker_remove_event)
    ticker_set_handler                       0x00006163   Thumb Code    18  mbed/TARGET_KL25Z/TOOLCHAIN_ARM_STD/mbed.ar(mbed_ticker_api.o)(i.ticker_set_handler)
    timer0                                   0x00006175   Thumb Code   304  .\build\timer0.o(i.timer0)
    us_ticker_clear_interrupt                0x000062e1   Thumb Code     2  mbed/TARGET_KL25Z/TOOLCHAIN_ARM_STD/us_ticker.o(i.us_ticker_clear_interrupt)
    us_ticker_disable_interrupt              0x000062e5   Thumb Code    12  mbed/TARGET_KL25Z/TOOLCHAIN_ARM_STD/us_ticker.o(i.us_ticker_disable_interrupt)
    us_ticker_init                           0x000062f5   Thumb Code   388  mbed/TARGET_KL25Z/TOOLCHAIN_ARM_STD/us_ticker.o(i.us_ticker_init)
    us_ticker_irq_handler                    0x000064b1   Thumb Code    10  mbed/TARGET_KL25Z/TOOLCHAIN_ARM_STD/mbed.ar(mbed_us_ticker_api.o)(i.us_ticker_irq_handler)
    us_ticker_read                           0x000064c1   Thumb Code    22  mbed/TARGET_KL25Z/TOOLCHAIN_ARM_STD/us_ticker.o(i.us_ticker_read)
    us_ticker_set_interrupt                  0x000064e1   Thumb Code    98  mbed/TARGET_KL25Z/TOOLCHAIN_ARM_STD/us_ticker.o(i.us_ticker_set_interrupt)
    wait                                     0x00006555   Thumb Code    32  mbed/TARGET_KL25Z/TOOLCHAIN_ARM_STD/mbed.ar(mbed_wait_api_no_rtos.o)(i.wait)
    wait_ms                                  0x00006579   Thumb Code    28  mbed/TARGET_KL25Z/TOOLCHAIN_ARM_STD/mbed.ar(mbed_wait_api_no_rtos.o)(i.wait_ms)
    _get_lc_numeric                          0x00006595   Thumb Code    44  C:\Keil_v5\ARM\ARMCC\Bin\..\lib\armlib\c_p.l(lc_numeric_c.o)(locale$$code)
    _get_lc_ctype                            0x000065c1   Thumb Code    44  C:\Keil_v5\ARM\ARMCC\Bin\..\lib\armlib\c_p.l(lc_ctype_c.o)(locale$$code)
    SingletonPtr<PlatformMutex>::operator ->() 0x000065ed   Thumb Code    36  mbed/TARGET_KL25Z/TOOLCHAIN_ARM_STD/mbed.ar(FileBase.o)(t._ZN12SingletonPtrI13PlatformMutexEptEv)
    void mbed::Callback<void()>::function_call<void(*)()>(const void*) 0x00006619   Thumb Code    10  .\build\main.o(t._ZN4mbed8CallbackIFvvEE13function_callIPS1_EEvPKv)
    void mbed::Callback<void()>::function_dtor<void(*)()>(void*) 0x00006623   Thumb Code     2  .\build\main.o(t._ZN4mbed8CallbackIFvvEE13function_dtorIPS1_EEvPv)
    void mbed::Callback<void()>::function_move<void(*)()>(void*, const void*) 0x00006625   Thumb Code    14  .\build\main.o(t._ZN4mbed8CallbackIFvvEE13function_moveIPS1_EEvPvPKv)
    mbed::Callback<void()>::Callback(void(*)()) 0x00006635   Thumb Code    34  .\build\main.o(t._ZN4mbed8CallbackIFvvEEC1EPS1_)
    mbed::Callback<void()>::Callback__sub_object(void(*)()) 0x00006635   Thumb Code     0  .\build\main.o(t._ZN4mbed8CallbackIFvvEEC1EPS1_)
    mbed::Callback<void()>::Callback(const mbed::Callback<void()>&) 0x0000665d   Thumb Code    30  .\build\main.o(t._ZN4mbed8CallbackIFvvEEC1ERKS2_)
    mbed::Callback<void()>::Callback__sub_object(const mbed::Callback<void()>&) 0x0000665d   Thumb Code     0  .\build\main.o(t._ZN4mbed8CallbackIFvvEEC1ERKS2_)
    mbed::Callback<void()>::~Callback()      0x0000667b   Thumb Code    22  .\build\main.o(t._ZN4mbed8CallbackIFvvEED1Ev)
    mbed::Callback<void()>::~Callback__sub_object() 0x0000667b   Thumb Code     0  .\build\main.o(t._ZN4mbed8CallbackIFvvEED1Ev)
    __aeabi_cdrcmple                         0x00006691   Thumb Code     0  C:\Keil_v5\ARM\ARMCC\Bin\..\lib\armlib\fz_ps.l(drlef.o)(x$fpl$drleqf)
    _drcmple                                 0x00006691   Thumb Code   100  C:\Keil_v5\ARM\ARMCC\Bin\..\lib\armlib\fz_ps.l(drlef.o)(x$fpl$drleqf)
    __aeabi_fadd                             0x000066f9   Thumb Code     0  C:\Keil_v5\ARM\ARMCC\Bin\..\lib\armlib\fz_ps.l(faddsub.o)(x$fpl$fadd)
    _fadd                                    0x000066f9   Thumb Code   134  C:\Keil_v5\ARM\ARMCC\Bin\..\lib\armlib\fz_ps.l(faddsub.o)(x$fpl$fadd)
    __aeabi_fmul                             0x00006785   Thumb Code     0  C:\Keil_v5\ARM\ARMCC\Bin\..\lib\armlib\fz_ps.l(fmul.o)(x$fpl$fmul)
    _fmul                                    0x00006785   Thumb Code   172  C:\Keil_v5\ARM\ARMCC\Bin\..\lib\armlib\fz_ps.l(fmul.o)(x$fpl$fmul)
    __aeabi_frsub                            0x00006835   Thumb Code     0  C:\Keil_v5\ARM\ARMCC\Bin\..\lib\armlib\fz_ps.l(faddsub.o)(x$fpl$frsb)
    _frsb                                    0x00006835   Thumb Code    24  C:\Keil_v5\ARM\ARMCC\Bin\..\lib\armlib\fz_ps.l(faddsub.o)(x$fpl$frsb)
    __aeabi_fsub                             0x0000684d   Thumb Code     0  C:\Keil_v5\ARM\ARMCC\Bin\..\lib\armlib\fz_ps.l(faddsub.o)(x$fpl$fsub)
    _fsub                                    0x0000684d   Thumb Code   204  C:\Keil_v5\ARM\ARMCC\Bin\..\lib\armlib\fz_ps.l(faddsub.o)(x$fpl$fsub)
    _printf_fp_dec                           0x0000691d   Thumb Code    16  C:\Keil_v5\ARM\ARMCC\Bin\..\lib\armlib\fz_ps.l(printf1.o)(x$fpl$printf1)
    _printf_fp_hex                           0x0000692d   Thumb Code    16  C:\Keil_v5\ARM\ARMCC\Bin\..\lib\armlib\fz_ps.l(printf2.o)(x$fpl$printf2)
    PinMap_UART_TX                           0x0000693c   Data         108  mbed/TARGET_KL25Z/TOOLCHAIN_ARM_STD/PeripheralPins.o(.constdata)
    __I$use$fp                               0x0000693c   Number         0  C:\Keil_v5\ARM\ARMCC\Bin\..\lib\armlib\fz_ps.l(usenofp.o)(x$fpl$usenofp)
    PinMap_UART_RX                           0x000069a8   Data         108  mbed/TARGET_KL25Z/TOOLCHAIN_ARM_STD/PeripheralPins.o(.constdata)
    __stdin_name                             0x00006a14   Data           7  mbed/TARGET_KL25Z/TOOLCHAIN_ARM_STD/retarget.o(.constdata)
    __stdout_name                            0x00006a1b   Data           8  mbed/TARGET_KL25Z/TOOLCHAIN_ARM_STD/retarget.o(.constdata)
    __stderr_name                            0x00006a23   Data           8  mbed/TARGET_KL25Z/TOOLCHAIN_ARM_STD/retarget.o(.constdata)
    __mathlib_zero                           0x00006bd8   Data           8  C:\Keil_v5\ARM\ARMCC\Bin\..\lib\armlib\m_ps.l(qnan.o)(.constdata)
    vtable for mbed::TimerEvent              0x00006c9c   Data          20  mbed/TARGET_KL25Z/TOOLCHAIN_ARM_STD/mbed.ar(TimerEvent.o)(.constdata__ZTVN4mbed10TimerEventE)
    vtable for mbed::Ticker                  0x00006cb0   Data          20  mbed/TARGET_KL25Z/TOOLCHAIN_ARM_STD/mbed.ar(Ticker.o)(.constdata__ZTVN4mbed6TickerE)
    SingletonPtr<PlatformMutex>::get()::string 0x00006cc4   Data          20  mbed/TARGET_KL25Z/TOOLCHAIN_ARM_STD/retarget.o(.constdata__ZZN12SingletonPtrI13PlatformMutexE3getEvEs)
    SingletonPtr<PlatformMutex>::get()::string (instance 2) 0x00006cd8   Data          77  mbed/TARGET_KL25Z/TOOLCHAIN_ARM_STD/retarget.o(.constdata__ZZN12SingletonPtrI13PlatformMutexE3getEvEs_0)
    void mbed::Callback<void()>::generate<void(*)()>(const T1&)::ops 0x00006d28   Data          12  .\build\main.o(.constdata__ZZN4mbed8CallbackIFvvEE8generateIPS1_EEvRKT_E3ops)
    mbed::Callback<void()>::call() const::string 0x00006d34   Data           5  mbed/TARGET_KL25Z/TOOLCHAIN_ARM_STD/mbed.ar(Ticker.o)(.constdata__ZZNK4mbed8CallbackIFvvEE4callEvEs)
    mbed::Callback<void()>::call() const::string (instance 2) 0x00006d39   Data          73  mbed/TARGET_KL25Z/TOOLCHAIN_ARM_STD/mbed.ar(Ticker.o)(.constdata__ZZNK4mbed8CallbackIFvvEE4callEvEs_0)
    Region$$Table$$Base                      0x00006fa4   Number         0  anon$$obj.o(Region$$Table)
    Region$$Table$$Limit                     0x00006fc4   Number         0  anon$$obj.o(Region$$Table)
    __ctype                                  0x00006fed   Data           0  C:\Keil_v5\ARM\ARMCC\Bin\..\lib\armlib\c_p.l(lc_ctype_c.o)(locale$$data)
    SHT$$INIT_ARRAY$$Base                    0x000070f0   Number         0  .\build\main.o(.init_array)
    SHT$$INIT_ARRAY$$Limit                   0x000070f4   Number         0  C:\Keil_v5\ARM\ARMCC\Bin\..\lib\armlib\c_p.l(init_aeabi.o)(.init_array)
    display_mode                             0x1ffff0c0   Data           1  .\build\main.o(.data)
    serial_flag                              0x1ffff0c1   Data           1  .\build\main.o(.data)
    tx_in_progress                           0x1ffff0c2   Data           1  .\build\main.o(.data)
    rx_in_ptr                                0x1ffff0c4   Data           4  .\build\main.o(.data)
    rx_out_ptr                               0x1ffff0c8   Data           4  .\build\main.o(.data)
    tx_in_ptr                                0x1ffff0cc   Data           4  .\build\main.o(.data)
    tx_out_ptr                               0x1ffff0d0   Data           4  .\build\main.o(.data)
    msg_buf_idx                              0x1ffff0d4   Data           1  .\build\main.o(.data)
    timer_val                                0x1ffff0d8   Data           4  .\build\main.o(.data)
    raw_adc                                  0x1ffff0dc   Data           2  .\build\main.o(.data)
    flow_gallons_minute                      0x1ffff0e0   Data           8  .\build\main.o(.data)
    swtimer0                                 0x1ffff0e8   Data           1  .\build\timer0.o(.data)
    swtimer1                                 0x1ffff0e9   Data           1  .\build\timer0.o(.data)
    swtimer2                                 0x1ffff0ea   Data           1  .\build\timer0.o(.data)
    swtimer3                                 0x1ffff0eb   Data           1  .\build\timer0.o(.data)
    swtimer4                                 0x1ffff0ec   Data           1  .\build\timer0.o(.data)
    swtimer5                                 0x1ffff0ed   Data           1  .\build\timer0.o(.data)
    swtimer6                                 0x1ffff0ee   Data           1  .\build\timer0.o(.data)
    swtimer7                                 0x1ffff0ef   Data           1  .\build\timer0.o(.data)
    SwTimerIsrCounter                        0x1ffff0f0   Data           2  .\build\timer0.o(.data)
    display_timer                            0x1ffff0f2   Data           1  .\build\timer0.o(.data)
    display_flag                             0x1ffff0f3   Data           1  .\build\timer0.o(.data)
    stdio_uart_inited                        0x1ffff104   Data           4  mbed/TARGET_KL25Z/TOOLCHAIN_ARM_STD/serial_api.o(.data)
    stdio_uart                               0x1ffff10c   Data           8  mbed/TARGET_KL25Z/TOOLCHAIN_ARM_STD/serial_api.o(.data)
    SystemCoreClock                          0x1ffff114   Data           4  mbed/TARGET_KL25Z/TOOLCHAIN_ARM_STD/system_MKL25Z4.o(.data)
    mbed::FileBase::_head                    0x1ffff138   Data           4  mbed/TARGET_KL25Z/TOOLCHAIN_ARM_STD/mbed.ar(FileBase.o)(.data)
    mbed::FileBase::_mutex                   0x1ffff13c   Data           8  mbed/TARGET_KL25Z/TOOLCHAIN_ARM_STD/mbed.ar(FileBase.o)(.data)
    __aeabi_stdin                            0x1ffff144   Data           4  C:\Keil_v5\ARM\ARMCC\Bin\..\lib\armlib\c_p.l(stdio_streams.o)(.data)
    __aeabi_stdout                           0x1ffff148   Data           4  C:\Keil_v5\ARM\ARMCC\Bin\..\lib\armlib\c_p.l(stdio_streams.o)(.data)
    __aeabi_stderr                           0x1ffff14c   Data           4  C:\Keil_v5\ARM\ARMCC\Bin\..\lib\armlib\c_p.l(stdio_streams.o)(.data)
    rx_buf                                   0x1ffff154   Data          10  .\build\main.o(.bss)
    tx_buf                                   0x1ffff15e   Data          40  .\build\main.o(.bss)
    msg_buf                                  0x1ffff186   Data          10  .\build\main.o(.bss)
    tick                                     0x1ffff190   Data          40  .\build\main.o(.bss)
    t                                        0x1ffff1b8   Data          16  .\build\main.o(.bss)
    redLED                                   0x1ffff1c8   Data          24  .\build\main.o(.bss)
    greenLED                                 0x1ffff1e0   Data          24  .\build\main.o(.bss)
    blueLED                                  0x1ffff1f8   Data          24  .\build\main.o(.bss)
    __stdin                                  0x1ffff250   Data          84  C:\Keil_v5\ARM\ARMCC\Bin\..\lib\armlib\c_p.l(stdio_streams.o)(.bss)
    __stdout                                 0x1ffff2a4   Data          84  C:\Keil_v5\ARM\ARMCC\Bin\..\lib\armlib\c_p.l(stdio_streams.o)(.bss)
    __stderr                                 0x1ffff2f8   Data          84  C:\Keil_v5\ARM\ARMCC\Bin\..\lib\armlib\c_p.l(stdio_streams.o)(.bss)
    Image$$RW_IRAM1$$ZI$$Limit               0x1ffff368   Number         0  anon$$obj.o ABSOLUTE



==============================================================================

Memory Map of the image

  Image Entry point : 0x000000c1

  Load Region LR_IROM1 (Base: 0x00000000, Size: 0x00007188, Max: 0x00020000, ABSOLUTE)

    Execution Region ER_IROM1 (Exec base: 0x00000000, Load base: 0x00000000, Size: 0x000070f4, Max: 0x00020000, ABSOLUTE)

    Exec Addr    Load Addr    Size         Type   Attr      Idx    E Section Name        Object

    0x00000000   0x00000000   0x000000c0   Data   RO         1020    RESET               mbed/TARGET_KL25Z/TOOLCHAIN_ARM_STD/startup_MKL25Z4.o
    0x000000c0   0x000000c0   0x00000008   Code   RO         1562  * !!!main             C:\Keil_v5\ARM\ARMCC\Bin\..\lib\armlib\c_p.l(__main.o)
    0x000000c8   0x000000c8   0x0000003c   Code   RO         2206    !!!scatter          C:\Keil_v5\ARM\ARMCC\Bin\..\lib\armlib\c_p.l(__scatter.o)
    0x00000104   0x00000104   0x0000001a   Code   RO         2208    !!handler_copy      C:\Keil_v5\ARM\ARMCC\Bin\..\lib\armlib\c_p.l(__scatter_copy.o)
    0x0000011e   0x0000011e   0x00000002   PAD
    0x00000120   0x00000120   0x0000001c   Code   RO         2210    !!handler_zi        C:\Keil_v5\ARM\ARMCC\Bin\..\lib\armlib\c_p.l(__scatter_zi.o)
    0x0000013c   0x0000013c   0x00000002   Code   RO         1519    .ARM.Collect$$_printf_percent$$00000000  C:\Keil_v5\ARM\ARMCC\Bin\..\lib\armlib\c_p.l(_printf_percent.o)
    0x0000013e   0x0000013e   0x0000000a   Code   RO         1817    .ARM.Collect$$_printf_percent$$00000001  C:\Keil_v5\ARM\ARMCC\Bin\..\lib\armlib\c_p.l(_printf_n.o)
    0x00000148   0x00000148   0x0000000a   Code   RO         1819    .ARM.Collect$$_printf_percent$$00000002  C:\Keil_v5\ARM\ARMCC\Bin\..\lib\armlib\c_p.l(_printf_p.o)
    0x00000152   0x00000152   0x0000000a   Code   RO         1518    .ARM.Collect$$_printf_percent$$00000003  C:\Keil_v5\ARM\ARMCC\Bin\..\lib\armlib\c_p.l(_printf_f.o)
    0x0000015c   0x0000015c   0x0000000a   Code   RO         1824    .ARM.Collect$$_printf_percent$$00000004  C:\Keil_v5\ARM\ARMCC\Bin\..\lib\armlib\c_p.l(_printf_e.o)
    0x00000166   0x00000166   0x0000000a   Code   RO         1825    .ARM.Collect$$_printf_percent$$00000005  C:\Keil_v5\ARM\ARMCC\Bin\..\lib\armlib\c_p.l(_printf_g.o)
    0x00000170   0x00000170   0x0000000a   Code   RO         1826    .ARM.Collect$$_printf_percent$$00000006  C:\Keil_v5\ARM\ARMCC\Bin\..\lib\armlib\c_p.l(_printf_a.o)
    0x0000017a   0x0000017a   0x0000000a   Code   RO         1831    .ARM.Collect$$_printf_percent$$00000007  C:\Keil_v5\ARM\ARMCC\Bin\..\lib\armlib\c_p.l(_printf_ll.o)
    0x00000184   0x00000184   0x0000000a   Code   RO         1821    .ARM.Collect$$_printf_percent$$00000008  C:\Keil_v5\ARM\ARMCC\Bin\..\lib\armlib\c_p.l(_printf_i.o)
    0x0000018e   0x0000018e   0x0000000a   Code   RO         1822    .ARM.Collect$$_printf_percent$$00000009  C:\Keil_v5\ARM\ARMCC\Bin\..\lib\armlib\c_p.l(_printf_d.o)
    0x00000198   0x00000198   0x0000000a   Code   RO         1823    .ARM.Collect$$_printf_percent$$0000000A  C:\Keil_v5\ARM\ARMCC\Bin\..\lib\armlib\c_p.l(_printf_u.o)
    0x000001a2   0x000001a2   0x0000000a   Code   RO         1820    .ARM.Collect$$_printf_percent$$0000000B  C:\Keil_v5\ARM\ARMCC\Bin\..\lib\armlib\c_p.l(_printf_o.o)
    0x000001ac   0x000001ac   0x0000000a   Code   RO         1818    .ARM.Collect$$_printf_percent$$0000000C  C:\Keil_v5\ARM\ARMCC\Bin\..\lib\armlib\c_p.l(_printf_x.o)
    0x000001b6   0x000001b6   0x0000000a   Code   RO         1828    .ARM.Collect$$_printf_percent$$0000000D  C:\Keil_v5\ARM\ARMCC\Bin\..\lib\armlib\c_p.l(_printf_lli.o)
    0x000001c0   0x000001c0   0x0000000a   Code   RO         1829    .ARM.Collect$$_printf_percent$$0000000E  C:\Keil_v5\ARM\ARMCC\Bin\..\lib\armlib\c_p.l(_printf_lld.o)
    0x000001ca   0x000001ca   0x0000000a   Code   RO         1830    .ARM.Collect$$_printf_percent$$0000000F  C:\Keil_v5\ARM\ARMCC\Bin\..\lib\armlib\c_p.l(_printf_llu.o)
    0x000001d4   0x000001d4   0x0000000a   Code   RO         1835    .ARM.Collect$$_printf_percent$$00000010  C:\Keil_v5\ARM\ARMCC\Bin\..\lib\armlib\c_p.l(_printf_llo.o)
    0x000001de   0x000001de   0x0000000a   Code   RO         1836    .ARM.Collect$$_printf_percent$$00000011  C:\Keil_v5\ARM\ARMCC\Bin\..\lib\armlib\c_p.l(_printf_llx.o)
    0x000001e8   0x000001e8   0x0000000a   Code   RO         1832    .ARM.Collect$$_printf_percent$$00000012  C:\Keil_v5\ARM\ARMCC\Bin\..\lib\armlib\c_p.l(_printf_l.o)
    0x000001f2   0x000001f2   0x0000000a   Code   RO         1815    .ARM.Collect$$_printf_percent$$00000013  C:\Keil_v5\ARM\ARMCC\Bin\..\lib\armlib\c_p.l(_printf_c.o)
    0x000001fc   0x000001fc   0x0000000a   Code   RO         1816    .ARM.Collect$$_printf_percent$$00000014  C:\Keil_v5\ARM\ARMCC\Bin\..\lib\armlib\c_p.l(_printf_s.o)
    0x00000206   0x00000206   0x0000000a   Code   RO         1833    .ARM.Collect$$_printf_percent$$00000015  C:\Keil_v5\ARM\ARMCC\Bin\..\lib\armlib\c_p.l(_printf_lc.o)
    0x00000210   0x00000210   0x0000000a   Code   RO         1834    .ARM.Collect$$_printf_percent$$00000016  C:\Keil_v5\ARM\ARMCC\Bin\..\lib\armlib\c_p.l(_printf_ls.o)
    0x0000021a   0x0000021a   0x00000004   Code   RO         1827    .ARM.Collect$$_printf_percent$$00000017  C:\Keil_v5\ARM\ARMCC\Bin\..\lib\armlib\c_p.l(_printf_percent_end.o)
    0x0000021e   0x0000021e   0x00000002   Code   RO         2151    .ARM.Collect$$libinit$$00000000  C:\Keil_v5\ARM\ARMCC\Bin\..\lib\armlib\c_p.l(libinit.o)
    0x00000220   0x00000220   0x00000000   Code   RO         1869    .ARM.Collect$$libinit$$00000002  C:\Keil_v5\ARM\ARMCC\Bin\..\lib\armlib\c_p.l(libinit2.o)
    0x00000220   0x00000220   0x00000000   Code   RO         1871    .ARM.Collect$$libinit$$00000004  C:\Keil_v5\ARM\ARMCC\Bin\..\lib\armlib\c_p.l(libinit2.o)
    0x00000220   0x00000220   0x00000008   Code   RO         1872    .ARM.Collect$$libinit$$00000005  C:\Keil_v5\ARM\ARMCC\Bin\..\lib\armlib\c_p.l(libinit2.o)
    0x00000228   0x00000228   0x00000000   Code   RO         1874    .ARM.Collect$$libinit$$0000000A  C:\Keil_v5\ARM\ARMCC\Bin\..\lib\armlib\c_p.l(libinit2.o)
    0x00000228   0x00000228   0x00000000   Code   RO         1876    .ARM.Collect$$libinit$$0000000C  C:\Keil_v5\ARM\ARMCC\Bin\..\lib\armlib\c_p.l(libinit2.o)
    0x00000228   0x00000228   0x00000000   Code   RO         1878    .ARM.Collect$$libinit$$0000000E  C:\Keil_v5\ARM\ARMCC\Bin\..\lib\armlib\c_p.l(libinit2.o)
    0x00000228   0x00000228   0x00000006   Code   RO         1879    .ARM.Collect$$libinit$$0000000F  C:\Keil_v5\ARM\ARMCC\Bin\..\lib\armlib\c_p.l(libinit2.o)
    0x0000022e   0x0000022e   0x00000000   Code   RO         1881    .ARM.Collect$$libinit$$00000011  C:\Keil_v5\ARM\ARMCC\Bin\..\lib\armlib\c_p.l(libinit2.o)
    0x0000022e   0x0000022e   0x0000000c   Code   RO         1882    .ARM.Collect$$libinit$$00000012  C:\Keil_v5\ARM\ARMCC\Bin\..\lib\armlib\c_p.l(libinit2.o)
    0x0000023a   0x0000023a   0x00000000   Code   RO         1883    .ARM.Collect$$libinit$$00000013  C:\Keil_v5\ARM\ARMCC\Bin\..\lib\armlib\c_p.l(libinit2.o)
    0x0000023a   0x0000023a   0x00000000   Code   RO         1885    .ARM.Collect$$libinit$$00000015  C:\Keil_v5\ARM\ARMCC\Bin\..\lib\armlib\c_p.l(libinit2.o)
    0x0000023a   0x0000023a   0x0000000a   Code   RO         1886    .ARM.Collect$$libinit$$00000016  C:\Keil_v5\ARM\ARMCC\Bin\..\lib\armlib\c_p.l(libinit2.o)
    0x00000244   0x00000244   0x00000000   Code   RO         1887    .ARM.Collect$$libinit$$00000017  C:\Keil_v5\ARM\ARMCC\Bin\..\lib\armlib\c_p.l(libinit2.o)
    0x00000244   0x00000244   0x00000000   Code   RO         1889    .ARM.Collect$$libinit$$00000019  C:\Keil_v5\ARM\ARMCC\Bin\..\lib\armlib\c_p.l(libinit2.o)
    0x00000244   0x00000244   0x00000000   Code   RO         1891    .ARM.Collect$$libinit$$0000001B  C:\Keil_v5\ARM\ARMCC\Bin\..\lib\armlib\c_p.l(libinit2.o)
    0x00000244   0x00000244   0x00000000   Code   RO         1893    .ARM.Collect$$libinit$$0000001D  C:\Keil_v5\ARM\ARMCC\Bin\..\lib\armlib\c_p.l(libinit2.o)
    0x00000244   0x00000244   0x00000000   Code   RO         1895    .ARM.Collect$$libinit$$0000001F  C:\Keil_v5\ARM\ARMCC\Bin\..\lib\armlib\c_p.l(libinit2.o)
    0x00000244   0x00000244   0x00000000   Code   RO         1897    .ARM.Collect$$libinit$$00000021  C:\Keil_v5\ARM\ARMCC\Bin\..\lib\armlib\c_p.l(libinit2.o)
    0x00000244   0x00000244   0x00000000   Code   RO         1899    .ARM.Collect$$libinit$$00000023  C:\Keil_v5\ARM\ARMCC\Bin\..\lib\armlib\c_p.l(libinit2.o)
    0x00000244   0x00000244   0x00000004   Code   RO         1900    .ARM.Collect$$libinit$$00000024  C:\Keil_v5\ARM\ARMCC\Bin\..\lib\armlib\c_p.l(libinit2.o)
    0x00000248   0x00000248   0x00000000   Code   RO         1901    .ARM.Collect$$libinit$$00000025  C:\Keil_v5\ARM\ARMCC\Bin\..\lib\armlib\c_p.l(libinit2.o)
    0x00000248   0x00000248   0x00000000   Code   RO         1905    .ARM.Collect$$libinit$$0000002C  C:\Keil_v5\ARM\ARMCC\Bin\..\lib\armlib\c_p.l(libinit2.o)
    0x00000248   0x00000248   0x00000000   Code   RO         1907    .ARM.Collect$$libinit$$0000002E  C:\Keil_v5\ARM\ARMCC\Bin\..\lib\armlib\c_p.l(libinit2.o)
    0x00000248   0x00000248   0x00000000   Code   RO         1909    .ARM.Collect$$libinit$$00000030  C:\Keil_v5\ARM\ARMCC\Bin\..\lib\armlib\c_p.l(libinit2.o)
    0x00000248   0x00000248   0x00000004   Code   RO         1910    .ARM.Collect$$libinit$$00000031  C:\Keil_v5\ARM\ARMCC\Bin\..\lib\armlib\c_p.l(libinit2.o)
    0x0000024c   0x0000024c   0x00000000   Code   RO         1911    .ARM.Collect$$libinit$$00000032  C:\Keil_v5\ARM\ARMCC\Bin\..\lib\armlib\c_p.l(libinit2.o)
    0x0000024c   0x0000024c   0x00000002   Code   RO         1912    .ARM.Collect$$libinit$$00000033  C:\Keil_v5\ARM\ARMCC\Bin\..\lib\armlib\c_p.l(libinit2.o)
    0x0000024e   0x0000024e   0x00000000   Code   RO         2085    .ARM.Collect$$libshutdown$$00000004  C:\Keil_v5\ARM\ARMCC\Bin\..\lib\armlib\c_p.l(libshutdown2.o)
    0x0000024e   0x0000024e   0x00000000   Code   RO         1733    .ARM.Collect$$rtentry$$00000000  C:\Keil_v5\ARM\ARMCC\Bin\..\lib\armlib\c_p.l(__rtentry.o)
    0x0000024e   0x0000024e   0x00000000   Code   RO         1966    .ARM.Collect$$rtentry$$00000002  C:\Keil_v5\ARM\ARMCC\Bin\..\lib\armlib\c_p.l(__rtentry2.o)
    0x0000024e   0x0000024e   0x00000006   Code   RO         1978    .ARM.Collect$$rtentry$$00000004  C:\Keil_v5\ARM\ARMCC\Bin\..\lib\armlib\c_p.l(__rtentry4.o)
    0x00000254   0x00000254   0x00000008   Code   RO         1967    .ARM.Collect$$rtentry$$00000008  C:\Keil_v5\ARM\ARMCC\Bin\..\lib\armlib\c_p.l(__rtentry2.o)
    0x0000025c   0x0000025c   0x00000004   Code   RO         1969    .ARM.Collect$$rtentry$$0000000A  C:\Keil_v5\ARM\ARMCC\Bin\..\lib\armlib\c_p.l(__rtentry2.o)
    0x00000260   0x00000260   0x00000000   Code   RO         1971    .ARM.Collect$$rtentry$$0000000C  C:\Keil_v5\ARM\ARMCC\Bin\..\lib\armlib\c_p.l(__rtentry2.o)
    0x00000260   0x00000260   0x00000008   Code   RO         1972    .ARM.Collect$$rtentry$$0000000D  C:\Keil_v5\ARM\ARMCC\Bin\..\lib\armlib\c_p.l(__rtentry2.o)
    0x00000268   0x00000268   0x00000038   Code   RO         1548    .emb_text           C:\Keil_v5\ARM\ARMCC\Bin\..\lib\armlib\c_p.l(rt_memcpy.o)
    0x000002a0   0x000002a0   0x00000000   Code   RO         1996    .emb_text           C:\Keil_v5\ARM\ARMCC\Bin\..\lib\armlib\c_p.l(maybetermalloc1.o)
    0x000002a0   0x000002a0   0x0000001c   Code   RO         1022    .text               mbed/TARGET_KL25Z/TOOLCHAIN_ARM_STD/startup_MKL25Z4.o
    0x000002bc   0x000002bc   0x00000062   Code   RO         1432    .text               C:\Keil_v5\ARM\ARMCC\Bin\..\lib\armlib\c_p.l(h1_alloc.o)
    0x0000031e   0x0000031e   0x0000004c   Code   RO         1434    .text               C:\Keil_v5\ARM\ARMCC\Bin\..\lib\armlib\c_p.l(h1_free.o)
    0x0000036a   0x0000036a   0x00000002   PAD
    0x0000036c   0x0000036c   0x00000024   Code   RO         1490    .text               C:\Keil_v5\ARM\ARMCC\Bin\..\lib\armlib\c_p.l(vsprintf.o)
    0x00000390   0x00000390   0x0000001c   Code   RO         1492    .text               C:\Keil_v5\ARM\ARMCC\Bin\..\lib\armlib\c_p.l(__2printf.o)
    0x000003ac   0x000003ac   0x00000040   Code   RO         1520    .text               C:\Keil_v5\ARM\ARMCC\Bin\..\lib\armlib\c_p.l(__0sscanf.o)
    0x000003ec   0x000003ec   0x00000008   Code   RO         1738    .text               C:\Keil_v5\ARM\ARMCC\Bin\..\lib\armlib\c_p.l(rt_heap_descriptor.o)
    0x000003f4   0x000003f4   0x00000004   Code   RO         1743    .text               C:\Keil_v5\ARM\ARMCC\Bin\..\lib\armlib\c_p.l(hguard.o)
    0x000003f8   0x000003f8   0x00000008   Code   RO         1843    .text               C:\Keil_v5\ARM\ARMCC\Bin\..\lib\armlib\c_p.l(ferror.o)
    0x00000400   0x00000400   0x00000010   Code   RO         1021    .ARM.__at_0x400     mbed/TARGET_KL25Z/TOOLCHAIN_ARM_STD/startup_MKL25Z4.o
    0x00000410   0x00000410   0x00000188   Code   RO         1515    .text               C:\Keil_v5\ARM\ARMCC\Bin\..\lib\armlib\c_p.l(__printf_flags_ss_wp.o)
    0x00000598   0x00000598   0x0000014a   Code   RO         1522    .text               C:\Keil_v5\ARM\ARMCC\Bin\..\lib\armlib\c_p.l(_scanf_int.o)
    0x000006e2   0x000006e2   0x00000002   PAD
    0x000006e4   0x000006e4   0x00000068   Code   RO         1524    .text               C:\Keil_v5\ARM\ARMCC\Bin\..\lib\armlib\c_p.l(fflush.o)
    0x0000074c   0x0000074c   0x00000044   Code   RO         1544    .text               C:\Keil_v5\ARM\ARMCC\Bin\..\lib\armlib\c_p.l(strlen.o)
    0x00000790   0x00000790   0x000000a0   Code   RO         1546    .text               C:\Keil_v5\ARM\ARMCC\Bin\..\lib\armlib\c_p.l(strncmp.o)
    0x00000830   0x00000830   0x00000040   Code   RO         1552    .text               C:\Keil_v5\ARM\ARMCC\Bin\..\lib\armlib\c_p.l(rt_memclr.o)
    0x00000870   0x00000870   0x000000a0   Code   RO         1556    .text               C:\Keil_v5\ARM\ARMCC\Bin\..\lib\armlib\c_p.l(strcmpv6m.o)
    0x00000910   0x00000910   0x000001e8   Code   RO         1558    .text               C:\Keil_v5\ARM\ARMCC\Bin\..\lib\armlib\c_p.l(aeabi_sdivfast.o)
    0x00000af8   0x00000af8   0x00000024   Code   RO         1567    .text               C:\Keil_v5\ARM\ARMCC\Bin\..\lib\armlib\c_p.l(init_aeabi.o)
    0x00000b1c   0x00000b1c   0x00000358   Code   RO         1681    .text               C:\Keil_v5\ARM\ARMCC\Bin\..\lib\armlib\fz_ps.l(daddsub.o)
    0x00000e74   0x00000e74   0x00000448   Code   RO         1683    .text               C:\Keil_v5\ARM\ARMCC\Bin\..\lib\armlib\fz_ps.l(ddiv.o)
    0x000012bc   0x000012bc   0x00000058   Code   RO         1686    .text               C:\Keil_v5\ARM\ARMCC\Bin\..\lib\armlib\fz_ps.l(dflti.o)
    0x00001314   0x00001314   0x00000248   Code   RO         1688    .text               C:\Keil_v5\ARM\ARMCC\Bin\..\lib\armlib\fz_ps.l(dmul.o)
    0x0000155c   0x0000155c   0x00000054   Code   RO         1690    .text               C:\Keil_v5\ARM\ARMCC\Bin\..\lib\armlib\fz_ps.l(f2d.o)
    0x000015b0   0x000015b0   0x00000160   Code   RO         1698    .text               C:\Keil_v5\ARM\ARMCC\Bin\..\lib\armlib\fz_ps.l(fdiv.o)
    0x00001710   0x00001710   0x0000004c   Code   RO         1701    .text               C:\Keil_v5\ARM\ARMCC\Bin\..\lib\armlib\fz_ps.l(ffixi.o)
    0x0000175c   0x0000175c   0x00000030   Code   RO         1703    .text               C:\Keil_v5\ARM\ARMCC\Bin\..\lib\armlib\fz_ps.l(ffixui.o)
    0x0000178c   0x0000178c   0x0000005e   Code   RO         1705    .text               C:\Keil_v5\ARM\ARMCC\Bin\..\lib\armlib\fz_ps.l(fflti.o)
    0x000017ea   0x000017ea   0x00000088   Code   RO         1745    .text               C:\Keil_v5\ARM\ARMCC\Bin\..\lib\armlib\c_p.l(init_alloc.o)
    0x00001872   0x00001872   0x0000000e   Code   RO         1749    .text               C:\Keil_v5\ARM\ARMCC\Bin\..\lib\armlib\c_p.l(h1_init.o)
    0x00001880   0x00001880   0x00000016   Code   RO         1763    .text               C:\Keil_v5\ARM\ARMCC\Bin\..\lib\armlib\c_p.l(_rserrno.o)
    0x00001896   0x00001896   0x0000004e   Code   RO         1765    .text               C:\Keil_v5\ARM\ARMCC\Bin\..\lib\armlib\c_p.l(_printf_pad.o)
    0x000018e4   0x000018e4   0x00000024   Code   RO         1767    .text               C:\Keil_v5\ARM\ARMCC\Bin\..\lib\armlib\c_p.l(_printf_truncate.o)
    0x00001908   0x00001908   0x00000052   Code   RO         1769    .text               C:\Keil_v5\ARM\ARMCC\Bin\..\lib\armlib\c_p.l(_printf_str.o)
    0x0000195a   0x0000195a   0x00000002   PAD
    0x0000195c   0x0000195c   0x0000006c   Code   RO         1771    .text               C:\Keil_v5\ARM\ARMCC\Bin\..\lib\armlib\c_p.l(_printf_dec.o)
    0x000019c8   0x000019c8   0x00000026   Code   RO         1773    .text               C:\Keil_v5\ARM\ARMCC\Bin\..\lib\armlib\c_p.l(_printf_charcount.o)
    0x000019ee   0x000019ee   0x00000002   PAD
    0x000019f0   0x000019f0   0x00000418   Code   RO         1775    .text               C:\Keil_v5\ARM\ARMCC\Bin\..\lib\armlib\c_p.l(_printf_fp_dec.o)
    0x00001e08   0x00001e08   0x00000030   Code   RO         1777    .text               C:\Keil_v5\ARM\ARMCC\Bin\..\lib\armlib\c_p.l(_printf_char_common.o)
    0x00001e38   0x00001e38   0x0000000a   Code   RO         1779    .text               C:\Keil_v5\ARM\ARMCC\Bin\..\lib\armlib\c_p.l(_sputc.o)
    0x00001e42   0x00001e42   0x00000002   PAD
    0x00001e44   0x00001e44   0x00000028   Code   RO         1781    .text               C:\Keil_v5\ARM\ARMCC\Bin\..\lib\armlib\c_p.l(_printf_char_file.o)
    0x00001e6c   0x00001e6c   0x000000bc   Code   RO         1783    .text               C:\Keil_v5\ARM\ARMCC\Bin\..\lib\armlib\c_p.l(_printf_wctomb.o)
    0x00001f28   0x00001f28   0x00000070   Code   RO         1786    .text               C:\Keil_v5\ARM\ARMCC\Bin\..\lib\armlib\c_p.l(_printf_longlong_dec.o)
    0x00001f98   0x00001f98   0x00000070   Code   RO         1792    .text               C:\Keil_v5\ARM\ARMCC\Bin\..\lib\armlib\c_p.l(_printf_oct_int_ll.o)
    0x00002008   0x00002008   0x00000098   Code   RO         1812    .text               C:\Keil_v5\ARM\ARMCC\Bin\..\lib\armlib\c_p.l(_printf_hex_int_ll_ptr.o)
    0x000020a0   0x000020a0   0x0000001e   Code   RO         1837    .text               C:\Keil_v5\ARM\ARMCC\Bin\..\lib\armlib\c_p.l(_chval.o)
    0x000020be   0x000020be   0x00000002   PAD
    0x000020c0   0x000020c0   0x00000030   Code   RO         1839    .text               C:\Keil_v5\ARM\ARMCC\Bin\..\lib\armlib\c_p.l(scanf_char.o)
    0x000020f0   0x000020f0   0x00000044   Code   RO         1841    .text               C:\Keil_v5\ARM\ARMCC\Bin\..\lib\armlib\c_p.l(_sgetc.o)
    0x00002134   0x00002134   0x000000f4   Code   RO         1847    .text               C:\Keil_v5\ARM\ARMCC\Bin\..\lib\armlib\c_p.l(fseek.o)
    0x00002228   0x00002228   0x0000004c   Code   RO         1849    .text               C:\Keil_v5\ARM\ARMCC\Bin\..\lib\armlib\c_p.l(setvbuf.o)
    0x00002274   0x00002274   0x000000f0   Code   RO         1851    .text               C:\Keil_v5\ARM\ARMCC\Bin\..\lib\armlib\c_p.l(stdio.o)
    0x00002364   0x00002364   0x0000013c   Code   RO         1854    .text               C:\Keil_v5\ARM\ARMCC\Bin\..\lib\armlib\c_p.l(initio.o)
    0x000024a0   0x000024a0   0x0000000c   Code   RO         1862    .text               C:\Keil_v5\ARM\ARMCC\Bin\..\lib\armlib\c_p.l(defsig_pvfn_outer.o)
    0x000024ac   0x000024ac   0x00000060   Code   RO         1932    .text               C:\Keil_v5\ARM\ARMCC\Bin\..\lib\armlib\fz_ps.l(dscalbn.o)
    0x0000250c   0x0000250c   0x00000100   Code   RO         1934    .text               C:\Keil_v5\ARM\ARMCC\Bin\..\lib\armlib\fz_ps.l(dsqrt.o)
    0x0000260c   0x0000260c   0x00000008   Code   RO         1984    .text               C:\Keil_v5\ARM\ARMCC\Bin\..\lib\armlib\c_p.l(rt_locale.o)
    0x00002614   0x00002614   0x00000008   Code   RO         1989    .text               C:\Keil_v5\ARM\ARMCC\Bin\..\lib\armlib\c_p.l(rt_errno_addr.o)
    0x0000261c   0x0000261c   0x00000034   Code   RO         1998    .text               C:\Keil_v5\ARM\ARMCC\Bin\..\lib\armlib\c_p.l(h1_extend.o)
    0x00002650   0x00002650   0x0000007a   Code   RO         2002    .text               C:\Keil_v5\ARM\ARMCC\Bin\..\lib\armlib\c_p.l(lludiv10.o)
    0x000026ca   0x000026ca   0x00000012   Code   RO         2004    .text               C:\Keil_v5\ARM\ARMCC\Bin\..\lib\armlib\c_p.l(isspace.o)
    0x000026dc   0x000026dc   0x000000b0   Code   RO         2006    .text               C:\Keil_v5\ARM\ARMCC\Bin\..\lib\armlib\c_p.l(_printf_intcommon.o)
    0x0000278c   0x0000278c   0x000002d8   Code   RO         2008    .text               C:\Keil_v5\ARM\ARMCC\Bin\..\lib\armlib\c_p.l(_printf_fp_hex.o)
    0x00002a64   0x00002a64   0x00000088   Code   RO         2011    .text               C:\Keil_v5\ARM\ARMCC\Bin\..\lib\armlib\c_p.l(_printf_fp_infnan.o)
    0x00002aec   0x00002aec   0x0000002e   Code   RO         2015    .text               C:\Keil_v5\ARM\ARMCC\Bin\..\lib\armlib\c_p.l(_printf_char.o)
    0x00002b1a   0x00002b1a   0x0000002e   Code   RO         2017    .text               C:\Keil_v5\ARM\ARMCC\Bin\..\lib\armlib\c_p.l(_printf_wchar.o)
    0x00002b48   0x00002b48   0x00000380   Code   RO         2019    .text               C:\Keil_v5\ARM\ARMCC\Bin\..\lib\armlib\c_p.l(_scanf.o)
    0x00002ec8   0x00002ec8   0x000000d8   Code   RO         2021    .text               C:\Keil_v5\ARM\ARMCC\Bin\..\lib\armlib\c_p.l(bigflt0.o)
    0x00002fa0   0x00002fa0   0x00000580   Code   RO         2024    .text               C:\Keil_v5\ARM\ARMCC\Bin\..\lib\armlib\c_p.l(btod.o)
    0x00003520   0x00003520   0x00000042   Code   RO         2032    .text               C:\Keil_v5\ARM\ARMCC\Bin\..\lib\armlib\c_p.l(ftell.o)
    0x00003562   0x00003562   0x00000002   PAD
    0x00003564   0x00003564   0x000000e8   Code   RO         2038    .text               C:\Keil_v5\ARM\ARMCC\Bin\..\lib\armlib\c_p.l(fopen.o)
    0x0000364c   0x0000364c   0x0000004c   Code   RO         2040    .text               C:\Keil_v5\ARM\ARMCC\Bin\..\lib\armlib\c_p.l(fclose.o)
    0x00003698   0x00003698   0x00000040   Code   RO         2056    .text               C:\Keil_v5\ARM\ARMCC\Bin\..\lib\armlib\c_p.l(_wcrtomb.o)
    0x000036d8   0x000036d8   0x0000000c   Code   RO         2061    .text               C:\Keil_v5\ARM\ARMCC\Bin\..\lib\armlib\c_p.l(defsig_exit.o)
    0x000036e4   0x000036e4   0x0000000c   Code   RO         2063    .text               C:\Keil_v5\ARM\ARMCC\Bin\..\lib\armlib\c_p.l(defsig_rtred_outer.o)
    0x000036f0   0x000036f0   0x0000000c   Code   RO         2067    .text               C:\Keil_v5\ARM\ARMCC\Bin\..\lib\armlib\c_p.l(defsig_rtmem_outer.o)
    0x000036fc   0x000036fc   0x00000030   Code   RO         2071    .text               C:\Keil_v5\ARM\ARMCC\Bin\..\lib\armlib\c_p.l(defsig_pvfn_inner.o)
    0x0000372c   0x0000372c   0x00000028   Code   RO         2073    .text               C:\Keil_v5\ARM\ARMCC\Bin\..\lib\armlib\c_p.l(rtudiv10.o)
    0x00003754   0x00003754   0x00000050   Code   RO         2075    .text               C:\Keil_v5\ARM\ARMCC\Bin\..\lib\armlib\c_p.l(heapauxa.o)
    0x000037a4   0x000037a4   0x00000090   Code   RO         2111    .text               C:\Keil_v5\ARM\ARMCC\Bin\..\lib\armlib\fz_ps.l(dcmpin.o)
    0x00003834   0x00003834   0x0000000c   Code   RO         2117    .text               C:\Keil_v5\ARM\ARMCC\Bin\..\lib\armlib\c_p.l(sys_exit.o)
    0x00003840   0x00003840   0x00000010   Code   RO         2119    .text               C:\Keil_v5\ARM\ARMCC\Bin\..\lib\armlib\c_p.l(rt_ctype_table.o)
    0x00003850   0x00003850   0x000001f0   Code   RO         2128    .text               C:\Keil_v5\ARM\ARMCC\Bin\..\lib\armlib\c_p.l(flsbuf.o)
    0x00003a40   0x00003a40   0x00000034   Code   RO         2134    .text               C:\Keil_v5\ARM\ARMCC\Bin\..\lib\armlib\c_p.l(defsig_general.o)
    0x00003a74   0x00003a74   0x00000034   Code   RO         2140    .text               C:\Keil_v5\ARM\ARMCC\Bin\..\lib\armlib\c_p.l(defsig_rtred_inner.o)
    0x00003aa8   0x00003aa8   0x00000050   Code   RO         2142    .text               C:\Keil_v5\ARM\ARMCC\Bin\..\lib\armlib\c_p.l(defsig_rtmem_inner.o)
    0x00003af8   0x00003af8   0x0000002e   Code   RO         2157    .text               C:\Keil_v5\ARM\ARMCC\Bin\..\lib\armlib\fz_ps.l(cmpret.o)
    0x00003b26   0x00003b26   0x00000002   PAD
    0x00003b28   0x00003b28   0x00000014   Code   RO         2159    .text               C:\Keil_v5\ARM\ARMCC\Bin\..\lib\armlib\fz_ps.l(dnan2.o)
    0x00003b3c   0x00003b3c   0x0000000c   Code   RO         2161    .text               C:\Keil_v5\ARM\ARMCC\Bin\..\lib\armlib\c_p.l(sys_wrch.o)
    0x00003b48   0x00003b48   0x00000002   Code   RO         2163    .text               C:\Keil_v5\ARM\ARMCC\Bin\..\lib\armlib\c_p.l(use_no_semi.o)
    0x00003b4a   0x00003b4a   0x00000000   Code   RO         2165    .text               C:\Keil_v5\ARM\ARMCC\Bin\..\lib\armlib\c_p.l(indicate_semi.o)
    0x00003b4a   0x00003b4a   0x0000005e   Code   RO         2189    .text               C:\Keil_v5\ARM\ARMCC\Bin\..\lib\armlib\fz_ps.l(retnan.o)
    0x00003ba8   0x00003ba8   0x0000000c   Code   RO          799    i.$Sub$$main        mbed/TARGET_KL25Z/TOOLCHAIN_ARM_STD/retarget.o
    0x00003bb4   0x00003bb4   0x00000010   Code   RO          726    i.NMI_Handler       mbed/TARGET_KL25Z/TOOLCHAIN_ARM_STD/mbed_overrides.o
    0x00003bc4   0x00003bc4   0x00000034   Code   RO          634    i.NVIC_SetVector    mbed/TARGET_KL25Z/TOOLCHAIN_ARM_STD/cmsis_nvic.o
    0x00003bf8   0x00003bf8   0x00000098   Code   RO         1030    i.SystemInit        mbed/TARGET_KL25Z/TOOLCHAIN_ARM_STD/system_MKL25Z4.o
    0x00003c90   0x00003c90   0x0000003c   Code   RO            3    i._Z12re_calculatedddd  .\build\main.o
    0x00003ccc   0x00003ccc   0x0000003c   Code   RO            4    i._Z12st_calculated  .\build\main.o
    0x00003d08   0x00003d08   0x00000170   Code   RO            5    i._Z14flow_calculatev  .\build\main.o
    0x00003e78   0x00003e78   0x00000016   Code   RO            6    i._Z18temperature_degreev  .\build\main.o
    0x00003e8e   0x00003e8e   0x00000026   Code   RO            7    i._Z18velocity_calculateddd  .\build\main.o
    0x00003eb4   0x00003eb4   0x000000ac   Code   RO            8    i._Z19Measure_Temperaturev  .\build\main.o
    0x00003f60   0x00003f60   0x00000028   Code   RO            9    i._Z4flipv          .\build\main.o
    0x00003f88   0x00003f88   0x000000c8   Code   RO           10    i._Z7adc_calv       .\build\main.o
    0x00004050   0x00004050   0x000000d0   Code   RO           11    i._Z7densityd       .\build\main.o
    0x00004120   0x00004120   0x00000030   Code   RO           12    i._Z8Init_ADCv      .\build\main.o
    0x00004150   0x00004150   0x00000024   Code   RO           13    i._Z9conv_tempd     .\build\main.o
    0x00004174   0x00004174   0x0000006c   Code   RO           14    i._Z9viscocityd     .\build\main.o
    0x000041e0   0x000041e0   0x00000090   Code   RO          129    i._ZN4mbed10DigitalOut5writeEi  .\build\main.o
    0x00004270   0x00004270   0x0000001a   Code   RO          147    i._ZN4mbed10DigitalOutC1E7PinName  .\build\main.o
    0x0000428a   0x0000428a   0x00000002   PAD
    0x0000428c   0x0000428c   0x00000090   Code   RO          123    i._ZN4mbed10DigitalOutcviEv  .\build\main.o
    0x0000431c   0x0000431c   0x00000006   Code   RO         1210    i._ZN4mbed10TimerEvent3irqEj  mbed/TARGET_KL25Z/TOOLCHAIN_ARM_STD/mbed.ar(TimerEvent.o)
    0x00004322   0x00004322   0x00000012   Code   RO         1211    i._ZN4mbed10TimerEvent6insertEj  mbed/TARGET_KL25Z/TOOLCHAIN_ARM_STD/mbed.ar(TimerEvent.o)
    0x00004334   0x00004334   0x0000000e   Code   RO         1212    i._ZN4mbed10TimerEvent6removeEv  mbed/TARGET_KL25Z/TOOLCHAIN_ARM_STD/mbed.ar(TimerEvent.o)
    0x00004342   0x00004342   0x00000002   PAD
    0x00004344   0x00004344   0x00000028   Code   RO         1214    i._ZN4mbed10TimerEventC2Ev  mbed/TARGET_KL25Z/TOOLCHAIN_ARM_STD/mbed.ar(TimerEvent.o)
    0x0000436c   0x0000436c   0x00000018   Code   RO         1216    i._ZN4mbed10TimerEventD2Ev  mbed/TARGET_KL25Z/TOOLCHAIN_ARM_STD/mbed.ar(TimerEvent.o)
    0x00004384   0x00004384   0x0000003c   Code   RO         1176    i._ZN4mbed5Timer4readEv  mbed/TARGET_KL25Z/TOOLCHAIN_ARM_STD/mbed.ar(Timer.o)
    0x000043c0   0x000043c0   0x00000032   Code   RO         1177    i._ZN4mbed5Timer4stopEv  mbed/TARGET_KL25Z/TOOLCHAIN_ARM_STD/mbed.ar(Timer.o)
    0x000043f2   0x000043f2   0x00000020   Code   RO         1179    i._ZN4mbed5Timer5startEv  mbed/TARGET_KL25Z/TOOLCHAIN_ARM_STD/mbed.ar(Timer.o)
    0x00004412   0x00004412   0x00000028   Code   RO         1184    i._ZN4mbed5TimerC1Ev  mbed/TARGET_KL25Z/TOOLCHAIN_ARM_STD/mbed.ar(Timer.o)
    0x0000443a   0x0000443a   0x00000028   Code   RO         1150    i._ZN4mbed6Ticker5setupEj  mbed/TARGET_KL25Z/TOOLCHAIN_ARM_STD/mbed.ar(Ticker.o)
    0x00004462   0x00004462   0x00000002   PAD
    0x00004464   0x00004464   0x0000005c   Code   RO          141    i._ZN4mbed6Ticker6attachENS_8CallbackIFvvEEEf  .\build\main.o
    0x000044c0   0x000044c0   0x00000038   Code   RO         1152    i._ZN4mbed6Ticker7handlerEv  mbed/TARGET_KL25Z/TOOLCHAIN_ARM_STD/mbed.ar(Ticker.o)
    0x000044f8   0x000044f8   0x00000048   Code   RO         1166    i._ZN4mbed6TickerD1Ev  mbed/TARGET_KL25Z/TOOLCHAIN_ARM_STD/mbed.ar(Ticker.o)
    0x00004540   0x00004540   0x00000070   Code   RO         1381    i._ZN4mbed8FileBase6lookupEPKcj  mbed/TARGET_KL25Z/TOOLCHAIN_ARM_STD/mbed.ar(FileBase.o)
    0x000045b0   0x000045b0   0x0000001a   Code   RO         1055    i._ZN4mbed8FilePath10fileSystemEv  mbed/TARGET_KL25Z/TOOLCHAIN_ARM_STD/mbed.ar(FilePath.o)
    0x000045ca   0x000045ca   0x00000020   Code   RO         1057    i._ZN4mbed8FilePath4fileEv  mbed/TARGET_KL25Z/TOOLCHAIN_ARM_STD/mbed.ar(FilePath.o)
    0x000045ea   0x000045ea   0x0000000a   Code   RO         1058    i._ZN4mbed8FilePath6existsEv  mbed/TARGET_KL25Z/TOOLCHAIN_ARM_STD/mbed.ar(FilePath.o)
    0x000045f4   0x000045f4   0x00000018   Code   RO         1059    i._ZN4mbed8FilePath6isFileEv  mbed/TARGET_KL25Z/TOOLCHAIN_ARM_STD/mbed.ar(FilePath.o)
    0x0000460c   0x0000460c   0x00000044   Code   RO         1061    i._ZN4mbed8FilePathC1EPKc  mbed/TARGET_KL25Z/TOOLCHAIN_ARM_STD/mbed.ar(FilePath.o)
    0x00004650   0x00004650   0x00000030   Code   RO         2026    i.__ARM_common_ll_muluu  C:\Keil_v5\ARM\ARMCC\Bin\..\lib\armlib\c_p.l(btod.o)
    0x00004680   0x00004680   0x0000002c   Code   RO         1957    i.__ARM_fpclassify  C:\Keil_v5\ARM\ARMCC\Bin\..\lib\armlib\m_ps.l(fpclassify.o)
    0x000046ac   0x000046ac   0x0000000a   Code   RO         1570    i.__cxa_pure_virtual  C:\Keil_v5\ARM\ARMCC\Bin\..\lib\cpplib\cpprt_p.l(pure_virt.o)
    0x000046b6   0x000046b6   0x000000ac   Code   RO         1959    i.__kernel_poly     C:\Keil_v5\ARM\ARMCC\Bin\..\lib\armlib\m_ps.l(poly.o)
    0x00004762   0x00004762   0x00000002   PAD
    0x00004764   0x00004764   0x00000014   Code   RO         1943    i.__mathlib_dbl_divzero  C:\Keil_v5\ARM\ARMCC\Bin\..\lib\armlib\m_ps.l(dunder.o)
    0x00004778   0x00004778   0x00000008   Code   RO         1945    i.__mathlib_dbl_infnan2  C:\Keil_v5\ARM\ARMCC\Bin\..\lib\armlib\m_ps.l(dunder.o)
    0x00004780   0x00004780   0x00000010   Code   RO         1946    i.__mathlib_dbl_invalid  C:\Keil_v5\ARM\ARMCC\Bin\..\lib\armlib\m_ps.l(dunder.o)
    0x00004790   0x00004790   0x00000014   Code   RO         1947    i.__mathlib_dbl_overflow  C:\Keil_v5\ARM\ARMCC\Bin\..\lib\armlib\m_ps.l(dunder.o)
    0x000047a4   0x000047a4   0x00000014   Code   RO         1949    i.__mathlib_dbl_underflow  C:\Keil_v5\ARM\ARMCC\Bin\..\lib\armlib\m_ps.l(dunder.o)
    0x000047b8   0x000047b8   0x00000074   Code   RO           15    i.__sti___8_main_cpp_1ca0aaea  .\build\main.o
    0x0000482c   0x0000482c   0x00000010   Code   RO         1024    i.__user_setup_stackheap  mbed/TARGET_KL25Z/TOOLCHAIN_ARM_STD/sys.o
    0x0000483c   0x0000483c   0x0000000e   Code   RO         1508    i._is_digit         C:\Keil_v5\ARM\ARMCC\Bin\..\lib\armlib\c_p.l(__printf_wp.o)
    0x0000484a   0x0000484a   0x00000008   Code   RO          812    i._platform_post_stackheap_init  mbed/TARGET_KL25Z/TOOLCHAIN_ARM_STD/retarget.o
    0x00004852   0x00004852   0x00000002   PAD
    0x00004854   0x00004854   0x0000002c   Code   RO          813    i._sys_close        mbed/TARGET_KL25Z/TOOLCHAIN_ARM_STD/retarget.o
    0x00004880   0x00004880   0x00000028   Code   RO          816    i._sys_flen         mbed/TARGET_KL25Z/TOOLCHAIN_ARM_STD/retarget.o
    0x000048a8   0x000048a8   0x00000028   Code   RO          817    i._sys_istty        mbed/TARGET_KL25Z/TOOLCHAIN_ARM_STD/retarget.o
    0x000048d0   0x000048d0   0x000001cc   Code   RO          818    i._sys_open         mbed/TARGET_KL25Z/TOOLCHAIN_ARM_STD/retarget.o
    0x00004a9c   0x00004a9c   0x00000028   Code   RO          820    i._sys_seek         mbed/TARGET_KL25Z/TOOLCHAIN_ARM_STD/retarget.o
    0x00004ac4   0x00004ac4   0x0000006c   Code   RO          821    i._sys_write        mbed/TARGET_KL25Z/TOOLCHAIN_ARM_STD/retarget.o
    0x00004b30   0x00004b30   0x0000008c   Code   RO         1301    i.core_util_critical_section_enter  mbed/TARGET_KL25Z/TOOLCHAIN_ARM_STD/mbed.ar(mbed_critical.o)
    0x00004bbc   0x00004bbc   0x00000058   Code   RO         1302    i.core_util_critical_section_exit  mbed/TARGET_KL25Z/TOOLCHAIN_ARM_STD/mbed.ar(mbed_critical.o)
    0x00004c14   0x00004c14   0x00000012   Code   RO         1324    i.error             mbed/TARGET_KL25Z/TOOLCHAIN_ARM_STD/mbed.ar(mbed_error.o)
    0x00004c26   0x00004c26   0x00000002   PAD
    0x00004c28   0x00004c28   0x0000002c   Code   RO          823    i.exit              mbed/TARGET_KL25Z/TOOLCHAIN_ARM_STD/retarget.o
    0x00004c54   0x00004c54   0x0000001e   Code   RO         2029    i.fputc             C:\Keil_v5\ARM\ARMCC\Bin\..\lib\armlib\c_p.l(fputc.o)
    0x00004c72   0x00004c72   0x00000002   PAD
    0x00004c74   0x00004c74   0x00000008   Code   RO         1271    i.get_us_ticker_data  mbed/TARGET_KL25Z/TOOLCHAIN_ARM_STD/mbed.ar(mbed_us_ticker_api.o)
    0x00004c7c   0x00004c7c   0x00000054   Code   RO          641    i.gpio_dir          mbed/TARGET_KL25Z/TOOLCHAIN_ARM_STD/gpio_api.o
    0x00004cd0   0x00004cd0   0x0000003c   Code   RO          642    i.gpio_init         mbed/TARGET_KL25Z/TOOLCHAIN_ARM_STD/gpio_api.o
    0x00004d0c   0x00004d0c   0x00000022   Code   RO         1240    i.gpio_init_in      mbed/TARGET_KL25Z/TOOLCHAIN_ARM_STD/mbed.ar(mbed_gpio.o)
    0x00004d2e   0x00004d2e   0x00000002   PAD
    0x00004d30   0x00004d30   0x00000040   Code   RO         1243    i.gpio_init_out     mbed/TARGET_KL25Z/TOOLCHAIN_ARM_STD/mbed.ar(mbed_gpio.o)
    0x00004d70   0x00004d70   0x00000060   Code   RO         1244    i.gpio_init_out_ex  mbed/TARGET_KL25Z/TOOLCHAIN_ARM_STD/mbed.ar(mbed_gpio.o)
    0x00004dd0   0x00004dd0   0x0000000e   Code   RO          643    i.gpio_mode         mbed/TARGET_KL25Z/TOOLCHAIN_ARM_STD/gpio_api.o
    0x00004dde   0x00004dde   0x00000002   PAD
    0x00004de0   0x00004de0   0x00000060   Code   RO         1038    i.lptmr_isr         mbed/TARGET_KL25Z/TOOLCHAIN_ARM_STD/us_ticker.o
    0x00004e40   0x00004e40   0x000000ec   Code   RO           16    i.main              .\build\main.o
    0x00004f2c   0x00004f2c   0x00000054   Code   RO         1282    i.mbed_assert_internal  mbed/TARGET_KL25Z/TOOLCHAIN_ARM_STD/mbed.ar(mbed_assert.o)
    0x00004f80   0x00004f80   0x00000070   Code   RO          715    i.mbed_die          mbed/TARGET_KL25Z/TOOLCHAIN_ARM_STD/mbed_board.o
    0x00004ff0   0x00004ff0   0x00000058   Code   RO          716    i.mbed_error_printf  mbed/TARGET_KL25Z/TOOLCHAIN_ARM_STD/mbed_board.o
    0x00005048   0x00005048   0x00000050   Code   RO          717    i.mbed_error_vfprintf  mbed/TARGET_KL25Z/TOOLCHAIN_ARM_STD/mbed_board.o
    0x00005098   0x00005098   0x00000008   Code   RO         1330    i.mbed_interface_connected  mbed/TARGET_KL25Z/TOOLCHAIN_ARM_STD/mbed.ar(mbed_interface.o)
    0x000050a0   0x000050a0   0x00000064   Code   RO          748    i.pin_function      mbed/TARGET_KL25Z/TOOLCHAIN_ARM_STD/pinmap.o
    0x00005104   0x00005104   0x00000040   Code   RO          749    i.pin_mode          mbed/TARGET_KL25Z/TOOLCHAIN_ARM_STD/pinmap.o
    0x00005144   0x00005144   0x00000034   Code   RO         1258    i.pinmap_merge      mbed/TARGET_KL25Z/TOOLCHAIN_ARM_STD/mbed.ar(mbed_pinmap_common.o)
    0x00005178   0x00005178   0x0000005c   Code   RO         1259    i.pinmap_peripheral  mbed/TARGET_KL25Z/TOOLCHAIN_ARM_STD/mbed.ar(mbed_pinmap_common.o)
    0x000051d4   0x000051d4   0x00000054   Code   RO         1260    i.pinmap_pinout     mbed/TARGET_KL25Z/TOOLCHAIN_ARM_STD/mbed.ar(mbed_pinmap_common.o)
    0x00005228   0x00005228   0x000009fc   Code   RO         1714    i.pow               C:\Keil_v5\ARM\ARMCC\Bin\..\lib\armlib\m_ps.l(pow.o)
    0x00005c24   0x00005c24   0x0000000c   Code   RO         1350    i.semihost_connected  mbed/TARGET_KL25Z/TOOLCHAIN_ARM_STD/mbed.ar(mbed_semihost_api.o)
    0x00005c30   0x00005c30   0x0000000c   Code   RO         1352    i.semihost_exit     mbed/TARGET_KL25Z/TOOLCHAIN_ARM_STD/mbed.ar(mbed_semihost_api.o)
    0x00005c3c   0x00005c3c   0x00000180   Code   RO          952    i.serial_baud       mbed/TARGET_KL25Z/TOOLCHAIN_ARM_STD/serial_api.o
    0x00005dbc   0x00005dbc   0x000000d4   Code   RO          956    i.serial_format     mbed/TARGET_KL25Z/TOOLCHAIN_ARM_STD/serial_api.o
    0x00005e90   0x00005e90   0x0000018c   Code   RO          959    i.serial_init       mbed/TARGET_KL25Z/TOOLCHAIN_ARM_STD/serial_api.o
    0x0000601c   0x0000601c   0x00000024   Code   RO          963    i.serial_putc       mbed/TARGET_KL25Z/TOOLCHAIN_ARM_STD/serial_api.o
    0x00006040   0x00006040   0x00000048   Code   RO         1724    i.sqrt              C:\Keil_v5\ARM\ARMCC\Bin\..\lib\armlib\m_ps.l(sqrt.o)
    0x00006088   0x00006088   0x00000044   Code   RO         1413    i.ticker_insert_event  mbed/TARGET_KL25Z/TOOLCHAIN_ARM_STD/mbed.ar(mbed_ticker_api.o)
    0x000060cc   0x000060cc   0x0000004a   Code   RO         1414    i.ticker_irq_handler  mbed/TARGET_KL25Z/TOOLCHAIN_ARM_STD/mbed.ar(mbed_ticker_api.o)
    0x00006116   0x00006116   0x00000006   Code   RO         1415    i.ticker_read       mbed/TARGET_KL25Z/TOOLCHAIN_ARM_STD/mbed.ar(mbed_ticker_api.o)
    0x0000611c   0x0000611c   0x00000046   Code   RO         1416    i.ticker_remove_event  mbed/TARGET_KL25Z/TOOLCHAIN_ARM_STD/mbed.ar(mbed_ticker_api.o)
    0x00006162   0x00006162   0x00000012   Code   RO         1417    i.ticker_set_handler  mbed/TARGET_KL25Z/TOOLCHAIN_ARM_STD/mbed.ar(mbed_ticker_api.o)
    0x00006174   0x00006174   0x0000016c   Code   RO          508    i.timer0            .\build\timer0.o
    0x000062e0   0x000062e0   0x00000002   Code   RO         1039    i.us_ticker_clear_interrupt  mbed/TARGET_KL25Z/TOOLCHAIN_ARM_STD/us_ticker.o
    0x000062e2   0x000062e2   0x00000002   PAD
    0x000062e4   0x000062e4   0x00000010   Code   RO         1040    i.us_ticker_disable_interrupt  mbed/TARGET_KL25Z/TOOLCHAIN_ARM_STD/us_ticker.o
    0x000062f4   0x000062f4   0x000001bc   Code   RO         1041    i.us_ticker_init    mbed/TARGET_KL25Z/TOOLCHAIN_ARM_STD/us_ticker.o
    0x000064b0   0x000064b0   0x00000010   Code   RO         1272    i.us_ticker_irq_handler  mbed/TARGET_KL25Z/TOOLCHAIN_ARM_STD/mbed.ar(mbed_us_ticker_api.o)
    0x000064c0   0x000064c0   0x00000020   Code   RO         1042    i.us_ticker_read    mbed/TARGET_KL25Z/TOOLCHAIN_ARM_STD/us_ticker.o
    0x000064e0   0x000064e0   0x00000074   Code   RO         1043    i.us_ticker_set_interrupt  mbed/TARGET_KL25Z/TOOLCHAIN_ARM_STD/us_ticker.o
    0x00006554   0x00006554   0x00000024   Code   RO         1369    i.wait              mbed/TARGET_KL25Z/TOOLCHAIN_ARM_STD/mbed.ar(mbed_wait_api_no_rtos.o)
    0x00006578   0x00006578   0x0000001c   Code   RO         1370    i.wait_ms           mbed/TARGET_KL25Z/TOOLCHAIN_ARM_STD/mbed.ar(mbed_wait_api_no_rtos.o)
    0x00006594   0x00006594   0x0000002c   Code   RO         2059    locale$$code        C:\Keil_v5\ARM\ARMCC\Bin\..\lib\armlib\c_p.l(lc_numeric_c.o)
    0x000065c0   0x000065c0   0x0000002c   Code   RO         2177    locale$$code        C:\Keil_v5\ARM\ARMCC\Bin\..\lib\armlib\c_p.l(lc_ctype_c.o)
    0x000065ec   0x000065ec   0x0000002c   Code   RO         1405    t._ZN12SingletonPtrI13PlatformMutexEptEv  mbed/TARGET_KL25Z/TOOLCHAIN_ARM_STD/mbed.ar(FileBase.o)
    0x00006618   0x00006618   0x0000000a   Code   RO          160    t._ZN4mbed8CallbackIFvvEE13function_callIPS1_EEvPKv  .\build\main.o
    0x00006622   0x00006622   0x00000002   Code   RO          172    t._ZN4mbed8CallbackIFvvEE13function_dtorIPS1_EEvPv  .\build\main.o
    0x00006624   0x00006624   0x0000000e   Code   RO          166    t._ZN4mbed8CallbackIFvvEE13function_moveIPS1_EEvPvPKv  .\build\main.o
    0x00006632   0x00006632   0x00000002   PAD
    0x00006634   0x00006634   0x00000028   Code   RO          111    t._ZN4mbed8CallbackIFvvEEC1EPS1_  .\build\main.o
    0x0000665c   0x0000665c   0x0000001e   Code   RO          117    t._ZN4mbed8CallbackIFvvEEC1ERKS2_  .\build\main.o
    0x0000667a   0x0000667a   0x00000016   Code   RO          135    t._ZN4mbed8CallbackIFvvEED1Ev  .\build\main.o
    0x00006690   0x00006690   0x00000068   Code   RO         1930    x$fpl$drleqf        C:\Keil_v5\ARM\ARMCC\Bin\..\lib\armlib\fz_ps.l(drlef.o)
    0x000066f8   0x000066f8   0x0000008c   Code   RO         1692    x$fpl$fadd          C:\Keil_v5\ARM\ARMCC\Bin\..\lib\armlib\fz_ps.l(faddsub.o)
    0x00006784   0x00006784   0x000000b0   Code   RO         1707    x$fpl$fmul          C:\Keil_v5\ARM\ARMCC\Bin\..\lib\armlib\fz_ps.l(fmul.o)
    0x00006834   0x00006834   0x00000018   Code   RO         1693    x$fpl$frsb          C:\Keil_v5\ARM\ARMCC\Bin\..\lib\armlib\fz_ps.l(faddsub.o)
    0x0000684c   0x0000684c   0x000000d0   Code   RO         1694    x$fpl$fsub          C:\Keil_v5\ARM\ARMCC\Bin\..\lib\armlib\fz_ps.l(faddsub.o)
    0x0000691c   0x0000691c   0x00000010   Code   RO         1711    x$fpl$printf1       C:\Keil_v5\ARM\ARMCC\Bin\..\lib\armlib\fz_ps.l(printf1.o)
    0x0000692c   0x0000692c   0x00000010   Code   RO         1936    x$fpl$printf2       C:\Keil_v5\ARM\ARMCC\Bin\..\lib\armlib\fz_ps.l(printf2.o)
    0x0000693c   0x0000693c   0x00000000   Code   RO         1942    x$fpl$usenofp       C:\Keil_v5\ARM\ARMCC\Bin\..\lib\armlib\fz_ps.l(usenofp.o)
    0x0000693c   0x0000693c   0x0000006c   Data   RO          737    .constdata          mbed/TARGET_KL25Z/TOOLCHAIN_ARM_STD/PeripheralPins.o
    0x000069a8   0x000069a8   0x0000006c   Data   RO          738    .constdata          mbed/TARGET_KL25Z/TOOLCHAIN_ARM_STD/PeripheralPins.o
    0x00006a14   0x00006a14   0x00000017   Data   RO          874    .constdata          mbed/TARGET_KL25Z/TOOLCHAIN_ARM_STD/retarget.o
    0x00006a2b   0x00006a2b   0x00000001   PAD
    0x00006a2c   0x00006a2c   0x00000014   Data   RO         1273    .constdata          mbed/TARGET_KL25Z/TOOLCHAIN_ARM_STD/mbed.ar(mbed_us_ticker_api.o)
    0x00006a40   0x00006a40   0x00000008   Data   RO         1274    .constdata          mbed/TARGET_KL25Z/TOOLCHAIN_ARM_STD/mbed.ar(mbed_us_ticker_api.o)
    0x00006a48   0x00006a48   0x00000011   Data   RO         1516    .constdata          C:\Keil_v5\ARM\ARMCC\Bin\..\lib\armlib\c_p.l(__printf_flags_ss_wp.o)
    0x00006a59   0x00006a59   0x00000080   Data   RO         1684    .constdata          C:\Keil_v5\ARM\ARMCC\Bin\..\lib\armlib\fz_ps.l(ddiv.o)
    0x00006ad9   0x00006ad9   0x00000040   Data   RO         1699    .constdata          C:\Keil_v5\ARM\ARMCC\Bin\..\lib\armlib\fz_ps.l(fdiv.o)
    0x00006b19   0x00006b19   0x00000007   PAD
    0x00006b20   0x00006b20   0x00000088   Data   RO         1715    .constdata          C:\Keil_v5\ARM\ARMCC\Bin\..\lib\armlib\m_ps.l(pow.o)
    0x00006ba8   0x00006ba8   0x00000008   Data   RO         1784    .constdata          C:\Keil_v5\ARM\ARMCC\Bin\..\lib\armlib\c_p.l(_printf_wctomb.o)
    0x00006bb0   0x00006bb0   0x00000028   Data   RO         1813    .constdata          C:\Keil_v5\ARM\ARMCC\Bin\..\lib\armlib\c_p.l(_printf_hex_int_ll_ptr.o)
    0x00006bd8   0x00006bd8   0x00000008   Data   RO         1961    .constdata          C:\Keil_v5\ARM\ARMCC\Bin\..\lib\armlib\m_ps.l(qnan.o)
    0x00006be0   0x00006be0   0x00000026   Data   RO         2009    .constdata          C:\Keil_v5\ARM\ARMCC\Bin\..\lib\armlib\c_p.l(_printf_fp_hex.o)
    0x00006c06   0x00006c06   0x00000002   PAD
    0x00006c08   0x00006c08   0x00000094   Data   RO         2022    .constdata          C:\Keil_v5\ARM\ARMCC\Bin\..\lib\armlib\c_p.l(bigflt0.o)
    0x00006c9c   0x00006c9c   0x00000014   Data   RO         1235    .constdata__ZTVN4mbed10TimerEventE  mbed/TARGET_KL25Z/TOOLCHAIN_ARM_STD/mbed.ar(TimerEvent.o)
    0x00006cb0   0x00006cb0   0x00000014   Data   RO         1162    .constdata__ZTVN4mbed6TickerE  mbed/TARGET_KL25Z/TOOLCHAIN_ARM_STD/mbed.ar(Ticker.o)
    0x00006cc4   0x00006cc4   0x00000014   Data   RO          936    .constdata__ZZN12SingletonPtrI13PlatformMutexE3getEvEs  mbed/TARGET_KL25Z/TOOLCHAIN_ARM_STD/retarget.o
    0x00006cd8   0x00006cd8   0x0000004d   Data   RO          937    .constdata__ZZN12SingletonPtrI13PlatformMutexE3getEvEs_0  mbed/TARGET_KL25Z/TOOLCHAIN_ARM_STD/retarget.o
    0x00006d25   0x00006d25   0x00000003   PAD
    0x00006d28   0x00006d28   0x0000000c   Data   RO          159    .constdata__ZZN4mbed8CallbackIFvvEE8generateIPS1_EEvRKT_E3ops  .\build\main.o
    0x00006d34   0x00006d34   0x00000005   Data   RO         1163    .constdata__ZZNK4mbed8CallbackIFvvEE4callEvEs  mbed/TARGET_KL25Z/TOOLCHAIN_ARM_STD/mbed.ar(Ticker.o)
    0x00006d39   0x00006d39   0x00000049   Data   RO         1164    .constdata__ZZNK4mbed8CallbackIFvvEE4callEvEs_0  mbed/TARGET_KL25Z/TOOLCHAIN_ARM_STD/mbed.ar(Ticker.o)
    0x00006d82   0x00006d82   0x00000002   PAD
    0x00006d84   0x00006d84   0x0000005a   Data   RO          645    .conststring        mbed/TARGET_KL25Z/TOOLCHAIN_ARM_STD/gpio_api.o
    0x00006dde   0x00006dde   0x00000002   PAD
    0x00006de0   0x00006de0   0x0000006d   Data   RO          718    .conststring        mbed/TARGET_KL25Z/TOOLCHAIN_ARM_STD/mbed_board.o
    0x00006e4d   0x00006e4d   0x00000003   PAD
    0x00006e50   0x00006e50   0x00000058   Data   RO          750    .conststring        mbed/TARGET_KL25Z/TOOLCHAIN_ARM_STD/pinmap.o
    0x00006ea8   0x00006ea8   0x000000b5   Data   RO          970    .conststring        mbed/TARGET_KL25Z/TOOLCHAIN_ARM_STD/serial_api.o
    0x00006f5d   0x00006f5d   0x00000003   PAD
    0x00006f60   0x00006f60   0x00000043   Data   RO         1303    .conststring        mbed/TARGET_KL25Z/TOOLCHAIN_ARM_STD/mbed.ar(mbed_critical.o)
    0x00006fa3   0x00006fa3   0x00000001   PAD
    0x00006fa4   0x00006fa4   0x00000020   Data   RO         2205    Region$$Table       anon$$obj.o
    0x00006fc4   0x00006fc4   0x0000001c   Data   RO         2058    locale$$data        C:\Keil_v5\ARM\ARMCC\Bin\..\lib\armlib\c_p.l(lc_numeric_c.o)
    0x00006fe0   0x00006fe0   0x00000110   Data   RO         2176    locale$$data        C:\Keil_v5\ARM\ARMCC\Bin\..\lib\armlib\c_p.l(lc_ctype_c.o)
    0x000070f0   0x000070f0   0x00000004   Data   RO           33    .init_array         .\build\main.o
    0x000070f4   0x000070f0   0x00000000   Data   RO         1565    .init_array         C:\Keil_v5\ARM\ARMCC\Bin\..\lib\armlib\c_p.l(init_aeabi.o)


    Execution Region RW_IRAM1 (Exec base: 0x1ffff0c0, Load base: 0x000070f4, Size: 0x000002a8, Max: 0x00003f40, ABSOLUTE)

    Exec Addr    Load Addr    Size         Type   Attr      Idx    E Section Name        Object

    0x1ffff0c0   0x000070f4   0x00000028   Data   RW           32    .data               .\build\main.o
    0x1ffff0e8   0x0000711c   0x00000014   Data   RW          510    .data               .\build\timer0.o
    0x1ffff0fc   0x00007130   0x00000008   Data   RW          877    .data               mbed/TARGET_KL25Z/TOOLCHAIN_ARM_STD/retarget.o
    0x1ffff104   0x00007138   0x00000010   Data   RW          971    .data               mbed/TARGET_KL25Z/TOOLCHAIN_ARM_STD/serial_api.o
    0x1ffff114   0x00007148   0x00000004   Data   RW         1031    .data               mbed/TARGET_KL25Z/TOOLCHAIN_ARM_STD/system_MKL25Z4.o
    0x1ffff118   0x0000714c   0x0000000c   Data   RW         1044    .data               mbed/TARGET_KL25Z/TOOLCHAIN_ARM_STD/us_ticker.o
    0x1ffff124   0x00007158   0x00000008   Data   RW         1275    .data               mbed/TARGET_KL25Z/TOOLCHAIN_ARM_STD/mbed.ar(mbed_us_ticker_api.o)
    0x1ffff12c   0x00007160   0x00000008   Data   RW         1304    .data               mbed/TARGET_KL25Z/TOOLCHAIN_ARM_STD/mbed.ar(mbed_critical.o)
    0x1ffff134   0x00007168   0x00000004   Data   RW         1357    .data               mbed/TARGET_KL25Z/TOOLCHAIN_ARM_STD/mbed.ar(mbed_semihost_api.o)
    0x1ffff138   0x0000716c   0x0000000c   Data   RW         1393    .data               mbed/TARGET_KL25Z/TOOLCHAIN_ARM_STD/mbed.ar(FileBase.o)
    0x1ffff144   0x00007178   0x00000004   Data   RW         1537    .data               C:\Keil_v5\ARM\ARMCC\Bin\..\lib\armlib\c_p.l(stdio_streams.o)
    0x1ffff148   0x0000717c   0x00000004   Data   RW         1538    .data               C:\Keil_v5\ARM\ARMCC\Bin\..\lib\armlib\c_p.l(stdio_streams.o)
    0x1ffff14c   0x00007180   0x00000004   Data   RW         1539    .data               C:\Keil_v5\ARM\ARMCC\Bin\..\lib\armlib\c_p.l(stdio_streams.o)
    0x1ffff150   0x00007184   0x00000004   Data   RW         2076    .data               C:\Keil_v5\ARM\ARMCC\Bin\..\lib\armlib\c_p.l(heapauxa.o)
    0x1ffff154        -       0x000000bc   Zero   RW           31    .bss                .\build\main.o
    0x1ffff210        -       0x00000040   Zero   RW          873    .bss                mbed/TARGET_KL25Z/TOOLCHAIN_ARM_STD/retarget.o
    0x1ffff250        -       0x00000054   Zero   RW         1534    .bss                C:\Keil_v5\ARM\ARMCC\Bin\..\lib\armlib\c_p.l(stdio_streams.o)
    0x1ffff2a4        -       0x00000054   Zero   RW         1535    .bss                C:\Keil_v5\ARM\ARMCC\Bin\..\lib\armlib\c_p.l(stdio_streams.o)
    0x1ffff2f8        -       0x00000054   Zero   RW         1536    .bss                C:\Keil_v5\ARM\ARMCC\Bin\..\lib\armlib\c_p.l(stdio_streams.o)
    0x1ffff34c        -       0x00000004   Zero   RW         1739    .bss                C:\Keil_v5\ARM\ARMCC\Bin\..\lib\armlib\c_p.l(rt_heap_descriptor.o)
    0x1ffff350        -       0x00000014   Zero   RW         1985    .bss                C:\Keil_v5\ARM\ARMCC\Bin\..\lib\armlib\c_p.l(rt_locale.o)
    0x1ffff364        -       0x00000004   Zero   RW         1990    .bss                C:\Keil_v5\ARM\ARMCC\Bin\..\lib\armlib\c_p.l(rt_errno_addr.o)


==============================================================================

Image component sizes


      Code (inc. data)   RO Data    RW Data    ZI Data      Debug   Object Name

         0          0        216          0          0          0   mbed/TARGET_KL25Z/TOOLCHAIN_ARM_STD/PeripheralPins.o
        52          8          0          0          0         80   mbed/TARGET_KL25Z/TOOLCHAIN_ARM_STD/cmsis_nvic.o
       158         34         90          0          0        212   mbed/TARGET_KL25Z/TOOLCHAIN_ARM_STD/gpio_api.o
      2236        530         16         40        188      31768   .\build\main.o
       280         52        109          0          0        244   mbed/TARGET_KL25Z/TOOLCHAIN_ARM_STD/mbed_board.o
        16          0          0          0          0         72   mbed/TARGET_KL25Z/TOOLCHAIN_ARM_STD/mbed_overrides.o
       164         60         88          0          0        144   mbed/TARGET_KL25Z/TOOLCHAIN_ARM_STD/pinmap.o
       796         86        120          8         64        624   mbed/TARGET_KL25Z/TOOLCHAIN_ARM_STD/retarget.o
      1028        168        181         16          0        308   mbed/TARGET_KL25Z/TOOLCHAIN_ARM_STD/serial_api.o
        44         24        192          0          0        164   mbed/TARGET_KL25Z/TOOLCHAIN_ARM_STD/startup_MKL25Z4.o
        16          6          0          0          0         60   mbed/TARGET_KL25Z/TOOLCHAIN_ARM_STD/sys.o
       152         32          0          4          0         60   mbed/TARGET_KL25Z/TOOLCHAIN_ARM_STD/system_MKL25Z4.o
       364         60          0         20          0       3804   .\build\timer0.o
       706        110          0         12          0        408   mbed/TARGET_KL25Z/TOOLCHAIN_ARM_STD/us_ticker.o

    ----------------------------------------------------------------------
      6022       1170       1056        100        252      37948   Object Totals
         0          0         32          0          0          0   (incl. Generated)
        10          0         12          0          0          0   (incl. Padding)

    ----------------------------------------------------------------------

      Code (inc. data)   RO Data    RW Data    ZI Data      Debug   Library Member Name

        64         10          0          0          0         84   C:\Keil_v5\ARM\ARMCC\Bin\..\lib\armlib\c_p.l(__0sscanf.o)
        28          6          0          0          0         84   C:\Keil_v5\ARM\ARMCC\Bin\..\lib\armlib\c_p.l(__2printf.o)
         8          0          0          0          0         68   C:\Keil_v5\ARM\ARMCC\Bin\..\lib\armlib\c_p.l(__main.o)
       392          6         17          0          0         76   C:\Keil_v5\ARM\ARMCC\Bin\..\lib\armlib\c_p.l(__printf_flags_ss_wp.o)
        14          0          0          0          0         60   C:\Keil_v5\ARM\ARMCC\Bin\..\lib\armlib\c_p.l(__printf_wp.o)
         0          0          0          0          0          0   C:\Keil_v5\ARM\ARMCC\Bin\..\lib\armlib\c_p.l(__rtentry.o)
        20          0          0          0          0          0   C:\Keil_v5\ARM\ARMCC\Bin\..\lib\armlib\c_p.l(__rtentry2.o)
         6          0          0          0          0          0   C:\Keil_v5\ARM\ARMCC\Bin\..\lib\armlib\c_p.l(__rtentry4.o)
        60          8          0          0          0          0   C:\Keil_v5\ARM\ARMCC\Bin\..\lib\armlib\c_p.l(__scatter.o)
        26          0          0          0          0          0   C:\Keil_v5\ARM\ARMCC\Bin\..\lib\armlib\c_p.l(__scatter_copy.o)
        28          0          0          0          0          0   C:\Keil_v5\ARM\ARMCC\Bin\..\lib\armlib\c_p.l(__scatter_zi.o)
        30          0          0          0          0         60   C:\Keil_v5\ARM\ARMCC\Bin\..\lib\armlib\c_p.l(_chval.o)
        10          0          0          0          0          0   C:\Keil_v5\ARM\ARMCC\Bin\..\lib\armlib\c_p.l(_printf_a.o)
        10          0          0          0          0          0   C:\Keil_v5\ARM\ARMCC\Bin\..\lib\armlib\c_p.l(_printf_c.o)
        46          0          0          0          0        100   C:\Keil_v5\ARM\ARMCC\Bin\..\lib\armlib\c_p.l(_printf_char.o)
        48          6          0          0          0         88   C:\Keil_v5\ARM\ARMCC\Bin\..\lib\armlib\c_p.l(_printf_char_common.o)
        40          6          0          0          0         72   C:\Keil_v5\ARM\ARMCC\Bin\..\lib\armlib\c_p.l(_printf_char_file.o)
        38          0          0          0          0         60   C:\Keil_v5\ARM\ARMCC\Bin\..\lib\armlib\c_p.l(_printf_charcount.o)
        10          0          0          0          0          0   C:\Keil_v5\ARM\ARMCC\Bin\..\lib\armlib\c_p.l(_printf_d.o)
       108         18          0          0          0         76   C:\Keil_v5\ARM\ARMCC\Bin\..\lib\armlib\c_p.l(_printf_dec.o)
        10          0          0          0          0          0   C:\Keil_v5\ARM\ARMCC\Bin\..\lib\armlib\c_p.l(_printf_e.o)
        10          0          0          0          0          0   C:\Keil_v5\ARM\ARMCC\Bin\..\lib\armlib\c_p.l(_printf_f.o)
      1048         14          0          0          0        176   C:\Keil_v5\ARM\ARMCC\Bin\..\lib\armlib\c_p.l(_printf_fp_dec.o)
       728         10         38          0          0         84   C:\Keil_v5\ARM\ARMCC\Bin\..\lib\armlib\c_p.l(_printf_fp_hex.o)
       136         16          0          0          0         76   C:\Keil_v5\ARM\ARMCC\Bin\..\lib\armlib\c_p.l(_printf_fp_infnan.o)
        10          0          0          0          0          0   C:\Keil_v5\ARM\ARMCC\Bin\..\lib\armlib\c_p.l(_printf_g.o)
       152          4         40          0          0        148   C:\Keil_v5\ARM\ARMCC\Bin\..\lib\armlib\c_p.l(_printf_hex_int_ll_ptr.o)
        10          0          0          0          0          0   C:\Keil_v5\ARM\ARMCC\Bin\..\lib\armlib\c_p.l(_printf_i.o)
       176          0          0          0          0         84   C:\Keil_v5\ARM\ARMCC\Bin\..\lib\armlib\c_p.l(_printf_intcommon.o)
        10          0          0          0          0          0   C:\Keil_v5\ARM\ARMCC\Bin\..\lib\armlib\c_p.l(_printf_l.o)
        10          0          0          0          0          0   C:\Keil_v5\ARM\ARMCC\Bin\..\lib\armlib\c_p.l(_printf_lc.o)
        10          0          0          0          0          0   C:\Keil_v5\ARM\ARMCC\Bin\..\lib\armlib\c_p.l(_printf_ll.o)
        10          0          0          0          0          0   C:\Keil_v5\ARM\ARMCC\Bin\..\lib\armlib\c_p.l(_printf_lld.o)
        10          0          0          0          0          0   C:\Keil_v5\ARM\ARMCC\Bin\..\lib\armlib\c_p.l(_printf_lli.o)
        10          0          0          0          0          0   C:\Keil_v5\ARM\ARMCC\Bin\..\lib\armlib\c_p.l(_printf_llo.o)
        10          0          0          0          0          0   C:\Keil_v5\ARM\ARMCC\Bin\..\lib\armlib\c_p.l(_printf_llu.o)
        10          0          0          0          0          0   C:\Keil_v5\ARM\ARMCC\Bin\..\lib\armlib\c_p.l(_printf_llx.o)
       112         18          0          0          0         76   C:\Keil_v5\ARM\ARMCC\Bin\..\lib\armlib\c_p.l(_printf_longlong_dec.o)
        10          0          0          0          0          0   C:\Keil_v5\ARM\ARMCC\Bin\..\lib\armlib\c_p.l(_printf_ls.o)
        10          0          0          0          0          0   C:\Keil_v5\ARM\ARMCC\Bin\..\lib\armlib\c_p.l(_printf_n.o)
        10          0          0          0          0          0   C:\Keil_v5\ARM\ARMCC\Bin\..\lib\armlib\c_p.l(_printf_o.o)
       112         10          0          0          0        112   C:\Keil_v5\ARM\ARMCC\Bin\..\lib\armlib\c_p.l(_printf_oct_int_ll.o)
        10          0          0          0          0          0   C:\Keil_v5\ARM\ARMCC\Bin\..\lib\armlib\c_p.l(_printf_p.o)
        78          0          0          0          0        100   C:\Keil_v5\ARM\ARMCC\Bin\..\lib\armlib\c_p.l(_printf_pad.o)
         2          0          0          0          0          0   C:\Keil_v5\ARM\ARMCC\Bin\..\lib\armlib\c_p.l(_printf_percent.o)
         4          0          0          0          0          0   C:\Keil_v5\ARM\ARMCC\Bin\..\lib\armlib\c_p.l(_printf_percent_end.o)
        10          0          0          0          0          0   C:\Keil_v5\ARM\ARMCC\Bin\..\lib\armlib\c_p.l(_printf_s.o)
        82          0          0          0          0         72   C:\Keil_v5\ARM\ARMCC\Bin\..\lib\armlib\c_p.l(_printf_str.o)
        36          0          0          0          0         76   C:\Keil_v5\ARM\ARMCC\Bin\..\lib\armlib\c_p.l(_printf_truncate.o)
        10          0          0          0          0          0   C:\Keil_v5\ARM\ARMCC\Bin\..\lib\armlib\c_p.l(_printf_u.o)
        46          0          0          0          0        100   C:\Keil_v5\ARM\ARMCC\Bin\..\lib\armlib\c_p.l(_printf_wchar.o)
       188          6          8          0          0         80   C:\Keil_v5\ARM\ARMCC\Bin\..\lib\armlib\c_p.l(_printf_wctomb.o)
        10          0          0          0          0          0   C:\Keil_v5\ARM\ARMCC\Bin\..\lib\armlib\c_p.l(_printf_x.o)
        22          0          0          0          0         92   C:\Keil_v5\ARM\ARMCC\Bin\..\lib\armlib\c_p.l(_rserrno.o)
       896         16          0          0          0         84   C:\Keil_v5\ARM\ARMCC\Bin\..\lib\armlib\c_p.l(_scanf.o)
       330          0          0          0          0         84   C:\Keil_v5\ARM\ARMCC\Bin\..\lib\armlib\c_p.l(_scanf_int.o)
        68          0          0          0          0         76   C:\Keil_v5\ARM\ARMCC\Bin\..\lib\armlib\c_p.l(_sgetc.o)
        10          0          0          0          0         60   C:\Keil_v5\ARM\ARMCC\Bin\..\lib\armlib\c_p.l(_sputc.o)
        64          0          0          0          0         72   C:\Keil_v5\ARM\ARMCC\Bin\..\lib\armlib\c_p.l(_wcrtomb.o)
       488          0          0          0          0         92   C:\Keil_v5\ARM\ARMCC\Bin\..\lib\armlib\c_p.l(aeabi_sdivfast.o)
       216          6        148          0          0         80   C:\Keil_v5\ARM\ARMCC\Bin\..\lib\armlib\c_p.l(bigflt0.o)
      1456         30          0          0          0        336   C:\Keil_v5\ARM\ARMCC\Bin\..\lib\armlib\c_p.l(btod.o)
        12          0          0          0          0         68   C:\Keil_v5\ARM\ARMCC\Bin\..\lib\armlib\c_p.l(defsig_exit.o)
        52          0          0          0          0         72   C:\Keil_v5\ARM\ARMCC\Bin\..\lib\armlib\c_p.l(defsig_general.o)
        48         34          0          0          0         68   C:\Keil_v5\ARM\ARMCC\Bin\..\lib\armlib\c_p.l(defsig_pvfn_inner.o)
        12          0          0          0          0         68   C:\Keil_v5\ARM\ARMCC\Bin\..\lib\armlib\c_p.l(defsig_pvfn_outer.o)
        80         58          0          0          0         68   C:\Keil_v5\ARM\ARMCC\Bin\..\lib\armlib\c_p.l(defsig_rtmem_inner.o)
        12          0          0          0          0         68   C:\Keil_v5\ARM\ARMCC\Bin\..\lib\armlib\c_p.l(defsig_rtmem_outer.o)
        52         38          0          0          0         68   C:\Keil_v5\ARM\ARMCC\Bin\..\lib\armlib\c_p.l(defsig_rtred_inner.o)
        12          0          0          0          0         68   C:\Keil_v5\ARM\ARMCC\Bin\..\lib\armlib\c_p.l(defsig_rtred_outer.o)
        76          4          0          0          0         76   C:\Keil_v5\ARM\ARMCC\Bin\..\lib\armlib\c_p.l(fclose.o)
         8          0          0          0          0         60   C:\Keil_v5\ARM\ARMCC\Bin\..\lib\armlib\c_p.l(ferror.o)
       104          4          0          0          0        100   C:\Keil_v5\ARM\ARMCC\Bin\..\lib\armlib\c_p.l(fflush.o)
       496         10          0          0          0         76   C:\Keil_v5\ARM\ARMCC\Bin\..\lib\armlib\c_p.l(flsbuf.o)
       232          8          0          0          0        108   C:\Keil_v5\ARM\ARMCC\Bin\..\lib\armlib\c_p.l(fopen.o)
        30          0          0          0          0         68   C:\Keil_v5\ARM\ARMCC\Bin\..\lib\armlib\c_p.l(fputc.o)
       244          4          0          0          0         76   C:\Keil_v5\ARM\ARMCC\Bin\..\lib\armlib\c_p.l(fseek.o)
        66          0          0          0          0         68   C:\Keil_v5\ARM\ARMCC\Bin\..\lib\armlib\c_p.l(ftell.o)
        98          0          0          0          0         72   C:\Keil_v5\ARM\ARMCC\Bin\..\lib\armlib\c_p.l(h1_alloc.o)
        52          0          0          0          0         68   C:\Keil_v5\ARM\ARMCC\Bin\..\lib\armlib\c_p.l(h1_extend.o)
        76          0          0          0          0         72   C:\Keil_v5\ARM\ARMCC\Bin\..\lib\armlib\c_p.l(h1_free.o)
        14          0          0          0          0         76   C:\Keil_v5\ARM\ARMCC\Bin\..\lib\armlib\c_p.l(h1_init.o)
        80          4          0          4          0         88   C:\Keil_v5\ARM\ARMCC\Bin\..\lib\armlib\c_p.l(heapauxa.o)
         4          0          0          0          0        120   C:\Keil_v5\ARM\ARMCC\Bin\..\lib\armlib\c_p.l(hguard.o)
         0          0          0          0          0          0   C:\Keil_v5\ARM\ARMCC\Bin\..\lib\armlib\c_p.l(indicate_semi.o)
        36         10          0          0          0         72   C:\Keil_v5\ARM\ARMCC\Bin\..\lib\armlib\c_p.l(init_aeabi.o)
       136          0          0          0          0        160   C:\Keil_v5\ARM\ARMCC\Bin\..\lib\armlib\c_p.l(init_alloc.o)
       316         44          0          0          0         96   C:\Keil_v5\ARM\ARMCC\Bin\..\lib\armlib\c_p.l(initio.o)
        18          0          0          0          0         68   C:\Keil_v5\ARM\ARMCC\Bin\..\lib\armlib\c_p.l(isspace.o)
        44         10        272          0          0         76   C:\Keil_v5\ARM\ARMCC\Bin\..\lib\armlib\c_p.l(lc_ctype_c.o)
        44         10         28          0          0         76   C:\Keil_v5\ARM\ARMCC\Bin\..\lib\armlib\c_p.l(lc_numeric_c.o)
         2          0          0          0          0          0   C:\Keil_v5\ARM\ARMCC\Bin\..\lib\armlib\c_p.l(libinit.o)
        46          0          0          0          0          0   C:\Keil_v5\ARM\ARMCC\Bin\..\lib\armlib\c_p.l(libinit2.o)
         0          0          0          0          0          0   C:\Keil_v5\ARM\ARMCC\Bin\..\lib\armlib\c_p.l(libshutdown2.o)
       122          0          0          0          0         72   C:\Keil_v5\ARM\ARMCC\Bin\..\lib\armlib\c_p.l(lludiv10.o)
         0          0          0          0          0          0   C:\Keil_v5\ARM\ARMCC\Bin\..\lib\armlib\c_p.l(maybetermalloc1.o)
        16          4          0          0          0         76   C:\Keil_v5\ARM\ARMCC\Bin\..\lib\armlib\c_p.l(rt_ctype_table.o)
         8          4          0          0          4         68   C:\Keil_v5\ARM\ARMCC\Bin\..\lib\armlib\c_p.l(rt_errno_addr.o)
         8          4          0          0          4         68   C:\Keil_v5\ARM\ARMCC\Bin\..\lib\armlib\c_p.l(rt_heap_descriptor.o)
         8          4          0          0         20         68   C:\Keil_v5\ARM\ARMCC\Bin\..\lib\armlib\c_p.l(rt_locale.o)
        64          0          0          0          0        108   C:\Keil_v5\ARM\ARMCC\Bin\..\lib\armlib\c_p.l(rt_memclr.o)
        56          0          0          0          0         68   C:\Keil_v5\ARM\ARMCC\Bin\..\lib\armlib\c_p.l(rt_memcpy.o)
        40          0          0          0          0         60   C:\Keil_v5\ARM\ARMCC\Bin\..\lib\armlib\c_p.l(rtudiv10.o)
        48          8          0          0          0         84   C:\Keil_v5\ARM\ARMCC\Bin\..\lib\armlib\c_p.l(scanf_char.o)
        76          4          0          0          0         72   C:\Keil_v5\ARM\ARMCC\Bin\..\lib\armlib\c_p.l(setvbuf.o)
       240          8          0          0          0        144   C:\Keil_v5\ARM\ARMCC\Bin\..\lib\armlib\c_p.l(stdio.o)
         0          0          0         12        252          0   C:\Keil_v5\ARM\ARMCC\Bin\..\lib\armlib\c_p.l(stdio_streams.o)
       160          4          0          0          0         80   C:\Keil_v5\ARM\ARMCC\Bin\..\lib\armlib\c_p.l(strcmpv6m.o)
        68          6          0          0          0         72   C:\Keil_v5\ARM\ARMCC\Bin\..\lib\armlib\c_p.l(strlen.o)
       160          6          0          0          0         76   C:\Keil_v5\ARM\ARMCC\Bin\..\lib\armlib\c_p.l(strncmp.o)
        12          4          0          0          0         60   C:\Keil_v5\ARM\ARMCC\Bin\..\lib\armlib\c_p.l(sys_exit.o)
        12          0          0          0          0         68   C:\Keil_v5\ARM\ARMCC\Bin\..\lib\armlib\c_p.l(sys_wrch.o)
         2          0          0          0          0         68   C:\Keil_v5\ARM\ARMCC\Bin\..\lib\armlib\c_p.l(use_no_semi.o)
        36          4          0          0          0         68   C:\Keil_v5\ARM\ARMCC\Bin\..\lib\armlib\c_p.l(vsprintf.o)
        10          0          0          0          0         68   C:\Keil_v5\ARM\ARMCC\Bin\..\lib\cpplib\cpprt_p.l(pure_virt.o)
        46          0          0          0          0         60   C:\Keil_v5\ARM\ARMCC\Bin\..\lib\armlib\fz_ps.l(cmpret.o)
       856         20          0          0          0        208   C:\Keil_v5\ARM\ARMCC\Bin\..\lib\armlib\fz_ps.l(daddsub.o)
       144          4          0          0          0         76   C:\Keil_v5\ARM\ARMCC\Bin\..\lib\armlib\fz_ps.l(dcmpin.o)
      1096         26        128          0          0        112   C:\Keil_v5\ARM\ARMCC\Bin\..\lib\armlib\fz_ps.l(ddiv.o)
        88          0          0          0          0         92   C:\Keil_v5\ARM\ARMCC\Bin\..\lib\armlib\fz_ps.l(dflti.o)
       584         26          0          0          0         84   C:\Keil_v5\ARM\ARMCC\Bin\..\lib\armlib\fz_ps.l(dmul.o)
        20          6          0          0          0         68   C:\Keil_v5\ARM\ARMCC\Bin\..\lib\armlib\fz_ps.l(dnan2.o)
       104          4          0          0          0        104   C:\Keil_v5\ARM\ARMCC\Bin\..\lib\armlib\fz_ps.l(drlef.o)
        96         12          0          0          0         72   C:\Keil_v5\ARM\ARMCC\Bin\..\lib\armlib\fz_ps.l(dscalbn.o)
       256          8          0          0          0         76   C:\Keil_v5\ARM\ARMCC\Bin\..\lib\armlib\fz_ps.l(dsqrt.o)
        84          4          0          0          0         60   C:\Keil_v5\ARM\ARMCC\Bin\..\lib\armlib\fz_ps.l(f2d.o)
       372          8          0          0          0        240   C:\Keil_v5\ARM\ARMCC\Bin\..\lib\armlib\fz_ps.l(faddsub.o)
       352         10         64          0          0         92   C:\Keil_v5\ARM\ARMCC\Bin\..\lib\armlib\fz_ps.l(fdiv.o)
        76          0          0          0          0         68   C:\Keil_v5\ARM\ARMCC\Bin\..\lib\armlib\fz_ps.l(ffixi.o)
        48          0          0          0          0         60   C:\Keil_v5\ARM\ARMCC\Bin\..\lib\armlib\fz_ps.l(ffixui.o)
        94          0          0          0          0         92   C:\Keil_v5\ARM\ARMCC\Bin\..\lib\armlib\fz_ps.l(fflti.o)
       176          4          0          0          0         80   C:\Keil_v5\ARM\ARMCC\Bin\..\lib\armlib\fz_ps.l(fmul.o)
        16          4          0          0          0         76   C:\Keil_v5\ARM\ARMCC\Bin\..\lib\armlib\fz_ps.l(printf1.o)
        16          4          0          0          0         76   C:\Keil_v5\ARM\ARMCC\Bin\..\lib\armlib\fz_ps.l(printf2.o)
        94          0          0          0          0         68   C:\Keil_v5\ARM\ARMCC\Bin\..\lib\armlib\fz_ps.l(retnan.o)
         0          0          0          0          0          0   C:\Keil_v5\ARM\ARMCC\Bin\..\lib\armlib\fz_ps.l(usenofp.o)
        84         14          0          0          0        340   C:\Keil_v5\ARM\ARMCC\Bin\..\lib\armlib\m_ps.l(dunder.o)
        44          4          0          0          0         60   C:\Keil_v5\ARM\ARMCC\Bin\..\lib\armlib\m_ps.l(fpclassify.o)
       172          0          0          0          0         76   C:\Keil_v5\ARM\ARMCC\Bin\..\lib\armlib\m_ps.l(poly.o)
      2556        196        136          0          0        240   C:\Keil_v5\ARM\ARMCC\Bin\..\lib\armlib\m_ps.l(pow.o)
         0          0          8          0          0          0   C:\Keil_v5\ARM\ARMCC\Bin\..\lib\armlib\m_ps.l(qnan.o)
        72          6          0          0          0         76   C:\Keil_v5\ARM\ARMCC\Bin\..\lib\armlib\m_ps.l(sqrt.o)
       156         24          0         12          0        140   mbed/TARGET_KL25Z/TOOLCHAIN_ARM_STD/mbed.ar(FileBase.o)
       160          0          0          0          0        332   mbed/TARGET_KL25Z/TOOLCHAIN_ARM_STD/mbed.ar(FilePath.o)
       168         16         98          0          0        208   mbed/TARGET_KL25Z/TOOLCHAIN_ARM_STD/mbed.ar(Ticker.o)
       182          4          0          0          0        284   mbed/TARGET_KL25Z/TOOLCHAIN_ARM_STD/mbed.ar(Timer.o)
       102         12         20          0          0        332   mbed/TARGET_KL25Z/TOOLCHAIN_ARM_STD/mbed.ar(TimerEvent.o)
        84         54          0          0          0         72   mbed/TARGET_KL25Z/TOOLCHAIN_ARM_STD/mbed.ar(mbed_assert.o)
       228         98         67          8          0        140   mbed/TARGET_KL25Z/TOOLCHAIN_ARM_STD/mbed.ar(mbed_critical.o)
        18          0          0          0          0         72   mbed/TARGET_KL25Z/TOOLCHAIN_ARM_STD/mbed.ar(mbed_error.o)
       194         38          0          0          0        220   mbed/TARGET_KL25Z/TOOLCHAIN_ARM_STD/mbed.ar(mbed_gpio.o)
         8          0          0          0          0         68   mbed/TARGET_KL25Z/TOOLCHAIN_ARM_STD/mbed.ar(mbed_interface.o)
       228         76          0          0          0        204   mbed/TARGET_KL25Z/TOOLCHAIN_ARM_STD/mbed.ar(mbed_pinmap_common.o)
        24          6          0          4          0        128   mbed/TARGET_KL25Z/TOOLCHAIN_ARM_STD/mbed.ar(mbed_semihost_api.o)
       236          0          0          0          0        348   mbed/TARGET_KL25Z/TOOLCHAIN_ARM_STD/mbed.ar(mbed_ticker_api.o)
        24         10         28          8          0        128   mbed/TARGET_KL25Z/TOOLCHAIN_ARM_STD/mbed.ar(mbed_us_ticker_api.o)
        64          4          0          0          0        144   mbed/TARGET_KL25Z/TOOLCHAIN_ARM_STD/mbed.ar(mbed_wait_api_no_rtos.o)

    ----------------------------------------------------------------------
     20726       1190       1112         48        280      12136   Library Totals
        30          0         12          0          0          0   (incl. Padding)

    ----------------------------------------------------------------------

      Code (inc. data)   RO Data    RW Data    ZI Data      Debug   Library Name

     11264        488        551         16        280       6592   C:\Keil_v5\ARM\ARMCC\Bin\..\lib\armlib\c_p.l
        10          0          0          0          0         68   C:\Keil_v5\ARM\ARMCC\Bin\..\lib\cpplib\cpprt_p.l
      4618        140        192          0          0       1864   C:\Keil_v5\ARM\ARMCC\Bin\..\lib\armlib\fz_ps.l
      2928        220        144          0          0        792   C:\Keil_v5\ARM\ARMCC\Bin\..\lib\armlib\m_ps.l
      1876        342        213         32          0       2820   mbed/TARGET_KL25Z/TOOLCHAIN_ARM_STD/mbed.ar

    ----------------------------------------------------------------------
     20726       1190       1112         48        280      12136   Library Totals

    ----------------------------------------------------------------------

==============================================================================


      Code (inc. data)   RO Data    RW Data    ZI Data      Debug   

     26748       2360       2168        148        532      41168   Grand Totals
     26748       2360       2168        148        532      41168   ELF Image Totals
     26748       2360       2168        148          0          0   ROM Totals

==============================================================================

    Total RO  Size (Code + RO Data)                28916 (  28.24kB)
    Total RW  Size (RW Data + ZI Data)               680 (   0.66kB)
    Total ROM Size (Code + RO Data + RW Data)      29064 (  28.38kB)

==============================================================================

